[INFO] Final PATH variable: /foss/tools/bin:/foss/tools/sak:/usr/local/sbin:/usr/local/sbin:/usr/local/bin:/usr/sbin:/usr/bin:/sbin:/bin:/foss/tools/kactus2:/foss/tools/klayout:/foss/tools/osic-multitool
[INFO] Final PYTHONPATH variable: /usr/lib/python312.zip:/usr/lib/python3.12:/usr/lib/python3.12/lib-dynload:/usr/local/lib/python3.12/dist-packages:/usr/lib/python3/dist-packages:/foss/tools/ngspyce/local/lib/python3.12/dist-packages:/foss/tools/openems/local/lib/python3.12/dist-packages:/foss/tools/yosys/share/yosys/python3:/foss/tools/klayout/pymod
VCD info: dumpfile /output/wave.vcd opened for output.
BIDIR en=0 core=0 ext_en=0 ext=0 pad=z rx=z expected=z
BIDIR en=0 core=0 ext_en=0 ext=1 pad=z rx=z expected=z
BIDIR en=0 core=0 ext_en=1 ext=0 pad=0 rx=0 expected=0
BIDIR en=0 core=0 ext_en=1 ext=1 pad=1 rx=1 expected=1
BIDIR en=0 core=1 ext_en=0 ext=0 pad=z rx=z expected=z
BIDIR en=0 core=1 ext_en=0 ext=1 pad=z rx=z expected=z
BIDIR en=0 core=1 ext_en=1 ext=0 pad=0 rx=0 expected=0
BIDIR en=0 core=1 ext_en=1 ext=1 pad=1 rx=1 expected=1
BIDIR en=1 core=0 ext_en=0 ext=0 pad=0 rx=0 expected=0
BIDIR en=1 core=0 ext_en=0 ext=1 pad=0 rx=0 expected=0
BIDIR en=1 core=0 ext_en=1 ext=0 pad=0 rx=0 expected=0
BIDIR en=1 core=0 ext_en=1 ext=1 pad=x rx=x expected=x
BIDIR en=1 core=1 ext_en=0 ext=0 pad=1 rx=1 expected=1
BIDIR en=1 core=1 ext_en=0 ext=1 pad=1 rx=1 expected=1
BIDIR en=1 core=1 ext_en=1 ext=0 pad=x rx=x expected=x
BIDIR en=1 core=1 ext_en=1 ext=1 pad=1 rx=1 expected=1
ASSERTIONS=42 FAILURES=0
OFFICIAL_IO_BEHAVIOR_PASS
/output/tb.sv:49: $finish called at 21000 (1ps)
