Startpoint: bi_rx_pad (input port clocked by clk_sys)
Endpoint: bi_rx_rx (output port clocked by clk_sys)
Path Group: clk_sys
Path Type: min
Corner: ss

Fanout           Cap          Slew         Delay          Time   Description
-----------------------------------------------------------------------------------------------------
                        0.19999999    0.00000000    0.00000000   clock clk_sys (rise edge)
                                      0.00000000    0.00000000   clock network delay (ideal)
                                      1.00000000    1.00000000 v input external delay
     1   15.35232925    5.25850296    2.51357174    3.51357174 v bi_rx_pad (in)
     1    0.05000000    0.13035461    0.73195541    4.24552727 v bi_rx/p2c (sg13g2_IOPadInOut30mA)
                        0.13035461    0.00000000    4.24552727 v bi_rx_rx (out)
                                                    4.24552727   data arrival time

                        0.19999999    0.00000000    0.00000000   clock clk_sys (rise edge)
                                      0.00000000    0.00000000   clock network delay (ideal)
                                      0.09999999    0.09999999   clock uncertainty
                                      0.00000000    0.09999999   clock reconvergence pessimism
                                     -1.00000000   -0.89999998   output external delay
                                                   -0.89999998   data required time
-----------------------------------------------------------------------------------------------------
                                                   -0.89999998   data required time
                                                   -4.24552727   data arrival time
-----------------------------------------------------------------------------------------------------
                                                    5.14552736   slack (MET)


Startpoint: bi_rx_pad (input port clocked by clk_sys)
Endpoint: bi_rx_rx (output port clocked by clk_sys)
Path Group: clk_sys
Path Type: max
Corner: ss

Fanout           Cap          Slew         Delay          Time   Description
-----------------------------------------------------------------------------------------------------
                        0.19999999    0.00000000    0.00000000   clock clk_sys (rise edge)
                                      0.00000000    0.00000000   clock network delay (ideal)
                                      3.00000000    3.00000000 ^ input external delay
     1   15.42611027    5.61442423    2.78785038    5.78785038 ^ bi_rx_pad (in)
     1    0.05000000    0.15303485    0.86493838    6.65278864 ^ bi_rx/p2c (sg13g2_IOPadInOut30mA)
                        0.15303485    0.00000000    6.65278864 ^ bi_rx_rx (out)
                                                    6.65278864   data arrival time

                        0.19999999   10.00000000   10.00000000   clock clk_sys (rise edge)
                                      0.00000000   10.00000000   clock network delay (ideal)
                                     -0.09999999    9.90000057   clock uncertainty
                                      0.00000000    9.90000057   clock reconvergence pessimism
                                     -3.00000000    6.90000010   output external delay
                                                    6.90000010   data required time
-----------------------------------------------------------------------------------------------------
                                                    6.90000010   data required time
                                                   -6.65278864   data arrival time
-----------------------------------------------------------------------------------------------------
                                                    0.24721159   slack (MET)


