Startpoint: out_core (input port clocked by clk_sys)
Endpoint: out_pad (output port clocked by clk_sys)
Path Group: clk_sys
Path Type: min
Corner: ss

Fanout           Cap          Slew         Delay          Time   Description
-----------------------------------------------------------------------------------------------------
                        0.19999999    0.00000000    0.00000000   clock clk_sys (rise edge)
                                      0.00000000    0.00000000   clock network delay (ideal)
                                      1.00000000    1.00000000 v input external delay
     1    0.03315130    0.19999999    0.00000000    1.00000000 v out_core (in)
     1   15.00000000    3.28403664    4.35564661    5.35564661 v out16/pad (sg13g2_IOPadOut30mA)
                        3.28403664    0.00000000    5.35564661 v out_pad (out)
                                                    5.35564661   data arrival time

                        0.19999999    0.00000000    0.00000000   clock clk_sys (rise edge)
                                      0.00000000    0.00000000   clock network delay (ideal)
                                      0.09999999    0.09999999   clock uncertainty
                                      0.00000000    0.09999999   clock reconvergence pessimism
                                     -1.00000000   -0.89999998   output external delay
                                                   -0.89999998   data required time
-----------------------------------------------------------------------------------------------------
                                                   -0.89999998   data required time
                                                   -5.35564661   data arrival time
-----------------------------------------------------------------------------------------------------
                                                    6.25564671   slack (MET)


Startpoint: out_core (input port clocked by clk_sys)
Endpoint: out_pad (output port clocked by clk_sys)
Path Group: clk_sys
Path Type: max
Corner: ss

Fanout           Cap          Slew         Delay          Time   Description
-----------------------------------------------------------------------------------------------------
                        0.19999999    0.00000000    0.00000000   clock clk_sys (rise edge)
                                      0.00000000    0.00000000   clock network delay (ideal)
                                      3.00000000    3.00000000 ^ input external delay
     1    0.03903070    0.19999999    0.00000000    3.00000000 ^ out_core (in)
     1   15.00000000    3.32169247    4.66431046    7.66431046 ^ out16/pad (sg13g2_IOPadOut30mA)
                        3.32169247    0.00000000    7.66431046 ^ out_pad (out)
                                                    7.66431046   data arrival time

                        0.19999999   10.00000000   10.00000000   clock clk_sys (rise edge)
                                      0.00000000   10.00000000   clock network delay (ideal)
                                     -0.09999999    9.90000057   clock uncertainty
                                      0.00000000    9.90000057   clock reconvergence pessimism
                                     -3.00000000    6.90000010   output external delay
                                                    6.90000010   data required time
-----------------------------------------------------------------------------------------------------
                                                    6.90000010   data required time
                                                   -7.66431046   data arrival time
-----------------------------------------------------------------------------------------------------
                                                   -0.76430994   slack (VIOLATED)


