[INFO] Final PATH variable: /foss/tools/bin:/foss/tools/sak:/usr/local/sbin:/usr/local/sbin:/usr/local/bin:/usr/sbin:/usr/bin:/sbin:/bin:/foss/tools/kactus2:/foss/tools/klayout:/foss/tools/osic-multitool
[INFO] Final PYTHONPATH variable: /usr/lib/python312.zip:/usr/lib/python3.12:/usr/lib/python3.12/lib-dynload:/usr/local/lib/python3.12/dist-packages:/usr/lib/python3/dist-packages:/foss/tools/ngspyce/local/lib/python3.12/dist-packages:/foss/tools/openems/local/lib/python3.12/dist-packages:/foss/tools/yosys/share/yosys/python3:/foss/tools/klayout/pymod
10-Sep-2026 14:02:16 | INFO    | Your Klayout version is: KLayout 0.30.5 (required >= 0.30.5)
10-Sep-2026 14:02:16 | INFO    | Running SG13G2 LVS checks on design /output/inputs/sg13g2_DCNDiode.gds on cell sg13g2_DCNDiode
2026-09-10 14:02:18 +0200: Memory Usage (440232K) : Starting running SG13G2 Klayout LVS runset on /output/inputs/sg13g2_DCNDiode.gds
2026-09-10 14:02:18 +0200: Memory Usage (440232K) : Ruby Version for klayout: 3.2.3
2026-09-10 14:02:18 +0200: Memory Usage (441208K) : Loading database to memory is complete.
2026-09-10 14:02:18 +0200: Memory Usage (441208K) : SG13G2 Klayout LVS runset output at: /output/result/sg13g2_DCNDiode.lvsdb
2026-09-10 14:02:18 +0200: Memory Usage (441208K) : Evaluate switches.
2026-09-10 14:02:18 +0200: Memory Usage (441208K) : Extracted netlist with net names: true
2026-09-10 14:02:18 +0200: Memory Usage (441208K) : Extracted netlist with comments in details: false
2026-09-10 14:02:18 +0200: Memory Usage (441208K) : Selected NET_ONLY option: false
2026-09-10 14:02:18 +0200: Memory Usage (441208K) : Selected LAYOUT_NETLIST option: (none)
2026-09-10 14:02:18 +0200: Memory Usage (441208K) : Selected IGNORE_TOP_PORTS_MISMATCH option: 
2026-09-10 14:02:18 +0200: Memory Usage (441208K) : Selected IMPLICIT_NETS option: (none)
2026-09-10 14:02:18 +0200: Memory Usage (441208K) : Selected TOP_LVL_PINS option: false
2026-09-10 14:02:18 +0200: Memory Usage (441208K) : Selected COMBINE DEVICES option: false
2026-09-10 14:02:18 +0200: Memory Usage (441208K) : Selected PURGE option: false
2026-09-10 14:02:18 +0200: Memory Usage (441208K) : Selected PURGE_NETS option: false
2026-09-10 14:02:18 +0200: Memory Usage (441208K) : Selected SIMPLIFY option: true
2026-09-10 14:02:18 +0200: Memory Usage (441336K) : Selected SERIES_RES option: true
2026-09-10 14:02:18 +0200: Memory Usage (441336K) : Selected PARALLEL_RES option: true
2026-09-10 14:02:18 +0200: Memory Usage (441336K) : Selected DISABLE_TAP_EXTRACTION option: false
2026-09-10 14:02:18 +0200: Memory Usage (441336K) : deep  mode is enabled.
2026-09-10 14:02:18 +0200: Memory Usage (441760K) : Netlist file: /output/inputs/sg13g2_DCNDiode.cdl
STAGE_SNAPSHOT schematic_after_reader inventory_preserved=true
2026-09-10 14:02:18 +0200: Memory Usage (441888K) : LVS extracted netlist at: /output/result/sg13g2_DCNDiode_extracted.cir
2026-09-10 14:02:18 +0200: Memory Usage (441888K) : Applying SRAM integration support.
2026-09-10 14:02:18 +0200: Memory Usage (441888K) : Starting SG13G2 LVS runset
2026-09-10 14:02:18 +0200: Memory Usage (441888K) : Read in polygons from layers.
2026-09-10 14:02:18 +0200: Memory Usage (443360K) : activ_drw has 7 polygons
2026-09-10 14:02:18 +0200: Memory Usage (443360K) : activ_filler has 0 polygons
2026-09-10 14:02:18 +0200: Memory Usage (443488K) : activ has 7 polygons
2026-09-10 14:02:18 +0200: Memory Usage (443488K) : activ_pin has 0 polygons
2026-09-10 14:02:18 +0200: Memory Usage (443488K) : activ_mask has 0 polygons
2026-09-10 14:02:18 +0200: Memory Usage (443488K) : activ_nofill has 0 polygons
2026-09-10 14:02:18 +0200: Memory Usage (443488K) : activ_OPC has 0 polygons
2026-09-10 14:02:18 +0200: Memory Usage (443488K) : activ_iOPC has 0 polygons
2026-09-10 14:02:18 +0200: Memory Usage (443488K) : activ_noqrc has 0 polygons
2026-09-10 14:02:18 +0200: Memory Usage (443488K) : biwind_drw has 0 polygons
2026-09-10 14:02:18 +0200: Memory Usage (443488K) : biwind_OPC has 0 polygons
2026-09-10 14:02:18 +0200: Memory Usage (443488K) : gatpoly_drw has 0 polygons
2026-09-10 14:02:18 +0200: Memory Usage (443488K) : gatpoly_filler has 0 polygons
2026-09-10 14:02:18 +0200: Memory Usage (443488K) : gatpoly has 0 polygons
2026-09-10 14:02:18 +0200: Memory Usage (443488K) : gatpoly_pin has 0 polygons
2026-09-10 14:02:18 +0200: Memory Usage (443488K) : gatpoly_nofill has 0 polygons
2026-09-10 14:02:18 +0200: Memory Usage (443488K) : gatpoly_OPC has 0 polygons
2026-09-10 14:02:18 +0200: Memory Usage (443488K) : gatpoly_iOPC has 0 polygons
2026-09-10 14:02:18 +0200: Memory Usage (443488K) : gatpoly_noqrc has 0 polygons
2026-09-10 14:02:18 +0200: Memory Usage (443488K) : cont_drw has 1755 polygons
2026-09-10 14:02:18 +0200: Memory Usage (443488K) : cont_OPC has 0 polygons
2026-09-10 14:02:18 +0200: Memory Usage (443488K) : nsd_drw has 0 polygons
2026-09-10 14:02:18 +0200: Memory Usage (443488K) : nsd_block has 0 polygons
2026-09-10 14:02:18 +0200: Memory Usage (443488K) : metal1_drw has 9 polygons
2026-09-10 14:02:18 +0200: Memory Usage (443488K) : metal1_filler has 0 polygons
2026-09-10 14:02:18 +0200: Memory Usage (443488K) : metal1_slit has 0 polygons
2026-09-10 14:02:18 +0200: Memory Usage (443616K) : metal1 has 9 polygons
2026-09-10 14:02:18 +0200: Memory Usage (443744K) : metal1_pin has 7 polygons
2026-09-10 14:02:18 +0200: Memory Usage (443872K) : metal1_mask has 0 polygons
2026-09-10 14:02:18 +0200: Memory Usage (443872K) : metal1_nofill has 0 polygons
2026-09-10 14:02:18 +0200: Memory Usage (444576K) : metal1_text has 7 polygons
2026-09-10 14:02:18 +0200: Memory Usage (444576K) : metal1_OPC has 0 polygons
2026-09-10 14:02:18 +0200: Memory Usage (444576K) : metal1_noqrc has 0 polygons
2026-09-10 14:02:18 +0200: Memory Usage (444704K) : metal1_res has 0 polygons
2026-09-10 14:02:18 +0200: Memory Usage (444704K) : metal1_iprobe has 0 polygons
2026-09-10 14:02:18 +0200: Memory Usage (444704K) : metal1_diffprb has 0 polygons
2026-09-10 14:02:18 +0200: Memory Usage (444704K) : passiv_drw has 0 polygons
2026-09-10 14:02:18 +0200: Memory Usage (444704K) : passiv_pin has 0 polygons
2026-09-10 14:02:18 +0200: Memory Usage (444832K) : passiv_sbump has 0 polygons
2026-09-10 14:02:18 +0200: Memory Usage (444832K) : passiv_pillar has 0 polygons
2026-09-10 14:02:18 +0200: Memory Usage (444960K) : passiv_pdl has 0 polygons
2026-09-10 14:02:18 +0200: Memory Usage (445088K) : metal2_drw has 0 polygons
2026-09-10 14:02:18 +0200: Memory Usage (445088K) : metal2_filler has 0 polygons
2026-09-10 14:02:18 +0200: Memory Usage (445216K) : metal2_slit has 0 polygons
2026-09-10 14:02:18 +0200: Memory Usage (445344K) : metal2 has 0 polygons
2026-09-10 14:02:18 +0200: Memory Usage (445344K) : metal2_pin has 0 polygons
2026-09-10 14:02:18 +0200: Memory Usage (445472K) : metal2_mask has 0 polygons
2026-09-10 14:02:18 +0200: Memory Usage (445472K) : metal2_nofill has 0 polygons
2026-09-10 14:02:18 +0200: Memory Usage (445600K) : metal2_text has 0 polygons
2026-09-10 14:02:18 +0200: Memory Usage (445600K) : metal2_OPC has 0 polygons
2026-09-10 14:02:18 +0200: Memory Usage (445728K) : metal2_noqrc has 0 polygons
2026-09-10 14:02:18 +0200: Memory Usage (445728K) : metal2_res has 0 polygons
2026-09-10 14:02:18 +0200: Memory Usage (445728K) : metal2_iprobe has 0 polygons
2026-09-10 14:02:18 +0200: Memory Usage (445728K) : metal2_diffprb has 0 polygons
2026-09-10 14:02:18 +0200: Memory Usage (445728K) : baspoly_drw has 0 polygons
2026-09-10 14:02:18 +0200: Memory Usage (445728K) : baspoly_pin has 0 polygons
2026-09-10 14:02:18 +0200: Memory Usage (445856K) : psd_drw has 1 polygons
2026-09-10 14:02:18 +0200: Memory Usage (445856K) : nldb_drw has 0 polygons
2026-09-10 14:02:18 +0200: Memory Usage (445984K) : digibnd_drw has 0 polygons
2026-09-10 14:02:18 +0200: Memory Usage (445984K) : via1_drw has 0 polygons
2026-09-10 14:02:18 +0200: Memory Usage (446112K) : backmetal1_drw has 0 polygons
2026-09-10 14:02:18 +0200: Memory Usage (446112K) : backmetal1_pin has 0 polygons
2026-09-10 14:02:18 +0200: Memory Usage (446240K) : backmetal1_mask has 0 polygons
2026-09-10 14:02:18 +0200: Memory Usage (446240K) : backmetal1_filler has 0 polygons
2026-09-10 14:02:18 +0200: Memory Usage (446368K) : backmetal1_nofill has 0 polygons
2026-09-10 14:02:18 +0200: Memory Usage (446496K) : backmetal1_slit has 0 polygons
2026-09-10 14:02:18 +0200: Memory Usage (446496K) : backmetal1_text has 0 polygons
2026-09-10 14:02:18 +0200: Memory Usage (446624K) : backmetal1_OPC has 0 polygons
2026-09-10 14:02:18 +0200: Memory Usage (446624K) : backmetal1_noqrc has 0 polygons
2026-09-10 14:02:18 +0200: Memory Usage (446752K) : backmetal1_res has 0 polygons
2026-09-10 14:02:18 +0200: Memory Usage (446752K) : backmetal1_iprobe has 0 polygons
2026-09-10 14:02:18 +0200: Memory Usage (446880K) : backmetal1_diffprb has 0 polygons
2026-09-10 14:02:18 +0200: Memory Usage (446880K) : backpassiv_drw has 0 polygons
2026-09-10 14:02:18 +0200: Memory Usage (447008K) : res_drw has 0 polygons
2026-09-10 14:02:18 +0200: Memory Usage (447008K) : sram_drw has 0 polygons
2026-09-10 14:02:18 +0200: Memory Usage (447136K) : trans_drw has 0 polygons
2026-09-10 14:02:18 +0200: Memory Usage (447264K) : ind_drw has 0 polygons
2026-09-10 14:02:18 +0200: Memory Usage (447264K) : ind_pin has 0 polygons
2026-09-10 14:02:18 +0200: Memory Usage (447392K) : ind_text has 0 polygons
2026-09-10 14:02:18 +0200: Memory Usage (447392K) : salblock_drw has 0 polygons
2026-09-10 14:02:18 +0200: Memory Usage (447520K) : via2_drw has 0 polygons
2026-09-10 14:02:18 +0200: Memory Usage (447520K) : metal3_drw has 0 polygons
2026-09-10 14:02:18 +0200: Memory Usage (447648K) : metal3_filler has 0 polygons
2026-09-10 14:02:18 +0200: Memory Usage (447648K) : metal3_slit has 0 polygons
2026-09-10 14:02:18 +0200: Memory Usage (447776K) : metal3 has 0 polygons
2026-09-10 14:02:18 +0200: Memory Usage (447904K) : metal3_pin has 0 polygons
2026-09-10 14:02:18 +0200: Memory Usage (447904K) : metal3_mask has 0 polygons
2026-09-10 14:02:18 +0200: Memory Usage (448032K) : metal3_nofill has 0 polygons
2026-09-10 14:02:18 +0200: Memory Usage (448032K) : metal3_text has 0 polygons
2026-09-10 14:02:18 +0200: Memory Usage (448160K) : metal3_OPC has 0 polygons
2026-09-10 14:02:18 +0200: Memory Usage (448288K) : metal3_noqrc has 0 polygons
2026-09-10 14:02:18 +0200: Memory Usage (448288K) : metal3_res has 0 polygons
2026-09-10 14:02:18 +0200: Memory Usage (448416K) : metal3_iprobe has 0 polygons
2026-09-10 14:02:18 +0200: Memory Usage (448416K) : metal3_diffprb has 0 polygons
2026-09-10 14:02:18 +0200: Memory Usage (448544K) : nwell_drw has 4 polygons
2026-09-10 14:02:18 +0200: Memory Usage (448544K) : nwell_pin has 0 polygons
2026-09-10 14:02:18 +0200: Memory Usage (448672K) : nwell_text has 0 polygons
2026-09-10 14:02:18 +0200: Memory Usage (448672K) : nbulay_drw has 0 polygons
2026-09-10 14:02:18 +0200: Memory Usage (448800K) : nbulay_pin has 0 polygons
2026-09-10 14:02:18 +0200: Memory Usage (448800K) : nbulay_block has 0 polygons
2026-09-10 14:02:18 +0200: Memory Usage (448928K) : emwind_drw has 0 polygons
2026-09-10 14:02:18 +0200: Memory Usage (448928K) : emwind_OPC has 0 polygons
2026-09-10 14:02:18 +0200: Memory Usage (449056K) : deepco_drw has 0 polygons
2026-09-10 14:02:18 +0200: Memory Usage (449184K) : mim_drw has 0 polygons
2026-09-10 14:02:18 +0200: Memory Usage (449184K) : edgeseal_drw has 0 polygons
2026-09-10 14:02:18 +0200: Memory Usage (449312K) : substrate_drw has 1 polygons
2026-09-10 14:02:18 +0200: Memory Usage (449312K) : substrate_text has 0 polygons
2026-09-10 14:02:18 +0200: Memory Usage (449440K) : dfpad_drw has 0 polygons
2026-09-10 14:02:18 +0200: Memory Usage (449440K) : dfpad_pillar has 0 polygons
2026-09-10 14:02:18 +0200: Memory Usage (449568K) : dfpad_sbump has 0 polygons
2026-09-10 14:02:18 +0200: Memory Usage (449568K) : thickgateox_drw has 0 polygons
2026-09-10 14:02:18 +0200: Memory Usage (449696K) : pldb_drw has 0 polygons
2026-09-10 14:02:18 +0200: Memory Usage (449696K) : pwell_drw has 0 polygons
2026-09-10 14:02:18 +0200: Memory Usage (449824K) : pwell_pin has 0 polygons
2026-09-10 14:02:18 +0200: Memory Usage (449952K) : pwell_block has 0 polygons
2026-09-10 14:02:18 +0200: Memory Usage (449952K) : ic_drw has 0 polygons
2026-09-10 14:02:18 +0200: Memory Usage (450080K) : via3_drw has 0 polygons
2026-09-10 14:02:18 +0200: Memory Usage (450080K) : metal4_drw has 0 polygons
2026-09-10 14:02:18 +0200: Memory Usage (450208K) : metal4_filler has 0 polygons
2026-09-10 14:02:18 +0200: Memory Usage (450208K) : metal4_slit has 0 polygons
2026-09-10 14:02:18 +0200: Memory Usage (450336K) : metal4 has 0 polygons
2026-09-10 14:02:18 +0200: Memory Usage (450464K) : metal4_pin has 0 polygons
2026-09-10 14:02:18 +0200: Memory Usage (450464K) : metal4_mask has 0 polygons
2026-09-10 14:02:18 +0200: Memory Usage (450592K) : metal4_nofill has 0 polygons
2026-09-10 14:02:18 +0200: Memory Usage (450592K) : metal4_text has 0 polygons
2026-09-10 14:02:18 +0200: Memory Usage (450720K) : metal4_OPC has 0 polygons
2026-09-10 14:02:18 +0200: Memory Usage (450848K) : metal4_noqrc has 0 polygons
2026-09-10 14:02:18 +0200: Memory Usage (450848K) : metal4_res has 0 polygons
2026-09-10 14:02:18 +0200: Memory Usage (450976K) : metal4_iprobe has 0 polygons
2026-09-10 14:02:18 +0200: Memory Usage (450976K) : metal4_diffprb has 0 polygons
2026-09-10 14:02:18 +0200: Memory Usage (451104K) : heattrans_drw has 0 polygons
2026-09-10 14:02:18 +0200: Memory Usage (451104K) : heatres_drw has 0 polygons
2026-09-10 14:02:18 +0200: Memory Usage (451232K) : fbe_drw has 0 polygons
2026-09-10 14:02:18 +0200: Memory Usage (451232K) : empoly_drw has 0 polygons
2026-09-10 14:02:18 +0200: Memory Usage (451360K) : digisub_drw has 0 polygons
2026-09-10 14:02:18 +0200: Memory Usage (451360K) : text_drw has 3 polygons
2026-09-10 14:02:18 +0200: Memory Usage (451488K) : via4_drw has 0 polygons
2026-09-10 14:02:18 +0200: Memory Usage (451488K) : metal5_drw has 0 polygons
2026-09-10 14:02:18 +0200: Memory Usage (451616K) : metal5_filler has 0 polygons
2026-09-10 14:02:18 +0200: Memory Usage (451744K) : metal5_slit has 0 polygons
2026-09-10 14:02:18 +0200: Memory Usage (451872K) : metal5 has 0 polygons
2026-09-10 14:02:18 +0200: Memory Usage (451872K) : metal5_pin has 0 polygons
2026-09-10 14:02:18 +0200: Memory Usage (452000K) : metal5_mask has 0 polygons
2026-09-10 14:02:18 +0200: Memory Usage (452000K) : metal5_nofill has 0 polygons
2026-09-10 14:02:18 +0200: Memory Usage (452128K) : metal5_text has 0 polygons
2026-09-10 14:02:18 +0200: Memory Usage (452128K) : metal5_OPC has 0 polygons
2026-09-10 14:02:18 +0200: Memory Usage (452256K) : metal5_noqrc has 0 polygons
2026-09-10 14:02:18 +0200: Memory Usage (452256K) : metal5_res has 0 polygons
2026-09-10 14:02:18 +0200: Memory Usage (452384K) : metal5_iprobe has 0 polygons
2026-09-10 14:02:18 +0200: Memory Usage (452384K) : metal5_diffprb has 0 polygons
2026-09-10 14:02:18 +0200: Memory Usage (452512K) : radhard_drw has 0 polygons
2026-09-10 14:02:18 +0200: Memory Usage (452512K) : memcap_drw has 0 polygons
2026-09-10 14:02:18 +0200: Memory Usage (452640K) : varicap_drw has 0 polygons
2026-09-10 14:02:18 +0200: Memory Usage (452768K) : intbondvia_drw has 0 polygons
2026-09-10 14:02:18 +0200: Memory Usage (452768K) : intbondmet_drw has 0 polygons
2026-09-10 14:02:18 +0200: Memory Usage (452896K) : devbondvia_drw has 0 polygons
2026-09-10 14:02:18 +0200: Memory Usage (452896K) : devbondmet_drw has 0 polygons
2026-09-10 14:02:18 +0200: Memory Usage (453024K) : devtrench_drw has 0 polygons
2026-09-10 14:02:18 +0200: Memory Usage (453024K) : redist_drw has 0 polygons
2026-09-10 14:02:18 +0200: Memory Usage (453152K) : graphbot_drw has 0 polygons
2026-09-10 14:02:18 +0200: Memory Usage (453152K) : graphtop_drw has 0 polygons
2026-09-10 14:02:18 +0200: Memory Usage (453280K) : antvia1_drw has 0 polygons
2026-09-10 14:02:18 +0200: Memory Usage (453408K) : antmetal2_drw has 0 polygons
2026-09-10 14:02:18 +0200: Memory Usage (453408K) : graphcont_drw has 0 polygons
2026-09-10 14:02:18 +0200: Memory Usage (453536K) : siwg_drw has 0 polygons
2026-09-10 14:02:18 +0200: Memory Usage (453536K) : siwg_filler has 0 polygons
2026-09-10 14:02:18 +0200: Memory Usage (453664K) : siwg_nofill has 0 polygons
2026-09-10 14:02:18 +0200: Memory Usage (453664K) : sigrating_drw has 0 polygons
2026-09-10 14:02:18 +0200: Memory Usage (453792K) : singrating_drw has 0 polygons
2026-09-10 14:02:18 +0200: Memory Usage (453792K) : graphpas_drw has 0 polygons
2026-09-10 14:02:18 +0200: Memory Usage (453920K) : emwind3_drw has 0 polygons
2026-09-10 14:02:18 +0200: Memory Usage (453920K) : emwihv3_drw has 0 polygons
2026-09-10 14:02:18 +0200: Memory Usage (454048K) : redbulay_drw has 0 polygons
2026-09-10 14:02:18 +0200: Memory Usage (454048K) : smos_drw has 0 polygons
2026-09-10 14:02:18 +0200: Memory Usage (454176K) : graphpad_drw has 0 polygons
2026-09-10 14:02:18 +0200: Memory Usage (454304K) : polimide_drw has 0 polygons
2026-09-10 14:02:18 +0200: Memory Usage (454304K) : polimide_pin has 0 polygons
2026-09-10 14:02:18 +0200: Memory Usage (454432K) : recog_drw has 0 polygons
2026-09-10 14:02:18 +0200: Memory Usage (454432K) : recog_pin has 0 polygons
2026-09-10 14:02:18 +0200: Memory Usage (454560K) : recog_esd has 0 polygons
2026-09-10 14:02:18 +0200: Memory Usage (454560K) : recog_diode has 2 polygons
2026-09-10 14:02:18 +0200: Memory Usage (454688K) : recog_tsv has 0 polygons
2026-09-10 14:02:18 +0200: Memory Usage (454688K) : recog_iprobe has 0 polygons
2026-09-10 14:02:18 +0200: Memory Usage (454816K) : recog_diffprb has 0 polygons
2026-09-10 14:02:18 +0200: Memory Usage (454816K) : recog_pillar has 0 polygons
2026-09-10 14:02:18 +0200: Memory Usage (454944K) : recog_sbump has 0 polygons
2026-09-10 14:02:18 +0200: Memory Usage (455072K) : recog_otp has 0 polygons
2026-09-10 14:02:18 +0200: Memory Usage (455072K) : recog_pdiode has 0 polygons
2026-09-10 14:02:18 +0200: Memory Usage (455200K) : recog_mom has 0 polygons
2026-09-10 14:02:18 +0200: Memory Usage (455200K) : recog_momf has 0 polygons
2026-09-10 14:02:18 +0200: Memory Usage (455328K) : recog_pcm has 0 polygons
2026-09-10 14:02:18 +0200: Memory Usage (455328K) : colopen_drw has 0 polygons
2026-09-10 14:02:18 +0200: Memory Usage (455456K) : graphmetal1_drw has 0 polygons
2026-09-10 14:02:18 +0200: Memory Usage (455456K) : graphmetal1_filler has 0 polygons
2026-09-10 14:02:18 +0200: Memory Usage (455584K) : graphmetal1_nofill has 0 polygons
2026-09-10 14:02:18 +0200: Memory Usage (455712K) : graphmetal1_slit has 0 polygons
2026-09-10 14:02:18 +0200: Memory Usage (455712K) : graphmetal1_OPC has 0 polygons
2026-09-10 14:02:18 +0200: Memory Usage (455840K) : graphmet1l_drw has 0 polygons
2026-09-10 14:02:18 +0200: Memory Usage (455840K) : graphmet1l_filler has 0 polygons
2026-09-10 14:02:18 +0200: Memory Usage (455968K) : graphmet1l_nofill has 0 polygons
2026-09-10 14:02:18 +0200: Memory Usage (455968K) : graphmet1l_slit has 0 polygons
2026-09-10 14:02:18 +0200: Memory Usage (456096K) : graphmet1l_OPC has 0 polygons
2026-09-10 14:02:18 +0200: Memory Usage (456096K) : extblock_drw has 0 polygons
2026-09-10 14:02:18 +0200: Memory Usage (456224K) : nldd_drw has 0 polygons
2026-09-10 14:02:18 +0200: Memory Usage (456224K) : pldd_drw has 0 polygons
2026-09-10 14:02:18 +0200: Memory Usage (456352K) : next_drw has 0 polygons
2026-09-10 14:02:18 +0200: Memory Usage (456480K) : pext_drw has 0 polygons
2026-09-10 14:02:18 +0200: Memory Usage (456608K) : nexthv_drw has 0 polygons
2026-09-10 14:02:18 +0200: Memory Usage (456608K) : pexthv_drw has 0 polygons
2026-09-10 14:02:18 +0200: Memory Usage (456736K) : graphgate_drw has 0 polygons
2026-09-10 14:02:18 +0200: Memory Usage (456736K) : sinwg_drw has 0 polygons
2026-09-10 14:02:18 +0200: Memory Usage (456864K) : sinwg_filler has 0 polygons
2026-09-10 14:02:18 +0200: Memory Usage (456864K) : sinwg_nofill has 0 polygons
2026-09-10 14:02:18 +0200: Memory Usage (456992K) : mempad_drw has 0 polygons
2026-09-10 14:02:18 +0200: Memory Usage (456992K) : topvia1_drw has 0 polygons
2026-09-10 14:02:18 +0200: Memory Usage (457120K) : topmetal1_drw has 0 polygons
2026-09-10 14:02:18 +0200: Memory Usage (457248K) : topmetal1_filler has 0 polygons
2026-09-10 14:02:18 +0200: Memory Usage (457248K) : topmetal1_slit has 0 polygons
2026-09-10 14:02:18 +0200: Memory Usage (457376K) : topmetal1 has 0 polygons
2026-09-10 14:02:18 +0200: Memory Usage (457504K) : topmetal1_pin has 0 polygons
2026-09-10 14:02:18 +0200: Memory Usage (457504K) : topmetal1_mask has 0 polygons
2026-09-10 14:02:18 +0200: Memory Usage (457632K) : topmetal1_nofill has 0 polygons
2026-09-10 14:02:18 +0200: Memory Usage (457632K) : topmetal1_text has 0 polygons
2026-09-10 14:02:18 +0200: Memory Usage (457760K) : topmetal1_noqrc has 0 polygons
2026-09-10 14:02:18 +0200: Memory Usage (457888K) : topmetal1_res has 0 polygons
2026-09-10 14:02:18 +0200: Memory Usage (457888K) : topmetal1_iprobe has 0 polygons
2026-09-10 14:02:18 +0200: Memory Usage (458016K) : topmetal1_diffprb has 0 polygons
2026-09-10 14:02:18 +0200: Memory Usage (458016K) : inldpwl_drw has 0 polygons
2026-09-10 14:02:18 +0200: Memory Usage (458144K) : polyres_drw has 0 polygons
2026-09-10 14:02:18 +0200: Memory Usage (458144K) : polyres_pin has 0 polygons
2026-09-10 14:02:18 +0200: Memory Usage (458272K) : vmim_drw has 0 polygons
2026-09-10 14:02:18 +0200: Memory Usage (458400K) : nbulaycut_drw has 0 polygons
2026-09-10 14:02:18 +0200: Memory Usage (458400K) : antmetal1_drw has 0 polygons
2026-09-10 14:02:18 +0200: Memory Usage (458528K) : topvia2_drw has 0 polygons
2026-09-10 14:02:18 +0200: Memory Usage (458528K) : topmetal2_drw has 0 polygons
2026-09-10 14:02:18 +0200: Memory Usage (458656K) : topmetal2_filler has 0 polygons
2026-09-10 14:02:18 +0200: Memory Usage (458656K) : topmetal2_slit has 0 polygons
2026-09-10 14:02:18 +0200: Memory Usage (458784K) : topmetal2 has 0 polygons
2026-09-10 14:02:18 +0200: Memory Usage (458912K) : topmetal2_pin has 0 polygons
2026-09-10 14:02:18 +0200: Memory Usage (458912K) : topmetal2_mask has 0 polygons
2026-09-10 14:02:18 +0200: Memory Usage (459040K) : topmetal2_nofill has 0 polygons
2026-09-10 14:02:18 +0200: Memory Usage (459168K) : topmetal2_text has 0 polygons
2026-09-10 14:02:18 +0200: Memory Usage (459168K) : topmetal2_noqrc has 0 polygons
2026-09-10 14:02:18 +0200: Memory Usage (459296K) : topmetal2_res has 0 polygons
2026-09-10 14:02:18 +0200: Memory Usage (459424K) : topmetal2_iprobe has 0 polygons
2026-09-10 14:02:18 +0200: Memory Usage (459424K) : topmetal2_diffprb has 0 polygons
2026-09-10 14:02:18 +0200: Memory Usage (459552K) : snsring_drw has 0 polygons
2026-09-10 14:02:18 +0200: Memory Usage (459552K) : sensor_drw has 0 polygons
2026-09-10 14:02:18 +0200: Memory Usage (459680K) : snsarms_drw has 0 polygons
2026-09-10 14:02:18 +0200: Memory Usage (459680K) : snscmosvia_drw has 0 polygons
2026-09-10 14:02:18 +0200: Memory Usage (459808K) : colwind_drw has 0 polygons
2026-09-10 14:02:18 +0200: Memory Usage (459808K) : flm_drw has 0 polygons
2026-09-10 14:02:18 +0200: Memory Usage (459936K) : hafniumox_drw has 0 polygons
2026-09-10 14:02:18 +0200: Memory Usage (460064K) : memvia_drw has 0 polygons
2026-09-10 14:02:18 +0200: Memory Usage (460064K) : thinfilmres_drw has 0 polygons
2026-09-10 14:02:18 +0200: Memory Usage (460192K) : rfmem_drw has 0 polygons
2026-09-10 14:02:18 +0200: Memory Usage (460192K) : norcx_drw has 0 polygons
2026-09-10 14:02:18 +0200: Memory Usage (460320K) : norcx_m2m3 has 0 polygons
2026-09-10 14:02:18 +0200: Memory Usage (460320K) : norcx_m2m4 has 0 polygons
2026-09-10 14:02:18 +0200: Memory Usage (460448K) : norcx_m2m5 has 0 polygons
2026-09-10 14:02:18 +0200: Memory Usage (460448K) : norcx_m2tm1 has 0 polygons
2026-09-10 14:02:18 +0200: Memory Usage (460448K) : norcx_m2tm2 has 0 polygons
2026-09-10 14:02:18 +0200: Memory Usage (460576K) : norcx_m3m4 has 0 polygons
2026-09-10 14:02:18 +0200: Memory Usage (460576K) : norcx_m3m5 has 0 polygons
2026-09-10 14:02:18 +0200: Memory Usage (460576K) : norcx_m3tm1 has 0 polygons
2026-09-10 14:02:18 +0200: Memory Usage (460576K) : norcx_m3tm2 has 0 polygons
2026-09-10 14:02:18 +0200: Memory Usage (460704K) : norcx_m4m5 has 0 polygons
2026-09-10 14:02:18 +0200: Memory Usage (460704K) : norcx_m4tm1 has 0 polygons
2026-09-10 14:02:18 +0200: Memory Usage (460704K) : norcx_m4tm2 has 0 polygons
2026-09-10 14:02:18 +0200: Memory Usage (460832K) : norcx_m5tm1 has 0 polygons
2026-09-10 14:02:18 +0200: Memory Usage (460832K) : norcx_m5tm2 has 0 polygons
2026-09-10 14:02:18 +0200: Memory Usage (460832K) : norcx_tm1tm2 has 0 polygons
2026-09-10 14:02:18 +0200: Memory Usage (460960K) : norcx_m1sub has 0 polygons
2026-09-10 14:02:18 +0200: Memory Usage (460960K) : norcx_m2sub has 0 polygons
2026-09-10 14:02:18 +0200: Memory Usage (460960K) : norcx_m3sub has 0 polygons
2026-09-10 14:02:18 +0200: Memory Usage (460960K) : norcx_m4sub has 0 polygons
2026-09-10 14:02:18 +0200: Memory Usage (461088K) : norcx_m5sub has 0 polygons
2026-09-10 14:02:18 +0200: Memory Usage (461088K) : norcx_tm1sub has 0 polygons
2026-09-10 14:02:18 +0200: Memory Usage (461088K) : norcx_tm2sub has 0 polygons
2026-09-10 14:02:18 +0200: Memory Usage (461216K) : snsbotvia_drw has 0 polygons
2026-09-10 14:02:18 +0200: Memory Usage (461216K) : snstopvia_drw has 0 polygons
2026-09-10 14:02:18 +0200: Memory Usage (461216K) : deepvia_drw has 0 polygons
2026-09-10 14:02:18 +0200: Memory Usage (461344K) : fgetch_drw has 0 polygons
2026-09-10 14:02:18 +0200: Memory Usage (461344K) : ctrgat_drw has 0 polygons
2026-09-10 14:02:18 +0200: Memory Usage (461344K) : fgimp_drw has 0 polygons
2026-09-10 14:02:18 +0200: Memory Usage (461344K) : emwihv_drw has 0 polygons
2026-09-10 14:02:18 +0200: Memory Usage (461472K) : lbe_drw has 0 polygons
2026-09-10 14:02:18 +0200: Memory Usage (461472K) : alcustop_drw has 0 polygons
2026-09-10 14:02:18 +0200: Memory Usage (461600K) : nometfiller_drw has 0 polygons
2026-09-10 14:02:18 +0200: Memory Usage (461600K) : prboundary_drw has 0 polygons
2026-09-10 14:02:18 +0200: Memory Usage (461728K) : exchange0_drw has 0 polygons
2026-09-10 14:02:18 +0200: Memory Usage (461728K) : exchange0_pin has 0 polygons
2026-09-10 14:02:18 +0200: Memory Usage (461856K) : exchange0_text has 0 polygons
2026-09-10 14:02:18 +0200: Memory Usage (461856K) : exchange1_drw has 0 polygons
2026-09-10 14:02:18 +0200: Memory Usage (461984K) : exchange1_pin has 0 polygons
2026-09-10 14:02:18 +0200: Memory Usage (461984K) : exchange1_text has 0 polygons
2026-09-10 14:02:18 +0200: Memory Usage (461984K) : exchange2_drw has 0 polygons
2026-09-10 14:02:18 +0200: Memory Usage (461984K) : exchange2_pin has 0 polygons
2026-09-10 14:02:18 +0200: Memory Usage (461984K) : exchange2_text has 0 polygons
2026-09-10 14:02:18 +0200: Memory Usage (461984K) : exchange3_drw has 0 polygons
2026-09-10 14:02:18 +0200: Memory Usage (461984K) : exchange3_pin has 0 polygons
2026-09-10 14:02:18 +0200: Memory Usage (461984K) : exchange3_text has 0 polygons
2026-09-10 14:02:18 +0200: Memory Usage (461984K) : exchange4_drw has 0 polygons
2026-09-10 14:02:18 +0200: Memory Usage (461984K) : exchange4_pin has 0 polygons
2026-09-10 14:02:18 +0200: Memory Usage (461984K) : exchange4_text has 0 polygons
2026-09-10 14:02:18 +0200: Memory Usage (461984K) : isonwell_drw has 0 polygons
2026-09-10 14:02:18 +0200: Memory Usage (461984K) : Total no. of polygons in the design is 1796
2026-09-10 14:02:18 +0200: Memory Usage (461984K) : Starting base layers derivations
2026-09-10 14:02:18 +0200: Memory Usage (461984K) : Starting general LVS derivations
2026-09-10 14:02:18 +0200: Memory Usage (465880K) : Starting MOSFET DERIVATIONS
2026-09-10 14:02:18 +0200: Memory Usage (466904K) : Starting NMOS DERIVATIONS
2026-09-10 14:02:18 +0200: Memory Usage (466904K) : Starting PMOS DERIVATIONS
2026-09-10 14:02:18 +0200: Memory Usage (466904K) : Starting RF-MOSFET DERIVATIONS
2026-09-10 14:02:18 +0200: Memory Usage (466904K) : Starting RF-NMOS DERIVATIONS
2026-09-10 14:02:18 +0200: Memory Usage (466904K) : Starting RF-PMOS DERIVATIONS
2026-09-10 14:02:18 +0200: Memory Usage (467032K) : Starting BJT DERIVATIONS
2026-09-10 14:02:18 +0200: Memory Usage (467032K) : Starting NPN-BJT DERIVATIONS
2026-09-10 14:02:18 +0200: Memory Usage (467032K) : Starting PNP-BJT DERIVATIONS
2026-09-10 14:02:18 +0200: Memory Usage (467032K) : Starting DIODE DERIVATIONS
2026-09-10 14:02:18 +0200: Memory Usage (468696K) : Starting RESISTOR DERIVATIONS
2026-09-10 14:02:18 +0200: Memory Usage (470360K) : Starting CAP DERIVATIONS
2026-09-10 14:02:18 +0200: Memory Usage (471000K) : Starting CAP_CMOM DERIVATIONS
2026-09-10 14:02:18 +0200: Memory Usage (471000K) : Starting CAP_CMOMF DERIVATIONS
2026-09-10 14:02:18 +0200: Memory Usage (471000K) : Starting ESD DERIVATIONS
2026-09-10 14:02:18 +0200: Memory Usage (471000K) : Starting Inductor DERIVATIONS
2026-09-10 14:02:18 +0200: Memory Usage (471000K) : Starting Taps DERIVATIONS
2026-09-10 14:02:18 +0200: Memory Usage (471000K) : Starting SG13G2 LVS connectivity setup
2026-09-10 14:02:18 +0200: Memory Usage (471000K) : Starting SG13G2 LVS connectivity setup (Inter-layer)
2026-09-10 14:02:18 +0200: Memory Usage (471176K) : Starting SG13G2 LVS connectivity setup (Global)
2026-09-10 14:02:18 +0200: Memory Usage (471176K) : Starting LVS MOSFET CONNECTIONS
2026-09-10 14:02:18 +0200: Memory Usage (471176K) : Starting LVS RF-MOSFET CONNECTIONS
2026-09-10 14:02:18 +0200: Memory Usage (471176K) : Starting LVS BJT CONNECTIONS
2026-09-10 14:02:18 +0200: Memory Usage (471176K) : Starting LVS DIODE CONNECTIONS
2026-09-10 14:02:18 +0200: Memory Usage (471176K) : Starting RESISTOR CONNECTIONS
2026-09-10 14:02:18 +0200: Memory Usage (471176K) : Starting LVS CAP CONNECTIONS
2026-09-10 14:02:18 +0200: Memory Usage (471176K) : Starting CAP_CMOM CONNECTIONS
2026-09-10 14:02:18 +0200: Memory Usage (471176K) : Starting CAP_CMOMF CONNECTIONS
2026-09-10 14:02:18 +0200: Memory Usage (471176K) : Starting ESD CONNECTIONS
2026-09-10 14:02:18 +0200: Memory Usage (471176K) : Starting Inductor CONNECTIONS
2026-09-10 14:02:18 +0200: Memory Usage (471176K) : Starting LVS Taps CONNECTIONS
2026-09-10 14:02:18 +0200: Memory Usage (471176K) : Starting SG13G2 LVS DEVICES EXTRACTION
2026-09-10 14:02:18 +0200: Memory Usage (471176K) : Starting MOSFET EXTRACTION
2026-09-10 14:02:18 +0200: Memory Usage (471176K) : Starting NMOS EXTRACTION
2026-09-10 14:02:18 +0200: Memory Usage (471176K) : Extraction of NMOS-LV transistor
2026-09-10 14:02:18 +0200: Memory Usage (471304K) : Extraction of NMOS-HV transistor
2026-09-10 14:02:18 +0200: Memory Usage (471304K) : Starting PMOS EXTRACTION
2026-09-10 14:02:18 +0200: Memory Usage (471304K) : Extraction of PMOS-LV transistor
2026-09-10 14:02:18 +0200: Memory Usage (471304K) : Extraction of PMOS-HV transistor
2026-09-10 14:02:18 +0200: Memory Usage (471304K) : Starting RF-MOSFET EXTRACTION
2026-09-10 14:02:18 +0200: Memory Usage (471304K) : Extraction of RF-NMOS-LV transistor
2026-09-10 14:02:18 +0200: Memory Usage (471304K) : Extraction of RF-NMOS-HV transistor
2026-09-10 14:02:18 +0200: Memory Usage (471304K) : Extraction of RF-PMOS-LV transistor
2026-09-10 14:02:18 +0200: Memory Usage (471304K) : Extraction of RF-PMOS-HV transistor
2026-09-10 14:02:18 +0200: Memory Usage (471304K) : Starting BJT EXTRACTION
2026-09-10 14:02:18 +0200: Memory Usage (471304K) : Starting NPN-BJT EXTRACTION
2026-09-10 14:02:18 +0200: Memory Usage (471304K) : Extraction of npn13G2 BJT transistor
2026-09-10 14:02:18 +0200: Memory Usage (471304K) : Extraction of npn13G2L BJT transistor
2026-09-10 14:02:18 +0200: Memory Usage (471304K) : Extraction of npn13G2V BJT transistor
2026-09-10 14:02:18 +0200: Memory Usage (471304K) : Starting PNP-BJT EXTRACTION
2026-09-10 14:02:18 +0200: Memory Usage (471304K) : Extracting pnpMPA BJT
2026-09-10 14:02:18 +0200: Memory Usage (471304K) : Starting DIODE EXTRACTION
2026-09-10 14:02:18 +0200: Memory Usage (471304K) : Extracting dantenna diode
2026-09-10 14:02:18 +0200: Memory Usage (471304K) : Extracting dpantenna diode
2026-09-10 14:02:18 +0200: Memory Usage (471304K) : Extracting schottky_nbl1 diode
2026-09-10 14:02:18 +0200: Memory Usage (471304K) : Extracting isolbox diode
2026-09-10 14:02:18 +0200: Memory Usage (471304K) : Starting RESISTOR EXTRACTION
2026-09-10 14:02:18 +0200: Memory Usage (471304K) : Extracting rsil resistor
2026-09-10 14:02:18 +0200: Memory Usage (471304K) : Extracting rppd resistor
2026-09-10 14:02:18 +0200: Memory Usage (471304K) : Extracting rhigh resistor
2026-09-10 14:02:18 +0200: Memory Usage (471304K) : Extracting res_metal1 resistor
2026-09-10 14:02:18 +0200: Memory Usage (471304K) : Extracting res_metal2 resistor
2026-09-10 14:02:18 +0200: Memory Usage (471304K) : Extracting res_metal3 resistor
2026-09-10 14:02:18 +0200: Memory Usage (471304K) : Extracting res_metal4 resistor
2026-09-10 14:02:18 +0200: Memory Usage (471304K) : Extracting res_metal5 resistor
2026-09-10 14:02:18 +0200: Memory Usage (471304K) : Extracting res_topmetal1 resistor
2026-09-10 14:02:18 +0200: Memory Usage (471304K) : Extracting res_topmetal2 resistor
2026-09-10 14:02:18 +0200: Memory Usage (471304K) : Starting CAP EXTRACTION
2026-09-10 14:02:18 +0200: Memory Usage (471304K) : Extracting cap_cmim device
2026-09-10 14:02:18 +0200: Memory Usage (471304K) : Extracting rfcmim device
2026-09-10 14:02:18 +0200: Memory Usage (471304K) : Extracting sg13_hv_svaricap varactor
2026-09-10 14:02:18 +0200: Memory Usage (471304K) : Extracting cap_cmomi device
2026-09-10 14:02:18 +0200: Memory Usage (471304K) : Extracting cap_cmomf device
2026-09-10 14:02:18 +0200: Memory Usage (471304K) : Extracting sg13_moscap_n capacitor
2026-09-10 14:02:18 +0200: Memory Usage (471304K) : Extracting sg13_moscap_p capacitor
2026-09-10 14:02:18 +0200: Memory Usage (471304K) : Starting ESD EXTRACTION
2026-09-10 14:02:18 +0200: Memory Usage (471304K) : Extracting diodevdd_2kv ESD device
2026-09-10 14:02:18 +0200: Memory Usage (471304K) : Extracting diodevdd_4kv ESD device
2026-09-10 14:02:18 +0200: Memory Usage (471304K) : Extracting diodevss_2kv ESD device
2026-09-10 14:02:18 +0200: Memory Usage (471304K) : Extracting diodevss_4kv ESD device
2026-09-10 14:02:18 +0200: Memory Usage (471304K) : Extracting idiodevdd_2kv ESD device
2026-09-10 14:02:18 +0200: Memory Usage (471304K) : Extracting idiodevdd_4kv ESD device
2026-09-10 14:02:18 +0200: Memory Usage (471304K) : Extracting idiodevss_2kv ESD device
2026-09-10 14:02:18 +0200: Memory Usage (471304K) : Extracting idiodevss_4kv ESD device
2026-09-10 14:02:18 +0200: Memory Usage (471304K) : Extracting nmoscl_2 ESD device
2026-09-10 14:02:18 +0200: Memory Usage (471304K) : Extracting nmoscl_4 ESD device
2026-09-10 14:02:18 +0200: Memory Usage (471304K) : Starting Inductor EXTRACTION
2026-09-10 14:02:18 +0200: Memory Usage (471304K) : Extracting Inductor2 device
2026-09-10 14:02:18 +0200: Memory Usage (471304K) : Extracting Inductor3 device
2026-09-10 14:02:18 +0200: Memory Usage (471304K) : Starting Taps EXTRACTION
2026-09-10 14:02:18 +0200: Memory Usage (471304K) : Extracting ntap1 device
2026-09-10 14:02:18 +0200: Memory Usage (471304K) : Extracting ptap1 device
2026-09-10 14:02:18 +0200: Memory Usage (471304K) : Starting SG13G2 LVS RF MOS Model Mapping
STAGE_SNAPSHOT layout_netlist_raw_before_rf_mapping inventory_preserved=true
2026-09-10 14:02:18 +0200: Memory Usage (471304K) : [layout_netlist] Apply RF MOS model mapping and rfmode parameter.
STAGE_SNAPSHOT layout_netlist_after_rf_mapping inventory_preserved=true
STAGE_SNAPSHOT layout_netlist_after_rf_purge_devices inventory_preserved=true
STAGE_SNAPSHOT layout_netlist_after_rf_purge inventory_preserved=true
2026-09-10 14:02:18 +0200: Memory Usage (471304K) : Starting SG13G2 LVS Options Preparations
2026-09-10 14:02:18 +0200: Memory Usage (471304K) : SG13G2 LVS flow: extraction -> alignment -> option preparation -> comparison.
2026-09-10 14:02:18 +0200: Memory Usage (471304K) : Starting SG13G2 LVS Alignment
STAGE_SNAPSHOT layout_before_align inventory_preserved=true
STAGE_SNAPSHOT schematic_before_align inventory_preserved=true
STAGE_SNAPSHOT layout_after_align inventory_preserved=true
STAGE_SNAPSHOT schematic_after_align inventory_preserved=true
2026-09-10 14:02:18 +0200: Memory Usage (471432K) : Starting SG13G2 LVS Simplification
2026-09-10 14:02:18 +0200: Memory Usage (471432K) : [layout_netlist] simplify: ENABLED
STAGE_SNAPSHOT layout_netlist_before_simplify inventory_preserved=true
STAGE_SNAPSHOT layout_netlist_after_simplify inventory_preserved=true
2026-09-10 14:02:18 +0200: Memory Usage (471432K) : [layout_netlist] make_top_level_pins: SKIPPED
STAGE_SNAPSHOT layout_netlist_before_make_top_level_pins inventory_preserved=true
STAGE_SNAPSHOT layout_netlist_after_make_top_level_pins inventory_preserved=true
2026-09-10 14:02:18 +0200: Memory Usage (471432K) : [layout_netlist] combine_devices: SKIPPED
STAGE_SNAPSHOT layout_netlist_before_combine_devices inventory_preserved=true
STAGE_SNAPSHOT layout_netlist_after_combine_devices inventory_preserved=true
2026-09-10 14:02:18 +0200: Memory Usage (471432K) : [layout_netlist] purge: SKIPPED
STAGE_SNAPSHOT layout_netlist_before_purge inventory_preserved=true
STAGE_SNAPSHOT layout_netlist_after_purge inventory_preserved=true
2026-09-10 14:02:18 +0200: Memory Usage (471560K) : [layout_netlist] purge_nets: SKIPPED
STAGE_SNAPSHOT layout_netlist_before_purge_nets inventory_preserved=true
STAGE_SNAPSHOT layout_netlist_after_purge_nets inventory_preserved=true
2026-09-10 14:02:18 +0200: Memory Usage (471560K) : [schematic_netlist] simplify: ENABLED
STAGE_SNAPSHOT schematic_netlist_before_simplify inventory_preserved=true
STAGE_SNAPSHOT schematic_netlist_after_simplify inventory_preserved=true
2026-09-10 14:02:18 +0200: Memory Usage (471560K) : [schematic_netlist] make_top_level_pins: SKIPPED
STAGE_SNAPSHOT schematic_netlist_before_make_top_level_pins inventory_preserved=true
STAGE_SNAPSHOT schematic_netlist_after_make_top_level_pins inventory_preserved=true
2026-09-10 14:02:18 +0200: Memory Usage (471560K) : [schematic_netlist] combine_devices: SKIPPED
STAGE_SNAPSHOT schematic_netlist_before_combine_devices inventory_preserved=true
STAGE_SNAPSHOT schematic_netlist_after_combine_devices inventory_preserved=true
2026-09-10 14:02:18 +0200: Memory Usage (471560K) : [schematic_netlist] purge: SKIPPED
STAGE_SNAPSHOT schematic_netlist_before_purge inventory_preserved=true
STAGE_SNAPSHOT schematic_netlist_after_purge inventory_preserved=true
2026-09-10 14:02:18 +0200: Memory Usage (471560K) : [schematic_netlist] purge_nets: SKIPPED
STAGE_SNAPSHOT schematic_netlist_before_purge_nets inventory_preserved=true
STAGE_SNAPSHOT schematic_netlist_after_purge_nets inventory_preserved=true
2026-09-10 14:02:18 +0200: Memory Usage (471560K) : Starting SG13G2 LVS Comparison in strict port mode.
2026-09-10 14:02:18 +0200: Memory Usage (471560K) : flag_missing_ports enabled: missing/mislabeled top-level ports are treated as errors.
STAGE_SNAPSHOT layout_after_compare inventory_preserved=true
STAGE_SNAPSHOT schematic_after_compare inventory_preserved=true
2026-09-10 14:02:18 +0200: Memory Usage (471560K) : xxxxxxxxxxxxxxxxxxxxxxxxxxxxxxxxxxxxxxxxxx
2026-09-10 14:02:18 +0200: Memory Usage (471560K) : ERROR : Netlists don't match
2026-09-10 14:02:18 +0200: Memory Usage (471560K) : xxxxxxxxxxxxxxxxxxxxxxxxxxxxxxxxxxxxxxxxxx
2026-09-10 14:02:18 +0200: Memory Usage (471560K) : LVS Total Run time 0.798407 seconds
10-Sep-2026 14:02:19 | INFO    | ==============================================================================
10-Sep-2026 14:02:19 | INFO    | Important Summary
10-Sep-2026 14:02:19 | INFO    | +------------------+--------------------------------------------------------------+
10-Sep-2026 14:02:19 | INFO    | | Status           | FAIL                                                         |
10-Sep-2026 14:02:19 | INFO    | | Mode             | COMPARE                                                      |
10-Sep-2026 14:02:19 | INFO    | | Outcome          | Comparison mode: FAIL (netlists do not match).               |
10-Sep-2026 14:02:19 | INFO    | | Layout           | sg13g2_DCNDiode.gds                                          |
10-Sep-2026 14:02:19 | INFO    | | Top Cell         | sg13g2_DCNDiode                                              |
10-Sep-2026 14:02:19 | INFO    | | Results Dir      | /output/result                                               |
10-Sep-2026 14:02:19 | INFO    | | Warnings         | 0                                                            |
10-Sep-2026 14:02:19 | INFO    | | Errors           | 1                                                            |
10-Sep-2026 14:02:19 | INFO    | | Run Time (s)     | 2.461                                                        |
10-Sep-2026 14:02:19 | INFO    | +------------------+--------------------------------------------------------------+
10-Sep-2026 14:02:19 | ERROR   | Key errors:
10-Sep-2026 14:02:19 | ERROR   |   - 2026-09-10 14:02:18 +0200: Memory Usage (471560K) : ERROR : Netlists don't match
10-Sep-2026 14:02:19 | INFO    | ==============================================================================
croc-lvs-tap-reader-dcn-ab-20260910-001-candidate
