# Logfile created on 2026-09-10 14:30:42 +0200 by logger.rb/v1.5.3
2026-09-10 14:30:42 +0200: Memory Usage (437172K) : Starting running IHP-SG13G2 Klayout DRC Density runset on /work/runs/ihp-io-physical-20260910-001/geometry/sg13g2_IOPadInOut30mA.gds
2026-09-10 14:30:42 +0200: Memory Usage (437172K) : Ruby Version for klayout: 3.2.3
2026-09-10 14:30:42 +0200: Memory Usage (440628K) : Loading database to memory is complete.
2026-09-10 14:30:42 +0200: Memory Usage (440628K) : IHP-SG13G2 Klayout DRC Density runset output at: /output/sg13g2_IOPadInOut30mA_sg13g2_IOPadInOut30mA_density.lyrdb
2026-09-10 14:30:42 +0200: Memory Usage (440628K) : Evaluate switches.
2026-09-10 14:30:42 +0200: Memory Usage (440628K) : Configured KLayout worker thread(s): 1.
2026-09-10 14:30:42 +0200: Memory Usage (440628K) : Deep mode enabled: reading layers and preparing general derivations.
2026-09-10 14:30:42 +0200: Memory Usage (440628K) : PreCheck DRC enabled: false
2026-09-10 14:30:42 +0200: Memory Usage (440628K) : Density sanity checks enabled: false
2026-09-10 14:30:42 +0200: Memory Usage (440628K) : Read in polygons from layers.
2026-09-10 14:30:42 +0200: Memory Usage (441908K) : activ_drw has 113 polygons
2026-09-10 14:30:42 +0200: Memory Usage (441908K) : activ_mask has 0 polygons
2026-09-10 14:30:42 +0200: Memory Usage (441908K) : activ_filler has 0 polygons
2026-09-10 14:30:42 +0200: Memory Usage (441908K) : gatpoly_drw has 69 polygons
2026-09-10 14:30:42 +0200: Memory Usage (442036K) : gatpoly_filler has 0 polygons
2026-09-10 14:30:42 +0200: Memory Usage (442036K) : metal1_drw has 393 polygons
2026-09-10 14:30:42 +0200: Memory Usage (442164K) : metal1_filler has 0 polygons
2026-09-10 14:30:42 +0200: Memory Usage (442164K) : metal1_slit has 0 polygons
2026-09-10 14:30:42 +0200: Memory Usage (442420K) : metal2_drw has 113 polygons
2026-09-10 14:30:42 +0200: Memory Usage (442548K) : metal2_filler has 0 polygons
2026-09-10 14:30:42 +0200: Memory Usage (442548K) : metal2_slit has 0 polygons
2026-09-10 14:30:42 +0200: Memory Usage (442548K) : metal3_drw has 27 polygons
2026-09-10 14:30:42 +0200: Memory Usage (442676K) : metal3_filler has 0 polygons
2026-09-10 14:30:42 +0200: Memory Usage (442676K) : metal3_slit has 0 polygons
2026-09-10 14:30:42 +0200: Memory Usage (442676K) : metal4_drw has 8 polygons
2026-09-10 14:30:42 +0200: Memory Usage (442804K) : metal4_filler has 0 polygons
2026-09-10 14:30:42 +0200: Memory Usage (442804K) : metal4_slit has 0 polygons
2026-09-10 14:30:42 +0200: Memory Usage (442804K) : metal5_drw has 8 polygons
2026-09-10 14:30:42 +0200: Memory Usage (442932K) : metal5_filler has 0 polygons
2026-09-10 14:30:42 +0200: Memory Usage (442932K) : metal5_slit has 0 polygons
2026-09-10 14:30:42 +0200: Memory Usage (442932K) : topmetal1_drw has 8 polygons
2026-09-10 14:30:42 +0200: Memory Usage (443060K) : topmetal1_filler has 0 polygons
2026-09-10 14:30:42 +0200: Memory Usage (443060K) : topmetal1_slit has 0 polygons
2026-09-10 14:30:42 +0200: Memory Usage (443060K) : topmetal2_drw has 6 polygons
2026-09-10 14:30:42 +0200: Memory Usage (443188K) : topmetal2_filler has 0 polygons
2026-09-10 14:30:42 +0200: Memory Usage (443188K) : topmetal2_slit has 0 polygons
2026-09-10 14:30:42 +0200: Memory Usage (443188K) : lbe_drw has 0 polygons
2026-09-10 14:30:42 +0200: Memory Usage (443316K) : prboundary_drw has 0 polygons
2026-09-10 14:30:42 +0200: Memory Usage (443316K) : edgeseal_bound has 0 polygons
2026-09-10 14:30:42 +0200: Memory Usage (443316K) : Loaded TECH DRC rules values from /work/upstream/ihp-open-pdk/ihp-sg13g2/libs.tech/klayout/python/sg13g2_pycell_lib/sg13g2_tech_mod.json
2026-09-10 14:30:42 +0200: Memory Usage (443316K) : Loaded default DRC rules values from /work/upstream/ihp-open-pdk/ihp-sg13g2/libs.tech/klayout/tech/drc/rule_decks/sg13g2_tech_default.json
2026-09-10 14:30:42 +0200: Memory Usage (443316K) : The following rules values were missing in tech json and default values were used:
2026-09-10 14:30:42 +0200: Memory Usage (443316K) :   - NW_f1_digibnd
2026-09-10 14:30:42 +0200: Memory Usage (443316K) :   - Cnt_c_digibnd
2026-09-10 14:30:42 +0200: Memory Usage (443316K) :   - Cnt_c_sram
2026-09-10 14:30:42 +0200: Memory Usage (443316K) :   - Sdiod_b
2026-09-10 14:30:42 +0200: Memory Usage (443316K) :   - Sdiod_c
2026-09-10 14:30:42 +0200: Memory Usage (444604K) : Density sanity markers are disabled (set -rd density_sanity=true to enable).
2026-09-10 14:30:42 +0200: Memory Usage (444604K) : No prBoundary found. Using layout extent for chip area: 14673.5688 um^2.
2026-09-10 14:30:42 +0200: Memory Usage (444604K) : Using bbox (-0.62,0;80.62,180.62) for density window origin.
2026-09-10 14:30:42 +0200: Memory Usage (444732K) : Total area of the design is 14673.5688 um^2.
2026-09-10 14:30:42 +0200: Memory Usage (444732K) : Starting density IHP-SG13G2 derivations.
2026-09-10 14:30:42 +0200: Memory Usage (445500K) : Starting IHP-SG13G2 DENSITY DRC rules.
2026-09-10 14:30:42 +0200: Memory Usage (445500K) : Computing activ area and density...
2026-09-10 14:30:42 +0200: Memory Usage (445884K) : Executing rule AFil.g
2026-09-10 14:30:42 +0200: Memory Usage (445884K) : Executing rule AFil.g1
2026-09-10 14:30:42 +0200: Memory Usage (445884K) : Executing rule AFil.g2
2026-09-10 14:30:42 +0200: Memory Usage (447232K) : Executing rule AFil.g3
2026-09-10 14:30:42 +0200: Memory Usage (447488K) : Computing poly area and density...
2026-09-10 14:30:42 +0200: Memory Usage (447488K) : Executing rule GFil.g
2026-09-10 14:30:42 +0200: Memory Usage (447488K) : Computing metal1 area and density...
2026-09-10 14:30:42 +0200: Memory Usage (447744K) : Executing rule M1.j
2026-09-10 14:30:42 +0200: Memory Usage (447744K) : Executing rule M1.k
2026-09-10 14:30:42 +0200: Memory Usage (447744K) : Computing metal2 area and density...
2026-09-10 14:30:42 +0200: Memory Usage (447872K) : Computing metal3 area and density...
2026-09-10 14:30:42 +0200: Memory Usage (447872K) : Computing metal4 area and density...
2026-09-10 14:30:42 +0200: Memory Usage (448000K) : Computing metal5 area and density...
2026-09-10 14:30:42 +0200: Memory Usage (448000K) : Executing rule M2.j
2026-09-10 14:30:42 +0200: Memory Usage (448000K) : Executing rule M2.k
2026-09-10 14:30:42 +0200: Memory Usage (448000K) : Executing rule M3.j
2026-09-10 14:30:42 +0200: Memory Usage (448000K) : Executing rule M3.k
2026-09-10 14:30:42 +0200: Memory Usage (448000K) : Executing rule M4.j
2026-09-10 14:30:42 +0200: Memory Usage (448000K) : Executing rule M4.k
2026-09-10 14:30:42 +0200: Memory Usage (448000K) : Executing rule M5.j
2026-09-10 14:30:42 +0200: Memory Usage (448000K) : Executing rule M5.k
2026-09-10 14:30:42 +0200: Memory Usage (448000K) : Executing rule M1Fil.h
2026-09-10 14:30:42 +0200: Memory Usage (448128K) : Executing rule M1Fil.k
2026-09-10 14:30:42 +0200: Memory Usage (448256K) : Executing rule M2Fil.h
2026-09-10 14:30:42 +0200: Memory Usage (448384K) : Executing rule M2Fil.k
2026-09-10 14:30:42 +0200: Memory Usage (448512K) : Executing rule M3Fil.h
2026-09-10 14:30:42 +0200: Memory Usage (448640K) : Executing rule M3Fil.k
2026-09-10 14:30:42 +0200: Memory Usage (448768K) : Executing rule M4Fil.h
2026-09-10 14:30:42 +0200: Memory Usage (448896K) : Executing rule M4Fil.k
2026-09-10 14:30:42 +0200: Memory Usage (449024K) : Executing rule M5Fil.h
2026-09-10 14:30:42 +0200: Memory Usage (449152K) : Executing rule M5Fil.k
2026-09-10 14:30:42 +0200: Memory Usage (449280K) : Computing TopMetal1 area and density...
2026-09-10 14:30:42 +0200: Memory Usage (449280K) : Executing rule TM1.c
2026-09-10 14:30:42 +0200: Memory Usage (449280K) : Executing rule TM1.d
2026-09-10 14:30:42 +0200: Memory Usage (449280K) : Computing TopMetal2 area and density...
2026-09-10 14:30:42 +0200: Memory Usage (449408K) : Executing rule TM2.c
2026-09-10 14:30:42 +0200: Memory Usage (449408K) : Executing rule TM2.d
2026-09-10 14:30:42 +0200: Memory Usage (449408K) : Computing LBE area and density...
2026-09-10 14:30:42 +0200: Memory Usage (449408K) : Executing rule LBE.i
2026-09-10 14:30:42 +0200: Memory Usage (449408K) : Executing rule Slt.i_M1
2026-09-10 14:30:42 +0200: Memory Usage (449920K) : Executing rule Slt.i_M2
2026-09-10 14:30:42 +0200: Memory Usage (450176K) : Executing rule Slt.i_M3
2026-09-10 14:30:42 +0200: Memory Usage (450432K) : Executing rule Slt.i_M4
2026-09-10 14:30:42 +0200: Memory Usage (450688K) : Executing rule Slt.i_M5
2026-09-10 14:30:42 +0200: Memory Usage (450944K) : Executing rule Slt.i_TM1
2026-09-10 14:30:42 +0200: Memory Usage (451328K) : Executing rule Slt.i_TM2
2026-09-10 14:30:42 +0200: Memory Usage (451584K) : ##################################################
2026-09-10 14:30:42 +0200: Memory Usage (451584K) :                  Density Report                 #
2026-09-10 14:30:42 +0200: Memory Usage (451584K) : ##################################################
2026-09-10 14:30:42 +0200: Memory Usage (451584K) : 
2026-09-10 14:30:42 +0200: Memory Usage (451584K) : Layer areas and percentages (units: um^2)
2026-09-10 14:30:42 +0200: Memory Usage (451584K) : --------------------------------------------------
2026-09-10 14:30:42 +0200: Memory Usage (451584K) : 
2026-09-10 14:30:42 +0200: Memory Usage (451584K) : Total Area     = 14673.57 um^2
2026-09-10 14:30:42 +0200: Memory Usage (451584K) : 
2026-09-10 14:30:42 +0200: Memory Usage (451584K) : Activ      Area      = 6550.16 µm²
2026-09-10 14:30:42 +0200: Memory Usage (451584K) : Activ      Density % = 44.64%  [Min = 35.00%,  Max = 55.00%]
2026-09-10 14:30:42 +0200: Memory Usage (451584K) : 
2026-09-10 14:30:42 +0200: Memory Usage (451584K) : GatPoly    Area      = 218.12 µm²
2026-09-10 14:30:42 +0200: Memory Usage (451584K) : GatPoly    Density % =  1.49%  [Min = 15.00%]
2026-09-10 14:30:42 +0200: Memory Usage (451584K) : 
2026-09-10 14:30:42 +0200: Memory Usage (451584K) : Metal1     Area      = 6276.31 µm²
2026-09-10 14:30:42 +0200: Memory Usage (451584K) : Metal1     Density % = 42.77%  [Min = 35.00%,  Max = 60.00%]
2026-09-10 14:30:42 +0200: Memory Usage (451584K) : 
2026-09-10 14:30:42 +0200: Memory Usage (451584K) : Metal2     Area      = 1054.50 µm²
2026-09-10 14:30:42 +0200: Memory Usage (451584K) : Metal2     Density % =  7.19%  [Min = 35.00%,  Max = 60.00%]
2026-09-10 14:30:42 +0200: Memory Usage (451584K) : 
2026-09-10 14:30:42 +0200: Memory Usage (451584K) : Metal3     Area      = 11893.40 µm²
2026-09-10 14:30:42 +0200: Memory Usage (451584K) : Metal3     Density % = 81.05%  [Min = 35.00%,  Max = 60.00%]
2026-09-10 14:30:42 +0200: Memory Usage (451584K) : 
2026-09-10 14:30:42 +0200: Memory Usage (451584K) : Metal4     Area      = 11872.40 µm²
2026-09-10 14:30:42 +0200: Memory Usage (451584K) : Metal4     Density % = 80.91%  [Min = 35.00%,  Max = 60.00%]
2026-09-10 14:30:42 +0200: Memory Usage (451584K) : 
2026-09-10 14:30:42 +0200: Memory Usage (451584K) : Metal5     Area      = 11890.00 µm²
2026-09-10 14:30:42 +0200: Memory Usage (451584K) : Metal5     Density % = 81.03%  [Min = 35.00%,  Max = 60.00%]
2026-09-10 14:30:42 +0200: Memory Usage (451584K) : 
2026-09-10 14:30:42 +0200: Memory Usage (451584K) : TopMetal1  Area      = 11890.00 µm²
2026-09-10 14:30:42 +0200: Memory Usage (451584K) : TopMetal1  Density % = 81.03%  [Min = 25.00%,  Max = 70.00%]
2026-09-10 14:30:42 +0200: Memory Usage (451584K) : 
2026-09-10 14:30:42 +0200: Memory Usage (451584K) : TopMetal2  Area      = 7810.00 µm²
2026-09-10 14:30:42 +0200: Memory Usage (451584K) : TopMetal2  Density % = 53.22%  [Min = 25.00%,  Max = 70.00%]
2026-09-10 14:30:42 +0200: Memory Usage (451584K) : 
2026-09-10 14:30:42 +0200: Memory Usage (451584K) : LBE        Area      =  0.00 µm²
2026-09-10 14:30:42 +0200: Memory Usage (451584K) : LBE        Density % =  0.00%  [Max = 20.00%]
2026-09-10 14:30:42 +0200: Memory Usage (451584K) : 
2026-09-10 14:30:42 +0200: Memory Usage (451584K) : KLayout DRC run for density table completed in 0.12 seconds
