# Logfile created on 2026-09-10 14:30:38 +0200 by logger.rb/v1.5.3
2026-09-10 14:30:38 +0200: Memory Usage (436832K) : Starting running IHP-SG13G2 Klayout DRC antenna runset on /work/runs/ihp-io-physical-20260910-001/geometry/sg13g2_IOPadInOut30mA.gds
2026-09-10 14:30:38 +0200: Memory Usage (436832K) : Ruby Version for klayout: 3.2.3
2026-09-10 14:30:38 +0200: Memory Usage (440332K) : Loading database to memory is complete.
2026-09-10 14:30:38 +0200: Memory Usage (440332K) : IHP-SG13G2 Klayout DRC antenna runset output at: /output/sg13g2_IOPadInOut30mA_sg13g2_IOPadInOut30mA_antenna.lyrdb
2026-09-10 14:30:38 +0200: Memory Usage (440332K) : Evaluate switches.
2026-09-10 14:30:38 +0200: Memory Usage (440332K) : KLayout will use 1 thread(s) in tiling mode.
2026-09-10 14:30:38 +0200: Memory Usage (440332K) : deep mode is enabled for antenna table.
2026-09-10 14:30:38 +0200: Memory Usage (440332K) : Read in polygons from layers.
2026-09-10 14:30:38 +0200: Memory Usage (441488K) : activ_drw has 113 polygons
2026-09-10 14:30:38 +0200: Memory Usage (441488K) : gatpoly_drw has 69 polygons
2026-09-10 14:30:38 +0200: Memory Usage (443024K) : cont_drw has 47016 polygons
2026-09-10 14:30:38 +0200: Memory Usage (443024K) : nsd_block has 0 polygons
2026-09-10 14:30:38 +0200: Memory Usage (443024K) : metal1_drw has 393 polygons
2026-09-10 14:30:38 +0200: Memory Usage (443024K) : metal2_drw has 113 polygons
2026-09-10 14:30:38 +0200: Memory Usage (443024K) : psd_drw has 46 polygons
2026-09-10 14:30:38 +0200: Memory Usage (443024K) : digisub_drw has 0 polygons
2026-09-10 14:30:38 +0200: Memory Usage (443024K) : via1_drw has 1923 polygons
2026-09-10 14:30:38 +0200: Memory Usage (443024K) : via2_drw has 1655 polygons
2026-09-10 14:30:38 +0200: Memory Usage (443024K) : metal3_drw has 27 polygons
2026-09-10 14:30:38 +0200: Memory Usage (443024K) : nwell_drw has 29 polygons
2026-09-10 14:30:38 +0200: Memory Usage (443024K) : nbulay_drw has 0 polygons
2026-09-10 14:30:38 +0200: Memory Usage (443024K) : pwell_block has 0 polygons
2026-09-10 14:30:38 +0200: Memory Usage (443024K) : via3_drw has 2087 polygons
2026-09-10 14:30:38 +0200: Memory Usage (443152K) : metal4_drw has 8 polygons
2026-09-10 14:30:38 +0200: Memory Usage (443152K) : via4_drw has 2371 polygons
2026-09-10 14:30:38 +0200: Memory Usage (443280K) : metal5_drw has 8 polygons
2026-09-10 14:30:38 +0200: Memory Usage (443280K) : recog_diode has 9 polygons
2026-09-10 14:30:38 +0200: Memory Usage (443280K) : recog_esd has 0 polygons
2026-09-10 14:30:38 +0200: Memory Usage (443408K) : topvia1_drw has 2315 polygons
2026-09-10 14:30:38 +0200: Memory Usage (443408K) : topmetal1_drw has 8 polygons
2026-09-10 14:30:38 +0200: Memory Usage (443536K) : topvia2_drw has 1593 polygons
2026-09-10 14:30:38 +0200: Memory Usage (443536K) : topmetal2_drw has 6 polygons
2026-09-10 14:30:38 +0200: Memory Usage (443984K) : text_drw has 29 polygons
2026-09-10 14:30:38 +0200: Memory Usage (443984K) : Total no. of polygons in the design is 59818
2026-09-10 14:30:38 +0200: Memory Usage (443984K) : Loaded TECH DRC rules values from /work/upstream/ihp-open-pdk/ihp-sg13g2/libs.tech/klayout/python/sg13g2_pycell_lib/sg13g2_tech_mod.json
2026-09-10 14:30:38 +0200: Memory Usage (443984K) : Loaded default DRC rules values from /work/upstream/ihp-open-pdk/ihp-sg13g2/libs.tech/klayout/tech/drc/rule_decks/sg13g2_tech_default.json
2026-09-10 14:30:38 +0200: Memory Usage (443984K) : The following rules values were missing in tech json and default values were used:
2026-09-10 14:30:38 +0200: Memory Usage (443984K) :   - NW_f1_digibnd
2026-09-10 14:30:38 +0200: Memory Usage (443984K) :   - Cnt_c_digibnd
2026-09-10 14:30:38 +0200: Memory Usage (443984K) :   - Cnt_c_sram
2026-09-10 14:30:38 +0200: Memory Usage (443984K) :   - Sdiod_b
2026-09-10 14:30:38 +0200: Memory Usage (443984K) :   - Sdiod_c
2026-09-10 14:30:38 +0200: Memory Usage (445200K) : Total area of the design is 14673.5688 um^2.
2026-09-10 14:30:38 +0200: Memory Usage (445200K) : The design dimensions are 81.24000000000001 µm * 180.62 µm.
2026-09-10 14:30:38 +0200: Memory Usage (445200K) : Starting general IHP-SG13G2 derivations.
2026-09-10 14:30:38 +0200: Memory Usage (448680K) : Starting IHP-SG13G2 DRC rules.
2026-09-10 14:30:38 +0200: Memory Usage (448680K) : Starting 7.1 Antenna Rules table
2026-09-10 14:30:38 +0200: Memory Usage (448808K) : Executing rule Ant.a
2026-09-10 14:30:39 +0200: Memory Usage (455768K) : Executing rule Ant.c
2026-09-10 14:30:39 +0200: Memory Usage (455768K) : Starting cumulative antenna ratio calculations
2026-09-10 14:30:39 +0200: Memory Usage (455768K) : Evaluating metal1_drw ratio
2026-09-10 14:30:39 +0200: Memory Usage (457304K) : Evaluating via1_drw ratio
2026-09-10 14:30:39 +0200: Memory Usage (457560K) : Evaluating metal2_drw ratio
2026-09-10 14:30:39 +0200: Memory Usage (457560K) : Evaluating via2_drw ratio
2026-09-10 14:30:39 +0200: Memory Usage (458328K) : Evaluating metal3_drw ratio
2026-09-10 14:30:39 +0200: Memory Usage (458328K) : Evaluating via3_drw ratio
2026-09-10 14:30:39 +0200: Memory Usage (458456K) : Evaluating metal4_drw ratio
2026-09-10 14:30:39 +0200: Memory Usage (458456K) : Evaluating via4_drw ratio
2026-09-10 14:30:40 +0200: Memory Usage (458456K) : Evaluating metal5_drw ratio
2026-09-10 14:30:40 +0200: Memory Usage (458456K) : Evaluating topvia1_drw ratio
2026-09-10 14:30:40 +0200: Memory Usage (458456K) : Evaluating topmetal1_drw ratio
2026-09-10 14:30:40 +0200: Memory Usage (458456K) : Evaluating topvia2_drw ratio
2026-09-10 14:30:41 +0200: Memory Usage (458456K) : Evaluating topmetal2_drw ratio
2026-09-10 14:30:41 +0200: Memory Usage (458456K) : Evaluating diode presence
2026-09-10 14:30:41 +0200: Memory Usage (458456K) : Creating base layer with all individual ratios and diode flag
2026-09-10 14:30:41 +0200: Memory Usage (458604K) : Executing rules Ant.b and Ant.e
2026-09-10 14:30:41 +0200: Memory Usage (458604K) : Executing Ant.b_Metal1
2026-09-10 14:30:41 +0200: Memory Usage (458604K) : Executing Ant.e_Metal1
2026-09-10 14:30:41 +0200: Memory Usage (458604K) : Evaluating cumulative ratio after Metal2
2026-09-10 14:30:41 +0200: Memory Usage (458604K) : Executing Ant.b_Metal2
2026-09-10 14:30:41 +0200: Memory Usage (458604K) : Executing Ant.e_Metal2
2026-09-10 14:30:41 +0200: Memory Usage (458604K) : Evaluating cumulative ratio after Metal3
2026-09-10 14:30:41 +0200: Memory Usage (458604K) : Executing Ant.b_Metal3
2026-09-10 14:30:41 +0200: Memory Usage (458604K) : Executing Ant.e_Metal3
2026-09-10 14:30:41 +0200: Memory Usage (458604K) : Evaluating cumulative ratio after Metal4
2026-09-10 14:30:41 +0200: Memory Usage (458604K) : Executing Ant.b_Metal4
2026-09-10 14:30:41 +0200: Memory Usage (458604K) : Executing Ant.e_Metal4
2026-09-10 14:30:41 +0200: Memory Usage (458604K) : Evaluating cumulative ratio after Metal5
2026-09-10 14:30:41 +0200: Memory Usage (458604K) : Executing Ant.b_Metal5
2026-09-10 14:30:41 +0200: Memory Usage (458604K) : Executing Ant.e_Metal5
2026-09-10 14:30:41 +0200: Memory Usage (458604K) : Evaluating cumulative ratio after TopMetal1
2026-09-10 14:30:41 +0200: Memory Usage (458604K) : Executing Ant.b_TopMetal1
2026-09-10 14:30:41 +0200: Memory Usage (458604K) : Executing Ant.e_TopMetal1
2026-09-10 14:30:41 +0200: Memory Usage (458604K) : Evaluating cumulative ratio after TopMetal2
2026-09-10 14:30:41 +0200: Memory Usage (458604K) : Executing Ant.b_TopMetal2
2026-09-10 14:30:41 +0200: Memory Usage (458604K) : Executing Ant.e_TopMetal2
2026-09-10 14:30:41 +0200: Memory Usage (458604K) : Executing rules Ant.d and Ant.f
2026-09-10 14:30:41 +0200: Memory Usage (458604K) : Evaluating cumulative ratio after Via1
2026-09-10 14:30:41 +0200: Memory Usage (458604K) : Executing Ant.d_Via1
2026-09-10 14:30:41 +0200: Memory Usage (458604K) : Executing Ant.f_Via1
2026-09-10 14:30:41 +0200: Memory Usage (458604K) : Evaluating cumulative ratio after Via2
2026-09-10 14:30:41 +0200: Memory Usage (458604K) : Executing Ant.d_Via2
2026-09-10 14:30:41 +0200: Memory Usage (458604K) : Executing Ant.f_Via2
2026-09-10 14:30:41 +0200: Memory Usage (458604K) : Evaluating cumulative ratio after Via3
2026-09-10 14:30:41 +0200: Memory Usage (458604K) : Executing Ant.d_Via3
2026-09-10 14:30:41 +0200: Memory Usage (458604K) : Executing Ant.f_Via3
2026-09-10 14:30:41 +0200: Memory Usage (458604K) : Evaluating cumulative ratio after Via4
2026-09-10 14:30:41 +0200: Memory Usage (458604K) : Executing Ant.d_Via4
2026-09-10 14:30:41 +0200: Memory Usage (458604K) : Executing Ant.f_Via4
2026-09-10 14:30:41 +0200: Memory Usage (458604K) : Evaluating cumulative ratio after TopVia1
2026-09-10 14:30:41 +0200: Memory Usage (458604K) : Executing Ant.d_TopVia1
2026-09-10 14:30:41 +0200: Memory Usage (458604K) : Executing Ant.f_TopVia1
2026-09-10 14:30:41 +0200: Memory Usage (458604K) : Evaluating cumulative ratio after TopVia2
2026-09-10 14:30:41 +0200: Memory Usage (458604K) : Executing Ant.d_TopVia2
2026-09-10 14:30:41 +0200: Memory Usage (458604K) : Executing Ant.f_TopVia2
2026-09-10 14:30:41 +0200: Memory Usage (458604K) : Executing rule Ant.g
2026-09-10 14:30:41 +0200: Memory Usage (458604K) : Executing rule Ant.h
2026-09-10 14:30:41 +0200: Memory Usage (458604K) : Executing rule Ant.i
