
==========================================================================
fresh_placed check_setup
--------------------------------------------------------------------------
1

==========================================================================
fresh_placed report_tns
--------------------------------------------------------------------------
tns max 0.00

==========================================================================
fresh_placed report_wns
--------------------------------------------------------------------------
wns max 0.00

==========================================================================
fresh_placed report_worst_slack
--------------------------------------------------------------------------
worst slack max 0.48

==========================================================================
fresh_placed report_checks -path_delay min
--------------------------------------------------------------------------
[WARNING STA-0168] unknown field nets.
Startpoint: i_croc_soc/i_rstgen.i_rstgen_bypass.synch_regs_q_3__reg
            (rising edge-triggered flip-flop clocked by clk_sys)
Endpoint: i_croc_soc/i_croc/i_uart/i_uart_rx.i_fifo_v3.mem_q_68__reg
          (removal check against rising-edge clock clk_sys)
Path Group: asynchronous
Path Type: min
Corner: ff

Fanout     Cap    Slew   Delay    Time   Description
-----------------------------------------------------------------------------
                  0.20    0.00    0.00   clock clk_sys (rise edge)
                          0.00    0.00   clock network delay (ideal)
                  0.20    0.00    0.00 ^ i_croc_soc/i_rstgen.i_rstgen_bypass.synch_regs_q_3__reg/CLK (sg13g2_dfrbpq_1)
     2    0.01    0.02    0.17    0.17 ^ i_croc_soc/i_rstgen.i_rstgen_bypass.synch_regs_q_3__reg/Q (sg13g2_dfrbpq_1)
                  0.02    0.00    0.17 ^ i_croc_soc/i_rstgen.i_rstgen_bypass.i_tc_clk_mux2_rst_no/i_mux/A0 (sg13g2_mux2_2)
     7    0.13    0.17    0.17    0.34 ^ i_croc_soc/i_rstgen.i_rstgen_bypass.i_tc_clk_mux2_rst_no/i_mux/X (sg13g2_mux2_2)
                  0.17    0.00    0.35 ^ place13257/A (sg13g2_buf_2)
     8    0.05    0.08    0.14    0.49 ^ place13257/X (sg13g2_buf_2)
                  0.08    0.00    0.49 ^ i_croc_soc/i_croc/i_uart/i_uart_rx.i_fifo_v3.mem_q_68__reg/RESET_B (sg13g2_dfrbpq_1)
                                  0.49   data arrival time

                  0.20    0.00    0.00   clock clk_sys (rise edge)
                          0.00    0.00   clock network delay (ideal)
                          0.10    0.10   clock uncertainty
                          0.00    0.10   clock reconvergence pessimism
                                  0.10 ^ i_croc_soc/i_croc/i_uart/i_uart_rx.i_fifo_v3.mem_q_68__reg/CLK (sg13g2_dfrbpq_1)
                         -0.06    0.04   library removal time
                                  0.04   data required time
-----------------------------------------------------------------------------
                                  0.04   data required time
                                 -0.49   data arrival time
-----------------------------------------------------------------------------
                                  0.45   slack (MET)


Startpoint: i_croc_soc/i_croc/i_dmi_jtag/i_dmi_cdc.i_cdc_resp/i_dst/i_sync/reg_q_1__reg
            (rising edge-triggered flip-flop clocked by clk_jtg)
Endpoint: i_croc_soc/i_croc/i_dmi_jtag/i_dmi_cdc.i_cdc_resp/i_dst/i_sync/serial_o_reg
          (rising edge-triggered flip-flop clocked by clk_jtg)
Path Group: clk_jtg
Path Type: min
Corner: ff

Fanout     Cap    Slew   Delay    Time   Description
-----------------------------------------------------------------------------
                  0.20    0.00    0.00   clock clk_jtg (rise edge)
                          0.00    0.00   clock network delay (ideal)
                  0.20    0.00    0.00 ^ i_croc_soc/i_croc/i_dmi_jtag/i_dmi_cdc.i_cdc_resp/i_dst/i_sync/reg_q_1__reg/CLK (sg13g2_dfrbpq_1)
     1    0.00    0.01    0.16    0.16 v i_croc_soc/i_croc/i_dmi_jtag/i_dmi_cdc.i_cdc_resp/i_dst/i_sync/reg_q_1__reg/Q (sg13g2_dfrbpq_1)
                  0.01    0.00    0.16 v i_croc_soc/i_croc/i_dmi_jtag/i_dmi_cdc.i_cdc_resp/i_dst/i_sync/serial_o_reg/D (sg13g2_dfrbpq_1)
                                  0.16   data arrival time

                  0.20    0.00    0.00   clock clk_jtg (rise edge)
                          0.00    0.00   clock network delay (ideal)
                          0.10    0.10   clock uncertainty
                          0.00    0.10   clock reconvergence pessimism
                                  0.10 ^ i_croc_soc/i_croc/i_dmi_jtag/i_dmi_cdc.i_cdc_resp/i_dst/i_sync/serial_o_reg/CLK (sg13g2_dfrbpq_1)
                          0.01    0.11   library hold time
                                  0.11   data required time
-----------------------------------------------------------------------------
                                  0.11   data required time
                                 -0.16   data arrival time
-----------------------------------------------------------------------------
                                  0.05   slack (MET)


Startpoint: i_croc_soc/i_croc/i_dm_top.i_dm_top/master_add_o[5]_reg
            (rising edge-triggered flip-flop clocked by clk_sys)
Endpoint: i_croc_soc/i_croc/gen_sram_bank[0].i_sram/gen_512x32xBx1.i_cut
          (rising edge-triggered flip-flop clocked by clk_sys)
Path Group: clk_sys
Path Type: min
Corner: ff

Fanout     Cap    Slew   Delay    Time   Description
-----------------------------------------------------------------------------
                  0.20    0.00    0.00   clock clk_sys (rise edge)
                          0.00    0.00   clock network delay (ideal)
                  0.20    0.00    0.00 ^ i_croc_soc/i_croc/i_dm_top.i_dm_top/master_add_o[5]_reg/CLK (sg13g2_dfrbpq_1)
     5    0.04    0.09    0.22    0.22 v i_croc_soc/i_croc/i_dm_top.i_dm_top/master_add_o[5]_reg/Q (sg13g2_dfrbpq_1)
                  0.09    0.00    0.22 v i_croc_soc/i_croc/_5468_/A (sg13g2_nand3_1)
     1    0.00    0.03    0.04    0.26 ^ i_croc_soc/i_croc/_5468_/Y (sg13g2_nand3_1)
                  0.03    0.00    0.26 ^ i_croc_soc/i_croc/_5469_/C (sg13g2_nand3_1)
     1    0.00    0.04    0.05    0.32 v i_croc_soc/i_croc/_5469_/Y (sg13g2_nand3_1)
                  0.04    0.00    0.32 v i_croc_soc/i_croc/_5470_/B (sg13g2_and2_1)
     1    0.04    0.10    0.12    0.43 v i_croc_soc/i_croc/_5470_/X (sg13g2_and2_1)
                  0.13    0.01    0.44 v i_croc_soc/i_croc/gen_sram_bank[0].i_sram/gen_512x32xBx1.i_cut/A_ADDR[3] (RM_IHPSG13_1P_512x32_c2_bm_bist)
                                  0.44   data arrival time

                  0.20    0.00    0.00   clock clk_sys (rise edge)
                          0.00    0.00   clock network delay (ideal)
                          0.10    0.10   clock uncertainty
                          0.00    0.10   clock reconvergence pessimism
                                  0.10 ^ i_croc_soc/i_croc/gen_sram_bank[0].i_sram/gen_512x32xBx1.i_cut/A_CLK (RM_IHPSG13_1P_512x32_c2_bm_bist)
                          0.34    0.44   library hold time
                                  0.44   data required time
-----------------------------------------------------------------------------
                                  0.44   data required time
                                 -0.44   data arrival time
-----------------------------------------------------------------------------
                                 -0.01   slack (VIOLATED)



==========================================================================
fresh_placed report_checks -path_delay max
--------------------------------------------------------------------------
[WARNING STA-0168] unknown field nets.
Startpoint: i_croc_soc/i_rstgen.i_rstgen_bypass.synch_regs_q_3__reg
            (rising edge-triggered flip-flop clocked by clk_sys)
Endpoint: i_croc_soc/i_croc/i_gpio/gen_gpios[31].i_sync/reg_q_0__reg
          (recovery check against rising-edge clock clk_sys)
Path Group: asynchronous
Path Type: max
Corner: tt

Fanout     Cap    Slew   Delay    Time   Description
-----------------------------------------------------------------------------
                  0.20    0.00    0.00   clock clk_sys (rise edge)
                          0.00    0.00   clock network delay (ideal)
                  0.20    0.00    0.00 ^ i_croc_soc/i_rstgen.i_rstgen_bypass.synch_regs_q_3__reg/CLK (sg13g2_dfrbpq_1)
     2    0.01    0.04    0.24    0.24 ^ i_croc_soc/i_rstgen.i_rstgen_bypass.synch_regs_q_3__reg/Q (sg13g2_dfrbpq_1)
                  0.04    0.00    0.24 ^ i_croc_soc/i_rstgen.i_rstgen_bypass.i_tc_clk_mux2_rst_no/i_mux/A0 (sg13g2_mux2_2)
     7    0.13    0.27    0.28    0.52 ^ i_croc_soc/i_rstgen.i_rstgen_bypass.i_tc_clk_mux2_rst_no/i_mux/X (sg13g2_mux2_2)
                  0.27    0.02    0.54 ^ place13422/A (sg13g2_buf_1)
     6    0.05    0.23    0.28    0.82 ^ place13422/X (sg13g2_buf_1)
                  0.23    0.00    0.82 ^ place13428/A (sg13g2_buf_1)
     7    0.06    0.24    0.27    1.09 ^ place13428/X (sg13g2_buf_1)
                  0.24    0.01    1.10 ^ place13513/A (sg13g2_buf_1)
     8    0.04    0.19    0.24    1.34 ^ place13513/X (sg13g2_buf_1)
                  0.19    0.00    1.34 ^ place13514/A (sg13g2_buf_1)
     8    0.05    0.22    0.25    1.60 ^ place13514/X (sg13g2_buf_1)
                  0.22    0.00    1.60 ^ place13518/A (sg13g2_buf_1)
     7    0.04    0.18    0.24    1.83 ^ place13518/X (sg13g2_buf_1)
                  0.18    0.00    1.83 ^ place13521/A (sg13g2_buf_1)
     7    0.04    0.16    0.22    2.05 ^ place13521/X (sg13g2_buf_1)
                  0.16    0.00    2.05 ^ place13527/A (sg13g2_buf_1)
     7    0.04    0.18    0.22    2.27 ^ place13527/X (sg13g2_buf_1)
                  0.18    0.00    2.27 ^ place13528/A (sg13g2_buf_1)
     7    0.05    0.19    0.23    2.50 ^ place13528/X (sg13g2_buf_1)
                  0.19    0.00    2.50 ^ place13529/A (sg13g2_buf_1)
     8    0.05    0.23    0.26    2.77 ^ place13529/X (sg13g2_buf_1)
                  0.23    0.00    2.77 ^ i_croc_soc/i_croc/i_gpio/gen_gpios[31].i_sync/reg_q_0__reg/RESET_B (sg13g2_dfrbpq_1)
                                  2.77   data arrival time

                  0.20   10.00   10.00   clock clk_sys (rise edge)
                          0.00   10.00   clock network delay (ideal)
                         -0.10    9.90   clock uncertainty
                          0.00    9.90   clock reconvergence pessimism
                                  9.90 ^ i_croc_soc/i_croc/i_gpio/gen_gpios[31].i_sync/reg_q_0__reg/CLK (sg13g2_dfrbpq_1)
                         -0.16    9.74   library recovery time
                                  9.74   data required time
-----------------------------------------------------------------------------
                                  9.74   data required time
                                 -2.77   data arrival time
-----------------------------------------------------------------------------
                                  6.98   slack (MET)


Startpoint: i_croc_soc/i_croc/i_dmi_jtag/i_dmi_cdc.i_cdc_req/i_dst/async_ack_o_reg
            (rising edge-triggered flip-flop clocked by clk_sys)
Endpoint: i_croc_soc/i_croc/i_dm_top.i_dm_top/i_dm_csrs.progbuf_o_24__reg
          (rising edge-triggered flip-flop clocked by clk_sys)
Path Group: path delay
Path Type: max
Corner: tt

Fanout     Cap    Slew   Delay    Time   Description
-----------------------------------------------------------------------------
                  0.20    0.00    0.00 ^ i_croc_soc/i_croc/i_dmi_jtag/i_dmi_cdc.i_cdc_req/i_dst/async_ack_o_reg/CLK (sg13g2_dfrbpq_1)
     6    0.03    0.11    0.30    0.30 ^ i_croc_soc/i_croc/i_dmi_jtag/i_dmi_cdc.i_cdc_req/i_dst/async_ack_o_reg/Q (sg13g2_dfrbpq_1)
                  0.11    0.00    0.30 ^ i_croc_soc/i_croc/i_dmi_jtag/i_dmi_cdc.i_cdc_req/i_dst/_155_/A (sg13g2_xor2_1)
     1    0.00    0.06    0.12    0.42 ^ i_croc_soc/i_croc/i_dmi_jtag/i_dmi_cdc.i_cdc_req/i_dst/_155_/X (sg13g2_xor2_1)
                  0.06    0.00    0.42 ^ i_croc_soc/i_croc/i_dmi_jtag/i_dmi_cdc.i_cdc_req/_1_/B_N (sg13g2_nor2b_1)
     7    0.02    0.22    0.23    0.65 ^ i_croc_soc/i_croc/i_dmi_jtag/i_dmi_cdc.i_cdc_req/_1_/Y (sg13g2_nor2b_1)
                  0.22    0.00    0.65 ^ i_croc_soc/i_croc/i_dm_top.i_dm_top/_4399_/A (sg13g2_and2_1)
     7    0.06    0.26    0.30    0.95 ^ i_croc_soc/i_croc/i_dm_top.i_dm_top/_4399_/X (sg13g2_and2_1)
                  0.26    0.01    0.96 ^ i_croc_soc/i_croc/i_dm_top.i_dm_top/_4400_/B (sg13g2_nand2_1)
     5    0.03    0.19    0.24    1.20 v i_croc_soc/i_croc/i_dm_top.i_dm_top/_4400_/Y (sg13g2_nand2_1)
                  0.19    0.00    1.20 v i_croc_soc/i_croc/i_dm_top.i_dm_top/_4411_/A (sg13g2_nor2_1)
     2    0.01    0.11    0.12    1.32 ^ i_croc_soc/i_croc/i_dm_top.i_dm_top/_4411_/Y (sg13g2_nor2_1)
                  0.11    0.00    1.32 ^ i_croc_soc/i_croc/i_dm_top.i_dm_top/_6103_/A1 (sg13g2_a21o_1)
     8    0.04    0.15    0.22    1.54 ^ i_croc_soc/i_croc/i_dm_top.i_dm_top/_6103_/X (sg13g2_a21o_1)
                  0.15    0.00    1.54 ^ i_croc_soc/i_croc/i_dm_top.i_dm_top/_6105_/B1 (sg13g2_o21ai_1)
     5    0.05    0.31    0.31    1.85 v i_croc_soc/i_croc/i_dm_top.i_dm_top/_6105_/Y (sg13g2_o21ai_1)
                  0.31    0.00    1.85 v place12096/A (sg13g2_buf_1)
     8    0.03    0.10    0.21    2.06 v place12096/X (sg13g2_buf_1)
                  0.10    0.00    2.06 v place12097/A (sg13g2_buf_2)
     8    0.03    0.06    0.14    2.20 v place12097/X (sg13g2_buf_2)
                  0.06    0.00    2.20 v i_croc_soc/i_croc/i_dm_top.i_dm_top/_6690_/A1 (sg13g2_o21ai_1)
     1    0.00    0.07    0.09    2.29 ^ i_croc_soc/i_croc/i_dm_top.i_dm_top/_6690_/Y (sg13g2_o21ai_1)
                  0.07    0.00    2.29 ^ i_croc_soc/i_croc/i_dm_top.i_dm_top/i_dm_csrs.progbuf_o_24__reg/D (sg13g2_dfrbpq_1)
                                  2.29   data arrival time

                          3.00    3.00   max_delay
                         -0.10    2.90   library setup time
                                  2.90   data required time
-----------------------------------------------------------------------------
                                  2.90   data required time
                                 -2.29   data arrival time
-----------------------------------------------------------------------------
                                  0.61   slack (MET)


Startpoint: i_croc_soc/i_croc/i_dmi_jtag/td_o_reg
            (rising edge-triggered flip-flop clocked by clk_jtg')
Endpoint: jtag_tdo_o (output port clocked by clk_jtg)
Path Group: clk_jtg
Path Type: max
Corner: tt

Fanout     Cap    Slew   Delay    Time   Description
-----------------------------------------------------------------------------
                  0.20   12.50   12.50   clock clk_jtg' (rise edge)
                          0.00   12.50   clock network delay (ideal)
                  0.20    0.00   12.50 ^ i_croc_soc/i_croc/i_dmi_jtag/td_o_reg/CLK (sg13g2_dfrbpq_1)
     1    0.06    0.25    0.39   12.89 ^ i_croc_soc/i_croc/i_dmi_jtag/td_o_reg/Q (sg13g2_dfrbpq_1)
                  0.33    0.01   12.90 ^ pad_jtag_tdo_o/c2p (sg13g2_IOPadOut16mA)
     2   15.00    3.55    3.25   16.15 ^ pad_jtag_tdo_o/pad (sg13g2_IOPadOut16mA)
                  0.00    0.00   16.15 ^ jtag_tdo_o (out)
                                 16.15   data arrival time

                  0.20   25.00   25.00   clock clk_jtg (rise edge)
                          0.00   25.00   clock network delay (ideal)
                         -0.10   24.90   clock uncertainty
                          0.00   24.90   clock reconvergence pessimism
                         -5.00   19.90   output external delay
                                 19.90   data required time
-----------------------------------------------------------------------------
                                 19.90   data required time
                                -16.15   data arrival time
-----------------------------------------------------------------------------
                                  3.75   slack (MET)


Startpoint: i_croc_soc/i_croc/i_core_wrap/i_core.id_stage_i.controller_i.instr_i_15__reg
            (rising edge-triggered flip-flop clocked by clk_sys)
Endpoint: i_croc_soc/i_croc/i_core_wrap/i_core.crash_dump_o_54__reg
          (rising edge-triggered flip-flop clocked by clk_sys)
Path Group: clk_sys
Path Type: max
Corner: tt

Fanout     Cap    Slew   Delay    Time   Description
-----------------------------------------------------------------------------
                  0.20    0.00    0.00   clock clk_sys (rise edge)
                          0.00    0.00   clock network delay (ideal)
                  0.20    0.00    0.00 ^ i_croc_soc/i_croc/i_core_wrap/i_core.id_stage_i.controller_i.instr_i_15__reg/CLK (sg13g2_dfrbpq_1)
     8    0.09    0.38    0.48    0.48 ^ i_croc_soc/i_croc/i_core_wrap/i_core.id_stage_i.controller_i.instr_i_15__reg/Q (sg13g2_dfrbpq_1)
                  0.38    0.00    0.49 ^ place14628/A (sg13g2_buf_8)
     7    0.04    0.05    0.18    0.66 ^ place14628/X (sg13g2_buf_8)
                  0.05    0.00    0.66 ^ place14629/A (sg13g2_buf_1)
     5    0.04    0.16    0.17    0.83 ^ place14629/X (sg13g2_buf_1)
                  0.16    0.00    0.84 ^ place14630/A (sg13g2_buf_1)
     6    0.04    0.15    0.20    1.04 ^ place14630/X (sg13g2_buf_1)
                  0.15    0.00    1.04 ^ place14631/A (sg13g2_buf_2)
     7    0.05    0.10    0.18    1.22 ^ place14631/X (sg13g2_buf_2)
                  0.10    0.00    1.22 ^ i_croc_soc/i_croc/i_core_wrap/i_core.register_file_i/_3168_/S (sg13g2_mux2_1)
     1    0.00    0.04    0.18    1.41 v i_croc_soc/i_croc/i_core_wrap/i_core.register_file_i/_3168_/X (sg13g2_mux2_1)
                  0.04    0.00    1.41 v i_croc_soc/i_croc/i_core_wrap/i_core.register_file_i/_3170_/A2 (sg13g2_a22oi_1)
     1    0.00    0.08    0.09    1.50 ^ i_croc_soc/i_croc/i_core_wrap/i_core.register_file_i/_3170_/Y (sg13g2_a22oi_1)
                  0.08    0.00    1.50 ^ i_croc_soc/i_croc/i_core_wrap/i_core.register_file_i/_3171_/A2 (sg13g2_a21o_1)
     1    0.00    0.03    0.12    1.62 ^ i_croc_soc/i_croc/i_core_wrap/i_core.register_file_i/_3171_/X (sg13g2_a21o_1)
                  0.03    0.00    1.62 ^ i_croc_soc/i_croc/i_core_wrap/i_core.register_file_i/_3189_/D (sg13g2_nand4_1)
     1    0.02    0.28    0.25    1.87 v i_croc_soc/i_croc/i_core_wrap/i_core.register_file_i/_3189_/Y (sg13g2_nand4_1)
                  0.28    0.00    1.87 v i_croc_soc/i_croc/i_core_wrap/_5535_/A (sg13g2_nand2_1)
     1    0.01    0.07    0.09    1.96 ^ i_croc_soc/i_croc/i_core_wrap/_5535_/Y (sg13g2_nand2_1)
                  0.07    0.00    1.96 ^ i_croc_soc/i_croc/i_core_wrap/_5537_/A2 (sg13g2_o21ai_1)
     1    0.00    0.06    0.07    2.03 v i_croc_soc/i_croc/i_core_wrap/_5537_/Y (sg13g2_o21ai_1)
                  0.06    0.00    2.03 v i_croc_soc/i_croc/i_core_wrap/_5539_/A2 (sg13g2_a21oi_1)
     1    0.01    0.07    0.09    2.12 ^ i_croc_soc/i_croc/i_core_wrap/_5539_/Y (sg13g2_a21oi_1)
                  0.07    0.00    2.12 ^ i_croc_soc/i_croc/i_core_wrap/_5541_/A1 (sg13g2_o21ai_1)
     2    0.01    0.10    0.12    2.24 v i_croc_soc/i_croc/i_core_wrap/_5541_/Y (sg13g2_o21ai_1)
                  0.10    0.00    2.24 v place12309/A (sg13g2_buf_1)
     5    0.02    0.06    0.13    2.36 v place12309/X (sg13g2_buf_1)
                  0.06    0.00    2.36 v place12310/A (sg13g2_buf_1)
     6    0.03    0.11    0.15    2.51 v place12310/X (sg13g2_buf_1)
                  0.11    0.00    2.51 v i_croc_soc/i_croc/i_core_wrap/_5627_/B (sg13g2_nand2b_1)
     1    0.00    0.05    0.07    2.58 ^ i_croc_soc/i_croc/i_core_wrap/_5627_/Y (sg13g2_nand2b_1)
                  0.05    0.00    2.58 ^ i_croc_soc/i_croc/i_core_wrap/_5628_/B1 (sg13g2_o21ai_1)
     1    0.01    0.06    0.06    2.64 v i_croc_soc/i_croc/i_core_wrap/_5628_/Y (sg13g2_o21ai_1)
                  0.06    0.00    2.64 v i_croc_soc/i_croc/i_core_wrap/_5633_/B1 (sg13g2_a221oi_1)
     4    0.02    0.30    0.28    2.92 ^ i_croc_soc/i_croc/i_core_wrap/_5633_/Y (sg13g2_a221oi_1)
                  0.30    0.00    2.92 ^ i_croc_soc/i_croc/i_core_wrap/_5634_/B (sg13g2_nor2_1)
     2    0.01    0.08    0.10    3.02 v i_croc_soc/i_croc/i_core_wrap/_5634_/Y (sg13g2_nor2_1)
                  0.08    0.00    3.02 v i_croc_soc/i_croc/i_core_wrap/_5638_/A (sg13g2_nand2_1)
     1    0.01    0.05    0.06    3.08 ^ i_croc_soc/i_croc/i_core_wrap/_5638_/Y (sg13g2_nand2_1)
                  0.05    0.00    3.08 ^ i_croc_soc/i_croc/i_core_wrap/_5639_/B1 (sg13g2_o21ai_1)
     1    0.01    0.06    0.06    3.14 v i_croc_soc/i_croc/i_core_wrap/_5639_/Y (sg13g2_o21ai_1)
                  0.06    0.00    3.14 v i_croc_soc/i_croc/i_core_wrap/_5640_/B1 (sg13g2_a21o_1)
     2    0.02    0.07    0.15    3.29 v i_croc_soc/i_croc/i_core_wrap/_5640_/X (sg13g2_a21o_1)
                  0.07    0.00    3.29 v i_croc_soc/i_croc/i_core_wrap/_5700_/A1 (sg13g2_o21ai_1)
     2    0.01    0.17    0.17    3.46 ^ i_croc_soc/i_croc/i_core_wrap/_5700_/Y (sg13g2_o21ai_1)
                  0.17    0.00    3.46 ^ i_croc_soc/i_croc/i_core_wrap/_5884_/B (sg13g2_nand2_2)
     5    0.03    0.14    0.15    3.60 v i_croc_soc/i_croc/i_core_wrap/_5884_/Y (sg13g2_nand2_2)
                  0.14    0.00    3.60 v i_croc_soc/i_croc/i_core_wrap/_5885_/A2 (sg13g2_a21o_1)
     1    0.00    0.03    0.15    3.76 v i_croc_soc/i_croc/i_core_wrap/_5885_/X (sg13g2_a21o_1)
                  0.03    0.00    3.76 v i_croc_soc/i_croc/i_core_wrap/_5887_/A2 (sg13g2_a221oi_1)
     1    0.00    0.13    0.15    3.91 ^ i_croc_soc/i_croc/i_core_wrap/_5887_/Y (sg13g2_a221oi_1)
                  0.13    0.00    3.91 ^ i_croc_soc/i_croc/i_core_wrap/_5888_/B1 (sg13g2_a21oi_1)
     1    0.01    0.09    0.08    3.98 v i_croc_soc/i_croc/i_core_wrap/_5888_/Y (sg13g2_a21oi_1)
                  0.09    0.00    3.98 v i_croc_soc/i_croc/i_core_wrap/_5889_/A (sg13g2_xnor2_1)
     2    0.01    0.08    0.14    4.12 v i_croc_soc/i_croc/i_core_wrap/_5889_/Y (sg13g2_xnor2_1)
                  0.08    0.00    4.12 v i_croc_soc/i_croc/i_core_wrap/_6973_/A1 (sg13g2_a221oi_1)
     1    0.01    0.14    0.17    4.29 ^ i_croc_soc/i_croc/i_core_wrap/_6973_/Y (sg13g2_a221oi_1)
                  0.14    0.00    4.29 ^ i_croc_soc/i_croc/i_core_wrap/_6975_/A2 (sg13g2_a21o_1)
     2    0.01    0.07    0.17    4.46 ^ i_croc_soc/i_croc/i_core_wrap/_6975_/X (sg13g2_a21o_1)
                  0.07    0.00    4.46 ^ i_croc_soc/i_croc/i_core_wrap/_8174_/A1 (sg13g2_mux2_2)
     6    0.03    0.07    0.15    4.62 ^ i_croc_soc/i_croc/i_core_wrap/_8174_/X (sg13g2_mux2_2)
                  0.07    0.00    4.62 ^ i_croc_soc/i_croc/i_core_wrap/_8469_/A1 (sg13g2_a21oi_2)
     3    0.04    0.15    0.15    4.76 v i_croc_soc/i_croc/i_core_wrap/_8469_/Y (sg13g2_a21oi_2)
                  0.15    0.00    4.77 v i_croc_soc/i_croc/_3664_/B (sg13g2_nor2_2)
     4    0.02    0.10    0.12    4.89 ^ i_croc_soc/i_croc/_3664_/Y (sg13g2_nor2_2)
                  0.10    0.00    4.89 ^ i_croc_soc/i_croc/_3669_/C (sg13g2_nand4_1)
     1    0.00    0.09    0.13    5.02 v i_croc_soc/i_croc/_3669_/Y (sg13g2_nand4_1)
                  0.09    0.00    5.02 v place11396/A (sg13g2_buf_1)
     3    0.02    0.06    0.12    5.14 v place11396/X (sg13g2_buf_1)
                  0.06    0.00    5.14 v i_croc_soc/i_croc/_3670_/B (sg13g2_nor3_2)
     2    0.01    0.12    0.12    5.26 ^ i_croc_soc/i_croc/_3670_/Y (sg13g2_nor3_2)
                  0.12    0.00    5.26 ^ i_croc_soc/i_croc/_3671_/B (sg13g2_xnor2_1)
     1    0.00    0.08    0.11    5.37 ^ i_croc_soc/i_croc/_3671_/Y (sg13g2_xnor2_1)
                  0.08    0.00    5.37 ^ i_croc_soc/i_croc/_3691_/B (sg13g2_nand4_1)
     2    0.01    0.12    0.14    5.52 v i_croc_soc/i_croc/_3691_/Y (sg13g2_nand4_1)
                  0.12    0.00    5.52 v i_croc_soc/i_croc/_3716_/B (sg13g2_nand3_1)
     3    0.01    0.10    0.11    5.63 ^ i_croc_soc/i_croc/_3716_/Y (sg13g2_nand3_1)
                  0.10    0.00    5.63 ^ i_croc_soc/i_croc/_3839_/A (sg13g2_nand2_2)
     5    0.02    0.09    0.11    5.73 v i_croc_soc/i_croc/_3839_/Y (sg13g2_nand2_2)
                  0.09    0.00    5.73 v i_croc_soc/i_croc/_3840_/C (sg13g2_nor3_2)
     7    0.03    0.23    0.21    5.94 ^ i_croc_soc/i_croc/_3840_/Y (sg13g2_nor3_2)
                  0.23    0.00    5.94 ^ place11223/A (sg13g2_buf_1)
     7    0.03    0.12    0.19    6.14 ^ place11223/X (sg13g2_buf_1)
                  0.12    0.00    6.14 ^ i_croc_soc/i_croc/_3867_/B (sg13g2_nand3_1)
     3    0.01    0.14    0.15    6.28 v i_croc_soc/i_croc/_3867_/Y (sg13g2_nand3_1)
                  0.14    0.00    6.28 v i_croc_soc/i_croc/_3983_/C (sg13g2_nand3_1)
     3    0.01    0.09    0.12    6.40 ^ i_croc_soc/i_croc/_3983_/Y (sg13g2_nand3_1)
                  0.09    0.00    6.40 ^ i_croc_soc/i_croc/_4043_/B2 (sg13g2_a221oi_1)
     1    0.00    0.07    0.09    6.49 v i_croc_soc/i_croc/_4043_/Y (sg13g2_a221oi_1)
                  0.07    0.00    6.49 v i_croc_soc/i_croc/_4044_/C (sg13g2_or3_1)
     1    0.00    0.04    0.14    6.63 v i_croc_soc/i_croc/_4044_/X (sg13g2_or3_1)
                  0.04    0.00    6.63 v i_croc_soc/i_croc/_4045_/C1 (sg13g2_a221oi_1)
     2    0.01    0.19    0.13    6.77 ^ i_croc_soc/i_croc/_4045_/Y (sg13g2_a221oi_1)
                  0.19    0.00    6.77 ^ i_croc_soc/i_croc/_4046_/B (sg13g2_xnor2_1)
     1    0.01    0.10    0.14    6.90 ^ i_croc_soc/i_croc/_4046_/Y (sg13g2_xnor2_1)
                  0.10    0.00    6.90 ^ i_croc_soc/i_croc/_4047_/C (sg13g2_nand3_1)
     2    0.01    0.09    0.13    7.03 v i_croc_soc/i_croc/_4047_/Y (sg13g2_nand3_1)
                  0.09    0.00    7.03 v i_croc_soc/i_croc/_4048_/B (sg13g2_or2_1)
     1    0.01    0.04    0.13    7.16 v i_croc_soc/i_croc/_4048_/X (sg13g2_or2_1)
                  0.04    0.00    7.16 v i_croc_soc/i_croc/_4054_/A2 (sg13g2_o21ai_1)
     2    0.01    0.12    0.12    7.28 ^ i_croc_soc/i_croc/_4054_/Y (sg13g2_o21ai_1)
                  0.12    0.00    7.28 ^ i_croc_soc/i_croc/_4822_/A (sg13g2_nand2_1)
     2    0.01    0.07    0.09    7.37 v i_croc_soc/i_croc/_4822_/Y (sg13g2_nand2_1)
                  0.07    0.00    7.37 v i_croc_soc/i_croc/_4823_/A (sg13g2_or2_1)
     2    0.01    0.05    0.14    7.50 v i_croc_soc/i_croc/_4823_/X (sg13g2_or2_1)
                  0.05    0.00    7.50 v i_croc_soc/i_croc/_4826_/B (sg13g2_nor2_2)
     2    0.01    0.07    0.06    7.56 ^ i_croc_soc/i_croc/_4826_/Y (sg13g2_nor2_2)
                  0.07    0.00    7.56 ^ i_croc_soc/i_croc/_5986_/A (sg13g2_inv_1)
     1    0.00    0.03    0.04    7.60 v i_croc_soc/i_croc/_5986_/Y (sg13g2_inv_1)
                  0.03    0.00    7.60 v i_croc_soc/i_croc/_5990_/A0 (sg13g2_mux4_1)
     1    0.00    0.04    0.17    7.78 v i_croc_soc/i_croc/_5990_/X (sg13g2_mux4_1)
                  0.04    0.00    7.78 v i_croc_soc/i_croc/_6002_/A1 (sg13g2_a221oi_1)
     2    0.01    0.16    0.17    7.95 ^ i_croc_soc/i_croc/_6002_/Y (sg13g2_a221oi_1)
                  0.16    0.00    7.95 ^ i_croc_soc/i_croc/_6003_/A (sg13g2_and4_2)
     2    0.02    0.07    0.23    8.18 ^ i_croc_soc/i_croc/_6003_/X (sg13g2_and4_2)
                  0.07    0.00    8.18 ^ i_croc_soc/i_croc/_6519_/B1 (sg13g2_a22oi_1)
     2    0.01    0.09    0.10    8.28 v i_croc_soc/i_croc/_6519_/Y (sg13g2_a22oi_1)
                  0.09    0.00    8.28 v i_croc_soc/i_croc/_6529_/A (sg13g2_nor2_2)
     3    0.03    0.14    0.14    8.42 ^ i_croc_soc/i_croc/_6529_/Y (sg13g2_nor2_2)
                  0.14    0.00    8.42 ^ i_croc_soc/i_croc/i_core_wrap/_6459_/A (sg13g2_inv_1)
     1    0.01    0.05    0.07    8.49 v i_croc_soc/i_croc/i_core_wrap/_6459_/Y (sg13g2_inv_1)
                  0.05    0.00    8.49 v i_croc_soc/i_croc/i_core_wrap/_6461_/B (sg13g2_nor3_1)
     1    0.00    0.10    0.10    8.59 ^ i_croc_soc/i_croc/i_core_wrap/_6461_/Y (sg13g2_nor3_1)
                  0.10    0.00    8.59 ^ i_croc_soc/i_croc/i_core_wrap/_6462_/B (sg13g2_or2_1)
     1    0.00    0.03    0.10    8.69 ^ i_croc_soc/i_croc/i_core_wrap/_6462_/X (sg13g2_or2_1)
                  0.03    0.00    8.69 ^ i_croc_soc/i_croc/i_core_wrap/_6470_/A1 (sg13g2_a221oi_1)
     1    0.01    0.09    0.08    8.77 v i_croc_soc/i_croc/i_core_wrap/_6470_/Y (sg13g2_a221oi_1)
                  0.09    0.00    8.77 v i_croc_soc/i_croc/i_core_wrap/_6471_/B1 (sg13g2_a21oi_1)
     1    0.02    0.15    0.16    8.93 ^ i_croc_soc/i_croc/i_core_wrap/_6471_/Y (sg13g2_a21oi_1)
                  0.15    0.00    8.93 ^ place10516/A (sg13g2_buf_8)
     8    0.07    0.05    0.14    9.07 ^ place10516/X (sg13g2_buf_8)
                  0.05    0.00    9.07 ^ place10518/A (sg13g2_buf_4)
     7    0.04    0.05    0.12    9.19 ^ place10518/X (sg13g2_buf_4)
                  0.05    0.00    9.19 ^ i_croc_soc/i_croc/i_core_wrap/_6504_/S (sg13g2_mux2_1)
     1    0.00    0.04    0.16    9.34 v i_croc_soc/i_croc/i_core_wrap/_6504_/X (sg13g2_mux2_1)
                  0.04    0.00    9.34 v i_croc_soc/i_croc/i_core_wrap/i_core.crash_dump_o_54__reg/D (sg13g2_dfrbpq_1)
                                  9.34   data arrival time

                  0.20   10.00   10.00   clock clk_sys (rise edge)
                          0.00   10.00   clock network delay (ideal)
                         -0.10    9.90   clock uncertainty
                          0.00    9.90   clock reconvergence pessimism
                                  9.90 ^ i_croc_soc/i_croc/i_core_wrap/i_core.crash_dump_o_54__reg/CLK (sg13g2_dfrbpq_1)
                         -0.07    9.83   library setup time
                                  9.83   data required time
-----------------------------------------------------------------------------
                                  9.83   data required time
                                 -9.34   data arrival time
-----------------------------------------------------------------------------
                                  0.48   slack (MET)



==========================================================================
fresh_placed report_checks -unconstrained
--------------------------------------------------------------------------
[WARNING STA-0168] unknown field nets.
Startpoint: i_croc_soc/i_rstgen.i_rstgen_bypass.synch_regs_q_3__reg
            (rising edge-triggered flip-flop clocked by clk_sys)
Endpoint: i_croc_soc/i_croc/i_gpio/gen_gpios[31].i_sync/reg_q_0__reg
          (recovery check against rising-edge clock clk_sys)
Path Group: asynchronous
Path Type: max
Corner: tt

Fanout     Cap    Slew   Delay    Time   Description
-----------------------------------------------------------------------------
                  0.20    0.00    0.00   clock clk_sys (rise edge)
                          0.00    0.00   clock network delay (ideal)
                  0.20    0.00    0.00 ^ i_croc_soc/i_rstgen.i_rstgen_bypass.synch_regs_q_3__reg/CLK (sg13g2_dfrbpq_1)
     2    0.01    0.04    0.24    0.24 ^ i_croc_soc/i_rstgen.i_rstgen_bypass.synch_regs_q_3__reg/Q (sg13g2_dfrbpq_1)
                  0.04    0.00    0.24 ^ i_croc_soc/i_rstgen.i_rstgen_bypass.i_tc_clk_mux2_rst_no/i_mux/A0 (sg13g2_mux2_2)
     7    0.13    0.27    0.28    0.52 ^ i_croc_soc/i_rstgen.i_rstgen_bypass.i_tc_clk_mux2_rst_no/i_mux/X (sg13g2_mux2_2)
                  0.27    0.02    0.54 ^ place13422/A (sg13g2_buf_1)
     6    0.05    0.23    0.28    0.82 ^ place13422/X (sg13g2_buf_1)
                  0.23    0.00    0.82 ^ place13428/A (sg13g2_buf_1)
     7    0.06    0.24    0.27    1.09 ^ place13428/X (sg13g2_buf_1)
                  0.24    0.01    1.10 ^ place13513/A (sg13g2_buf_1)
     8    0.04    0.19    0.24    1.34 ^ place13513/X (sg13g2_buf_1)
                  0.19    0.00    1.34 ^ place13514/A (sg13g2_buf_1)
     8    0.05    0.22    0.25    1.60 ^ place13514/X (sg13g2_buf_1)
                  0.22    0.00    1.60 ^ place13518/A (sg13g2_buf_1)
     7    0.04    0.18    0.24    1.83 ^ place13518/X (sg13g2_buf_1)
                  0.18    0.00    1.83 ^ place13521/A (sg13g2_buf_1)
     7    0.04    0.16    0.22    2.05 ^ place13521/X (sg13g2_buf_1)
                  0.16    0.00    2.05 ^ place13527/A (sg13g2_buf_1)
     7    0.04    0.18    0.22    2.27 ^ place13527/X (sg13g2_buf_1)
                  0.18    0.00    2.27 ^ place13528/A (sg13g2_buf_1)
     7    0.05    0.19    0.23    2.50 ^ place13528/X (sg13g2_buf_1)
                  0.19    0.00    2.50 ^ place13529/A (sg13g2_buf_1)
     8    0.05    0.23    0.26    2.77 ^ place13529/X (sg13g2_buf_1)
                  0.23    0.00    2.77 ^ i_croc_soc/i_croc/i_gpio/gen_gpios[31].i_sync/reg_q_0__reg/RESET_B (sg13g2_dfrbpq_1)
                                  2.77   data arrival time

                  0.20   10.00   10.00   clock clk_sys (rise edge)
                          0.00   10.00   clock network delay (ideal)
                         -0.10    9.90   clock uncertainty
                          0.00    9.90   clock reconvergence pessimism
                                  9.90 ^ i_croc_soc/i_croc/i_gpio/gen_gpios[31].i_sync/reg_q_0__reg/CLK (sg13g2_dfrbpq_1)
                         -0.16    9.74   library recovery time
                                  9.74   data required time
-----------------------------------------------------------------------------
                                  9.74   data required time
                                 -2.77   data arrival time
-----------------------------------------------------------------------------
                                  6.98   slack (MET)


Startpoint: i_croc_soc/i_croc/i_dmi_jtag/i_dmi_cdc.i_cdc_req/i_dst/async_ack_o_reg
            (rising edge-triggered flip-flop clocked by clk_sys)
Endpoint: i_croc_soc/i_croc/i_dm_top.i_dm_top/i_dm_csrs.progbuf_o_24__reg
          (rising edge-triggered flip-flop clocked by clk_sys)
Path Group: path delay
Path Type: max
Corner: tt

Fanout     Cap    Slew   Delay    Time   Description
-----------------------------------------------------------------------------
                  0.20    0.00    0.00 ^ i_croc_soc/i_croc/i_dmi_jtag/i_dmi_cdc.i_cdc_req/i_dst/async_ack_o_reg/CLK (sg13g2_dfrbpq_1)
     6    0.03    0.11    0.30    0.30 ^ i_croc_soc/i_croc/i_dmi_jtag/i_dmi_cdc.i_cdc_req/i_dst/async_ack_o_reg/Q (sg13g2_dfrbpq_1)
                  0.11    0.00    0.30 ^ i_croc_soc/i_croc/i_dmi_jtag/i_dmi_cdc.i_cdc_req/i_dst/_155_/A (sg13g2_xor2_1)
     1    0.00    0.06    0.12    0.42 ^ i_croc_soc/i_croc/i_dmi_jtag/i_dmi_cdc.i_cdc_req/i_dst/_155_/X (sg13g2_xor2_1)
                  0.06    0.00    0.42 ^ i_croc_soc/i_croc/i_dmi_jtag/i_dmi_cdc.i_cdc_req/_1_/B_N (sg13g2_nor2b_1)
     7    0.02    0.22    0.23    0.65 ^ i_croc_soc/i_croc/i_dmi_jtag/i_dmi_cdc.i_cdc_req/_1_/Y (sg13g2_nor2b_1)
                  0.22    0.00    0.65 ^ i_croc_soc/i_croc/i_dm_top.i_dm_top/_4399_/A (sg13g2_and2_1)
     7    0.06    0.26    0.30    0.95 ^ i_croc_soc/i_croc/i_dm_top.i_dm_top/_4399_/X (sg13g2_and2_1)
                  0.26    0.01    0.96 ^ i_croc_soc/i_croc/i_dm_top.i_dm_top/_4400_/B (sg13g2_nand2_1)
     5    0.03    0.19    0.24    1.20 v i_croc_soc/i_croc/i_dm_top.i_dm_top/_4400_/Y (sg13g2_nand2_1)
                  0.19    0.00    1.20 v i_croc_soc/i_croc/i_dm_top.i_dm_top/_4411_/A (sg13g2_nor2_1)
     2    0.01    0.11    0.12    1.32 ^ i_croc_soc/i_croc/i_dm_top.i_dm_top/_4411_/Y (sg13g2_nor2_1)
                  0.11    0.00    1.32 ^ i_croc_soc/i_croc/i_dm_top.i_dm_top/_6103_/A1 (sg13g2_a21o_1)
     8    0.04    0.15    0.22    1.54 ^ i_croc_soc/i_croc/i_dm_top.i_dm_top/_6103_/X (sg13g2_a21o_1)
                  0.15    0.00    1.54 ^ i_croc_soc/i_croc/i_dm_top.i_dm_top/_6105_/B1 (sg13g2_o21ai_1)
     5    0.05    0.31    0.31    1.85 v i_croc_soc/i_croc/i_dm_top.i_dm_top/_6105_/Y (sg13g2_o21ai_1)
                  0.31    0.00    1.85 v place12096/A (sg13g2_buf_1)
     8    0.03    0.10    0.21    2.06 v place12096/X (sg13g2_buf_1)
                  0.10    0.00    2.06 v place12097/A (sg13g2_buf_2)
     8    0.03    0.06    0.14    2.20 v place12097/X (sg13g2_buf_2)
                  0.06    0.00    2.20 v i_croc_soc/i_croc/i_dm_top.i_dm_top/_6690_/A1 (sg13g2_o21ai_1)
     1    0.00    0.07    0.09    2.29 ^ i_croc_soc/i_croc/i_dm_top.i_dm_top/_6690_/Y (sg13g2_o21ai_1)
                  0.07    0.00    2.29 ^ i_croc_soc/i_croc/i_dm_top.i_dm_top/i_dm_csrs.progbuf_o_24__reg/D (sg13g2_dfrbpq_1)
                                  2.29   data arrival time

                          3.00    3.00   max_delay
                         -0.10    2.90   library setup time
                                  2.90   data required time
-----------------------------------------------------------------------------
                                  2.90   data required time
                                 -2.29   data arrival time
-----------------------------------------------------------------------------
                                  0.61   slack (MET)


Startpoint: i_croc_soc/i_croc/i_dmi_jtag/td_o_reg
            (rising edge-triggered flip-flop clocked by clk_jtg')
Endpoint: jtag_tdo_o (output port clocked by clk_jtg)
Path Group: clk_jtg
Path Type: max
Corner: tt

Fanout     Cap    Slew   Delay    Time   Description
-----------------------------------------------------------------------------
                  0.20   12.50   12.50   clock clk_jtg' (rise edge)
                          0.00   12.50   clock network delay (ideal)
                  0.20    0.00   12.50 ^ i_croc_soc/i_croc/i_dmi_jtag/td_o_reg/CLK (sg13g2_dfrbpq_1)
     1    0.06    0.25    0.39   12.89 ^ i_croc_soc/i_croc/i_dmi_jtag/td_o_reg/Q (sg13g2_dfrbpq_1)
                  0.33    0.01   12.90 ^ pad_jtag_tdo_o/c2p (sg13g2_IOPadOut16mA)
     2   15.00    3.55    3.25   16.15 ^ pad_jtag_tdo_o/pad (sg13g2_IOPadOut16mA)
                  0.00    0.00   16.15 ^ jtag_tdo_o (out)
                                 16.15   data arrival time

                  0.20   25.00   25.00   clock clk_jtg (rise edge)
                          0.00   25.00   clock network delay (ideal)
                         -0.10   24.90   clock uncertainty
                          0.00   24.90   clock reconvergence pessimism
                         -5.00   19.90   output external delay
                                 19.90   data required time
-----------------------------------------------------------------------------
                                 19.90   data required time
                                -16.15   data arrival time
-----------------------------------------------------------------------------
                                  3.75   slack (MET)


Startpoint: i_croc_soc/i_croc/i_core_wrap/i_core.id_stage_i.controller_i.instr_i_15__reg
            (rising edge-triggered flip-flop clocked by clk_sys)
Endpoint: i_croc_soc/i_croc/i_core_wrap/i_core.crash_dump_o_54__reg
          (rising edge-triggered flip-flop clocked by clk_sys)
Path Group: clk_sys
Path Type: max
Corner: tt

Fanout     Cap    Slew   Delay    Time   Description
-----------------------------------------------------------------------------
                  0.20    0.00    0.00   clock clk_sys (rise edge)
                          0.00    0.00   clock network delay (ideal)
                  0.20    0.00    0.00 ^ i_croc_soc/i_croc/i_core_wrap/i_core.id_stage_i.controller_i.instr_i_15__reg/CLK (sg13g2_dfrbpq_1)
     8    0.09    0.38    0.48    0.48 ^ i_croc_soc/i_croc/i_core_wrap/i_core.id_stage_i.controller_i.instr_i_15__reg/Q (sg13g2_dfrbpq_1)
                  0.38    0.00    0.49 ^ place14628/A (sg13g2_buf_8)
     7    0.04    0.05    0.18    0.66 ^ place14628/X (sg13g2_buf_8)
                  0.05    0.00    0.66 ^ place14629/A (sg13g2_buf_1)
     5    0.04    0.16    0.17    0.83 ^ place14629/X (sg13g2_buf_1)
                  0.16    0.00    0.84 ^ place14630/A (sg13g2_buf_1)
     6    0.04    0.15    0.20    1.04 ^ place14630/X (sg13g2_buf_1)
                  0.15    0.00    1.04 ^ place14631/A (sg13g2_buf_2)
     7    0.05    0.10    0.18    1.22 ^ place14631/X (sg13g2_buf_2)
                  0.10    0.00    1.22 ^ i_croc_soc/i_croc/i_core_wrap/i_core.register_file_i/_3168_/S (sg13g2_mux2_1)
     1    0.00    0.04    0.18    1.41 v i_croc_soc/i_croc/i_core_wrap/i_core.register_file_i/_3168_/X (sg13g2_mux2_1)
                  0.04    0.00    1.41 v i_croc_soc/i_croc/i_core_wrap/i_core.register_file_i/_3170_/A2 (sg13g2_a22oi_1)
     1    0.00    0.08    0.09    1.50 ^ i_croc_soc/i_croc/i_core_wrap/i_core.register_file_i/_3170_/Y (sg13g2_a22oi_1)
                  0.08    0.00    1.50 ^ i_croc_soc/i_croc/i_core_wrap/i_core.register_file_i/_3171_/A2 (sg13g2_a21o_1)
     1    0.00    0.03    0.12    1.62 ^ i_croc_soc/i_croc/i_core_wrap/i_core.register_file_i/_3171_/X (sg13g2_a21o_1)
                  0.03    0.00    1.62 ^ i_croc_soc/i_croc/i_core_wrap/i_core.register_file_i/_3189_/D (sg13g2_nand4_1)
     1    0.02    0.28    0.25    1.87 v i_croc_soc/i_croc/i_core_wrap/i_core.register_file_i/_3189_/Y (sg13g2_nand4_1)
                  0.28    0.00    1.87 v i_croc_soc/i_croc/i_core_wrap/_5535_/A (sg13g2_nand2_1)
     1    0.01    0.07    0.09    1.96 ^ i_croc_soc/i_croc/i_core_wrap/_5535_/Y (sg13g2_nand2_1)
                  0.07    0.00    1.96 ^ i_croc_soc/i_croc/i_core_wrap/_5537_/A2 (sg13g2_o21ai_1)
     1    0.00    0.06    0.07    2.03 v i_croc_soc/i_croc/i_core_wrap/_5537_/Y (sg13g2_o21ai_1)
                  0.06    0.00    2.03 v i_croc_soc/i_croc/i_core_wrap/_5539_/A2 (sg13g2_a21oi_1)
     1    0.01    0.07    0.09    2.12 ^ i_croc_soc/i_croc/i_core_wrap/_5539_/Y (sg13g2_a21oi_1)
                  0.07    0.00    2.12 ^ i_croc_soc/i_croc/i_core_wrap/_5541_/A1 (sg13g2_o21ai_1)
     2    0.01    0.10    0.12    2.24 v i_croc_soc/i_croc/i_core_wrap/_5541_/Y (sg13g2_o21ai_1)
                  0.10    0.00    2.24 v place12309/A (sg13g2_buf_1)
     5    0.02    0.06    0.13    2.36 v place12309/X (sg13g2_buf_1)
                  0.06    0.00    2.36 v place12310/A (sg13g2_buf_1)
     6    0.03    0.11    0.15    2.51 v place12310/X (sg13g2_buf_1)
                  0.11    0.00    2.51 v i_croc_soc/i_croc/i_core_wrap/_5627_/B (sg13g2_nand2b_1)
     1    0.00    0.05    0.07    2.58 ^ i_croc_soc/i_croc/i_core_wrap/_5627_/Y (sg13g2_nand2b_1)
                  0.05    0.00    2.58 ^ i_croc_soc/i_croc/i_core_wrap/_5628_/B1 (sg13g2_o21ai_1)
     1    0.01    0.06    0.06    2.64 v i_croc_soc/i_croc/i_core_wrap/_5628_/Y (sg13g2_o21ai_1)
                  0.06    0.00    2.64 v i_croc_soc/i_croc/i_core_wrap/_5633_/B1 (sg13g2_a221oi_1)
     4    0.02    0.30    0.28    2.92 ^ i_croc_soc/i_croc/i_core_wrap/_5633_/Y (sg13g2_a221oi_1)
                  0.30    0.00    2.92 ^ i_croc_soc/i_croc/i_core_wrap/_5634_/B (sg13g2_nor2_1)
     2    0.01    0.08    0.10    3.02 v i_croc_soc/i_croc/i_core_wrap/_5634_/Y (sg13g2_nor2_1)
                  0.08    0.00    3.02 v i_croc_soc/i_croc/i_core_wrap/_5638_/A (sg13g2_nand2_1)
     1    0.01    0.05    0.06    3.08 ^ i_croc_soc/i_croc/i_core_wrap/_5638_/Y (sg13g2_nand2_1)
                  0.05    0.00    3.08 ^ i_croc_soc/i_croc/i_core_wrap/_5639_/B1 (sg13g2_o21ai_1)
     1    0.01    0.06    0.06    3.14 v i_croc_soc/i_croc/i_core_wrap/_5639_/Y (sg13g2_o21ai_1)
                  0.06    0.00    3.14 v i_croc_soc/i_croc/i_core_wrap/_5640_/B1 (sg13g2_a21o_1)
     2    0.02    0.07    0.15    3.29 v i_croc_soc/i_croc/i_core_wrap/_5640_/X (sg13g2_a21o_1)
                  0.07    0.00    3.29 v i_croc_soc/i_croc/i_core_wrap/_5700_/A1 (sg13g2_o21ai_1)
     2    0.01    0.17    0.17    3.46 ^ i_croc_soc/i_croc/i_core_wrap/_5700_/Y (sg13g2_o21ai_1)
                  0.17    0.00    3.46 ^ i_croc_soc/i_croc/i_core_wrap/_5884_/B (sg13g2_nand2_2)
     5    0.03    0.14    0.15    3.60 v i_croc_soc/i_croc/i_core_wrap/_5884_/Y (sg13g2_nand2_2)
                  0.14    0.00    3.60 v i_croc_soc/i_croc/i_core_wrap/_5885_/A2 (sg13g2_a21o_1)
     1    0.00    0.03    0.15    3.76 v i_croc_soc/i_croc/i_core_wrap/_5885_/X (sg13g2_a21o_1)
                  0.03    0.00    3.76 v i_croc_soc/i_croc/i_core_wrap/_5887_/A2 (sg13g2_a221oi_1)
     1    0.00    0.13    0.15    3.91 ^ i_croc_soc/i_croc/i_core_wrap/_5887_/Y (sg13g2_a221oi_1)
                  0.13    0.00    3.91 ^ i_croc_soc/i_croc/i_core_wrap/_5888_/B1 (sg13g2_a21oi_1)
     1    0.01    0.09    0.08    3.98 v i_croc_soc/i_croc/i_core_wrap/_5888_/Y (sg13g2_a21oi_1)
                  0.09    0.00    3.98 v i_croc_soc/i_croc/i_core_wrap/_5889_/A (sg13g2_xnor2_1)
     2    0.01    0.08    0.14    4.12 v i_croc_soc/i_croc/i_core_wrap/_5889_/Y (sg13g2_xnor2_1)
                  0.08    0.00    4.12 v i_croc_soc/i_croc/i_core_wrap/_6973_/A1 (sg13g2_a221oi_1)
     1    0.01    0.14    0.17    4.29 ^ i_croc_soc/i_croc/i_core_wrap/_6973_/Y (sg13g2_a221oi_1)
                  0.14    0.00    4.29 ^ i_croc_soc/i_croc/i_core_wrap/_6975_/A2 (sg13g2_a21o_1)
     2    0.01    0.07    0.17    4.46 ^ i_croc_soc/i_croc/i_core_wrap/_6975_/X (sg13g2_a21o_1)
                  0.07    0.00    4.46 ^ i_croc_soc/i_croc/i_core_wrap/_8174_/A1 (sg13g2_mux2_2)
     6    0.03    0.07    0.15    4.62 ^ i_croc_soc/i_croc/i_core_wrap/_8174_/X (sg13g2_mux2_2)
                  0.07    0.00    4.62 ^ i_croc_soc/i_croc/i_core_wrap/_8469_/A1 (sg13g2_a21oi_2)
     3    0.04    0.15    0.15    4.76 v i_croc_soc/i_croc/i_core_wrap/_8469_/Y (sg13g2_a21oi_2)
                  0.15    0.00    4.77 v i_croc_soc/i_croc/_3664_/B (sg13g2_nor2_2)
     4    0.02    0.10    0.12    4.89 ^ i_croc_soc/i_croc/_3664_/Y (sg13g2_nor2_2)
                  0.10    0.00    4.89 ^ i_croc_soc/i_croc/_3669_/C (sg13g2_nand4_1)
     1    0.00    0.09    0.13    5.02 v i_croc_soc/i_croc/_3669_/Y (sg13g2_nand4_1)
                  0.09    0.00    5.02 v place11396/A (sg13g2_buf_1)
     3    0.02    0.06    0.12    5.14 v place11396/X (sg13g2_buf_1)
                  0.06    0.00    5.14 v i_croc_soc/i_croc/_3670_/B (sg13g2_nor3_2)
     2    0.01    0.12    0.12    5.26 ^ i_croc_soc/i_croc/_3670_/Y (sg13g2_nor3_2)
                  0.12    0.00    5.26 ^ i_croc_soc/i_croc/_3671_/B (sg13g2_xnor2_1)
     1    0.00    0.08    0.11    5.37 ^ i_croc_soc/i_croc/_3671_/Y (sg13g2_xnor2_1)
                  0.08    0.00    5.37 ^ i_croc_soc/i_croc/_3691_/B (sg13g2_nand4_1)
     2    0.01    0.12    0.14    5.52 v i_croc_soc/i_croc/_3691_/Y (sg13g2_nand4_1)
                  0.12    0.00    5.52 v i_croc_soc/i_croc/_3716_/B (sg13g2_nand3_1)
     3    0.01    0.10    0.11    5.63 ^ i_croc_soc/i_croc/_3716_/Y (sg13g2_nand3_1)
                  0.10    0.00    5.63 ^ i_croc_soc/i_croc/_3839_/A (sg13g2_nand2_2)
     5    0.02    0.09    0.11    5.73 v i_croc_soc/i_croc/_3839_/Y (sg13g2_nand2_2)
                  0.09    0.00    5.73 v i_croc_soc/i_croc/_3840_/C (sg13g2_nor3_2)
     7    0.03    0.23    0.21    5.94 ^ i_croc_soc/i_croc/_3840_/Y (sg13g2_nor3_2)
                  0.23    0.00    5.94 ^ place11223/A (sg13g2_buf_1)
     7    0.03    0.12    0.19    6.14 ^ place11223/X (sg13g2_buf_1)
                  0.12    0.00    6.14 ^ i_croc_soc/i_croc/_3867_/B (sg13g2_nand3_1)
     3    0.01    0.14    0.15    6.28 v i_croc_soc/i_croc/_3867_/Y (sg13g2_nand3_1)
                  0.14    0.00    6.28 v i_croc_soc/i_croc/_3983_/C (sg13g2_nand3_1)
     3    0.01    0.09    0.12    6.40 ^ i_croc_soc/i_croc/_3983_/Y (sg13g2_nand3_1)
                  0.09    0.00    6.40 ^ i_croc_soc/i_croc/_4043_/B2 (sg13g2_a221oi_1)
     1    0.00    0.07    0.09    6.49 v i_croc_soc/i_croc/_4043_/Y (sg13g2_a221oi_1)
                  0.07    0.00    6.49 v i_croc_soc/i_croc/_4044_/C (sg13g2_or3_1)
     1    0.00    0.04    0.14    6.63 v i_croc_soc/i_croc/_4044_/X (sg13g2_or3_1)
                  0.04    0.00    6.63 v i_croc_soc/i_croc/_4045_/C1 (sg13g2_a221oi_1)
     2    0.01    0.19    0.13    6.77 ^ i_croc_soc/i_croc/_4045_/Y (sg13g2_a221oi_1)
                  0.19    0.00    6.77 ^ i_croc_soc/i_croc/_4046_/B (sg13g2_xnor2_1)
     1    0.01    0.10    0.14    6.90 ^ i_croc_soc/i_croc/_4046_/Y (sg13g2_xnor2_1)
                  0.10    0.00    6.90 ^ i_croc_soc/i_croc/_4047_/C (sg13g2_nand3_1)
     2    0.01    0.09    0.13    7.03 v i_croc_soc/i_croc/_4047_/Y (sg13g2_nand3_1)
                  0.09    0.00    7.03 v i_croc_soc/i_croc/_4048_/B (sg13g2_or2_1)
     1    0.01    0.04    0.13    7.16 v i_croc_soc/i_croc/_4048_/X (sg13g2_or2_1)
                  0.04    0.00    7.16 v i_croc_soc/i_croc/_4054_/A2 (sg13g2_o21ai_1)
     2    0.01    0.12    0.12    7.28 ^ i_croc_soc/i_croc/_4054_/Y (sg13g2_o21ai_1)
                  0.12    0.00    7.28 ^ i_croc_soc/i_croc/_4822_/A (sg13g2_nand2_1)
     2    0.01    0.07    0.09    7.37 v i_croc_soc/i_croc/_4822_/Y (sg13g2_nand2_1)
                  0.07    0.00    7.37 v i_croc_soc/i_croc/_4823_/A (sg13g2_or2_1)
     2    0.01    0.05    0.14    7.50 v i_croc_soc/i_croc/_4823_/X (sg13g2_or2_1)
                  0.05    0.00    7.50 v i_croc_soc/i_croc/_4826_/B (sg13g2_nor2_2)
     2    0.01    0.07    0.06    7.56 ^ i_croc_soc/i_croc/_4826_/Y (sg13g2_nor2_2)
                  0.07    0.00    7.56 ^ i_croc_soc/i_croc/_5986_/A (sg13g2_inv_1)
     1    0.00    0.03    0.04    7.60 v i_croc_soc/i_croc/_5986_/Y (sg13g2_inv_1)
                  0.03    0.00    7.60 v i_croc_soc/i_croc/_5990_/A0 (sg13g2_mux4_1)
     1    0.00    0.04    0.17    7.78 v i_croc_soc/i_croc/_5990_/X (sg13g2_mux4_1)
                  0.04    0.00    7.78 v i_croc_soc/i_croc/_6002_/A1 (sg13g2_a221oi_1)
     2    0.01    0.16    0.17    7.95 ^ i_croc_soc/i_croc/_6002_/Y (sg13g2_a221oi_1)
                  0.16    0.00    7.95 ^ i_croc_soc/i_croc/_6003_/A (sg13g2_and4_2)
     2    0.02    0.07    0.23    8.18 ^ i_croc_soc/i_croc/_6003_/X (sg13g2_and4_2)
                  0.07    0.00    8.18 ^ i_croc_soc/i_croc/_6519_/B1 (sg13g2_a22oi_1)
     2    0.01    0.09    0.10    8.28 v i_croc_soc/i_croc/_6519_/Y (sg13g2_a22oi_1)
                  0.09    0.00    8.28 v i_croc_soc/i_croc/_6529_/A (sg13g2_nor2_2)
     3    0.03    0.14    0.14    8.42 ^ i_croc_soc/i_croc/_6529_/Y (sg13g2_nor2_2)
                  0.14    0.00    8.42 ^ i_croc_soc/i_croc/i_core_wrap/_6459_/A (sg13g2_inv_1)
     1    0.01    0.05    0.07    8.49 v i_croc_soc/i_croc/i_core_wrap/_6459_/Y (sg13g2_inv_1)
                  0.05    0.00    8.49 v i_croc_soc/i_croc/i_core_wrap/_6461_/B (sg13g2_nor3_1)
     1    0.00    0.10    0.10    8.59 ^ i_croc_soc/i_croc/i_core_wrap/_6461_/Y (sg13g2_nor3_1)
                  0.10    0.00    8.59 ^ i_croc_soc/i_croc/i_core_wrap/_6462_/B (sg13g2_or2_1)
     1    0.00    0.03    0.10    8.69 ^ i_croc_soc/i_croc/i_core_wrap/_6462_/X (sg13g2_or2_1)
                  0.03    0.00    8.69 ^ i_croc_soc/i_croc/i_core_wrap/_6470_/A1 (sg13g2_a221oi_1)
     1    0.01    0.09    0.08    8.77 v i_croc_soc/i_croc/i_core_wrap/_6470_/Y (sg13g2_a221oi_1)
                  0.09    0.00    8.77 v i_croc_soc/i_croc/i_core_wrap/_6471_/B1 (sg13g2_a21oi_1)
     1    0.02    0.15    0.16    8.93 ^ i_croc_soc/i_croc/i_core_wrap/_6471_/Y (sg13g2_a21oi_1)
                  0.15    0.00    8.93 ^ place10516/A (sg13g2_buf_8)
     8    0.07    0.05    0.14    9.07 ^ place10516/X (sg13g2_buf_8)
                  0.05    0.00    9.07 ^ place10518/A (sg13g2_buf_4)
     7    0.04    0.05    0.12    9.19 ^ place10518/X (sg13g2_buf_4)
                  0.05    0.00    9.19 ^ i_croc_soc/i_croc/i_core_wrap/_6504_/S (sg13g2_mux2_1)
     1    0.00    0.04    0.16    9.34 v i_croc_soc/i_croc/i_core_wrap/_6504_/X (sg13g2_mux2_1)
                  0.04    0.00    9.34 v i_croc_soc/i_croc/i_core_wrap/i_core.crash_dump_o_54__reg/D (sg13g2_dfrbpq_1)
                                  9.34   data arrival time

                  0.20   10.00   10.00   clock clk_sys (rise edge)
                          0.00   10.00   clock network delay (ideal)
                         -0.10    9.90   clock uncertainty
                          0.00    9.90   clock reconvergence pessimism
                                  9.90 ^ i_croc_soc/i_croc/i_core_wrap/i_core.crash_dump_o_54__reg/CLK (sg13g2_dfrbpq_1)
                         -0.07    9.83   library setup time
                                  9.83   data required time
-----------------------------------------------------------------------------
                                  9.83   data required time
                                 -9.34   data arrival time
-----------------------------------------------------------------------------
                                  0.48   slack (MET)



==========================================================================
fresh_placed report_check_types -max_slew -max_cap -max_fanout -violators
--------------------------------------------------------------------------

==========================================================================
fresh_placed max_slew_check_slack
--------------------------------------------------------------------------
-2.4305672645568848

==========================================================================
fresh_placed max_slew_check_limit
--------------------------------------------------------------------------
1.2000000476837158

==========================================================================
fresh_placed max_slew_check_slack_limit
--------------------------------------------------------------------------
-2.0255

==========================================================================
fresh_placed max_fanout_check_slack
--------------------------------------------------------------------------
0.0

==========================================================================
fresh_placed max_fanout_check_limit
--------------------------------------------------------------------------
8.0

==========================================================================
fresh_placed max_fanout_check_slack_limit
--------------------------------------------------------------------------
0.0000

==========================================================================
fresh_placed max_capacitance_check_slack
--------------------------------------------------------------------------
-11.160959243774414

==========================================================================
fresh_placed max_capacitance_check_limit
--------------------------------------------------------------------------
4.21304988861084

==========================================================================
fresh_placed max_capacitance_check_slack_limit
--------------------------------------------------------------------------
-2.6491

==========================================================================
fresh_placed max_slew_violation_count
--------------------------------------------------------------------------
max slew violation count 71

==========================================================================
fresh_placed max_fanout_violation_count
--------------------------------------------------------------------------
max fanout violation count 0

==========================================================================
fresh_placed max_cap_violation_count
--------------------------------------------------------------------------
max cap violation count 135

==========================================================================
fresh_placed setup_violation_count
--------------------------------------------------------------------------
setup violation count 0

==========================================================================
fresh_placed hold_violation_count
--------------------------------------------------------------------------
hold violation count 1

==========================================================================
fresh_placed critical path delay
--------------------------------------------------------------------------
9.3429

==========================================================================
fresh_placed critical path slack
--------------------------------------------------------------------------
0.4821

==========================================================================
fresh_placed slack div critical path delay
--------------------------------------------------------------------------
5.160068

==========================================================================
fresh_placed report_power tt
--------------------------------------------------------------------------
Group                  Internal  Switching    Leakage      Total
                          Power      Power      Power      Power (Watts)
----------------------------------------------------------------
Sequential             4.27e-04   1.50e-04   1.95e-06   5.79e-04  10.6%
Combinational          5.24e-04   8.01e-04   3.77e-06   1.33e-03  24.4%
Clock                  1.29e-07   4.56e-08   2.91e-10   1.75e-07   0.0%
Macro                  0.00e+00   0.00e+00   3.96e-07   3.96e-07   0.0%
Pad                    2.75e-04   3.27e-03   1.08e-07   3.54e-03  65.0%
----------------------------------------------------------------
Total                  1.23e-03   4.22e-03   6.22e-06   5.45e-03 100.0%
                          22.5%      77.4%       0.1%

==========================================================================
fresh_placed report_design_area
--------------------------------------------------------------------------

==========================================================================
fresh_placed area by hierarchy
--------------------------------------------------------------------------

--------------------------------------------------------------------------------
Design Area Summary
--------------------------------------------------------------------------------
Die Area:              3896676.0 um2
Core Area:             1607694.48 um2
Total Area:            2145876.4768 um2
Total Active Area:     673076.4768000001 um2

Core Utilization:      0.41865944380178505
Std Cell Utilization:  0.35465908516700695

--------------------------------------------------------------------------------
Hierarchical Area Report
--------------------------------------------------------------------------------
                                                                                Global Area (um^2)                                                              Global Instances                                                                Local Area (um^2)                                                               Local Instances
                                                                                ------------------------------------------------------------------------------- ------------------------------------------------------------------------------- ------------------------------------------------------------------------------- ----------------------------------------------------------------------------
Hierarchy Name                                                                  Total           StdCell         Macro           Cover           Pad             Total           StdCell         Macro           Cover           Pad             Total           StdCell         Macro           Cover           Pad             Total           StdCell         Macro           Cover           Pad             
-----------------------------------------------------------------------------------------------------------------------------------------------------------------------------------------------------------------------------------------------------------------------------------------------------------------------------------------------------------------------------------------------------------
<top>                                                                           2145876.477     513636.682      159439.795      313600.000      1159200.000     33390           33196           2               64              128             1505159.824     32359.824       0.000           313600.000      1159200.000     4492            4300            0               64              128             
  i_croc_soc                                                                    640716.653      481276.858      159439.795      0.000           0.000           28898           28896           2               0               0               203.213         203.213         0.000           0.000           0.000           5               5               0               0               0               
    i_croc                                                                      638913.139      479473.344      159439.795      0.000           0.000           28796           28794           2               0               0               45635.789       45635.789       0.000           0.000           0.000           4424            4424            0               0               0               
      gen_sram_bank\[0\].i_sram                                                 80291.434       571.536         79719.898       0.000           0.000           80              79              1               0               0               80291.434       571.536         79719.898       0.000           0.000           80              79              1               0               0               
      gen_sram_bank\[1\].i_sram                                                 80291.434       571.536         79719.898       0.000           0.000           80              79              1               0               0               80291.434       571.536         79719.898       0.000           0.000           80              79              1               0               0               
      i_bootrom                                                                 4169.491        4169.491        0.000           0.000           0.000           371             371             0               0               0               4169.491        4169.491        0.000           0.000           0.000           371             371             0               0               0               
      i_clint                                                                   15491.347       15491.347       0.000           0.000           0.000           824             824             0               0               0               15393.370       15393.370       0.000           0.000           0.000           822             822             0               0               0               
        i_sync                                                                  97.978          97.978          0.000           0.000           0.000           2               2               0               0               0               97.978          97.978          0.000           0.000           0.000           2               2               0               0               0               
      i_core_wrap                                                               214736.054      214736.054      0.000           0.000           0.000           11790           11790           0               0               0               66593.923       66593.923       0.000           0.000           0.000           4923            4923            0               0               0               
        i_core.cs_registers_i                                                   53958.442       53958.442       0.000           0.000           0.000           3277            3277            0               0               0               53958.442       53958.442       0.000           0.000           0.000           3277            3277            0               0               0               
        i_core.register_file_i                                                  94183.690       94183.690       0.000           0.000           0.000           3590            3590            0               0               0               94183.690       94183.690       0.000           0.000           0.000           3590            3590            0               0               0               
      i_dm_top.i_dm_top                                                         72822.758       72822.758       0.000           0.000           0.000           4767            4767            0               0               0               72822.758       72822.758       0.000           0.000           0.000           4767            4767            0               0               0               
      i_dmi_jtag                                                                38008.051       38008.051       0.000           0.000           0.000           2042            2042            0               0               0               15113.952       15113.952       0.000           0.000           0.000           924             924             0               0               0               
        i_dmi_cdc.i_cdc_req                                                     12125.635       12125.635       0.000           0.000           0.000           585             585             0               0               0               232.243         232.243         0.000           0.000           0.000           8               8               0               0               0               
          i_cdc_reset_ctrlr                                                     3628.800        3628.800        0.000           0.000           0.000           225             225             0               0               0               0.000           0.000           0.000           0.000           0.000           0               0               0               0               0               
            i_cdc_reset_ctrlr_half_a                                            1810.771        1810.771        0.000           0.000           0.000           112             112             0               0               0               956.189         956.189         0.000           0.000           0.000           74              74              0               0               0               
              i_state_transition_cdc_dst                                        326.592         326.592         0.000           0.000           0.000           14              14              0               0               0               228.614         228.614         0.000           0.000           0.000           12              12              0               0               0               
                i_sync                                                          97.978          97.978          0.000           0.000           0.000           2               2               0               0               0               97.978          97.978          0.000           0.000           0.000           2               2               0               0               0               
              i_state_transition_cdc_src                                        527.990         527.990         0.000           0.000           0.000           24              24              0               0               0               430.013         430.013         0.000           0.000           0.000           22              22              0               0               0               
                i_sync                                                          97.978          97.978          0.000           0.000           0.000           2               2               0               0               0               97.978          97.978          0.000           0.000           0.000           2               2               0               0               0               
            i_cdc_reset_ctrlr_half_b                                            1818.029        1818.029        0.000           0.000           0.000           113             113             0               0               0               963.446         963.446         0.000           0.000           0.000           75              75              0               0               0               
              i_state_transition_cdc_dst                                        326.592         326.592         0.000           0.000           0.000           14              14              0               0               0               228.614         228.614         0.000           0.000           0.000           12              12              0               0               0               
                i_sync                                                          97.978          97.978          0.000           0.000           0.000           2               2               0               0               0               97.978          97.978          0.000           0.000           0.000           2               2               0               0               0               
              i_state_transition_cdc_src                                        527.990         527.990         0.000           0.000           0.000           24              24              0               0               0               430.013         430.013         0.000           0.000           0.000           22              22              0               0               0               
                i_sync                                                          97.978          97.978          0.000           0.000           0.000           2               2               0               0               0               97.978          97.978          0.000           0.000           0.000           2               2               0               0               0               
          i_dst                                                                 4205.779        4205.779        0.000           0.000           0.000           177             177             0               0               0               4058.813        4058.813        0.000           0.000           0.000           174             174             0               0               0               
            i_sync                                                              146.966         146.966         0.000           0.000           0.000           3               3               0               0               0               146.966         146.966         0.000           0.000           0.000           3               3               0               0               0               
          i_src                                                                 4058.813        4058.813        0.000           0.000           0.000           175             175             0               0               0               3911.846        3911.846        0.000           0.000           0.000           172             172             0               0               0               
            i_sync                                                              146.966         146.966         0.000           0.000           0.000           3               3               0               0               0               146.966         146.966         0.000           0.000           0.000           3               3               0               0               0               
        i_dmi_cdc.i_cdc_resp                                                    10744.877       10744.877       0.000           0.000           0.000           531             531             0               0               0               239.501         239.501         0.000           0.000           0.000           9               9               0               0               0               
          i_cdc_reset_ctrlr                                                     3601.584        3601.584        0.000           0.000           0.000           226             226             0               0               0               0.000           0.000           0.000           0.000           0.000           0               0               0               0               0               
            i_cdc_reset_ctrlr_half_a                                            1790.813        1790.813        0.000           0.000           0.000           114             114             0               0               0               936.230         936.230         0.000           0.000           0.000           76              76              0               0               0               
              i_state_transition_cdc_dst                                        326.592         326.592         0.000           0.000           0.000           14              14              0               0               0               228.614         228.614         0.000           0.000           0.000           12              12              0               0               0               
                i_sync                                                          97.978          97.978          0.000           0.000           0.000           2               2               0               0               0               97.978          97.978          0.000           0.000           0.000           2               2               0               0               0               
              i_state_transition_cdc_src                                        527.990         527.990         0.000           0.000           0.000           24              24              0               0               0               430.013         430.013         0.000           0.000           0.000           22              22              0               0               0               
                i_sync                                                          97.978          97.978          0.000           0.000           0.000           2               2               0               0               0               97.978          97.978          0.000           0.000           0.000           2               2               0               0               0               
            i_cdc_reset_ctrlr_half_b                                            1810.771        1810.771        0.000           0.000           0.000           112             112             0               0               0               956.189         956.189         0.000           0.000           0.000           74              74              0               0               0               
              i_state_transition_cdc_dst                                        326.592         326.592         0.000           0.000           0.000           14              14              0               0               0               228.614         228.614         0.000           0.000           0.000           12              12              0               0               0               
                i_sync                                                          97.978          97.978          0.000           0.000           0.000           2               2               0               0               0               97.978          97.978          0.000           0.000           0.000           2               2               0               0               0               
              i_state_transition_cdc_src                                        527.990         527.990         0.000           0.000           0.000           24              24              0               0               0               430.013         430.013         0.000           0.000           0.000           22              22              0               0               0               
                i_sync                                                          97.978          97.978          0.000           0.000           0.000           2               2               0               0               0               97.978          97.978          0.000           0.000           0.000           2               2               0               0               0               
          i_dst                                                                 3483.648        3483.648        0.000           0.000           0.000           149             149             0               0               0               3336.682        3336.682        0.000           0.000           0.000           146             146             0               0               0               
            i_sync                                                              146.966         146.966         0.000           0.000           0.000           3               3               0               0               0               146.966         146.966         0.000           0.000           0.000           3               3               0               0               0               
          i_src                                                                 3420.144        3420.144        0.000           0.000           0.000           147             147             0               0               0               3273.178        3273.178        0.000           0.000           0.000           144             144             0               0               0               
            i_sync                                                              146.966         146.966         0.000           0.000           0.000           3               3               0               0               0               146.966         146.966         0.000           0.000           0.000           3               3               0               0               0               
        i_dmi_jtag_tap.i_dft_tck_mux                                            18.144          18.144          0.000           0.000           0.000           1               1               0               0               0               18.144          18.144          0.000           0.000           0.000           1               1               0               0               0               
        i_dmi_jtag_tap.i_tck_inv                                                5.443           5.443           0.000           0.000           0.000           1               1               0               0               0               5.443           5.443           0.000           0.000           0.000           1               1               0               0               0               
      i_gpio                                                                    26907.552       26907.552       0.000           0.000           0.000           1377            1377            0               0               0               23772.269       23772.269       0.000           0.000           0.000           1313            1313            0               0               0               
        gen_gpios\[0\].i_sync                                                   97.978          97.978          0.000           0.000           0.000           2               2               0               0               0               97.978          97.978          0.000           0.000           0.000           2               2               0               0               0               
        gen_gpios\[10\].i_sync                                                  97.978          97.978          0.000           0.000           0.000           2               2               0               0               0               97.978          97.978          0.000           0.000           0.000           2               2               0               0               0               
        gen_gpios\[11\].i_sync                                                  97.978          97.978          0.000           0.000           0.000           2               2               0               0               0               97.978          97.978          0.000           0.000           0.000           2               2               0               0               0               
        gen_gpios\[12\].i_sync                                                  97.978          97.978          0.000           0.000           0.000           2               2               0               0               0               97.978          97.978          0.000           0.000           0.000           2               2               0               0               0               
        gen_gpios\[13\].i_sync                                                  97.978          97.978          0.000           0.000           0.000           2               2               0               0               0               97.978          97.978          0.000           0.000           0.000           2               2               0               0               0               
        gen_gpios\[14\].i_sync                                                  97.978          97.978          0.000           0.000           0.000           2               2               0               0               0               97.978          97.978          0.000           0.000           0.000           2               2               0               0               0               
        gen_gpios\[15\].i_sync                                                  97.978          97.978          0.000           0.000           0.000           2               2               0               0               0               97.978          97.978          0.000           0.000           0.000           2               2               0               0               0               
        gen_gpios\[16\].i_sync                                                  97.978          97.978          0.000           0.000           0.000           2               2               0               0               0               97.978          97.978          0.000           0.000           0.000           2               2               0               0               0               
        gen_gpios\[17\].i_sync                                                  97.978          97.978          0.000           0.000           0.000           2               2               0               0               0               97.978          97.978          0.000           0.000           0.000           2               2               0               0               0               
        gen_gpios\[18\].i_sync                                                  97.978          97.978          0.000           0.000           0.000           2               2               0               0               0               97.978          97.978          0.000           0.000           0.000           2               2               0               0               0               
        gen_gpios\[19\].i_sync                                                  97.978          97.978          0.000           0.000           0.000           2               2               0               0               0               97.978          97.978          0.000           0.000           0.000           2               2               0               0               0               
        gen_gpios\[1\].i_sync                                                   97.978          97.978          0.000           0.000           0.000           2               2               0               0               0               97.978          97.978          0.000           0.000           0.000           2               2               0               0               0               
        gen_gpios\[20\].i_sync                                                  97.978          97.978          0.000           0.000           0.000           2               2               0               0               0               97.978          97.978          0.000           0.000           0.000           2               2               0               0               0               
        gen_gpios\[21\].i_sync                                                  97.978          97.978          0.000           0.000           0.000           2               2               0               0               0               97.978          97.978          0.000           0.000           0.000           2               2               0               0               0               
        gen_gpios\[22\].i_sync                                                  97.978          97.978          0.000           0.000           0.000           2               2               0               0               0               97.978          97.978          0.000           0.000           0.000           2               2               0               0               0               
        gen_gpios\[23\].i_sync                                                  97.978          97.978          0.000           0.000           0.000           2               2               0               0               0               97.978          97.978          0.000           0.000           0.000           2               2               0               0               0               
        gen_gpios\[24\].i_sync                                                  97.978          97.978          0.000           0.000           0.000           2               2               0               0               0               97.978          97.978          0.000           0.000           0.000           2               2               0               0               0               
        gen_gpios\[25\].i_sync                                                  97.978          97.978          0.000           0.000           0.000           2               2               0               0               0               97.978          97.978          0.000           0.000           0.000           2               2               0               0               0               
        gen_gpios\[26\].i_sync                                                  97.978          97.978          0.000           0.000           0.000           2               2               0               0               0               97.978          97.978          0.000           0.000           0.000           2               2               0               0               0               
        gen_gpios\[27\].i_sync                                                  97.978          97.978          0.000           0.000           0.000           2               2               0               0               0               97.978          97.978          0.000           0.000           0.000           2               2               0               0               0               
        gen_gpios\[28\].i_sync                                                  97.978          97.978          0.000           0.000           0.000           2               2               0               0               0               97.978          97.978          0.000           0.000           0.000           2               2               0               0               0               
        gen_gpios\[29\].i_sync                                                  97.978          97.978          0.000           0.000           0.000           2               2               0               0               0               97.978          97.978          0.000           0.000           0.000           2               2               0               0               0               
        gen_gpios\[2\].i_sync                                                   97.978          97.978          0.000           0.000           0.000           2               2               0               0               0               97.978          97.978          0.000           0.000           0.000           2               2               0               0               0               
        gen_gpios\[30\].i_sync                                                  97.978          97.978          0.000           0.000           0.000           2               2               0               0               0               97.978          97.978          0.000           0.000           0.000           2               2               0               0               0               
        gen_gpios\[31\].i_sync                                                  97.978          97.978          0.000           0.000           0.000           2               2               0               0               0               97.978          97.978          0.000           0.000           0.000           2               2               0               0               0               
        gen_gpios\[3\].i_sync                                                   97.978          97.978          0.000           0.000           0.000           2               2               0               0               0               97.978          97.978          0.000           0.000           0.000           2               2               0               0               0               
        gen_gpios\[4\].i_sync                                                   97.978          97.978          0.000           0.000           0.000           2               2               0               0               0               97.978          97.978          0.000           0.000           0.000           2               2               0               0               0               
        gen_gpios\[5\].i_sync                                                   97.978          97.978          0.000           0.000           0.000           2               2               0               0               0               97.978          97.978          0.000           0.000           0.000           2               2               0               0               0               
        gen_gpios\[6\].i_sync                                                   97.978          97.978          0.000           0.000           0.000           2               2               0               0               0               97.978          97.978          0.000           0.000           0.000           2               2               0               0               0               
        gen_gpios\[7\].i_sync                                                   97.978          97.978          0.000           0.000           0.000           2               2               0               0               0               97.978          97.978          0.000           0.000           0.000           2               2               0               0               0               
        gen_gpios\[8\].i_sync                                                   97.978          97.978          0.000           0.000           0.000           2               2               0               0               0               97.978          97.978          0.000           0.000           0.000           2               2               0               0               0               
        gen_gpios\[9\].i_sync                                                   97.978          97.978          0.000           0.000           0.000           2               2               0               0               0               97.978          97.978          0.000           0.000           0.000           2               2               0               0               0               
      i_obi_timer                                                               10307.606       10307.606       0.000           0.000           0.000           582             582             0               0               0               10307.606       10307.606       0.000           0.000           0.000           582             582             0               0               0               
      i_soc_ctrl                                                                6471.965        6471.965        0.000           0.000           0.000           397             397             0               0               0               6471.965        6471.965        0.000           0.000           0.000           397             397             0               0               0               
      i_uart                                                                    43779.658       43779.658       0.000           0.000           0.000           2062            2062            0               0               0               43260.739       43260.739       0.000           0.000           0.000           2048            2048            0               0               0               
        i_uart_modem.i_sync_cd                                                  105.235         105.235         0.000           0.000           0.000           3               3               0               0               0               105.235         105.235         0.000           0.000           0.000           3               3               0               0               0               
        i_uart_modem.i_sync_cts                                                 105.235         105.235         0.000           0.000           0.000           3               3               0               0               0               105.235         105.235         0.000           0.000           0.000           3               3               0               0               0               
        i_uart_modem.i_sync_dsr                                                 105.235         105.235         0.000           0.000           0.000           3               3               0               0               0               105.235         105.235         0.000           0.000           0.000           3               3               0               0               0               
        i_uart_modem.i_sync_ri                                                  105.235         105.235         0.000           0.000           0.000           3               3               0               0               0               105.235         105.235         0.000           0.000           0.000           3               3               0               0               0               
        i_uart_rx.i_sync                                                        97.978          97.978          0.000           0.000           0.000           2               2               0               0               0               97.978          97.978          0.000           0.000           0.000           2               2               0               0               0               
    i_rstgen.i_rstgen_bypass.i_tc_clk_mux2_init_no                              25.402          25.402          0.000           0.000           0.000           2               2               0               0               0               25.402          25.402          0.000           0.000           0.000           2               2               0               0               0               
    i_rstgen.i_rstgen_bypass.i_tc_clk_mux2_rst_n                                18.144          18.144          0.000           0.000           0.000           1               1               0               0               0               18.144          18.144          0.000           0.000           0.000           1               1               0               0               0               
    i_rstgen.i_rstgen_bypass.i_tc_clk_mux2_rst_no                               19.958          19.958          0.000           0.000           0.000           1               1               0               0               0               19.958          19.958          0.000           0.000           0.000           1               1               0               0               0               
    i_user                                                                      1536.797        1536.797        0.000           0.000           0.000           93              93              0               0               0               1536.797        1536.797        0.000           0.000           0.000           93              93              0               0               0               
