max slew

Pin                                    Limit    Slew   Slack
------------------------------------------------------------
gpio0_io                                1.20    3.63   -2.43 (VIOLATED)
gpio10_io                               1.20    3.63   -2.43 (VIOLATED)
gpio11_io                               1.20    3.63   -2.43 (VIOLATED)
gpio12_io                               1.20    3.63   -2.43 (VIOLATED)
gpio13_io                               1.20    3.63   -2.43 (VIOLATED)
gpio14_io                               1.20    3.63   -2.43 (VIOLATED)
gpio15_io                               1.20    3.63   -2.43 (VIOLATED)
gpio16_io                               1.20    3.63   -2.43 (VIOLATED)
gpio17_io                               1.20    3.63   -2.43 (VIOLATED)
gpio18_io                               1.20    3.63   -2.43 (VIOLATED)
gpio19_io                               1.20    3.63   -2.43 (VIOLATED)
gpio1_io                                1.20    3.63   -2.43 (VIOLATED)
gpio20_io                               1.20    3.63   -2.43 (VIOLATED)
gpio21_io                               1.20    3.63   -2.43 (VIOLATED)
gpio22_io                               1.20    3.63   -2.43 (VIOLATED)
gpio23_io                               1.20    3.63   -2.43 (VIOLATED)
gpio24_io                               1.20    3.63   -2.43 (VIOLATED)
gpio25_io                               1.20    3.63   -2.43 (VIOLATED)
gpio26_io                               1.20    3.63   -2.43 (VIOLATED)
gpio27_io                               1.20    3.63   -2.43 (VIOLATED)
gpio28_io                               1.20    3.63   -2.43 (VIOLATED)
gpio29_io                               1.20    3.63   -2.43 (VIOLATED)
gpio2_io                                1.20    3.63   -2.43 (VIOLATED)
gpio30_io                               1.20    3.63   -2.43 (VIOLATED)
gpio31_io                               1.20    3.63   -2.43 (VIOLATED)
gpio3_io                                1.20    3.63   -2.43 (VIOLATED)
gpio4_io                                1.20    3.63   -2.43 (VIOLATED)
gpio5_io                                1.20    3.63   -2.43 (VIOLATED)
gpio6_io                                1.20    3.63   -2.43 (VIOLATED)
gpio7_io                                1.20    3.63   -2.43 (VIOLATED)
gpio8_io                                1.20    3.63   -2.43 (VIOLATED)
gpio9_io                                1.20    3.63   -2.43 (VIOLATED)
pad_gpio0_io/pad                        1.20    3.63   -2.43 (VIOLATED)
pad_gpio10_io/pad                       1.20    3.63   -2.43 (VIOLATED)
pad_gpio11_io/pad                       1.20    3.63   -2.43 (VIOLATED)
pad_gpio12_io/pad                       1.20    3.63   -2.43 (VIOLATED)
pad_gpio13_io/pad                       1.20    3.63   -2.43 (VIOLATED)
pad_gpio14_io/pad                       1.20    3.63   -2.43 (VIOLATED)
pad_gpio15_io/pad                       1.20    3.63   -2.43 (VIOLATED)
pad_gpio16_io/pad                       1.20    3.63   -2.43 (VIOLATED)
pad_gpio17_io/pad                       1.20    3.63   -2.43 (VIOLATED)
pad_gpio18_io/pad                       1.20    3.63   -2.43 (VIOLATED)
pad_gpio19_io/pad                       1.20    3.63   -2.43 (VIOLATED)
pad_gpio1_io/pad                        1.20    3.63   -2.43 (VIOLATED)
pad_gpio20_io/pad                       1.20    3.63   -2.43 (VIOLATED)
pad_gpio21_io/pad                       1.20    3.63   -2.43 (VIOLATED)
pad_gpio22_io/pad                       1.20    3.63   -2.43 (VIOLATED)
pad_gpio23_io/pad                       1.20    3.63   -2.43 (VIOLATED)
pad_gpio24_io/pad                       1.20    3.63   -2.43 (VIOLATED)
pad_gpio25_io/pad                       1.20    3.63   -2.43 (VIOLATED)
pad_gpio26_io/pad                       1.20    3.63   -2.43 (VIOLATED)
pad_gpio27_io/pad                       1.20    3.63   -2.43 (VIOLATED)
pad_gpio28_io/pad                       1.20    3.63   -2.43 (VIOLATED)
pad_gpio29_io/pad                       1.20    3.63   -2.43 (VIOLATED)
pad_gpio2_io/pad                        1.20    3.63   -2.43 (VIOLATED)
pad_gpio30_io/pad                       1.20    3.63   -2.43 (VIOLATED)
pad_gpio31_io/pad                       1.20    3.63   -2.43 (VIOLATED)
pad_gpio3_io/pad                        1.20    3.63   -2.43 (VIOLATED)
pad_gpio4_io/pad                        1.20    3.63   -2.43 (VIOLATED)
pad_gpio5_io/pad                        1.20    3.63   -2.43 (VIOLATED)
pad_gpio6_io/pad                        1.20    3.63   -2.43 (VIOLATED)
pad_gpio7_io/pad                        1.20    3.63   -2.43 (VIOLATED)
pad_gpio8_io/pad                        1.20    3.63   -2.43 (VIOLATED)
pad_gpio9_io/pad                        1.20    3.63   -2.43 (VIOLATED)
pad_status_o/pad                        1.20    3.55   -2.35 (VIOLATED)
pad_uart_tx_o/pad                       1.20    3.55   -2.35 (VIOLATED)
pad_jtag_tdo_o/pad                      1.20    3.55   -2.35 (VIOLATED)
pad_unused0_o/pad                       1.20    3.55   -2.35 (VIOLATED)
pad_unused1_o/pad                       1.20    3.55   -2.35 (VIOLATED)
pad_unused2_o/pad                       1.20    3.55   -2.35 (VIOLATED)
pad_unused3_o/pad                       1.20    3.55   -2.35 (VIOLATED)

max capacitance

Pin                                    Limit     Cap   Slack
------------------------------------------------------------
gpio0_io                                4.21   15.37  -11.16 (VIOLATED)
gpio10_io                               4.21   15.37  -11.16 (VIOLATED)
gpio11_io                               4.21   15.37  -11.16 (VIOLATED)
gpio12_io                               4.21   15.37  -11.16 (VIOLATED)
gpio13_io                               4.21   15.37  -11.16 (VIOLATED)
gpio14_io                               4.21   15.37  -11.16 (VIOLATED)
gpio15_io                               4.21   15.37  -11.16 (VIOLATED)
gpio16_io                               4.21   15.37  -11.16 (VIOLATED)
gpio17_io                               4.21   15.37  -11.16 (VIOLATED)
gpio18_io                               4.21   15.37  -11.16 (VIOLATED)
gpio19_io                               4.21   15.37  -11.16 (VIOLATED)
gpio1_io                                4.21   15.37  -11.16 (VIOLATED)
gpio20_io                               4.21   15.37  -11.16 (VIOLATED)
gpio21_io                               4.21   15.37  -11.16 (VIOLATED)
gpio22_io                               4.21   15.37  -11.16 (VIOLATED)
gpio23_io                               4.21   15.37  -11.16 (VIOLATED)
gpio24_io                               4.21   15.37  -11.16 (VIOLATED)
gpio25_io                               4.21   15.37  -11.16 (VIOLATED)
gpio26_io                               4.21   15.37  -11.16 (VIOLATED)
gpio27_io                               4.21   15.37  -11.16 (VIOLATED)
gpio28_io                               4.21   15.37  -11.16 (VIOLATED)
gpio29_io                               4.21   15.37  -11.16 (VIOLATED)
gpio2_io                                4.21   15.37  -11.16 (VIOLATED)
gpio30_io                               4.21   15.37  -11.16 (VIOLATED)
gpio31_io                               4.21   15.37  -11.16 (VIOLATED)
gpio3_io                                4.21   15.37  -11.16 (VIOLATED)
gpio4_io                                4.21   15.37  -11.16 (VIOLATED)
gpio5_io                                4.21   15.37  -11.16 (VIOLATED)
gpio6_io                                4.21   15.37  -11.16 (VIOLATED)
gpio7_io                                4.21   15.37  -11.16 (VIOLATED)
gpio8_io                                4.21   15.37  -11.16 (VIOLATED)
gpio9_io                                4.21   15.37  -11.16 (VIOLATED)
pad_jtag_tdo_o/pad                      4.21   15.00  -10.79 (VIOLATED)
pad_status_o/pad                        4.21   15.00  -10.79 (VIOLATED)
pad_uart_tx_o/pad                       4.21   15.00  -10.79 (VIOLATED)
pad_unused0_o/pad                       4.21   15.00  -10.79 (VIOLATED)
pad_unused1_o/pad                       4.21   15.00  -10.79 (VIOLATED)
pad_unused2_o/pad                       4.21   15.00  -10.79 (VIOLATED)
pad_unused3_o/pad                       4.21   15.00  -10.79 (VIOLATED)
pad_gpio0_io/pad                        4.83   15.37  -10.54 (VIOLATED)
pad_gpio10_io/pad                       4.83   15.37  -10.54 (VIOLATED)
pad_gpio11_io/pad                       4.83   15.37  -10.54 (VIOLATED)
pad_gpio12_io/pad                       4.83   15.37  -10.54 (VIOLATED)
pad_gpio13_io/pad                       4.83   15.37  -10.54 (VIOLATED)
pad_gpio14_io/pad                       4.83   15.37  -10.54 (VIOLATED)
pad_gpio15_io/pad                       4.83   15.37  -10.54 (VIOLATED)
pad_gpio16_io/pad                       4.83   15.37  -10.54 (VIOLATED)
pad_gpio17_io/pad                       4.83   15.37  -10.54 (VIOLATED)
pad_gpio18_io/pad                       4.83   15.37  -10.54 (VIOLATED)
pad_gpio19_io/pad                       4.83   15.37  -10.54 (VIOLATED)
pad_gpio1_io/pad                        4.83   15.37  -10.54 (VIOLATED)
pad_gpio20_io/pad                       4.83   15.37  -10.54 (VIOLATED)
pad_gpio21_io/pad                       4.83   15.37  -10.54 (VIOLATED)
pad_gpio22_io/pad                       4.83   15.37  -10.54 (VIOLATED)
pad_gpio23_io/pad                       4.83   15.37  -10.54 (VIOLATED)
pad_gpio24_io/pad                       4.83   15.37  -10.54 (VIOLATED)
pad_gpio25_io/pad                       4.83   15.37  -10.54 (VIOLATED)
pad_gpio26_io/pad                       4.83   15.37  -10.54 (VIOLATED)
pad_gpio27_io/pad                       4.83   15.37  -10.54 (VIOLATED)
pad_gpio28_io/pad                       4.83   15.37  -10.54 (VIOLATED)
pad_gpio29_io/pad                       4.83   15.37  -10.54 (VIOLATED)
pad_gpio2_io/pad                        4.83   15.37  -10.54 (VIOLATED)
pad_gpio30_io/pad                       4.83   15.37  -10.54 (VIOLATED)
pad_gpio31_io/pad                       4.83   15.37  -10.54 (VIOLATED)
pad_gpio3_io/pad                        4.83   15.37  -10.54 (VIOLATED)
pad_gpio4_io/pad                        4.83   15.37  -10.54 (VIOLATED)
pad_gpio5_io/pad                        4.83   15.37  -10.54 (VIOLATED)
pad_gpio6_io/pad                        4.83   15.37  -10.54 (VIOLATED)
pad_gpio7_io/pad                        4.83   15.37  -10.54 (VIOLATED)
pad_gpio8_io/pad                        4.83   15.37  -10.54 (VIOLATED)
pad_gpio9_io/pad                        4.83   15.37  -10.54 (VIOLATED)
i_croc_soc/i_croc/gen_sram_bank[1].i_sram/gen_512x32xBx1.i_cut/A_DOUT[27]    0.06    0.12   -0.05 (VIOLATED)
i_croc_soc/i_croc/gen_sram_bank[1].i_sram/gen_512x32xBx1.i_cut/A_DOUT[30]    0.06    0.12   -0.05 (VIOLATED)
i_croc_soc/i_croc/gen_sram_bank[1].i_sram/gen_512x32xBx1.i_cut/A_DOUT[26]    0.06    0.12   -0.05 (VIOLATED)
i_croc_soc/i_croc/gen_sram_bank[1].i_sram/gen_512x32xBx1.i_cut/A_DOUT[31]    0.06    0.12   -0.05 (VIOLATED)
i_croc_soc/i_croc/gen_sram_bank[0].i_sram/gen_512x32xBx1.i_cut/A_DOUT[0]    0.06    0.11   -0.05 (VIOLATED)
i_croc_soc/i_croc/gen_sram_bank[1].i_sram/gen_512x32xBx1.i_cut/A_DOUT[21]    0.06    0.11   -0.05 (VIOLATED)
i_croc_soc/i_croc/gen_sram_bank[0].i_sram/gen_512x32xBx1.i_cut/A_DOUT[1]    0.06    0.11   -0.05 (VIOLATED)
i_croc_soc/i_croc/gen_sram_bank[1].i_sram/gen_512x32xBx1.i_cut/A_DOUT[29]    0.06    0.11   -0.05 (VIOLATED)
i_croc_soc/i_croc/gen_sram_bank[1].i_sram/gen_512x32xBx1.i_cut/A_DOUT[25]    0.06    0.11   -0.05 (VIOLATED)
i_croc_soc/i_croc/gen_sram_bank[1].i_sram/gen_512x32xBx1.i_cut/A_DOUT[22]    0.06    0.11   -0.05 (VIOLATED)
i_croc_soc/i_croc/gen_sram_bank[1].i_sram/gen_512x32xBx1.i_cut/A_DOUT[28]    0.06    0.11   -0.05 (VIOLATED)
i_croc_soc/i_croc/gen_sram_bank[1].i_sram/gen_512x32xBx1.i_cut/A_DOUT[23]    0.06    0.11   -0.05 (VIOLATED)
i_croc_soc/i_croc/gen_sram_bank[0].i_sram/gen_512x32xBx1.i_cut/A_DOUT[10]    0.06    0.11   -0.04 (VIOLATED)
i_croc_soc/i_croc/gen_sram_bank[0].i_sram/gen_512x32xBx1.i_cut/A_DOUT[2]    0.06    0.11   -0.04 (VIOLATED)
i_croc_soc/i_croc/gen_sram_bank[1].i_sram/gen_512x32xBx1.i_cut/A_DOUT[24]    0.06    0.11   -0.04 (VIOLATED)
i_croc_soc/i_croc/gen_sram_bank[0].i_sram/gen_512x32xBx1.i_cut/A_DOUT[5]    0.06    0.11   -0.04 (VIOLATED)
i_croc_soc/i_croc/gen_sram_bank[1].i_sram/gen_512x32xBx1.i_cut/A_DOUT[17]    0.06    0.11   -0.04 (VIOLATED)
i_croc_soc/i_croc/gen_sram_bank[0].i_sram/gen_512x32xBx1.i_cut/A_DOUT[7]    0.06    0.11   -0.04 (VIOLATED)
i_croc_soc/i_croc/gen_sram_bank[1].i_sram/gen_512x32xBx1.i_cut/A_DOUT[16]    0.06    0.11   -0.04 (VIOLATED)
i_croc_soc/i_croc/gen_sram_bank[0].i_sram/gen_512x32xBx1.i_cut/A_DOUT[6]    0.06    0.11   -0.04 (VIOLATED)
i_croc_soc/i_croc/gen_sram_bank[0].i_sram/gen_512x32xBx1.i_cut/A_DOUT[3]    0.06    0.10   -0.04 (VIOLATED)
i_croc_soc/i_croc/gen_sram_bank[0].i_sram/gen_512x32xBx1.i_cut/A_DOUT[12]    0.06    0.10   -0.04 (VIOLATED)
i_croc_soc/i_croc/gen_sram_bank[0].i_sram/gen_512x32xBx1.i_cut/A_DOUT[9]    0.06    0.10   -0.04 (VIOLATED)
i_croc_soc/i_croc/gen_sram_bank[0].i_sram/gen_512x32xBx1.i_cut/A_DOUT[4]    0.06    0.10   -0.04 (VIOLATED)
i_croc_soc/i_croc/gen_sram_bank[0].i_sram/gen_512x32xBx1.i_cut/A_DOUT[8]    0.06    0.10   -0.04 (VIOLATED)
i_croc_soc/i_croc/gen_sram_bank[0].i_sram/gen_512x32xBx1.i_cut/A_DOUT[11]    0.06    0.10   -0.04 (VIOLATED)
i_croc_soc/i_croc/gen_sram_bank[1].i_sram/gen_512x32xBx1.i_cut/A_DOUT[18]    0.06    0.10   -0.03 (VIOLATED)
i_croc_soc/i_croc/gen_sram_bank[0].i_sram/gen_512x32xBx1.i_cut/A_DOUT[14]    0.06    0.10   -0.03 (VIOLATED)
i_croc_soc/i_croc/gen_sram_bank[1].i_sram/gen_512x32xBx1.i_cut/A_DOUT[20]    0.06    0.10   -0.03 (VIOLATED)
i_croc_soc/i_croc/gen_sram_bank[1].i_sram/gen_512x32xBx1.i_cut/A_DOUT[19]    0.06    0.10   -0.03 (VIOLATED)
i_croc_soc/i_croc/gen_sram_bank[0].i_sram/gen_512x32xBx1.i_cut/A_DOUT[16]    0.06    0.10   -0.03 (VIOLATED)
i_croc_soc/i_croc/gen_sram_bank[0].i_sram/gen_512x32xBx1.i_cut/A_DOUT[13]    0.06    0.10   -0.03 (VIOLATED)
i_croc_soc/i_croc/gen_sram_bank[1].i_sram/gen_512x32xBx1.i_cut/A_DOUT[15]    0.06    0.10   -0.03 (VIOLATED)
i_croc_soc/i_croc/gen_sram_bank[0].i_sram/gen_512x32xBx1.i_cut/A_DOUT[17]    0.06    0.10   -0.03 (VIOLATED)
i_croc_soc/i_croc/gen_sram_bank[0].i_sram/gen_512x32xBx1.i_cut/A_DOUT[15]    0.06    0.10   -0.03 (VIOLATED)
i_croc_soc/i_croc/gen_sram_bank[1].i_sram/gen_512x32xBx1.i_cut/A_DOUT[13]    0.06    0.09   -0.03 (VIOLATED)
i_croc_soc/i_croc/gen_sram_bank[1].i_sram/gen_512x32xBx1.i_cut/A_DOUT[14]    0.06    0.09   -0.03 (VIOLATED)
i_croc_soc/i_croc/gen_sram_bank[0].i_sram/gen_512x32xBx1.i_cut/A_DOUT[21]    0.06    0.09   -0.03 (VIOLATED)
i_croc_soc/i_croc/gen_sram_bank[1].i_sram/gen_512x32xBx1.i_cut/A_DOUT[11]    0.06    0.09   -0.03 (VIOLATED)
i_croc_soc/i_croc/gen_sram_bank[1].i_sram/gen_512x32xBx1.i_cut/A_DOUT[12]    0.06    0.09   -0.03 (VIOLATED)
i_croc_soc/i_croc/gen_sram_bank[1].i_sram/gen_512x32xBx1.i_cut/A_DOUT[10]    0.06    0.09   -0.03 (VIOLATED)
i_croc_soc/i_croc/gen_sram_bank[1].i_sram/gen_512x32xBx1.i_cut/A_DOUT[9]    0.06    0.09   -0.03 (VIOLATED)
i_croc_soc/i_croc/gen_sram_bank[1].i_sram/gen_512x32xBx1.i_cut/A_DOUT[8]    0.06    0.09   -0.03 (VIOLATED)
i_croc_soc/i_croc/gen_sram_bank[0].i_sram/gen_512x32xBx1.i_cut/A_DOUT[26]    0.06    0.09   -0.02 (VIOLATED)
i_croc_soc/i_croc/gen_sram_bank[1].i_sram/gen_512x32xBx1.i_cut/A_DOUT[7]    0.06    0.09   -0.02 (VIOLATED)
i_croc_soc/i_croc/gen_sram_bank[0].i_sram/gen_512x32xBx1.i_cut/A_DOUT[22]    0.06    0.09   -0.02 (VIOLATED)
i_croc_soc/i_croc/gen_sram_bank[1].i_sram/gen_512x32xBx1.i_cut/A_DOUT[6]    0.06    0.08   -0.02 (VIOLATED)
i_croc_soc/i_croc/gen_sram_bank[1].i_sram/gen_512x32xBx1.i_cut/A_DOUT[1]    0.06    0.08   -0.02 (VIOLATED)
i_croc_soc/i_croc/gen_sram_bank[0].i_sram/gen_512x32xBx1.i_cut/A_DOUT[24]    0.06    0.08   -0.02 (VIOLATED)
i_croc_soc/i_croc/gen_sram_bank[0].i_sram/gen_512x32xBx1.i_cut/A_DOUT[18]    0.06    0.08   -0.02 (VIOLATED)
i_croc_soc/i_croc/gen_sram_bank[1].i_sram/gen_512x32xBx1.i_cut/A_DOUT[0]    0.06    0.08   -0.02 (VIOLATED)
i_croc_soc/i_croc/gen_sram_bank[0].i_sram/gen_512x32xBx1.i_cut/A_DOUT[23]    0.06    0.08   -0.02 (VIOLATED)
i_croc_soc/i_croc/gen_sram_bank[1].i_sram/gen_512x32xBx1.i_cut/A_DOUT[5]    0.06    0.08   -0.02 (VIOLATED)
i_croc_soc/i_croc/gen_sram_bank[0].i_sram/gen_512x32xBx1.i_cut/A_DOUT[25]    0.06    0.08   -0.02 (VIOLATED)
i_croc_soc/i_croc/gen_sram_bank[0].i_sram/gen_512x32xBx1.i_cut/A_DOUT[30]    0.06    0.08   -0.02 (VIOLATED)
i_croc_soc/i_croc/gen_sram_bank[0].i_sram/gen_512x32xBx1.i_cut/A_DOUT[19]    0.06    0.08   -0.02 (VIOLATED)
i_croc_soc/i_croc/gen_sram_bank[1].i_sram/gen_512x32xBx1.i_cut/A_DOUT[2]    0.06    0.08   -0.02 (VIOLATED)
i_croc_soc/i_croc/gen_sram_bank[0].i_sram/gen_512x32xBx1.i_cut/A_DOUT[27]    0.06    0.08   -0.02 (VIOLATED)
i_croc_soc/i_croc/gen_sram_bank[0].i_sram/gen_512x32xBx1.i_cut/A_DOUT[20]    0.06    0.08   -0.02 (VIOLATED)
i_croc_soc/i_croc/gen_sram_bank[1].i_sram/gen_512x32xBx1.i_cut/A_DOUT[4]    0.06    0.08   -0.01 (VIOLATED)
i_croc_soc/i_croc/gen_sram_bank[1].i_sram/gen_512x32xBx1.i_cut/A_DOUT[3]    0.06    0.08   -0.01 (VIOLATED)
i_croc_soc/i_croc/gen_sram_bank[0].i_sram/gen_512x32xBx1.i_cut/A_DOUT[31]    0.06    0.08   -0.01 (VIOLATED)
i_croc_soc/i_croc/gen_sram_bank[0].i_sram/gen_512x32xBx1.i_cut/A_DOUT[28]    0.06    0.07   -0.01 (VIOLATED)
i_croc_soc/i_croc/gen_sram_bank[0].i_sram/gen_512x32xBx1.i_cut/A_DOUT[29]    0.06    0.07   -0.01 (VIOLATED)

