Startpoint: bi_rx_pad (input port clocked by clk_sys)
Endpoint: bi_rx_rx (output port clocked by clk_sys)
Path Group: clk_sys
Path Type: min
Corner: ff

Fanout           Cap          Slew         Delay          Time   Description
-----------------------------------------------------------------------------------------------------
                        0.19999999    0.00000000    0.00000000   clock clk_sys (rise edge)
                                      0.00000000    0.00000000   clock network delay (ideal)
                                      1.00000000    1.00000000 v input external delay
     1   15.32914925    2.37844539    1.16140580    2.16140580 v bi_rx_pad (in)
     1    0.05000000    0.05483214    0.39251247    2.55391836 v bi_rx/p2c (sg13g2_IOPadInOut30mA)
                        0.05483214    0.00000000    2.55391836 v bi_rx_rx (out)
                                                    2.55391836   data arrival time

                        0.19999999    0.00000000    0.00000000   clock clk_sys (rise edge)
                                      0.00000000    0.00000000   clock network delay (ideal)
                                      0.09999999    0.09999999   clock uncertainty
                                      0.00000000    0.09999999   clock reconvergence pessimism
                                     -1.00000000   -0.89999998   output external delay
                                                   -0.89999998   data required time
-----------------------------------------------------------------------------------------------------
                                                   -0.89999998   data required time
                                                   -2.55391836   data arrival time
-----------------------------------------------------------------------------------------------------
                                                    3.45391822   slack (MET)


Startpoint: bi_rx_pad (input port clocked by clk_sys)
Endpoint: bi_rx_rx (output port clocked by clk_sys)
Path Group: clk_sys
Path Type: max
Corner: ff

Fanout           Cap          Slew         Delay          Time   Description
-----------------------------------------------------------------------------------------------------
                        0.19999999    0.00000000    0.00000000   clock clk_sys (rise edge)
                                      0.00000000    0.00000000   clock network delay (ideal)
                                      3.00000000    3.00000000 ^ input external delay
     1   15.40059757    2.56972742    1.28983045    4.28983021 ^ bi_rx_pad (in)
     1    0.05000000    0.06693327    0.36271876    4.65254927 ^ bi_rx/p2c (sg13g2_IOPadInOut30mA)
                        0.06693327    0.00000000    4.65254927 ^ bi_rx_rx (out)
                                                    4.65254927   data arrival time

                        0.19999999   10.00000000   10.00000000   clock clk_sys (rise edge)
                                      0.00000000   10.00000000   clock network delay (ideal)
                                     -0.09999999    9.90000057   clock uncertainty
                                      0.00000000    9.90000057   clock reconvergence pessimism
                                     -3.00000000    6.90000010   output external delay
                                                    6.90000010   data required time
-----------------------------------------------------------------------------------------------------
                                                    6.90000010   data required time
                                                   -4.65254927   data arrival time
-----------------------------------------------------------------------------------------------------
                                                    2.24745107   slack (MET)


