Startpoint: out_core (input port clocked by clk_sys)
Endpoint: out_pad (output port clocked by clk_sys)
Path Group: clk_sys
Path Type: min
Corner: ff

Fanout           Cap          Slew         Delay          Time   Description
-----------------------------------------------------------------------------------------------------
                        0.19999999    0.00000000    0.00000000   clock clk_sys (rise edge)
                                      0.00000000    0.00000000   clock network delay (ideal)
                                      1.00000000    1.00000000 v input external delay
     1    0.03783990    0.19999999    0.00000000    1.00000000 v out_core (in)
     1   15.00000000    2.33091354    1.87940693    2.87940693 v out16/pad (sg13g2_IOPadOut16mA)
                        2.33091354    0.00000000    2.87940693 v out_pad (out)
                                                    2.87940693   data arrival time

                        0.19999999    0.00000000    0.00000000   clock clk_sys (rise edge)
                                      0.00000000    0.00000000   clock network delay (ideal)
                                      0.09999999    0.09999999   clock uncertainty
                                      0.00000000    0.09999999   clock reconvergence pessimism
                                     -1.00000000   -0.89999998   output external delay
                                                   -0.89999998   data required time
-----------------------------------------------------------------------------------------------------
                                                   -0.89999998   data required time
                                                   -2.87940693   data arrival time
-----------------------------------------------------------------------------------------------------
                                                    3.77940702   slack (MET)


Startpoint: out_core (input port clocked by clk_sys)
Endpoint: out_pad (output port clocked by clk_sys)
Path Group: clk_sys
Path Type: max
Corner: ff

Fanout           Cap          Slew         Delay          Time   Description
-----------------------------------------------------------------------------------------------------
                        0.19999999    0.00000000    0.00000000   clock clk_sys (rise edge)
                                      0.00000000    0.00000000   clock network delay (ideal)
                                      3.00000000    3.00000000 ^ input external delay
     1    0.04327590    0.19999999    0.00000000    3.00000000 ^ out_core (in)
     1   15.00000000    2.50765538    2.25762486    5.25762463 ^ out16/pad (sg13g2_IOPadOut16mA)
                        2.50765538    0.00000000    5.25762463 ^ out_pad (out)
                                                    5.25762463   data arrival time

                        0.19999999   10.00000000   10.00000000   clock clk_sys (rise edge)
                                      0.00000000   10.00000000   clock network delay (ideal)
                                     -0.09999999    9.90000057   clock uncertainty
                                      0.00000000    9.90000057   clock reconvergence pessimism
                                     -3.00000000    6.90000010   output external delay
                                                    6.90000010   data required time
-----------------------------------------------------------------------------------------------------
                                                    6.90000010   data required time
                                                   -5.25762463   data arrival time
-----------------------------------------------------------------------------------------------------
                                                    1.64237559   slack (MET)


