
==========================================================================
after_cts check_setup
--------------------------------------------------------------------------
1

==========================================================================
after_cts report_tns
--------------------------------------------------------------------------
tns max 0.00

==========================================================================
after_cts report_wns
--------------------------------------------------------------------------
wns max 0.00

==========================================================================
after_cts report_worst_slack
--------------------------------------------------------------------------
worst slack max 0.14

==========================================================================
after_cts report_checks -path_delay min
--------------------------------------------------------------------------
[WARNING STA-0168] unknown field nets.
Startpoint: i_croc_soc/i_rstgen.i_rstgen_bypass.synch_regs_q_3__reg
            (rising edge-triggered flip-flop clocked by clk_sys)
Endpoint: i_croc_soc/i_croc/i_uart/i_uart_rx.i_fifo_v3.mem_q_57__reg
          (removal check against rising-edge clock clk_sys)
Path Group: asynchronous
Path Type: min
Corner: ff

Fanout     Cap    Slew   Delay    Time   Description
-----------------------------------------------------------------------------
                          0.00    0.00   clock clk_sys (rise edge)
                          0.00    0.00   clock source latency
     2    0.20    0.25    0.02    0.02 ^ clk_i (in)
                  0.25    0.00    0.02 ^ pad_clk_i/pad (sg13g2_IOPadIn)
     2    0.12    0.15    0.09    0.11 ^ pad_clk_i/p2c (sg13g2_IOPadIn)
                  0.13    0.03    0.14 ^ clkbuf_regs_0_clk_sys/A (sg13g2_buf_8)
     1    0.01    0.02    0.08    0.22 ^ clkbuf_regs_0_clk_sys/X (sg13g2_buf_8)
                  0.02    0.00    0.22 ^ clkbuf_0_soc_clk_i_regs/A (sg13g2_buf_8)
     4    0.17    0.07    0.08    0.29 ^ clkbuf_0_soc_clk_i_regs/X (sg13g2_buf_8)
                  0.07    0.01    0.31 ^ clkbuf_2_1_0_soc_clk_i_regs/A (sg13g2_buf_16)
     2    0.02    0.02    0.06    0.37 ^ clkbuf_2_1_0_soc_clk_i_regs/X (sg13g2_buf_16)
                  0.02    0.00    0.37 ^ eco_cts_b1_g0/A (sg13g2_buf_8)
     8    0.20    0.07    0.08    0.45 ^ eco_cts_b1_g0/X (sg13g2_buf_8)
                  0.07    0.01    0.46 ^ clkbuf_6_16_0_soc_clk_i_regs/A (sg13g2_buf_16)
     2    0.02    0.02    0.06    0.52 ^ clkbuf_6_16_0_soc_clk_i_regs/X (sg13g2_buf_16)
                  0.02    0.00    0.52 ^ clkbuf_7_32__f_soc_clk_i_regs/A (sg13g2_buf_8)
     6    0.12    0.05    0.07    0.59 ^ clkbuf_7_32__f_soc_clk_i_regs/X (sg13g2_buf_8)
                  0.05    0.00    0.59 ^ clkbuf_leaf_45_soc_clk_i_regs/A (sg13g2_buf_16)
     6    0.02    0.02    0.05    0.65 ^ clkbuf_leaf_45_soc_clk_i_regs/X (sg13g2_buf_16)
                  0.02    0.00    0.65 ^ i_croc_soc/i_rstgen.i_rstgen_bypass.synch_regs_q_3__reg/CLK (sg13g2_dfrbpq_1)
     2    0.01    0.02    0.12    0.76 ^ i_croc_soc/i_rstgen.i_rstgen_bypass.synch_regs_q_3__reg/Q (sg13g2_dfrbpq_1)
                  0.02    0.00    0.76 ^ i_croc_soc/i_rstgen.i_rstgen_bypass.i_tc_clk_mux2_rst_no/i_mux/A0 (sg13g2_mux2_2)
     7    0.13    0.17    0.17    0.94 ^ i_croc_soc/i_rstgen.i_rstgen_bypass.i_tc_clk_mux2_rst_no/i_mux/X (sg13g2_mux2_2)
                  0.17    0.00    0.94 ^ place13257/A (sg13g2_buf_2)
     8    0.05    0.08    0.14    1.08 ^ place13257/X (sg13g2_buf_2)
                  0.08    0.00    1.09 ^ i_croc_soc/i_croc/i_uart/i_uart_rx.i_fifo_v3.mem_q_57__reg/RESET_B (sg13g2_dfrbpq_1)
                                  1.09   data arrival time

                          0.00    0.00   clock clk_sys (rise edge)
                          0.00    0.00   clock source latency
     2    0.24    0.26    0.03    0.03 ^ clk_i (in)
                  0.26    0.00    0.03 ^ pad_clk_i/pad (sg13g2_IOPadIn)
     2    0.12    0.15    0.09    0.11 ^ pad_clk_i/p2c (sg13g2_IOPadIn)
                  0.13    0.03    0.14 ^ clkbuf_regs_0_clk_sys/A (sg13g2_buf_8)
     1    0.01    0.02    0.08    0.22 ^ clkbuf_regs_0_clk_sys/X (sg13g2_buf_8)
                  0.02    0.00    0.22 ^ clkbuf_0_soc_clk_i_regs/A (sg13g2_buf_8)
     4    0.19    0.07    0.08    0.30 ^ clkbuf_0_soc_clk_i_regs/X (sg13g2_buf_8)
                  0.07    0.01    0.32 ^ clkbuf_2_1_0_soc_clk_i_regs/A (sg13g2_buf_16)
     2    0.02    0.02    0.06    0.38 ^ clkbuf_2_1_0_soc_clk_i_regs/X (sg13g2_buf_16)
                  0.02    0.00    0.38 ^ eco_cts_b1_g0/A (sg13g2_buf_8)
     8    0.22    0.08    0.08    0.47 ^ eco_cts_b1_g0/X (sg13g2_buf_8)
                  0.09    0.02    0.49 ^ clkbuf_6_21_0_soc_clk_i_regs/A (sg13g2_buf_16)
     2    0.03    0.02    0.07    0.56 ^ clkbuf_6_21_0_soc_clk_i_regs/X (sg13g2_buf_16)
                  0.02    0.00    0.56 ^ clkbuf_7_42__f_soc_clk_i_regs/A (sg13g2_buf_8)
     6    0.14    0.05    0.07    0.63 ^ clkbuf_7_42__f_soc_clk_i_regs/X (sg13g2_buf_8)
                  0.05    0.00    0.64 ^ clkbuf_leaf_180_soc_clk_i_regs/A (sg13g2_buf_16)
     8    0.03    0.02    0.06    0.69 ^ clkbuf_leaf_180_soc_clk_i_regs/X (sg13g2_buf_16)
                  0.02    0.00    0.69 ^ i_croc_soc/i_croc/i_uart/i_uart_rx.i_fifo_v3.mem_q_57__reg/CLK (sg13g2_dfrbpq_1)
                          0.10    0.79   clock uncertainty
                         -0.02    0.77   clock reconvergence pessimism
                         -0.08    0.69   library removal time
                                  0.69   data required time
-----------------------------------------------------------------------------
                                  0.69   data required time
                                 -1.09   data arrival time
-----------------------------------------------------------------------------
                                  0.39   slack (MET)


Startpoint: i_croc_soc/i_croc/i_dmi_jtag/i_dmi_cdc.i_cdc_resp/i_dst/i_sync/reg_q_0__reg
            (rising edge-triggered flip-flop clocked by clk_jtg)
Endpoint: i_croc_soc/i_croc/i_dmi_jtag/i_dmi_cdc.i_cdc_resp/i_dst/i_sync/reg_q_1__reg
          (rising edge-triggered flip-flop clocked by clk_jtg)
Path Group: clk_jtg
Path Type: min
Corner: ff

Fanout     Cap    Slew   Delay    Time   Description
-----------------------------------------------------------------------------
                          0.00    0.00   clock clk_jtg (rise edge)
                          0.00    0.00   clock source latency
     2    0.20    0.25    0.02    0.02 ^ jtag_tck_i (in)
                  0.25    0.00    0.02 ^ pad_jtag_tck_i/pad (sg13g2_IOPadIn)
     2    0.05    0.07    0.07    0.09 ^ pad_jtag_tck_i/p2c (sg13g2_IOPadIn)
                  0.06    0.01    0.09 ^ clkbuf_regs_1_clk_jtg/A (sg13g2_buf_8)
     1    0.01    0.01    0.06    0.15 ^ clkbuf_regs_1_clk_jtg/X (sg13g2_buf_8)
                  0.01    0.00    0.15 ^ clkbuf_0_soc_jtag_tck_i_regs/A (sg13g2_buf_8)
     8    0.19    0.07    0.08    0.23 ^ clkbuf_0_soc_jtag_tck_i_regs/X (sg13g2_buf_8)
                  0.07    0.00    0.24 ^ clkbuf_3_3_0_soc_jtag_tck_i_regs/A (sg13g2_buf_16)
     5    0.10    0.03    0.07    0.31 ^ clkbuf_3_3_0_soc_jtag_tck_i_regs/X (sg13g2_buf_16)
                  0.03    0.00    0.31 ^ clkbuf_leaf_29_soc_jtag_tck_i_regs/A (sg13g2_buf_16)
     8    0.04    0.02    0.05    0.36 ^ clkbuf_leaf_29_soc_jtag_tck_i_regs/X (sg13g2_buf_16)
                  0.02    0.00    0.36 ^ i_croc_soc/i_croc/i_dmi_jtag/i_dmi_cdc.i_cdc_resp/i_dst/i_sync/reg_q_0__reg/CLK (sg13g2_dfrbpq_1)
     1    0.00    0.01    0.11    0.47 v i_croc_soc/i_croc/i_dmi_jtag/i_dmi_cdc.i_cdc_resp/i_dst/i_sync/reg_q_0__reg/Q (sg13g2_dfrbpq_1)
                  0.01    0.00    0.47 v i_croc_soc/i_croc/i_dmi_jtag/i_dmi_cdc.i_cdc_resp/i_dst/i_sync/reg_q_1__reg/D (sg13g2_dfrbpq_1)
                                  0.47   data arrival time

                          0.00    0.00   clock clk_jtg (rise edge)
                          0.00    0.00   clock source latency
     2    0.24    0.26    0.03    0.03 ^ jtag_tck_i (in)
                  0.26    0.00    0.03 ^ pad_jtag_tck_i/pad (sg13g2_IOPadIn)
     2    0.06    0.08    0.07    0.09 ^ pad_jtag_tck_i/p2c (sg13g2_IOPadIn)
                  0.06    0.01    0.10 ^ clkbuf_regs_1_clk_jtg/A (sg13g2_buf_8)
     1    0.01    0.02    0.06    0.16 ^ clkbuf_regs_1_clk_jtg/X (sg13g2_buf_8)
                  0.02    0.00    0.16 ^ clkbuf_0_soc_jtag_tck_i_regs/A (sg13g2_buf_8)
     8    0.21    0.08    0.09    0.25 ^ clkbuf_0_soc_jtag_tck_i_regs/X (sg13g2_buf_8)
                  0.08    0.01    0.25 ^ clkbuf_3_2_0_soc_jtag_tck_i_regs/A (sg13g2_buf_16)
     5    0.12    0.03    0.08    0.33 ^ clkbuf_3_2_0_soc_jtag_tck_i_regs/X (sg13g2_buf_16)
                  0.03    0.00    0.33 ^ clkbuf_leaf_28_soc_jtag_tck_i_regs/A (sg13g2_buf_16)
     8    0.04    0.02    0.05    0.38 ^ clkbuf_leaf_28_soc_jtag_tck_i_regs/X (sg13g2_buf_16)
                  0.02    0.00    0.38 ^ i_croc_soc/i_croc/i_dmi_jtag/i_dmi_cdc.i_cdc_resp/i_dst/i_sync/reg_q_1__reg/CLK (sg13g2_dfrbpq_1)
                          0.10    0.48   clock uncertainty
                         -0.01    0.47   clock reconvergence pessimism
                         -0.02    0.45   library hold time
                                  0.45   data required time
-----------------------------------------------------------------------------
                                  0.45   data required time
                                 -0.47   data arrival time
-----------------------------------------------------------------------------
                                  0.02   slack (MET)


Startpoint: i_croc_soc/i_croc/i_gpio/gen_gpios[15].i_sync/reg_q_0__reg
            (rising edge-triggered flip-flop clocked by clk_sys)
Endpoint: i_croc_soc/i_croc/i_gpio/gen_gpios[15].i_sync/serial_o_reg
          (rising edge-triggered flip-flop clocked by clk_sys)
Path Group: clk_sys
Path Type: min
Corner: ff

Fanout     Cap    Slew   Delay    Time   Description
-----------------------------------------------------------------------------
                          0.00    0.00   clock clk_sys (rise edge)
                          0.00    0.00   clock source latency
     2    0.20    0.25    0.02    0.02 ^ clk_i (in)
                  0.25    0.00    0.02 ^ pad_clk_i/pad (sg13g2_IOPadIn)
     2    0.12    0.15    0.09    0.11 ^ pad_clk_i/p2c (sg13g2_IOPadIn)
                  0.13    0.03    0.14 ^ clkbuf_regs_0_clk_sys/A (sg13g2_buf_8)
     1    0.01    0.02    0.08    0.22 ^ clkbuf_regs_0_clk_sys/X (sg13g2_buf_8)
                  0.02    0.00    0.22 ^ clkbuf_0_soc_clk_i_regs/A (sg13g2_buf_8)
     4    0.17    0.07    0.08    0.29 ^ clkbuf_0_soc_clk_i_regs/X (sg13g2_buf_8)
                  0.07    0.01    0.30 ^ clkbuf_2_2_0_soc_clk_i_regs/A (sg13g2_buf_16)
     2    0.02    0.02    0.06    0.36 ^ clkbuf_2_2_0_soc_clk_i_regs/X (sg13g2_buf_16)
                  0.02    0.00    0.36 ^ eco_cts_b2_g0/A (sg13g2_buf_8)
     8    0.20    0.07    0.08    0.44 ^ eco_cts_b2_g0/X (sg13g2_buf_8)
                  0.07    0.01    0.45 ^ clkbuf_6_39_0_soc_clk_i_regs/A (sg13g2_buf_16)
     2    0.02    0.02    0.06    0.52 ^ clkbuf_6_39_0_soc_clk_i_regs/X (sg13g2_buf_16)
                  0.02    0.00    0.52 ^ clkbuf_7_79__f_soc_clk_i_regs/A (sg13g2_buf_8)
     6    0.12    0.05    0.07    0.58 ^ clkbuf_7_79__f_soc_clk_i_regs/X (sg13g2_buf_8)
                  0.05    0.00    0.59 ^ clkbuf_leaf_551_soc_clk_i_regs/A (sg13g2_buf_16)
     5    0.03    0.02    0.06    0.64 ^ clkbuf_leaf_551_soc_clk_i_regs/X (sg13g2_buf_16)
                  0.02    0.00    0.64 ^ i_croc_soc/i_croc/i_gpio/gen_gpios[15].i_sync/reg_q_0__reg/CLK (sg13g2_dfrbpq_1)
     1    0.00    0.01    0.11    0.75 v i_croc_soc/i_croc/i_gpio/gen_gpios[15].i_sync/reg_q_0__reg/Q (sg13g2_dfrbpq_1)
                  0.01    0.00    0.75 v i_croc_soc/i_croc/i_gpio/gen_gpios[15].i_sync/serial_o_reg/D (sg13g2_dfrbpq_1)
                                  0.75   data arrival time

                          0.00    0.00   clock clk_sys (rise edge)
                          0.00    0.00   clock source latency
     2    0.24    0.26    0.03    0.03 ^ clk_i (in)
                  0.26    0.00    0.03 ^ pad_clk_i/pad (sg13g2_IOPadIn)
     2    0.12    0.15    0.09    0.11 ^ pad_clk_i/p2c (sg13g2_IOPadIn)
                  0.13    0.03    0.14 ^ clkbuf_regs_0_clk_sys/A (sg13g2_buf_8)
     1    0.01    0.02    0.08    0.22 ^ clkbuf_regs_0_clk_sys/X (sg13g2_buf_8)
                  0.02    0.00    0.22 ^ clkbuf_0_soc_clk_i_regs/A (sg13g2_buf_8)
     4    0.19    0.07    0.08    0.30 ^ clkbuf_0_soc_clk_i_regs/X (sg13g2_buf_8)
                  0.07    0.01    0.31 ^ clkbuf_2_2_0_soc_clk_i_regs/A (sg13g2_buf_16)
     2    0.02    0.02    0.06    0.38 ^ clkbuf_2_2_0_soc_clk_i_regs/X (sg13g2_buf_16)
                  0.02    0.00    0.38 ^ eco_cts_b2_g0/A (sg13g2_buf_8)
     8    0.23    0.08    0.08    0.46 ^ eco_cts_b2_g0/X (sg13g2_buf_8)
                  0.09    0.02    0.48 ^ clkbuf_6_35_0_soc_clk_i_regs/A (sg13g2_buf_16)
     2    0.03    0.02    0.07    0.55 ^ clkbuf_6_35_0_soc_clk_i_regs/X (sg13g2_buf_16)
                  0.02    0.00    0.55 ^ clkbuf_7_71__f_soc_clk_i_regs/A (sg13g2_buf_8)
     6    0.14    0.05    0.08    0.63 ^ clkbuf_7_71__f_soc_clk_i_regs/X (sg13g2_buf_8)
                  0.05    0.00    0.63 ^ clkbuf_leaf_552_soc_clk_i_regs/A (sg13g2_buf_16)
     4    0.03    0.02    0.06    0.69 ^ clkbuf_leaf_552_soc_clk_i_regs/X (sg13g2_buf_16)
                  0.02    0.00    0.69 ^ i_croc_soc/i_croc/i_gpio/gen_gpios[15].i_sync/serial_o_reg/CLK (sg13g2_dfrbpq_1)
                          0.10    0.79   clock uncertainty
                         -0.02    0.77   clock reconvergence pessimism
                         -0.02    0.75   library hold time
                                  0.75   data required time
-----------------------------------------------------------------------------
                                  0.75   data required time
                                 -0.75   data arrival time
-----------------------------------------------------------------------------
                                  0.00   slack (MET)



==========================================================================
after_cts report_checks -path_delay max
--------------------------------------------------------------------------
[WARNING STA-0168] unknown field nets.
Startpoint: i_croc_soc/i_rstgen.i_rstgen_bypass.synch_regs_q_3__reg
            (rising edge-triggered flip-flop clocked by clk_sys)
Endpoint: i_croc_soc/i_croc/i_core_wrap/i_core.cs_registers_i/gen_trigger_regs.g_dbg_tmatch_reg[0].u_tmatch_value_csr.rd_data_o_11__reg
          (recovery check against rising-edge clock clk_sys)
Path Group: asynchronous
Path Type: max
Corner: tt

Fanout     Cap    Slew   Delay    Time   Description
-----------------------------------------------------------------------------
                          0.00    0.00   clock clk_sys (rise edge)
                          0.00    0.00   clock source latency
     2    0.24    0.35    0.04    0.04 ^ clk_i (in)
                  0.35    0.00    0.04 ^ pad_clk_i/pad (sg13g2_IOPadIn)
     2    0.12    0.23    0.14    0.18 ^ pad_clk_i/p2c (sg13g2_IOPadIn)
                  0.18    0.03    0.21 ^ clkbuf_regs_0_clk_sys/A (sg13g2_buf_8)
     1    0.01    0.03    0.12    0.33 ^ clkbuf_regs_0_clk_sys/X (sg13g2_buf_8)
                  0.03    0.00    0.33 ^ clkbuf_0_soc_clk_i_regs/A (sg13g2_buf_8)
     4    0.18    0.10    0.12    0.45 ^ clkbuf_0_soc_clk_i_regs/X (sg13g2_buf_8)
                  0.11    0.01    0.47 ^ clkbuf_2_1_0_soc_clk_i_regs/A (sg13g2_buf_16)
     2    0.02    0.02    0.10    0.57 ^ clkbuf_2_1_0_soc_clk_i_regs/X (sg13g2_buf_16)
                  0.02    0.00    0.57 ^ eco_cts_b1_g0/A (sg13g2_buf_8)
     8    0.21    0.12    0.13    0.69 ^ eco_cts_b1_g0/X (sg13g2_buf_8)
                  0.12    0.01    0.71 ^ clkbuf_6_16_0_soc_clk_i_regs/A (sg13g2_buf_16)
     2    0.03    0.03    0.11    0.81 ^ clkbuf_6_16_0_soc_clk_i_regs/X (sg13g2_buf_16)
                  0.03    0.00    0.81 ^ clkbuf_7_32__f_soc_clk_i_regs/A (sg13g2_buf_8)
     6    0.13    0.08    0.11    0.92 ^ clkbuf_7_32__f_soc_clk_i_regs/X (sg13g2_buf_8)
                  0.08    0.00    0.92 ^ clkbuf_leaf_45_soc_clk_i_regs/A (sg13g2_buf_16)
     6    0.03    0.02    0.09    1.01 ^ clkbuf_leaf_45_soc_clk_i_regs/X (sg13g2_buf_16)
                  0.02    0.00    1.01 ^ i_croc_soc/i_rstgen.i_rstgen_bypass.synch_regs_q_3__reg/CLK (sg13g2_dfrbpq_1)
     2    0.01    0.04    0.18    1.19 ^ i_croc_soc/i_rstgen.i_rstgen_bypass.synch_regs_q_3__reg/Q (sg13g2_dfrbpq_1)
                  0.04    0.00    1.19 ^ i_croc_soc/i_rstgen.i_rstgen_bypass.i_tc_clk_mux2_rst_no/i_mux/A0 (sg13g2_mux2_2)
     7    0.13    0.27    0.28    1.47 ^ i_croc_soc/i_rstgen.i_rstgen_bypass.i_tc_clk_mux2_rst_no/i_mux/X (sg13g2_mux2_2)
                  0.28    0.03    1.50 ^ place13642/A (sg13g2_buf_1)
     8    0.07    0.29    0.32    1.82 ^ place13642/X (sg13g2_buf_1)
                  0.29    0.00    1.82 ^ place13691/A (sg13g2_buf_1)
     7    0.06    0.24    0.29    2.11 ^ place13691/X (sg13g2_buf_1)
                  0.24    0.00    2.11 ^ place13694/A (sg13g2_buf_1)
     8    0.04    0.18    0.24    2.36 ^ place13694/X (sg13g2_buf_1)
                  0.18    0.00    2.36 ^ place13699/A (sg13g2_buf_1)
     8    0.05    0.20    0.24    2.60 ^ place13699/X (sg13g2_buf_1)
                  0.20    0.00    2.60 ^ place13700/A (sg13g2_buf_1)
     8    0.05    0.22    0.26    2.85 ^ place13700/X (sg13g2_buf_1)
                  0.22    0.00    2.86 ^ place13703/A (sg13g2_buf_1)
     7    0.05    0.21    0.25    3.11 ^ place13703/X (sg13g2_buf_1)
                  0.21    0.00    3.11 ^ place13704/A (sg13g2_buf_1)
     8    0.05    0.23    0.26    3.37 ^ place13704/X (sg13g2_buf_1)
                  0.23    0.00    3.37 ^ place13705/A (sg13g2_buf_1)
     8    0.06    0.23    0.27    3.64 ^ place13705/X (sg13g2_buf_1)
                  0.23    0.00    3.64 ^ i_croc_soc/i_croc/i_core_wrap/i_core.cs_registers_i/gen_trigger_regs.g_dbg_tmatch_reg[0].u_tmatch_value_csr.rd_data_o_11__reg/RESET_B (sg13g2_dfrbpq_1)
                                  3.64   data arrival time

                         10.00   10.00   clock clk_sys (rise edge)
                          0.00   10.00   clock source latency
     2    0.20    0.34    0.03   10.03 ^ clk_i (in)
                  0.34    0.00   10.03 ^ pad_clk_i/pad (sg13g2_IOPadIn)
     2    0.12    0.22    0.14   10.17 ^ pad_clk_i/p2c (sg13g2_IOPadIn)
                  0.18    0.03   10.20 ^ clkbuf_regs_0_clk_sys/A (sg13g2_buf_8)
     1    0.01    0.03    0.12   10.32 ^ clkbuf_regs_0_clk_sys/X (sg13g2_buf_8)
                  0.03    0.00   10.32 ^ clkbuf_0_soc_clk_i_regs/A (sg13g2_buf_8)
     4    0.17    0.10    0.12   10.44 ^ clkbuf_0_soc_clk_i_regs/X (sg13g2_buf_8)
                  0.10    0.01   10.45 ^ clkbuf_2_3_0_soc_clk_i_regs/A (sg13g2_buf_16)
     2    0.02    0.02    0.10   10.55 ^ clkbuf_2_3_0_soc_clk_i_regs/X (sg13g2_buf_16)
                  0.02    0.00   10.55 ^ eco_cts_b3_g1/A (sg13g2_buf_8)
     8    0.19    0.11    0.13   10.67 ^ eco_cts_b3_g1/X (sg13g2_buf_8)
                  0.11    0.01   10.69 ^ clkbuf_6_56_0_soc_clk_i_regs/A (sg13g2_buf_16)
     2    0.02    0.02    0.10   10.79 ^ clkbuf_6_56_0_soc_clk_i_regs/X (sg13g2_buf_16)
                  0.02    0.00   10.79 ^ clkbuf_7_112__f_soc_clk_i_regs/A (sg13g2_buf_8)
     6    0.10    0.06    0.10   10.89 ^ clkbuf_7_112__f_soc_clk_i_regs/X (sg13g2_buf_8)
                  0.06    0.00   10.89 ^ i_croc_soc/i_croc/i_core_wrap/i_core.cs_registers_i/gen_trigger_regs.g_dbg_tmatch_reg[0].u_tmatch_value_csr.rd_data_o_11__reg/CLK (sg13g2_dfrbpq_1)
                         -0.10   10.79   clock uncertainty
                          0.01   10.80   clock reconvergence pessimism
                         -0.18   10.62   library recovery time
                                 10.62   data required time
-----------------------------------------------------------------------------
                                 10.62   data required time
                                 -3.64   data arrival time
-----------------------------------------------------------------------------
                                  6.98   slack (MET)


Startpoint: i_croc_soc/i_croc/i_dmi_jtag/i_dmi_cdc.i_cdc_req/i_dst/async_ack_o_reg
            (rising edge-triggered flip-flop clocked by clk_sys)
Endpoint: i_croc_soc/i_croc/i_dm_top.i_dm_top/i_dm_csrs.progbuf_o_24__reg
          (rising edge-triggered flip-flop clocked by clk_sys)
Path Group: path delay
Path Type: max
Corner: tt

Fanout     Cap    Slew   Delay    Time   Description
-----------------------------------------------------------------------------
                  0.02    0.00    0.00 ^ i_croc_soc/i_croc/i_dmi_jtag/i_dmi_cdc.i_cdc_req/i_dst/async_ack_o_reg/CLK (sg13g2_dfrbpq_1)
     6    0.03    0.11    0.23    0.23 ^ i_croc_soc/i_croc/i_dmi_jtag/i_dmi_cdc.i_cdc_req/i_dst/async_ack_o_reg/Q (sg13g2_dfrbpq_1)
                  0.11    0.00    0.23 ^ i_croc_soc/i_croc/i_dmi_jtag/i_dmi_cdc.i_cdc_req/i_dst/_155_/A (sg13g2_xor2_1)
     1    0.00    0.06    0.13    0.36 ^ i_croc_soc/i_croc/i_dmi_jtag/i_dmi_cdc.i_cdc_req/i_dst/_155_/X (sg13g2_xor2_1)
                  0.06    0.00    0.36 ^ i_croc_soc/i_croc/i_dmi_jtag/i_dmi_cdc.i_cdc_req/_1_/B_N (sg13g2_nor2b_1)
     7    0.02    0.22    0.23    0.58 ^ i_croc_soc/i_croc/i_dmi_jtag/i_dmi_cdc.i_cdc_req/_1_/Y (sg13g2_nor2b_1)
                  0.22    0.00    0.58 ^ i_croc_soc/i_croc/i_dm_top.i_dm_top/_4399_/A (sg13g2_and2_1)
     7    0.06    0.26    0.30    0.89 ^ i_croc_soc/i_croc/i_dm_top.i_dm_top/_4399_/X (sg13g2_and2_1)
                  0.26    0.01    0.89 ^ i_croc_soc/i_croc/i_dm_top.i_dm_top/_4400_/B (sg13g2_nand2_1)
     5    0.03    0.19    0.24    1.13 v i_croc_soc/i_croc/i_dm_top.i_dm_top/_4400_/Y (sg13g2_nand2_1)
                  0.19    0.00    1.13 v i_croc_soc/i_croc/i_dm_top.i_dm_top/_4411_/A (sg13g2_nor2_1)
     2    0.01    0.11    0.12    1.25 ^ i_croc_soc/i_croc/i_dm_top.i_dm_top/_4411_/Y (sg13g2_nor2_1)
                  0.11    0.00    1.25 ^ i_croc_soc/i_croc/i_dm_top.i_dm_top/_6103_/A1 (sg13g2_a21o_1)
     8    0.04    0.15    0.22    1.48 ^ i_croc_soc/i_croc/i_dm_top.i_dm_top/_6103_/X (sg13g2_a21o_1)
                  0.15    0.00    1.48 ^ i_croc_soc/i_croc/i_dm_top.i_dm_top/_6105_/B1 (sg13g2_o21ai_1)
     5    0.05    0.31    0.31    1.79 v i_croc_soc/i_croc/i_dm_top.i_dm_top/_6105_/Y (sg13g2_o21ai_1)
                  0.31    0.00    1.79 v place12096/A (sg13g2_buf_1)
     8    0.03    0.11    0.21    2.00 v place12096/X (sg13g2_buf_1)
                  0.11    0.00    2.00 v place12097/A (sg13g2_buf_2)
     8    0.03    0.06    0.14    2.14 v place12097/X (sg13g2_buf_2)
                  0.06    0.00    2.14 v i_croc_soc/i_croc/i_dm_top.i_dm_top/_6690_/A1 (sg13g2_o21ai_1)
     1    0.00    0.07    0.09    2.23 ^ i_croc_soc/i_croc/i_dm_top.i_dm_top/_6690_/Y (sg13g2_o21ai_1)
                  0.07    0.00    2.23 ^ i_croc_soc/i_croc/i_dm_top.i_dm_top/i_dm_csrs.progbuf_o_24__reg/D (sg13g2_dfrbpq_1)
                                  2.23   data arrival time

                          3.00    3.00   max_delay
                         -0.13    2.87   library setup time
                                  2.87   data required time
-----------------------------------------------------------------------------
                                  2.87   data required time
                                 -2.23   data arrival time
-----------------------------------------------------------------------------
                                  0.64   slack (MET)


Startpoint: i_croc_soc/i_croc/i_dmi_jtag/td_o_reg
            (rising edge-triggered flip-flop clocked by clk_jtg')
Endpoint: jtag_tdo_o (output port clocked by clk_jtg)
Path Group: clk_jtg
Path Type: max
Corner: tt

Fanout     Cap    Slew   Delay    Time   Description
-----------------------------------------------------------------------------
                         12.50   12.50   clock clk_jtg' (rise edge)
                          0.00   12.50   clock source latency
     2    0.23    0.49    0.03   12.53 v jtag_tck_i (in)
                  0.49    0.00   12.53 v pad_jtag_tck_i/pad (sg13g2_IOPadIn)
     2    0.05    0.16    0.65   13.18 v pad_jtag_tck_i/p2c (sg13g2_IOPadIn)
                  0.12    0.01   13.18 v clkbuf_regs_1_clk_jtg/A (sg13g2_buf_8)
     1    0.01    0.02    0.11   13.29 v clkbuf_regs_1_clk_jtg/X (sg13g2_buf_8)
                  0.02    0.00   13.29 v clkbuf_0_soc_jtag_tck_i_regs/A (sg13g2_buf_8)
     8    0.20    0.09    0.13   13.42 v clkbuf_0_soc_jtag_tck_i_regs/X (sg13g2_buf_8)
                  0.09    0.01   13.43 v clkbuf_3_5_0_soc_jtag_tck_i_regs/A (sg13g2_buf_16)
     5    0.11    0.04    0.11   13.54 v clkbuf_3_5_0_soc_jtag_tck_i_regs/X (sg13g2_buf_16)
                  0.04    0.00   13.55 v clkbuf_leaf_9_soc_jtag_tck_i_regs/A (sg13g2_buf_16)
     8    0.04    0.02    0.08   13.62 v clkbuf_leaf_9_soc_jtag_tck_i_regs/X (sg13g2_buf_16)
                  0.02    0.00   13.62 v i_croc_soc/i_croc/i_dmi_jtag/i_dmi_jtag_tap.i_tck_inv/i_inv_14816/A (sg13g2_inv_1)
     1    0.03    0.12    0.10   13.73 ^ i_croc_soc/i_croc/i_dmi_jtag/i_dmi_jtag_tap.i_tck_inv/i_inv_14816/Y (sg13g2_inv_1)
                  0.12    0.00   13.73 ^ i_croc_soc/i_croc/i_dmi_jtag/i_dmi_jtag_tap.i_dft_tck_mux/i_mux/A0 (sg13g2_mux2_1)
     1    0.01    0.06    0.15   13.88 ^ i_croc_soc/i_croc/i_dmi_jtag/i_dmi_jtag_tap.i_dft_tck_mux/i_mux/X (sg13g2_mux2_1)
                  0.06    0.00   13.88 ^ clkbuf_0_i_croc_soc/i_croc/i_dmi_jtag/i_dmi_jtag_tap.tck_n/A (sg13g2_buf_8)
     2    0.02    0.03    0.08   13.96 ^ clkbuf_0_i_croc_soc/i_croc/i_dmi_jtag/i_dmi_jtag_tap.tck_n/X (sg13g2_buf_8)
                  0.03    0.00   13.96 ^ clkbuf_1_0__f_i_croc_soc/i_croc/i_dmi_jtag/i_dmi_jtag_tap.tck_n/A (sg13g2_buf_8)
     1    0.00    0.02    0.06   14.02 ^ clkbuf_1_0__f_i_croc_soc/i_croc/i_dmi_jtag/i_dmi_jtag_tap.tck_n/X (sg13g2_buf_8)
                  0.02    0.00   14.02 ^ i_croc_soc/i_croc/i_dmi_jtag/td_o_reg/CLK (sg13g2_dfrbpq_1)
     1    0.06    0.25    0.32   14.35 ^ i_croc_soc/i_croc/i_dmi_jtag/td_o_reg/Q (sg13g2_dfrbpq_1)
                  0.34    0.01   14.35 ^ pad_jtag_tdo_o/c2p (sg13g2_IOPadOut16mA)
     2   15.00    3.55    3.26   17.61 ^ pad_jtag_tdo_o/pad (sg13g2_IOPadOut16mA)
                  0.00    0.00   17.61 ^ jtag_tdo_o (out)
                                 17.61   data arrival time

                         25.00   25.00   clock clk_jtg (rise edge)
                          0.00   25.00   clock network delay (propagated)
                         -0.10   24.90   clock uncertainty
                          0.00   24.90   clock reconvergence pessimism
                         -5.00   19.90   output external delay
                                 19.90   data required time
-----------------------------------------------------------------------------
                                 19.90   data required time
                                -17.61   data arrival time
-----------------------------------------------------------------------------
                                  2.29   slack (MET)


Startpoint: i_croc_soc/i_croc/i_clint/mtime_q_54__reg
            (rising edge-triggered flip-flop clocked by clk_sys)
Endpoint: status_o (output port clocked by clk_sys)
Path Group: clk_sys
Path Type: max
Corner: tt

Fanout     Cap    Slew   Delay    Time   Description
-----------------------------------------------------------------------------
                          0.00    0.00   clock clk_sys (rise edge)
                          0.00    0.00   clock source latency
     2    0.24    0.35    0.04    0.04 ^ clk_i (in)
                  0.35    0.00    0.04 ^ pad_clk_i/pad (sg13g2_IOPadIn)
     2    0.12    0.23    0.14    0.18 ^ pad_clk_i/p2c (sg13g2_IOPadIn)
                  0.18    0.03    0.21 ^ clkbuf_regs_0_clk_sys/A (sg13g2_buf_8)
     1    0.01    0.03    0.12    0.33 ^ clkbuf_regs_0_clk_sys/X (sg13g2_buf_8)
                  0.03    0.00    0.33 ^ clkbuf_0_soc_clk_i_regs/A (sg13g2_buf_8)
     4    0.18    0.10    0.12    0.45 ^ clkbuf_0_soc_clk_i_regs/X (sg13g2_buf_8)
                  0.11    0.01    0.47 ^ clkbuf_2_0_0_soc_clk_i_regs/A (sg13g2_buf_16)
     2    0.02    0.02    0.10    0.57 ^ clkbuf_2_0_0_soc_clk_i_regs/X (sg13g2_buf_16)
                  0.02    0.00    0.57 ^ eco_cts_b0_g0/A (sg13g2_buf_8)
     8    0.25    0.13    0.14    0.71 ^ eco_cts_b0_g0/X (sg13g2_buf_8)
                  0.14    0.02    0.73 ^ clkbuf_6_11_0_soc_clk_i_regs/A (sg13g2_buf_16)
     2    0.03    0.03    0.11    0.84 ^ clkbuf_6_11_0_soc_clk_i_regs/X (sg13g2_buf_16)
                  0.03    0.00    0.84 ^ clkbuf_7_23__f_soc_clk_i_regs/A (sg13g2_buf_8)
     6    0.12    0.07    0.11    0.95 ^ clkbuf_7_23__f_soc_clk_i_regs/X (sg13g2_buf_8)
                  0.07    0.00    0.95 ^ clkbuf_leaf_571_soc_clk_i_regs/A (sg13g2_buf_16)
     6    0.03    0.02    0.09    1.04 ^ clkbuf_leaf_571_soc_clk_i_regs/X (sg13g2_buf_16)
                  0.02    0.00    1.04 ^ i_croc_soc/i_croc/i_clint/mtime_q_54__reg/CLK (sg13g2_dfrbpq_1)
     6    0.03    0.13    0.25    1.28 ^ i_croc_soc/i_croc/i_clint/mtime_q_54__reg/Q (sg13g2_dfrbpq_1)
                  0.13    0.00    1.29 ^ i_croc_soc/i_croc/i_clint/_1271_/A (sg13g2_xnor2_1)
     1    0.00    0.07    0.12    1.41 ^ i_croc_soc/i_croc/i_clint/_1271_/Y (sg13g2_xnor2_1)
                  0.07    0.00    1.41 ^ i_croc_soc/i_croc/i_clint/_1273_/C (sg13g2_nand4_1)
     1    0.00    0.09    0.12    1.53 v i_croc_soc/i_croc/i_clint/_1273_/Y (sg13g2_nand4_1)
                  0.09    0.00    1.53 v i_croc_soc/i_croc/i_clint/_1274_/D (sg13g2_nor4_1)
     3    0.02    0.31    0.27    1.80 ^ i_croc_soc/i_croc/i_clint/_1274_/Y (sg13g2_nor4_1)
                  0.31    0.00    1.80 ^ i_croc_soc/i_croc/i_clint/_1284_/B (sg13g2_nand3_1)
     1    0.01    0.13    0.18    1.98 v i_croc_soc/i_croc/i_clint/_1284_/Y (sg13g2_nand3_1)
                  0.13    0.00    1.98 v i_croc_soc/i_croc/i_clint/_1301_/B (sg13g2_nor3_1)
     2    0.01    0.16    0.18    2.16 ^ i_croc_soc/i_croc/i_clint/_1301_/Y (sg13g2_nor3_1)
                  0.16    0.00    2.16 ^ i_croc_soc/i_croc/i_clint/_1327_/A (sg13g2_and4_1)
     1    0.00    0.04    0.17    2.34 ^ i_croc_soc/i_croc/i_clint/_1327_/X (sg13g2_and4_1)
                  0.04    0.00    2.34 ^ i_croc_soc/i_croc/i_clint/_1405_/A2 (sg13g2_a21o_1)
     2    0.10    0.41    0.36    2.70 ^ i_croc_soc/i_croc/i_clint/_1405_/X (sg13g2_a21o_1)
                  0.41    0.03    2.73 ^ i_croc_soc/i_croc/i_core_wrap/i_core.cs_registers_i/_4623_/A (sg13g2_and2_1)
     1    0.00    0.04    0.17    2.90 ^ i_croc_soc/i_croc/i_core_wrap/i_core.cs_registers_i/_4623_/X (sg13g2_and2_1)
                  0.04    0.00    2.90 ^ i_croc_soc/i_croc/i_core_wrap/i_core.cs_registers_i/_4624_/B (sg13g2_nor2_1)
     1    0.00    0.02    0.03    2.93 v i_croc_soc/i_croc/i_core_wrap/i_core.cs_registers_i/_4624_/Y (sg13g2_nor2_1)
                  0.02    0.00    2.93 v i_croc_soc/i_croc/i_core_wrap/i_core.cs_registers_i/_4634_/A (sg13g2_and4_1)
     1    0.00    0.03    0.07    3.01 v i_croc_soc/i_croc/i_core_wrap/i_core.cs_registers_i/_4634_/X (sg13g2_and4_1)
                  0.03    0.00    3.01 v i_croc_soc/i_croc/i_core_wrap/i_core.cs_registers_i/_4648_/B (sg13g2_nand3_1)
     2    0.03    0.13    0.11    3.12 ^ i_croc_soc/i_croc/i_core_wrap/i_core.cs_registers_i/_4648_/Y (sg13g2_nand3_1)
                  0.13    0.00    3.12 ^ i_croc_soc/i_croc/i_core_wrap/_4777_/A (sg13g2_nand2_1)
     1    0.01    0.07    0.09    3.20 v i_croc_soc/i_croc/i_core_wrap/_4777_/Y (sg13g2_nand2_1)
                  0.07    0.00    3.20 v i_croc_soc/i_croc/i_core_wrap/_4778_/C (sg13g2_nor3_2)
     5    0.05    0.35    0.29    3.50 ^ i_croc_soc/i_croc/i_core_wrap/_4778_/Y (sg13g2_nor3_2)
                  0.35    0.00    3.50 ^ i_croc_soc/i_croc/i_core_wrap/_4783_/A (sg13g2_and2_1)
     8    0.06    0.27    0.34    3.84 ^ i_croc_soc/i_croc/i_core_wrap/_4783_/X (sg13g2_and2_1)
                  0.27    0.00    3.84 ^ i_croc_soc/i_croc/i_core_wrap/_4815_/A (sg13g2_nor4_1)
     2    0.01    0.10    0.15    3.99 v i_croc_soc/i_croc/i_core_wrap/_4815_/Y (sg13g2_nor4_1)
                  0.10    0.00    3.99 v i_croc_soc/i_croc/i_core_wrap/_4816_/B_N (sg13g2_nor2b_1)
     3    0.01    0.09    0.13    4.11 v i_croc_soc/i_croc/i_core_wrap/_4816_/Y (sg13g2_nor2b_1)
                  0.09    0.00    4.11 v place11915/A (sg13g2_buf_1)
     8    0.03    0.11    0.16    4.27 v place11915/X (sg13g2_buf_1)
                  0.11    0.00    4.27 v place11925/A (sg13g2_buf_1)
     8    0.04    0.12    0.17    4.44 v place11925/X (sg13g2_buf_1)
                  0.12    0.00    4.44 v i_croc_soc/i_croc/i_core_wrap/_4829_/A1 (sg13g2_a21oi_1)
     2    0.01    0.10    0.12    4.56 ^ i_croc_soc/i_croc/i_core_wrap/_4829_/Y (sg13g2_a21oi_1)
                  0.10    0.00    4.56 ^ i_croc_soc/i_croc/i_core_wrap/_4830_/B (sg13g2_or2_1)
     2    0.01    0.06    0.12    4.68 ^ i_croc_soc/i_croc/i_core_wrap/_4830_/X (sg13g2_or2_1)
                  0.06    0.00    4.68 ^ i_croc_soc/i_croc/i_core_wrap/_4841_/A (sg13g2_or2_1)
     2    0.16    0.66    0.50    5.18 ^ i_croc_soc/i_croc/i_core_wrap/_4841_/X (sg13g2_or2_1)
                  0.89    0.06    5.23 ^ pad_status_o/c2p (sg13g2_IOPadOut16mA)
     2   15.00    3.55    3.53    8.76 ^ pad_status_o/pad (sg13g2_IOPadOut16mA)
                  0.00    0.00    8.76 ^ status_o (out)
                                  8.76   data arrival time

                         10.00   10.00   clock clk_sys (rise edge)
                          0.00   10.00   clock network delay (propagated)
                         -0.10    9.90   clock uncertainty
                          0.00    9.90   clock reconvergence pessimism
                         -1.00    8.90   output external delay
                                  8.90   data required time
-----------------------------------------------------------------------------
                                  8.90   data required time
                                 -8.76   data arrival time
-----------------------------------------------------------------------------
                                  0.14   slack (MET)



==========================================================================
after_cts report_checks -unconstrained
--------------------------------------------------------------------------
[WARNING STA-0168] unknown field nets.
Startpoint: i_croc_soc/i_rstgen.i_rstgen_bypass.synch_regs_q_3__reg
            (rising edge-triggered flip-flop clocked by clk_sys)
Endpoint: i_croc_soc/i_croc/i_core_wrap/i_core.cs_registers_i/gen_trigger_regs.g_dbg_tmatch_reg[0].u_tmatch_value_csr.rd_data_o_11__reg
          (recovery check against rising-edge clock clk_sys)
Path Group: asynchronous
Path Type: max
Corner: tt

Fanout     Cap    Slew   Delay    Time   Description
-----------------------------------------------------------------------------
                          0.00    0.00   clock clk_sys (rise edge)
                          0.00    0.00   clock source latency
     2    0.24    0.35    0.04    0.04 ^ clk_i (in)
                  0.35    0.00    0.04 ^ pad_clk_i/pad (sg13g2_IOPadIn)
     2    0.12    0.23    0.14    0.18 ^ pad_clk_i/p2c (sg13g2_IOPadIn)
                  0.18    0.03    0.21 ^ clkbuf_regs_0_clk_sys/A (sg13g2_buf_8)
     1    0.01    0.03    0.12    0.33 ^ clkbuf_regs_0_clk_sys/X (sg13g2_buf_8)
                  0.03    0.00    0.33 ^ clkbuf_0_soc_clk_i_regs/A (sg13g2_buf_8)
     4    0.18    0.10    0.12    0.45 ^ clkbuf_0_soc_clk_i_regs/X (sg13g2_buf_8)
                  0.11    0.01    0.47 ^ clkbuf_2_1_0_soc_clk_i_regs/A (sg13g2_buf_16)
     2    0.02    0.02    0.10    0.57 ^ clkbuf_2_1_0_soc_clk_i_regs/X (sg13g2_buf_16)
                  0.02    0.00    0.57 ^ eco_cts_b1_g0/A (sg13g2_buf_8)
     8    0.21    0.12    0.13    0.69 ^ eco_cts_b1_g0/X (sg13g2_buf_8)
                  0.12    0.01    0.71 ^ clkbuf_6_16_0_soc_clk_i_regs/A (sg13g2_buf_16)
     2    0.03    0.03    0.11    0.81 ^ clkbuf_6_16_0_soc_clk_i_regs/X (sg13g2_buf_16)
                  0.03    0.00    0.81 ^ clkbuf_7_32__f_soc_clk_i_regs/A (sg13g2_buf_8)
     6    0.13    0.08    0.11    0.92 ^ clkbuf_7_32__f_soc_clk_i_regs/X (sg13g2_buf_8)
                  0.08    0.00    0.92 ^ clkbuf_leaf_45_soc_clk_i_regs/A (sg13g2_buf_16)
     6    0.03    0.02    0.09    1.01 ^ clkbuf_leaf_45_soc_clk_i_regs/X (sg13g2_buf_16)
                  0.02    0.00    1.01 ^ i_croc_soc/i_rstgen.i_rstgen_bypass.synch_regs_q_3__reg/CLK (sg13g2_dfrbpq_1)
     2    0.01    0.04    0.18    1.19 ^ i_croc_soc/i_rstgen.i_rstgen_bypass.synch_regs_q_3__reg/Q (sg13g2_dfrbpq_1)
                  0.04    0.00    1.19 ^ i_croc_soc/i_rstgen.i_rstgen_bypass.i_tc_clk_mux2_rst_no/i_mux/A0 (sg13g2_mux2_2)
     7    0.13    0.27    0.28    1.47 ^ i_croc_soc/i_rstgen.i_rstgen_bypass.i_tc_clk_mux2_rst_no/i_mux/X (sg13g2_mux2_2)
                  0.28    0.03    1.50 ^ place13642/A (sg13g2_buf_1)
     8    0.07    0.29    0.32    1.82 ^ place13642/X (sg13g2_buf_1)
                  0.29    0.00    1.82 ^ place13691/A (sg13g2_buf_1)
     7    0.06    0.24    0.29    2.11 ^ place13691/X (sg13g2_buf_1)
                  0.24    0.00    2.11 ^ place13694/A (sg13g2_buf_1)
     8    0.04    0.18    0.24    2.36 ^ place13694/X (sg13g2_buf_1)
                  0.18    0.00    2.36 ^ place13699/A (sg13g2_buf_1)
     8    0.05    0.20    0.24    2.60 ^ place13699/X (sg13g2_buf_1)
                  0.20    0.00    2.60 ^ place13700/A (sg13g2_buf_1)
     8    0.05    0.22    0.26    2.85 ^ place13700/X (sg13g2_buf_1)
                  0.22    0.00    2.86 ^ place13703/A (sg13g2_buf_1)
     7    0.05    0.21    0.25    3.11 ^ place13703/X (sg13g2_buf_1)
                  0.21    0.00    3.11 ^ place13704/A (sg13g2_buf_1)
     8    0.05    0.23    0.26    3.37 ^ place13704/X (sg13g2_buf_1)
                  0.23    0.00    3.37 ^ place13705/A (sg13g2_buf_1)
     8    0.06    0.23    0.27    3.64 ^ place13705/X (sg13g2_buf_1)
                  0.23    0.00    3.64 ^ i_croc_soc/i_croc/i_core_wrap/i_core.cs_registers_i/gen_trigger_regs.g_dbg_tmatch_reg[0].u_tmatch_value_csr.rd_data_o_11__reg/RESET_B (sg13g2_dfrbpq_1)
                                  3.64   data arrival time

                         10.00   10.00   clock clk_sys (rise edge)
                          0.00   10.00   clock source latency
     2    0.20    0.34    0.03   10.03 ^ clk_i (in)
                  0.34    0.00   10.03 ^ pad_clk_i/pad (sg13g2_IOPadIn)
     2    0.12    0.22    0.14   10.17 ^ pad_clk_i/p2c (sg13g2_IOPadIn)
                  0.18    0.03   10.20 ^ clkbuf_regs_0_clk_sys/A (sg13g2_buf_8)
     1    0.01    0.03    0.12   10.32 ^ clkbuf_regs_0_clk_sys/X (sg13g2_buf_8)
                  0.03    0.00   10.32 ^ clkbuf_0_soc_clk_i_regs/A (sg13g2_buf_8)
     4    0.17    0.10    0.12   10.44 ^ clkbuf_0_soc_clk_i_regs/X (sg13g2_buf_8)
                  0.10    0.01   10.45 ^ clkbuf_2_3_0_soc_clk_i_regs/A (sg13g2_buf_16)
     2    0.02    0.02    0.10   10.55 ^ clkbuf_2_3_0_soc_clk_i_regs/X (sg13g2_buf_16)
                  0.02    0.00   10.55 ^ eco_cts_b3_g1/A (sg13g2_buf_8)
     8    0.19    0.11    0.13   10.67 ^ eco_cts_b3_g1/X (sg13g2_buf_8)
                  0.11    0.01   10.69 ^ clkbuf_6_56_0_soc_clk_i_regs/A (sg13g2_buf_16)
     2    0.02    0.02    0.10   10.79 ^ clkbuf_6_56_0_soc_clk_i_regs/X (sg13g2_buf_16)
                  0.02    0.00   10.79 ^ clkbuf_7_112__f_soc_clk_i_regs/A (sg13g2_buf_8)
     6    0.10    0.06    0.10   10.89 ^ clkbuf_7_112__f_soc_clk_i_regs/X (sg13g2_buf_8)
                  0.06    0.00   10.89 ^ i_croc_soc/i_croc/i_core_wrap/i_core.cs_registers_i/gen_trigger_regs.g_dbg_tmatch_reg[0].u_tmatch_value_csr.rd_data_o_11__reg/CLK (sg13g2_dfrbpq_1)
                         -0.10   10.79   clock uncertainty
                          0.01   10.80   clock reconvergence pessimism
                         -0.18   10.62   library recovery time
                                 10.62   data required time
-----------------------------------------------------------------------------
                                 10.62   data required time
                                 -3.64   data arrival time
-----------------------------------------------------------------------------
                                  6.98   slack (MET)


Startpoint: i_croc_soc/i_croc/i_dmi_jtag/i_dmi_cdc.i_cdc_req/i_dst/async_ack_o_reg
            (rising edge-triggered flip-flop clocked by clk_sys)
Endpoint: i_croc_soc/i_croc/i_dm_top.i_dm_top/i_dm_csrs.progbuf_o_24__reg
          (rising edge-triggered flip-flop clocked by clk_sys)
Path Group: path delay
Path Type: max
Corner: tt

Fanout     Cap    Slew   Delay    Time   Description
-----------------------------------------------------------------------------
                  0.02    0.00    0.00 ^ i_croc_soc/i_croc/i_dmi_jtag/i_dmi_cdc.i_cdc_req/i_dst/async_ack_o_reg/CLK (sg13g2_dfrbpq_1)
     6    0.03    0.11    0.23    0.23 ^ i_croc_soc/i_croc/i_dmi_jtag/i_dmi_cdc.i_cdc_req/i_dst/async_ack_o_reg/Q (sg13g2_dfrbpq_1)
                  0.11    0.00    0.23 ^ i_croc_soc/i_croc/i_dmi_jtag/i_dmi_cdc.i_cdc_req/i_dst/_155_/A (sg13g2_xor2_1)
     1    0.00    0.06    0.13    0.36 ^ i_croc_soc/i_croc/i_dmi_jtag/i_dmi_cdc.i_cdc_req/i_dst/_155_/X (sg13g2_xor2_1)
                  0.06    0.00    0.36 ^ i_croc_soc/i_croc/i_dmi_jtag/i_dmi_cdc.i_cdc_req/_1_/B_N (sg13g2_nor2b_1)
     7    0.02    0.22    0.23    0.58 ^ i_croc_soc/i_croc/i_dmi_jtag/i_dmi_cdc.i_cdc_req/_1_/Y (sg13g2_nor2b_1)
                  0.22    0.00    0.58 ^ i_croc_soc/i_croc/i_dm_top.i_dm_top/_4399_/A (sg13g2_and2_1)
     7    0.06    0.26    0.30    0.89 ^ i_croc_soc/i_croc/i_dm_top.i_dm_top/_4399_/X (sg13g2_and2_1)
                  0.26    0.01    0.89 ^ i_croc_soc/i_croc/i_dm_top.i_dm_top/_4400_/B (sg13g2_nand2_1)
     5    0.03    0.19    0.24    1.13 v i_croc_soc/i_croc/i_dm_top.i_dm_top/_4400_/Y (sg13g2_nand2_1)
                  0.19    0.00    1.13 v i_croc_soc/i_croc/i_dm_top.i_dm_top/_4411_/A (sg13g2_nor2_1)
     2    0.01    0.11    0.12    1.25 ^ i_croc_soc/i_croc/i_dm_top.i_dm_top/_4411_/Y (sg13g2_nor2_1)
                  0.11    0.00    1.25 ^ i_croc_soc/i_croc/i_dm_top.i_dm_top/_6103_/A1 (sg13g2_a21o_1)
     8    0.04    0.15    0.22    1.48 ^ i_croc_soc/i_croc/i_dm_top.i_dm_top/_6103_/X (sg13g2_a21o_1)
                  0.15    0.00    1.48 ^ i_croc_soc/i_croc/i_dm_top.i_dm_top/_6105_/B1 (sg13g2_o21ai_1)
     5    0.05    0.31    0.31    1.79 v i_croc_soc/i_croc/i_dm_top.i_dm_top/_6105_/Y (sg13g2_o21ai_1)
                  0.31    0.00    1.79 v place12096/A (sg13g2_buf_1)
     8    0.03    0.11    0.21    2.00 v place12096/X (sg13g2_buf_1)
                  0.11    0.00    2.00 v place12097/A (sg13g2_buf_2)
     8    0.03    0.06    0.14    2.14 v place12097/X (sg13g2_buf_2)
                  0.06    0.00    2.14 v i_croc_soc/i_croc/i_dm_top.i_dm_top/_6690_/A1 (sg13g2_o21ai_1)
     1    0.00    0.07    0.09    2.23 ^ i_croc_soc/i_croc/i_dm_top.i_dm_top/_6690_/Y (sg13g2_o21ai_1)
                  0.07    0.00    2.23 ^ i_croc_soc/i_croc/i_dm_top.i_dm_top/i_dm_csrs.progbuf_o_24__reg/D (sg13g2_dfrbpq_1)
                                  2.23   data arrival time

                          3.00    3.00   max_delay
                         -0.13    2.87   library setup time
                                  2.87   data required time
-----------------------------------------------------------------------------
                                  2.87   data required time
                                 -2.23   data arrival time
-----------------------------------------------------------------------------
                                  0.64   slack (MET)


Startpoint: i_croc_soc/i_croc/i_dmi_jtag/td_o_reg
            (rising edge-triggered flip-flop clocked by clk_jtg')
Endpoint: jtag_tdo_o (output port clocked by clk_jtg)
Path Group: clk_jtg
Path Type: max
Corner: tt

Fanout     Cap    Slew   Delay    Time   Description
-----------------------------------------------------------------------------
                         12.50   12.50   clock clk_jtg' (rise edge)
                          0.00   12.50   clock source latency
     2    0.23    0.49    0.03   12.53 v jtag_tck_i (in)
                  0.49    0.00   12.53 v pad_jtag_tck_i/pad (sg13g2_IOPadIn)
     2    0.05    0.16    0.65   13.18 v pad_jtag_tck_i/p2c (sg13g2_IOPadIn)
                  0.12    0.01   13.18 v clkbuf_regs_1_clk_jtg/A (sg13g2_buf_8)
     1    0.01    0.02    0.11   13.29 v clkbuf_regs_1_clk_jtg/X (sg13g2_buf_8)
                  0.02    0.00   13.29 v clkbuf_0_soc_jtag_tck_i_regs/A (sg13g2_buf_8)
     8    0.20    0.09    0.13   13.42 v clkbuf_0_soc_jtag_tck_i_regs/X (sg13g2_buf_8)
                  0.09    0.01   13.43 v clkbuf_3_5_0_soc_jtag_tck_i_regs/A (sg13g2_buf_16)
     5    0.11    0.04    0.11   13.54 v clkbuf_3_5_0_soc_jtag_tck_i_regs/X (sg13g2_buf_16)
                  0.04    0.00   13.55 v clkbuf_leaf_9_soc_jtag_tck_i_regs/A (sg13g2_buf_16)
     8    0.04    0.02    0.08   13.62 v clkbuf_leaf_9_soc_jtag_tck_i_regs/X (sg13g2_buf_16)
                  0.02    0.00   13.62 v i_croc_soc/i_croc/i_dmi_jtag/i_dmi_jtag_tap.i_tck_inv/i_inv_14816/A (sg13g2_inv_1)
     1    0.03    0.12    0.10   13.73 ^ i_croc_soc/i_croc/i_dmi_jtag/i_dmi_jtag_tap.i_tck_inv/i_inv_14816/Y (sg13g2_inv_1)
                  0.12    0.00   13.73 ^ i_croc_soc/i_croc/i_dmi_jtag/i_dmi_jtag_tap.i_dft_tck_mux/i_mux/A0 (sg13g2_mux2_1)
     1    0.01    0.06    0.15   13.88 ^ i_croc_soc/i_croc/i_dmi_jtag/i_dmi_jtag_tap.i_dft_tck_mux/i_mux/X (sg13g2_mux2_1)
                  0.06    0.00   13.88 ^ clkbuf_0_i_croc_soc/i_croc/i_dmi_jtag/i_dmi_jtag_tap.tck_n/A (sg13g2_buf_8)
     2    0.02    0.03    0.08   13.96 ^ clkbuf_0_i_croc_soc/i_croc/i_dmi_jtag/i_dmi_jtag_tap.tck_n/X (sg13g2_buf_8)
                  0.03    0.00   13.96 ^ clkbuf_1_0__f_i_croc_soc/i_croc/i_dmi_jtag/i_dmi_jtag_tap.tck_n/A (sg13g2_buf_8)
     1    0.00    0.02    0.06   14.02 ^ clkbuf_1_0__f_i_croc_soc/i_croc/i_dmi_jtag/i_dmi_jtag_tap.tck_n/X (sg13g2_buf_8)
                  0.02    0.00   14.02 ^ i_croc_soc/i_croc/i_dmi_jtag/td_o_reg/CLK (sg13g2_dfrbpq_1)
     1    0.06    0.25    0.32   14.35 ^ i_croc_soc/i_croc/i_dmi_jtag/td_o_reg/Q (sg13g2_dfrbpq_1)
                  0.34    0.01   14.35 ^ pad_jtag_tdo_o/c2p (sg13g2_IOPadOut16mA)
     2   15.00    3.55    3.26   17.61 ^ pad_jtag_tdo_o/pad (sg13g2_IOPadOut16mA)
                  0.00    0.00   17.61 ^ jtag_tdo_o (out)
                                 17.61   data arrival time

                         25.00   25.00   clock clk_jtg (rise edge)
                          0.00   25.00   clock network delay (propagated)
                         -0.10   24.90   clock uncertainty
                          0.00   24.90   clock reconvergence pessimism
                         -5.00   19.90   output external delay
                                 19.90   data required time
-----------------------------------------------------------------------------
                                 19.90   data required time
                                -17.61   data arrival time
-----------------------------------------------------------------------------
                                  2.29   slack (MET)


Startpoint: i_croc_soc/i_croc/i_clint/mtime_q_54__reg
            (rising edge-triggered flip-flop clocked by clk_sys)
Endpoint: status_o (output port clocked by clk_sys)
Path Group: clk_sys
Path Type: max
Corner: tt

Fanout     Cap    Slew   Delay    Time   Description
-----------------------------------------------------------------------------
                          0.00    0.00   clock clk_sys (rise edge)
                          0.00    0.00   clock source latency
     2    0.24    0.35    0.04    0.04 ^ clk_i (in)
                  0.35    0.00    0.04 ^ pad_clk_i/pad (sg13g2_IOPadIn)
     2    0.12    0.23    0.14    0.18 ^ pad_clk_i/p2c (sg13g2_IOPadIn)
                  0.18    0.03    0.21 ^ clkbuf_regs_0_clk_sys/A (sg13g2_buf_8)
     1    0.01    0.03    0.12    0.33 ^ clkbuf_regs_0_clk_sys/X (sg13g2_buf_8)
                  0.03    0.00    0.33 ^ clkbuf_0_soc_clk_i_regs/A (sg13g2_buf_8)
     4    0.18    0.10    0.12    0.45 ^ clkbuf_0_soc_clk_i_regs/X (sg13g2_buf_8)
                  0.11    0.01    0.47 ^ clkbuf_2_0_0_soc_clk_i_regs/A (sg13g2_buf_16)
     2    0.02    0.02    0.10    0.57 ^ clkbuf_2_0_0_soc_clk_i_regs/X (sg13g2_buf_16)
                  0.02    0.00    0.57 ^ eco_cts_b0_g0/A (sg13g2_buf_8)
     8    0.25    0.13    0.14    0.71 ^ eco_cts_b0_g0/X (sg13g2_buf_8)
                  0.14    0.02    0.73 ^ clkbuf_6_11_0_soc_clk_i_regs/A (sg13g2_buf_16)
     2    0.03    0.03    0.11    0.84 ^ clkbuf_6_11_0_soc_clk_i_regs/X (sg13g2_buf_16)
                  0.03    0.00    0.84 ^ clkbuf_7_23__f_soc_clk_i_regs/A (sg13g2_buf_8)
     6    0.12    0.07    0.11    0.95 ^ clkbuf_7_23__f_soc_clk_i_regs/X (sg13g2_buf_8)
                  0.07    0.00    0.95 ^ clkbuf_leaf_571_soc_clk_i_regs/A (sg13g2_buf_16)
     6    0.03    0.02    0.09    1.04 ^ clkbuf_leaf_571_soc_clk_i_regs/X (sg13g2_buf_16)
                  0.02    0.00    1.04 ^ i_croc_soc/i_croc/i_clint/mtime_q_54__reg/CLK (sg13g2_dfrbpq_1)
     6    0.03    0.13    0.25    1.28 ^ i_croc_soc/i_croc/i_clint/mtime_q_54__reg/Q (sg13g2_dfrbpq_1)
                  0.13    0.00    1.29 ^ i_croc_soc/i_croc/i_clint/_1271_/A (sg13g2_xnor2_1)
     1    0.00    0.07    0.12    1.41 ^ i_croc_soc/i_croc/i_clint/_1271_/Y (sg13g2_xnor2_1)
                  0.07    0.00    1.41 ^ i_croc_soc/i_croc/i_clint/_1273_/C (sg13g2_nand4_1)
     1    0.00    0.09    0.12    1.53 v i_croc_soc/i_croc/i_clint/_1273_/Y (sg13g2_nand4_1)
                  0.09    0.00    1.53 v i_croc_soc/i_croc/i_clint/_1274_/D (sg13g2_nor4_1)
     3    0.02    0.31    0.27    1.80 ^ i_croc_soc/i_croc/i_clint/_1274_/Y (sg13g2_nor4_1)
                  0.31    0.00    1.80 ^ i_croc_soc/i_croc/i_clint/_1284_/B (sg13g2_nand3_1)
     1    0.01    0.13    0.18    1.98 v i_croc_soc/i_croc/i_clint/_1284_/Y (sg13g2_nand3_1)
                  0.13    0.00    1.98 v i_croc_soc/i_croc/i_clint/_1301_/B (sg13g2_nor3_1)
     2    0.01    0.16    0.18    2.16 ^ i_croc_soc/i_croc/i_clint/_1301_/Y (sg13g2_nor3_1)
                  0.16    0.00    2.16 ^ i_croc_soc/i_croc/i_clint/_1327_/A (sg13g2_and4_1)
     1    0.00    0.04    0.17    2.34 ^ i_croc_soc/i_croc/i_clint/_1327_/X (sg13g2_and4_1)
                  0.04    0.00    2.34 ^ i_croc_soc/i_croc/i_clint/_1405_/A2 (sg13g2_a21o_1)
     2    0.10    0.41    0.36    2.70 ^ i_croc_soc/i_croc/i_clint/_1405_/X (sg13g2_a21o_1)
                  0.41    0.03    2.73 ^ i_croc_soc/i_croc/i_core_wrap/i_core.cs_registers_i/_4623_/A (sg13g2_and2_1)
     1    0.00    0.04    0.17    2.90 ^ i_croc_soc/i_croc/i_core_wrap/i_core.cs_registers_i/_4623_/X (sg13g2_and2_1)
                  0.04    0.00    2.90 ^ i_croc_soc/i_croc/i_core_wrap/i_core.cs_registers_i/_4624_/B (sg13g2_nor2_1)
     1    0.00    0.02    0.03    2.93 v i_croc_soc/i_croc/i_core_wrap/i_core.cs_registers_i/_4624_/Y (sg13g2_nor2_1)
                  0.02    0.00    2.93 v i_croc_soc/i_croc/i_core_wrap/i_core.cs_registers_i/_4634_/A (sg13g2_and4_1)
     1    0.00    0.03    0.07    3.01 v i_croc_soc/i_croc/i_core_wrap/i_core.cs_registers_i/_4634_/X (sg13g2_and4_1)
                  0.03    0.00    3.01 v i_croc_soc/i_croc/i_core_wrap/i_core.cs_registers_i/_4648_/B (sg13g2_nand3_1)
     2    0.03    0.13    0.11    3.12 ^ i_croc_soc/i_croc/i_core_wrap/i_core.cs_registers_i/_4648_/Y (sg13g2_nand3_1)
                  0.13    0.00    3.12 ^ i_croc_soc/i_croc/i_core_wrap/_4777_/A (sg13g2_nand2_1)
     1    0.01    0.07    0.09    3.20 v i_croc_soc/i_croc/i_core_wrap/_4777_/Y (sg13g2_nand2_1)
                  0.07    0.00    3.20 v i_croc_soc/i_croc/i_core_wrap/_4778_/C (sg13g2_nor3_2)
     5    0.05    0.35    0.29    3.50 ^ i_croc_soc/i_croc/i_core_wrap/_4778_/Y (sg13g2_nor3_2)
                  0.35    0.00    3.50 ^ i_croc_soc/i_croc/i_core_wrap/_4783_/A (sg13g2_and2_1)
     8    0.06    0.27    0.34    3.84 ^ i_croc_soc/i_croc/i_core_wrap/_4783_/X (sg13g2_and2_1)
                  0.27    0.00    3.84 ^ i_croc_soc/i_croc/i_core_wrap/_4815_/A (sg13g2_nor4_1)
     2    0.01    0.10    0.15    3.99 v i_croc_soc/i_croc/i_core_wrap/_4815_/Y (sg13g2_nor4_1)
                  0.10    0.00    3.99 v i_croc_soc/i_croc/i_core_wrap/_4816_/B_N (sg13g2_nor2b_1)
     3    0.01    0.09    0.13    4.11 v i_croc_soc/i_croc/i_core_wrap/_4816_/Y (sg13g2_nor2b_1)
                  0.09    0.00    4.11 v place11915/A (sg13g2_buf_1)
     8    0.03    0.11    0.16    4.27 v place11915/X (sg13g2_buf_1)
                  0.11    0.00    4.27 v place11925/A (sg13g2_buf_1)
     8    0.04    0.12    0.17    4.44 v place11925/X (sg13g2_buf_1)
                  0.12    0.00    4.44 v i_croc_soc/i_croc/i_core_wrap/_4829_/A1 (sg13g2_a21oi_1)
     2    0.01    0.10    0.12    4.56 ^ i_croc_soc/i_croc/i_core_wrap/_4829_/Y (sg13g2_a21oi_1)
                  0.10    0.00    4.56 ^ i_croc_soc/i_croc/i_core_wrap/_4830_/B (sg13g2_or2_1)
     2    0.01    0.06    0.12    4.68 ^ i_croc_soc/i_croc/i_core_wrap/_4830_/X (sg13g2_or2_1)
                  0.06    0.00    4.68 ^ i_croc_soc/i_croc/i_core_wrap/_4841_/A (sg13g2_or2_1)
     2    0.16    0.66    0.50    5.18 ^ i_croc_soc/i_croc/i_core_wrap/_4841_/X (sg13g2_or2_1)
                  0.89    0.06    5.23 ^ pad_status_o/c2p (sg13g2_IOPadOut16mA)
     2   15.00    3.55    3.53    8.76 ^ pad_status_o/pad (sg13g2_IOPadOut16mA)
                  0.00    0.00    8.76 ^ status_o (out)
                                  8.76   data arrival time

                         10.00   10.00   clock clk_sys (rise edge)
                          0.00   10.00   clock network delay (propagated)
                         -0.10    9.90   clock uncertainty
                          0.00    9.90   clock reconvergence pessimism
                         -1.00    8.90   output external delay
                                  8.90   data required time
-----------------------------------------------------------------------------
                                  8.90   data required time
                                 -8.76   data arrival time
-----------------------------------------------------------------------------
                                  0.14   slack (MET)



==========================================================================
after_cts report_check_types -max_slew -max_cap -max_fanout -violators
--------------------------------------------------------------------------

==========================================================================
after_cts max_slew_check_slack
--------------------------------------------------------------------------
-2.4305672645568848

==========================================================================
after_cts max_slew_check_limit
--------------------------------------------------------------------------
1.2000000476837158

==========================================================================
after_cts max_slew_check_slack_limit
--------------------------------------------------------------------------
-2.0255

==========================================================================
after_cts max_fanout_check_slack
--------------------------------------------------------------------------
0.0

==========================================================================
after_cts max_fanout_check_limit
--------------------------------------------------------------------------
8.0

==========================================================================
after_cts max_fanout_check_slack_limit
--------------------------------------------------------------------------
0.0000

==========================================================================
after_cts max_capacitance_check_slack
--------------------------------------------------------------------------
-11.160959243774414

==========================================================================
after_cts max_capacitance_check_limit
--------------------------------------------------------------------------
4.21304988861084

==========================================================================
after_cts max_capacitance_check_slack_limit
--------------------------------------------------------------------------
-2.6491

==========================================================================
after_cts max_slew_violation_count
--------------------------------------------------------------------------
max slew violation count 71

==========================================================================
after_cts max_fanout_violation_count
--------------------------------------------------------------------------
max fanout violation count 0

==========================================================================
after_cts max_cap_violation_count
--------------------------------------------------------------------------
max cap violation count 71

==========================================================================
after_cts setup_violation_count
--------------------------------------------------------------------------
setup violation count 0

==========================================================================
after_cts hold_violation_count
--------------------------------------------------------------------------
hold violation count 0

==========================================================================
after_cts critical path delay
--------------------------------------------------------------------------
8.7606

==========================================================================
after_cts critical path slack
--------------------------------------------------------------------------
0.1394

==========================================================================
after_cts slack div critical path delay
--------------------------------------------------------------------------
1.591215

==========================================================================
after_cts report_power tt
--------------------------------------------------------------------------
Group                  Internal  Switching    Leakage      Total
                          Power      Power      Power      Power (Watts)
----------------------------------------------------------------
Sequential             4.27e-04   1.51e-04   1.95e-06   5.80e-04  10.6%
Combinational          5.24e-04   8.05e-04   3.79e-06   1.33e-03  24.4%
Clock                  1.22e-06   3.01e-07   1.62e-06   3.14e-06   0.1%
Macro                  0.00e+00   0.00e+00   3.96e-07   3.96e-07   0.0%
Pad                    2.75e-04   3.27e-03   1.08e-07   3.54e-03  64.9%
----------------------------------------------------------------
Total                  1.23e-03   4.23e-03   7.87e-06   5.46e-03 100.0%
                          22.5%      77.4%       0.1%

==========================================================================
after_cts report_design_area
--------------------------------------------------------------------------

==========================================================================
after_cts area by hierarchy
--------------------------------------------------------------------------

--------------------------------------------------------------------------------
Design Area Summary
--------------------------------------------------------------------------------
Die Area:              3896676.0 um2
Core Area:             1607694.48 um2
Total Area:            2195518.4608 um2
Total Active Area:     722718.4608 um2

Core Utilization:      0.44953719117080004
Std Cell Utilization:  0.38893619438060867

--------------------------------------------------------------------------------
Hierarchical Area Report
--------------------------------------------------------------------------------
                                                                                Global Area (um^2)                                                              Global Instances                                                                Local Area (um^2)                                                               Local Instances
                                                                                ------------------------------------------------------------------------------- ------------------------------------------------------------------------------- ------------------------------------------------------------------------------- ----------------------------------------------------------------------------
Hierarchy Name                                                                  Total           StdCell         Macro           Cover           Pad             Total           StdCell         Macro           Cover           Pad             Total           StdCell         Macro           Cover           Pad             Total           StdCell         Macro           Cover           Pad             
-----------------------------------------------------------------------------------------------------------------------------------------------------------------------------------------------------------------------------------------------------------------------------------------------------------------------------------------------------------------------------------------------------------
<top>                                                                           2195518.461     563278.666      159439.795      313600.000      1159200.000     34950           34756           2               64              128             1554801.808     82001.808       0.000           313600.000      1159200.000     6052            5860            0               64              128             
  i_croc_soc                                                                    640716.653      481276.858      159439.795      0.000           0.000           28898           28896           2               0               0               203.213         203.213         0.000           0.000           0.000           5               5               0               0               0               
    i_croc                                                                      638913.139      479473.344      159439.795      0.000           0.000           28796           28794           2               0               0               45635.789       45635.789       0.000           0.000           0.000           4424            4424            0               0               0               
      gen_sram_bank\[0\].i_sram                                                 80291.434       571.536         79719.898       0.000           0.000           80              79              1               0               0               80291.434       571.536         79719.898       0.000           0.000           80              79              1               0               0               
      gen_sram_bank\[1\].i_sram                                                 80291.434       571.536         79719.898       0.000           0.000           80              79              1               0               0               80291.434       571.536         79719.898       0.000           0.000           80              79              1               0               0               
      i_bootrom                                                                 4169.491        4169.491        0.000           0.000           0.000           371             371             0               0               0               4169.491        4169.491        0.000           0.000           0.000           371             371             0               0               0               
      i_clint                                                                   15491.347       15491.347       0.000           0.000           0.000           824             824             0               0               0               15393.370       15393.370       0.000           0.000           0.000           822             822             0               0               0               
        i_sync                                                                  97.978          97.978          0.000           0.000           0.000           2               2               0               0               0               97.978          97.978          0.000           0.000           0.000           2               2               0               0               0               
      i_core_wrap                                                               214736.054      214736.054      0.000           0.000           0.000           11790           11790           0               0               0               66593.923       66593.923       0.000           0.000           0.000           4923            4923            0               0               0               
        i_core.cs_registers_i                                                   53958.442       53958.442       0.000           0.000           0.000           3277            3277            0               0               0               53958.442       53958.442       0.000           0.000           0.000           3277            3277            0               0               0               
        i_core.register_file_i                                                  94183.690       94183.690       0.000           0.000           0.000           3590            3590            0               0               0               94183.690       94183.690       0.000           0.000           0.000           3590            3590            0               0               0               
      i_dm_top.i_dm_top                                                         72822.758       72822.758       0.000           0.000           0.000           4767            4767            0               0               0               72822.758       72822.758       0.000           0.000           0.000           4767            4767            0               0               0               
      i_dmi_jtag                                                                38008.051       38008.051       0.000           0.000           0.000           2042            2042            0               0               0               15113.952       15113.952       0.000           0.000           0.000           924             924             0               0               0               
        i_dmi_cdc.i_cdc_req                                                     12125.635       12125.635       0.000           0.000           0.000           585             585             0               0               0               232.243         232.243         0.000           0.000           0.000           8               8               0               0               0               
          i_cdc_reset_ctrlr                                                     3628.800        3628.800        0.000           0.000           0.000           225             225             0               0               0               0.000           0.000           0.000           0.000           0.000           0               0               0               0               0               
            i_cdc_reset_ctrlr_half_a                                            1810.771        1810.771        0.000           0.000           0.000           112             112             0               0               0               956.189         956.189         0.000           0.000           0.000           74              74              0               0               0               
              i_state_transition_cdc_dst                                        326.592         326.592         0.000           0.000           0.000           14              14              0               0               0               228.614         228.614         0.000           0.000           0.000           12              12              0               0               0               
                i_sync                                                          97.978          97.978          0.000           0.000           0.000           2               2               0               0               0               97.978          97.978          0.000           0.000           0.000           2               2               0               0               0               
              i_state_transition_cdc_src                                        527.990         527.990         0.000           0.000           0.000           24              24              0               0               0               430.013         430.013         0.000           0.000           0.000           22              22              0               0               0               
                i_sync                                                          97.978          97.978          0.000           0.000           0.000           2               2               0               0               0               97.978          97.978          0.000           0.000           0.000           2               2               0               0               0               
            i_cdc_reset_ctrlr_half_b                                            1818.029        1818.029        0.000           0.000           0.000           113             113             0               0               0               963.446         963.446         0.000           0.000           0.000           75              75              0               0               0               
              i_state_transition_cdc_dst                                        326.592         326.592         0.000           0.000           0.000           14              14              0               0               0               228.614         228.614         0.000           0.000           0.000           12              12              0               0               0               
                i_sync                                                          97.978          97.978          0.000           0.000           0.000           2               2               0               0               0               97.978          97.978          0.000           0.000           0.000           2               2               0               0               0               
              i_state_transition_cdc_src                                        527.990         527.990         0.000           0.000           0.000           24              24              0               0               0               430.013         430.013         0.000           0.000           0.000           22              22              0               0               0               
                i_sync                                                          97.978          97.978          0.000           0.000           0.000           2               2               0               0               0               97.978          97.978          0.000           0.000           0.000           2               2               0               0               0               
          i_dst                                                                 4205.779        4205.779        0.000           0.000           0.000           177             177             0               0               0               4058.813        4058.813        0.000           0.000           0.000           174             174             0               0               0               
            i_sync                                                              146.966         146.966         0.000           0.000           0.000           3               3               0               0               0               146.966         146.966         0.000           0.000           0.000           3               3               0               0               0               
          i_src                                                                 4058.813        4058.813        0.000           0.000           0.000           175             175             0               0               0               3911.846        3911.846        0.000           0.000           0.000           172             172             0               0               0               
            i_sync                                                              146.966         146.966         0.000           0.000           0.000           3               3               0               0               0               146.966         146.966         0.000           0.000           0.000           3               3               0               0               0               
        i_dmi_cdc.i_cdc_resp                                                    10744.877       10744.877       0.000           0.000           0.000           531             531             0               0               0               239.501         239.501         0.000           0.000           0.000           9               9               0               0               0               
          i_cdc_reset_ctrlr                                                     3601.584        3601.584        0.000           0.000           0.000           226             226             0               0               0               0.000           0.000           0.000           0.000           0.000           0               0               0               0               0               
            i_cdc_reset_ctrlr_half_a                                            1790.813        1790.813        0.000           0.000           0.000           114             114             0               0               0               936.230         936.230         0.000           0.000           0.000           76              76              0               0               0               
              i_state_transition_cdc_dst                                        326.592         326.592         0.000           0.000           0.000           14              14              0               0               0               228.614         228.614         0.000           0.000           0.000           12              12              0               0               0               
                i_sync                                                          97.978          97.978          0.000           0.000           0.000           2               2               0               0               0               97.978          97.978          0.000           0.000           0.000           2               2               0               0               0               
              i_state_transition_cdc_src                                        527.990         527.990         0.000           0.000           0.000           24              24              0               0               0               430.013         430.013         0.000           0.000           0.000           22              22              0               0               0               
                i_sync                                                          97.978          97.978          0.000           0.000           0.000           2               2               0               0               0               97.978          97.978          0.000           0.000           0.000           2               2               0               0               0               
            i_cdc_reset_ctrlr_half_b                                            1810.771        1810.771        0.000           0.000           0.000           112             112             0               0               0               956.189         956.189         0.000           0.000           0.000           74              74              0               0               0               
              i_state_transition_cdc_dst                                        326.592         326.592         0.000           0.000           0.000           14              14              0               0               0               228.614         228.614         0.000           0.000           0.000           12              12              0               0               0               
                i_sync                                                          97.978          97.978          0.000           0.000           0.000           2               2               0               0               0               97.978          97.978          0.000           0.000           0.000           2               2               0               0               0               
              i_state_transition_cdc_src                                        527.990         527.990         0.000           0.000           0.000           24              24              0               0               0               430.013         430.013         0.000           0.000           0.000           22              22              0               0               0               
                i_sync                                                          97.978          97.978          0.000           0.000           0.000           2               2               0               0               0               97.978          97.978          0.000           0.000           0.000           2               2               0               0               0               
          i_dst                                                                 3483.648        3483.648        0.000           0.000           0.000           149             149             0               0               0               3336.682        3336.682        0.000           0.000           0.000           146             146             0               0               0               
            i_sync                                                              146.966         146.966         0.000           0.000           0.000           3               3               0               0               0               146.966         146.966         0.000           0.000           0.000           3               3               0               0               0               
          i_src                                                                 3420.144        3420.144        0.000           0.000           0.000           147             147             0               0               0               3273.178        3273.178        0.000           0.000           0.000           144             144             0               0               0               
            i_sync                                                              146.966         146.966         0.000           0.000           0.000           3               3               0               0               0               146.966         146.966         0.000           0.000           0.000           3               3               0               0               0               
        i_dmi_jtag_tap.i_dft_tck_mux                                            18.144          18.144          0.000           0.000           0.000           1               1               0               0               0               18.144          18.144          0.000           0.000           0.000           1               1               0               0               0               
        i_dmi_jtag_tap.i_tck_inv                                                5.443           5.443           0.000           0.000           0.000           1               1               0               0               0               5.443           5.443           0.000           0.000           0.000           1               1               0               0               0               
      i_gpio                                                                    26907.552       26907.552       0.000           0.000           0.000           1377            1377            0               0               0               23772.269       23772.269       0.000           0.000           0.000           1313            1313            0               0               0               
        gen_gpios\[0\].i_sync                                                   97.978          97.978          0.000           0.000           0.000           2               2               0               0               0               97.978          97.978          0.000           0.000           0.000           2               2               0               0               0               
        gen_gpios\[10\].i_sync                                                  97.978          97.978          0.000           0.000           0.000           2               2               0               0               0               97.978          97.978          0.000           0.000           0.000           2               2               0               0               0               
        gen_gpios\[11\].i_sync                                                  97.978          97.978          0.000           0.000           0.000           2               2               0               0               0               97.978          97.978          0.000           0.000           0.000           2               2               0               0               0               
        gen_gpios\[12\].i_sync                                                  97.978          97.978          0.000           0.000           0.000           2               2               0               0               0               97.978          97.978          0.000           0.000           0.000           2               2               0               0               0               
        gen_gpios\[13\].i_sync                                                  97.978          97.978          0.000           0.000           0.000           2               2               0               0               0               97.978          97.978          0.000           0.000           0.000           2               2               0               0               0               
        gen_gpios\[14\].i_sync                                                  97.978          97.978          0.000           0.000           0.000           2               2               0               0               0               97.978          97.978          0.000           0.000           0.000           2               2               0               0               0               
        gen_gpios\[15\].i_sync                                                  97.978          97.978          0.000           0.000           0.000           2               2               0               0               0               97.978          97.978          0.000           0.000           0.000           2               2               0               0               0               
        gen_gpios\[16\].i_sync                                                  97.978          97.978          0.000           0.000           0.000           2               2               0               0               0               97.978          97.978          0.000           0.000           0.000           2               2               0               0               0               
        gen_gpios\[17\].i_sync                                                  97.978          97.978          0.000           0.000           0.000           2               2               0               0               0               97.978          97.978          0.000           0.000           0.000           2               2               0               0               0               
        gen_gpios\[18\].i_sync                                                  97.978          97.978          0.000           0.000           0.000           2               2               0               0               0               97.978          97.978          0.000           0.000           0.000           2               2               0               0               0               
        gen_gpios\[19\].i_sync                                                  97.978          97.978          0.000           0.000           0.000           2               2               0               0               0               97.978          97.978          0.000           0.000           0.000           2               2               0               0               0               
        gen_gpios\[1\].i_sync                                                   97.978          97.978          0.000           0.000           0.000           2               2               0               0               0               97.978          97.978          0.000           0.000           0.000           2               2               0               0               0               
        gen_gpios\[20\].i_sync                                                  97.978          97.978          0.000           0.000           0.000           2               2               0               0               0               97.978          97.978          0.000           0.000           0.000           2               2               0               0               0               
        gen_gpios\[21\].i_sync                                                  97.978          97.978          0.000           0.000           0.000           2               2               0               0               0               97.978          97.978          0.000           0.000           0.000           2               2               0               0               0               
        gen_gpios\[22\].i_sync                                                  97.978          97.978          0.000           0.000           0.000           2               2               0               0               0               97.978          97.978          0.000           0.000           0.000           2               2               0               0               0               
        gen_gpios\[23\].i_sync                                                  97.978          97.978          0.000           0.000           0.000           2               2               0               0               0               97.978          97.978          0.000           0.000           0.000           2               2               0               0               0               
        gen_gpios\[24\].i_sync                                                  97.978          97.978          0.000           0.000           0.000           2               2               0               0               0               97.978          97.978          0.000           0.000           0.000           2               2               0               0               0               
        gen_gpios\[25\].i_sync                                                  97.978          97.978          0.000           0.000           0.000           2               2               0               0               0               97.978          97.978          0.000           0.000           0.000           2               2               0               0               0               
        gen_gpios\[26\].i_sync                                                  97.978          97.978          0.000           0.000           0.000           2               2               0               0               0               97.978          97.978          0.000           0.000           0.000           2               2               0               0               0               
        gen_gpios\[27\].i_sync                                                  97.978          97.978          0.000           0.000           0.000           2               2               0               0               0               97.978          97.978          0.000           0.000           0.000           2               2               0               0               0               
        gen_gpios\[28\].i_sync                                                  97.978          97.978          0.000           0.000           0.000           2               2               0               0               0               97.978          97.978          0.000           0.000           0.000           2               2               0               0               0               
        gen_gpios\[29\].i_sync                                                  97.978          97.978          0.000           0.000           0.000           2               2               0               0               0               97.978          97.978          0.000           0.000           0.000           2               2               0               0               0               
        gen_gpios\[2\].i_sync                                                   97.978          97.978          0.000           0.000           0.000           2               2               0               0               0               97.978          97.978          0.000           0.000           0.000           2               2               0               0               0               
        gen_gpios\[30\].i_sync                                                  97.978          97.978          0.000           0.000           0.000           2               2               0               0               0               97.978          97.978          0.000           0.000           0.000           2               2               0               0               0               
        gen_gpios\[31\].i_sync                                                  97.978          97.978          0.000           0.000           0.000           2               2               0               0               0               97.978          97.978          0.000           0.000           0.000           2               2               0               0               0               
        gen_gpios\[3\].i_sync                                                   97.978          97.978          0.000           0.000           0.000           2               2               0               0               0               97.978          97.978          0.000           0.000           0.000           2               2               0               0               0               
        gen_gpios\[4\].i_sync                                                   97.978          97.978          0.000           0.000           0.000           2               2               0               0               0               97.978          97.978          0.000           0.000           0.000           2               2               0               0               0               
        gen_gpios\[5\].i_sync                                                   97.978          97.978          0.000           0.000           0.000           2               2               0               0               0               97.978          97.978          0.000           0.000           0.000           2               2               0               0               0               
        gen_gpios\[6\].i_sync                                                   97.978          97.978          0.000           0.000           0.000           2               2               0               0               0               97.978          97.978          0.000           0.000           0.000           2               2               0               0               0               
        gen_gpios\[7\].i_sync                                                   97.978          97.978          0.000           0.000           0.000           2               2               0               0               0               97.978          97.978          0.000           0.000           0.000           2               2               0               0               0               
        gen_gpios\[8\].i_sync                                                   97.978          97.978          0.000           0.000           0.000           2               2               0               0               0               97.978          97.978          0.000           0.000           0.000           2               2               0               0               0               
        gen_gpios\[9\].i_sync                                                   97.978          97.978          0.000           0.000           0.000           2               2               0               0               0               97.978          97.978          0.000           0.000           0.000           2               2               0               0               0               
      i_obi_timer                                                               10307.606       10307.606       0.000           0.000           0.000           582             582             0               0               0               10307.606       10307.606       0.000           0.000           0.000           582             582             0               0               0               
      i_soc_ctrl                                                                6471.965        6471.965        0.000           0.000           0.000           397             397             0               0               0               6471.965        6471.965        0.000           0.000           0.000           397             397             0               0               0               
      i_uart                                                                    43779.658       43779.658       0.000           0.000           0.000           2062            2062            0               0               0               43260.739       43260.739       0.000           0.000           0.000           2048            2048            0               0               0               
        i_uart_modem.i_sync_cd                                                  105.235         105.235         0.000           0.000           0.000           3               3               0               0               0               105.235         105.235         0.000           0.000           0.000           3               3               0               0               0               
        i_uart_modem.i_sync_cts                                                 105.235         105.235         0.000           0.000           0.000           3               3               0               0               0               105.235         105.235         0.000           0.000           0.000           3               3               0               0               0               
        i_uart_modem.i_sync_dsr                                                 105.235         105.235         0.000           0.000           0.000           3               3               0               0               0               105.235         105.235         0.000           0.000           0.000           3               3               0               0               0               
        i_uart_modem.i_sync_ri                                                  105.235         105.235         0.000           0.000           0.000           3               3               0               0               0               105.235         105.235         0.000           0.000           0.000           3               3               0               0               0               
        i_uart_rx.i_sync                                                        97.978          97.978          0.000           0.000           0.000           2               2               0               0               0               97.978          97.978          0.000           0.000           0.000           2               2               0               0               0               
    i_rstgen.i_rstgen_bypass.i_tc_clk_mux2_init_no                              25.402          25.402          0.000           0.000           0.000           2               2               0               0               0               25.402          25.402          0.000           0.000           0.000           2               2               0               0               0               
    i_rstgen.i_rstgen_bypass.i_tc_clk_mux2_rst_n                                18.144          18.144          0.000           0.000           0.000           1               1               0               0               0               18.144          18.144          0.000           0.000           0.000           1               1               0               0               0               
    i_rstgen.i_rstgen_bypass.i_tc_clk_mux2_rst_no                               19.958          19.958          0.000           0.000           0.000           1               1               0               0               0               19.958          19.958          0.000           0.000           0.000           1               1               0               0               0               
    i_user                                                                      1536.797        1536.797        0.000           0.000           0.000           93              93              0               0               0               1536.797        1536.797        0.000           0.000           0.000           93              93              0               0               0               
