[INFO] Final PATH variable: /foss/tools/bin:/foss/tools/sak:/usr/local/sbin:/usr/local/sbin:/usr/local/bin:/usr/sbin:/usr/bin:/sbin:/bin:/foss/tools/kactus2:/foss/tools/klayout:/foss/tools/osic-multitool
[INFO] Final PYTHONPATH variable: /usr/lib/python312.zip:/usr/lib/python3.12:/usr/lib/python3.12/lib-dynload:/usr/local/lib/python3.12/dist-packages:/usr/lib/python3/dist-packages:/foss/tools/ngspyce/local/lib/python3.12/dist-packages:/foss/tools/openems/local/lib/python3.12/dist-packages:/foss/tools/yosys/share/yosys/python3:/foss/tools/klayout/pymod
[INFO][ENV] Croc root: /work/upstream/croc
[INFO][ENV] Skipping technology setup
[INFO][ENV] PDK root: /work/upstream/croc/technology
[INFO][ENV] Croc PDK: sg13g2
[INFO][ENV] Active technology view: public mirror
[INFO][ENV] KLayout path: /work/upstream/croc/ihp13/sg13g2/ihp-sg13g2/libs.tech/klayout
[INFO][ENV] Bender PDK args: <none>
[INFO][ENV] Tech LEF: sg13g2_tech.lef
[INFO][ENV] IO LEF/GDS: sg13g2_io.lef/sg13g2_io.gds
[INFO][ENV] IO Liberty tt/ff: sg13g2_io_typ_1p2V_3p3V_25C.lib/sg13g2_io_fast_1p32V_3p6V_m40C.lib
[INFO][ENV] Bondpad cell: bondpad_70x70 (bondpad_70x70.lef/bondpad_70x70.gds)
OpenROAD v2.0-27244-gfecb04286 
Features included (+) or not (-): +GPU +GUI +Python
This program is licensed under the BSD-3 license. See the LICENSE file for details.
Components of this program may be licensed under more restrictive licenses which must be honored.
[INFO ORD-0030] Using 2 thread(s).
Init standard cells
Init IO cells
Init SRAM macros
Init tech-lef
[INFO ODB-0227] LEF file: /work/upstream/croc/technology/lef/sg13g2_tech.lef, created 19 layers, 70 vias
Init cell-lef
[INFO ODB-0227] LEF file: /work/upstream/croc/technology/lef/sg13g2_stdcell.lef, created 84 library cells
[INFO ODB-0227] LEF file: /work/upstream/croc/technology/lef/sg13g2_io.lef, created 22 library cells
[INFO ODB-0227] LEF file: /work/upstream/croc/technology/lef/bondpad_70x70.lef, created 1 library cells
[INFO ODB-0227] LEF file: /work/upstream/croc/technology/lef/RM_IHPSG13_1P_256x64_c2_bm_bist.lef, created 1 library cells
[INFO ODB-0227] LEF file: /work/upstream/croc/technology/lef/RM_IHPSG13_1P_256x48_c2_bm_bist.lef, created 1 library cells
[INFO ODB-0227] LEF file: /work/upstream/croc/technology/lef/RM_IHPSG13_1P_1024x64_c2_bm_bist.lef, created 1 library cells
[INFO ODB-0227] LEF file: /work/upstream/croc/technology/lef/RM_IHPSG13_1P_512x64_c2_bm_bist.lef, created 1 library cells
[INFO ODB-0227] LEF file: /work/upstream/croc/technology/lef/RM_IHPSG13_1P_2048x64_c2_bm_bist.lef, created 1 library cells
[INFO ODB-0227] LEF file: /work/upstream/croc/technology/lef/RM_IHPSG13_1P_512x32_c2_bm_bist.lef, created 1 library cells
[INFO ODB-0227] LEF file: /work/upstream/croc/technology/lef/RM_IHPSG13_1P_64x64_c2_bm_bist.lef, created 1 library cells
SRAM_CAP_EDIT_COMPLETE
OpenROAD v2.0-27244-gfecb04286 
Features included (+) or not (-): +GPU +GUI +Python
This program is licensed under the BSD-3 license. See the LICENSE file for details.
Components of this program may be licensed under more restrictive licenses which must be honored.
[INFO ORD-0030] Using 2 thread(s).
Init standard cells
Init IO cells
Init SRAM macros
Init tech-lef
[INFO ODB-0227] LEF file: /work/upstream/croc/technology/lef/sg13g2_tech.lef, created 19 layers, 70 vias
Init cell-lef
[INFO ODB-0227] LEF file: /work/upstream/croc/technology/lef/sg13g2_stdcell.lef, created 84 library cells
[INFO ODB-0227] LEF file: /work/upstream/croc/technology/lef/sg13g2_io.lef, created 22 library cells
[INFO ODB-0227] LEF file: /work/upstream/croc/technology/lef/bondpad_70x70.lef, created 1 library cells
[INFO ODB-0227] LEF file: /work/upstream/croc/technology/lef/RM_IHPSG13_1P_256x64_c2_bm_bist.lef, created 1 library cells
[INFO ODB-0227] LEF file: /work/upstream/croc/technology/lef/RM_IHPSG13_1P_256x48_c2_bm_bist.lef, created 1 library cells
[INFO ODB-0227] LEF file: /work/upstream/croc/technology/lef/RM_IHPSG13_1P_1024x64_c2_bm_bist.lef, created 1 library cells
[INFO ODB-0227] LEF file: /work/upstream/croc/technology/lef/RM_IHPSG13_1P_512x64_c2_bm_bist.lef, created 1 library cells
[INFO ODB-0227] LEF file: /work/upstream/croc/technology/lef/RM_IHPSG13_1P_2048x64_c2_bm_bist.lef, created 1 library cells
[INFO ODB-0227] LEF file: /work/upstream/croc/technology/lef/RM_IHPSG13_1P_512x32_c2_bm_bist.lef, created 1 library cells
[INFO ODB-0227] LEF file: /work/upstream/croc/technology/lef/RM_IHPSG13_1P_64x64_c2_bm_bist.lef, created 1 library cells
Placement Analysis
---------------------------------
total displacement        751.1 u
average displacement        0.0 u
max displacement           28.5 u
original HPWL         1548241.3 u
legalized HPWL        1548279.0 u
delta HPWL                    0 %

PLACEMENT_LEGALITY_BEGIN
PLACEMENT_LEGALITY_END catch=0 result=
PLACED_PG_CHECK_BEGIN VDD
[INFO PSM-0040] All shapes on net VDD are connected.
PLACED_PG_CHECK_END VDD catch=0 result=1
PLACED_PG_CHECK_BEGIN VSS
[INFO PSM-0040] All shapes on net VSS are connected.
PLACED_PG_CHECK_END VSS catch=0 result=1
FULL_PLACEMENT_EVIDENCE_CAPTURE_COMPLETE
FULL_SRAM_CAP_ECO_COMPLETE
