[INFO] Final PATH variable: /foss/tools/bin:/foss/tools/sak:/usr/local/sbin:/usr/local/sbin:/usr/local/bin:/usr/sbin:/usr/bin:/sbin:/bin:/foss/tools/kactus2:/foss/tools/klayout:/foss/tools/osic-multitool
[INFO] Final PYTHONPATH variable: /usr/lib/python312.zip:/usr/lib/python3.12:/usr/lib/python3.12/lib-dynload:/usr/local/lib/python3.12/dist-packages:/usr/lib/python3/dist-packages:/foss/tools/ngspyce/local/lib/python3.12/dist-packages:/foss/tools/openems/local/lib/python3.12/dist-packages:/foss/tools/yosys/share/yosys/python3:/foss/tools/klayout/pymod
08-Sep-2026 19:10:35 | INFO    | Your Klayout version is: KLayout 0.30.5 (required >= 0.30.5)
08-Sep-2026 19:10:35 | INFO    | Running SG13G2 LVS checks on design /output/inputs/sg13g2_DCNDiode.gds on cell sg13g2_DCNDiode
2026-09-08 19:10:37 +0200: Memory Usage (439836K) : Starting running SG13G2 Klayout LVS runset on /output/inputs/sg13g2_DCNDiode.gds
2026-09-08 19:10:37 +0200: Memory Usage (439836K) : Ruby Version for klayout: 3.2.3
2026-09-08 19:10:37 +0200: Memory Usage (440984K) : Loading database to memory is complete.
2026-09-08 19:10:37 +0200: Memory Usage (440984K) : SG13G2 Klayout LVS runset output at: /output/result/sg13g2_DCNDiode.lvsdb
2026-09-08 19:10:37 +0200: Memory Usage (440984K) : Evaluate switches.
2026-09-08 19:10:37 +0200: Memory Usage (440984K) : Extracted netlist with net names: true
2026-09-08 19:10:37 +0200: Memory Usage (440984K) : Extracted netlist with comments in details: false
2026-09-08 19:10:37 +0200: Memory Usage (440984K) : Selected NET_ONLY option: false
2026-09-08 19:10:37 +0200: Memory Usage (440984K) : Selected LAYOUT_NETLIST option: (none)
2026-09-08 19:10:37 +0200: Memory Usage (440984K) : Selected IGNORE_TOP_PORTS_MISMATCH option: 
2026-09-08 19:10:37 +0200: Memory Usage (440984K) : Selected IMPLICIT_NETS option: (none)
2026-09-08 19:10:37 +0200: Memory Usage (440984K) : Selected TOP_LVL_PINS option: false
2026-09-08 19:10:37 +0200: Memory Usage (440984K) : Selected COMBINE DEVICES option: false
2026-09-08 19:10:37 +0200: Memory Usage (440984K) : Selected PURGE option: false
2026-09-08 19:10:37 +0200: Memory Usage (440984K) : Selected PURGE_NETS option: false
2026-09-08 19:10:37 +0200: Memory Usage (440984K) : Selected SIMPLIFY option: true
2026-09-08 19:10:37 +0200: Memory Usage (440984K) : Selected SERIES_RES option: true
2026-09-08 19:10:37 +0200: Memory Usage (440984K) : Selected PARALLEL_RES option: true
2026-09-08 19:10:37 +0200: Memory Usage (440984K) : Selected DISABLE_TAP_EXTRACTION option: false
2026-09-08 19:10:37 +0200: Memory Usage (440984K) : deep  mode is enabled.
2026-09-08 19:10:37 +0200: Memory Usage (441520K) : Netlist file: /output/inputs/sg13g2_DCNDiode.cdl
STAGE_SNAPSHOT schematic_after_reader inventory_preserved=true
2026-09-08 19:10:37 +0200: Memory Usage (441520K) : LVS extracted netlist at: /output/result/sg13g2_DCNDiode_extracted.cir
2026-09-08 19:10:37 +0200: Memory Usage (441520K) : Applying SRAM integration support.
2026-09-08 19:10:37 +0200: Memory Usage (441520K) : Starting SG13G2 LVS runset
2026-09-08 19:10:37 +0200: Memory Usage (441520K) : Read in polygons from layers.
2026-09-08 19:10:37 +0200: Memory Usage (442844K) : activ_drw has 7 polygons
2026-09-08 19:10:37 +0200: Memory Usage (442844K) : activ_filler has 0 polygons
2026-09-08 19:10:37 +0200: Memory Usage (442972K) : activ has 7 polygons
2026-09-08 19:10:37 +0200: Memory Usage (442972K) : activ_pin has 0 polygons
2026-09-08 19:10:37 +0200: Memory Usage (442972K) : activ_mask has 0 polygons
2026-09-08 19:10:37 +0200: Memory Usage (442972K) : activ_nofill has 0 polygons
2026-09-08 19:10:37 +0200: Memory Usage (442972K) : activ_OPC has 0 polygons
2026-09-08 19:10:37 +0200: Memory Usage (442972K) : activ_iOPC has 0 polygons
2026-09-08 19:10:37 +0200: Memory Usage (442972K) : activ_noqrc has 0 polygons
2026-09-08 19:10:37 +0200: Memory Usage (442972K) : biwind_drw has 0 polygons
2026-09-08 19:10:37 +0200: Memory Usage (442972K) : biwind_OPC has 0 polygons
2026-09-08 19:10:37 +0200: Memory Usage (442972K) : gatpoly_drw has 0 polygons
2026-09-08 19:10:37 +0200: Memory Usage (442972K) : gatpoly_filler has 0 polygons
2026-09-08 19:10:37 +0200: Memory Usage (442972K) : gatpoly has 0 polygons
2026-09-08 19:10:37 +0200: Memory Usage (442972K) : gatpoly_pin has 0 polygons
2026-09-08 19:10:37 +0200: Memory Usage (442972K) : gatpoly_nofill has 0 polygons
2026-09-08 19:10:37 +0200: Memory Usage (442972K) : gatpoly_OPC has 0 polygons
2026-09-08 19:10:37 +0200: Memory Usage (442972K) : gatpoly_iOPC has 0 polygons
2026-09-08 19:10:37 +0200: Memory Usage (442972K) : gatpoly_noqrc has 0 polygons
2026-09-08 19:10:37 +0200: Memory Usage (443100K) : cont_drw has 1755 polygons
2026-09-08 19:10:37 +0200: Memory Usage (443100K) : cont_OPC has 0 polygons
2026-09-08 19:10:37 +0200: Memory Usage (443100K) : nsd_drw has 0 polygons
2026-09-08 19:10:37 +0200: Memory Usage (443100K) : nsd_block has 0 polygons
2026-09-08 19:10:37 +0200: Memory Usage (443100K) : metal1_drw has 9 polygons
2026-09-08 19:10:37 +0200: Memory Usage (443100K) : metal1_filler has 0 polygons
2026-09-08 19:10:37 +0200: Memory Usage (443228K) : metal1_slit has 0 polygons
2026-09-08 19:10:37 +0200: Memory Usage (443356K) : metal1 has 9 polygons
2026-09-08 19:10:37 +0200: Memory Usage (443356K) : metal1_pin has 7 polygons
2026-09-08 19:10:37 +0200: Memory Usage (443484K) : metal1_mask has 0 polygons
2026-09-08 19:10:37 +0200: Memory Usage (443868K) : metal1_nofill has 0 polygons
2026-09-08 19:10:37 +0200: Memory Usage (444124K) : metal1_text has 7 polygons
2026-09-08 19:10:37 +0200: Memory Usage (444124K) : metal1_OPC has 0 polygons
2026-09-08 19:10:37 +0200: Memory Usage (444252K) : metal1_noqrc has 0 polygons
2026-09-08 19:10:37 +0200: Memory Usage (444252K) : metal1_res has 0 polygons
2026-09-08 19:10:37 +0200: Memory Usage (444252K) : metal1_iprobe has 0 polygons
2026-09-08 19:10:37 +0200: Memory Usage (444252K) : metal1_diffprb has 0 polygons
2026-09-08 19:10:37 +0200: Memory Usage (444252K) : passiv_drw has 0 polygons
2026-09-08 19:10:37 +0200: Memory Usage (444380K) : passiv_pin has 0 polygons
2026-09-08 19:10:37 +0200: Memory Usage (444380K) : passiv_sbump has 0 polygons
2026-09-08 19:10:37 +0200: Memory Usage (444508K) : passiv_pillar has 0 polygons
2026-09-08 19:10:37 +0200: Memory Usage (444508K) : passiv_pdl has 0 polygons
2026-09-08 19:10:37 +0200: Memory Usage (444636K) : metal2_drw has 0 polygons
2026-09-08 19:10:37 +0200: Memory Usage (444636K) : metal2_filler has 0 polygons
2026-09-08 19:10:37 +0200: Memory Usage (444764K) : metal2_slit has 0 polygons
2026-09-08 19:10:37 +0200: Memory Usage (444892K) : metal2 has 0 polygons
2026-09-08 19:10:37 +0200: Memory Usage (445020K) : metal2_pin has 0 polygons
2026-09-08 19:10:37 +0200: Memory Usage (445020K) : metal2_mask has 0 polygons
2026-09-08 19:10:37 +0200: Memory Usage (445148K) : metal2_nofill has 0 polygons
2026-09-08 19:10:37 +0200: Memory Usage (445148K) : metal2_text has 0 polygons
2026-09-08 19:10:37 +0200: Memory Usage (445276K) : metal2_OPC has 0 polygons
2026-09-08 19:10:37 +0200: Memory Usage (445276K) : metal2_noqrc has 0 polygons
2026-09-08 19:10:37 +0200: Memory Usage (445404K) : metal2_res has 0 polygons
2026-09-08 19:10:37 +0200: Memory Usage (445404K) : metal2_iprobe has 0 polygons
2026-09-08 19:10:37 +0200: Memory Usage (445404K) : metal2_diffprb has 0 polygons
2026-09-08 19:10:37 +0200: Memory Usage (445404K) : baspoly_drw has 0 polygons
2026-09-08 19:10:37 +0200: Memory Usage (445404K) : baspoly_pin has 0 polygons
2026-09-08 19:10:37 +0200: Memory Usage (445404K) : psd_drw has 1 polygons
2026-09-08 19:10:37 +0200: Memory Usage (445532K) : nldb_drw has 0 polygons
2026-09-08 19:10:37 +0200: Memory Usage (445532K) : digibnd_drw has 0 polygons
2026-09-08 19:10:37 +0200: Memory Usage (445660K) : via1_drw has 0 polygons
2026-09-08 19:10:37 +0200: Memory Usage (445660K) : backmetal1_drw has 0 polygons
2026-09-08 19:10:37 +0200: Memory Usage (445788K) : backmetal1_pin has 0 polygons
2026-09-08 19:10:37 +0200: Memory Usage (445788K) : backmetal1_mask has 0 polygons
2026-09-08 19:10:37 +0200: Memory Usage (445916K) : backmetal1_filler has 0 polygons
2026-09-08 19:10:37 +0200: Memory Usage (445916K) : backmetal1_nofill has 0 polygons
2026-09-08 19:10:37 +0200: Memory Usage (446044K) : backmetal1_slit has 0 polygons
2026-09-08 19:10:37 +0200: Memory Usage (446044K) : backmetal1_text has 0 polygons
2026-09-08 19:10:37 +0200: Memory Usage (446172K) : backmetal1_OPC has 0 polygons
2026-09-08 19:10:37 +0200: Memory Usage (446300K) : backmetal1_noqrc has 0 polygons
2026-09-08 19:10:37 +0200: Memory Usage (446300K) : backmetal1_res has 0 polygons
2026-09-08 19:10:37 +0200: Memory Usage (446428K) : backmetal1_iprobe has 0 polygons
2026-09-08 19:10:37 +0200: Memory Usage (446428K) : backmetal1_diffprb has 0 polygons
2026-09-08 19:10:37 +0200: Memory Usage (446556K) : backpassiv_drw has 0 polygons
2026-09-08 19:10:37 +0200: Memory Usage (446556K) : res_drw has 0 polygons
2026-09-08 19:10:37 +0200: Memory Usage (446684K) : sram_drw has 0 polygons
2026-09-08 19:10:37 +0200: Memory Usage (446684K) : trans_drw has 0 polygons
2026-09-08 19:10:37 +0200: Memory Usage (446812K) : ind_drw has 0 polygons
2026-09-08 19:10:37 +0200: Memory Usage (446812K) : ind_pin has 0 polygons
2026-09-08 19:10:37 +0200: Memory Usage (446940K) : ind_text has 0 polygons
2026-09-08 19:10:37 +0200: Memory Usage (446940K) : salblock_drw has 0 polygons
2026-09-08 19:10:37 +0200: Memory Usage (447068K) : via2_drw has 0 polygons
2026-09-08 19:10:37 +0200: Memory Usage (447196K) : metal3_drw has 0 polygons
2026-09-08 19:10:37 +0200: Memory Usage (447196K) : metal3_filler has 0 polygons
2026-09-08 19:10:37 +0200: Memory Usage (447324K) : metal3_slit has 0 polygons
2026-09-08 19:10:37 +0200: Memory Usage (447452K) : metal3 has 0 polygons
2026-09-08 19:10:37 +0200: Memory Usage (447452K) : metal3_pin has 0 polygons
2026-09-08 19:10:37 +0200: Memory Usage (447580K) : metal3_mask has 0 polygons
2026-09-08 19:10:37 +0200: Memory Usage (447580K) : metal3_nofill has 0 polygons
2026-09-08 19:10:37 +0200: Memory Usage (447708K) : metal3_text has 0 polygons
2026-09-08 19:10:37 +0200: Memory Usage (447708K) : metal3_OPC has 0 polygons
2026-09-08 19:10:37 +0200: Memory Usage (447836K) : metal3_noqrc has 0 polygons
2026-09-08 19:10:37 +0200: Memory Usage (447836K) : metal3_res has 0 polygons
2026-09-08 19:10:37 +0200: Memory Usage (447964K) : metal3_iprobe has 0 polygons
2026-09-08 19:10:37 +0200: Memory Usage (447964K) : metal3_diffprb has 0 polygons
2026-09-08 19:10:37 +0200: Memory Usage (448092K) : nwell_drw has 4 polygons
2026-09-08 19:10:37 +0200: Memory Usage (448220K) : nwell_pin has 0 polygons
2026-09-08 19:10:37 +0200: Memory Usage (448220K) : nwell_text has 0 polygons
2026-09-08 19:10:37 +0200: Memory Usage (448348K) : nbulay_drw has 0 polygons
2026-09-08 19:10:37 +0200: Memory Usage (448348K) : nbulay_pin has 0 polygons
2026-09-08 19:10:37 +0200: Memory Usage (448476K) : nbulay_block has 0 polygons
2026-09-08 19:10:37 +0200: Memory Usage (448476K) : emwind_drw has 0 polygons
2026-09-08 19:10:37 +0200: Memory Usage (448604K) : emwind_OPC has 0 polygons
2026-09-08 19:10:37 +0200: Memory Usage (448604K) : deepco_drw has 0 polygons
2026-09-08 19:10:37 +0200: Memory Usage (448732K) : mim_drw has 0 polygons
2026-09-08 19:10:37 +0200: Memory Usage (448732K) : edgeseal_drw has 0 polygons
2026-09-08 19:10:37 +0200: Memory Usage (448860K) : substrate_drw has 1 polygons
2026-09-08 19:10:37 +0200: Memory Usage (448988K) : substrate_text has 0 polygons
2026-09-08 19:10:37 +0200: Memory Usage (448988K) : dfpad_drw has 0 polygons
2026-09-08 19:10:37 +0200: Memory Usage (449116K) : dfpad_pillar has 0 polygons
2026-09-08 19:10:37 +0200: Memory Usage (449116K) : dfpad_sbump has 0 polygons
2026-09-08 19:10:37 +0200: Memory Usage (449244K) : thickgateox_drw has 0 polygons
2026-09-08 19:10:37 +0200: Memory Usage (449244K) : pldb_drw has 0 polygons
2026-09-08 19:10:37 +0200: Memory Usage (449372K) : pwell_drw has 0 polygons
2026-09-08 19:10:37 +0200: Memory Usage (449372K) : pwell_pin has 0 polygons
2026-09-08 19:10:37 +0200: Memory Usage (449500K) : pwell_block has 0 polygons
2026-09-08 19:10:37 +0200: Memory Usage (449500K) : ic_drw has 0 polygons
2026-09-08 19:10:37 +0200: Memory Usage (449628K) : via3_drw has 0 polygons
2026-09-08 19:10:37 +0200: Memory Usage (449628K) : metal4_drw has 0 polygons
2026-09-08 19:10:37 +0200: Memory Usage (449756K) : metal4_filler has 0 polygons
2026-09-08 19:10:37 +0200: Memory Usage (449884K) : metal4_slit has 0 polygons
2026-09-08 19:10:37 +0200: Memory Usage (450012K) : metal4 has 0 polygons
2026-09-08 19:10:37 +0200: Memory Usage (450012K) : metal4_pin has 0 polygons
2026-09-08 19:10:37 +0200: Memory Usage (450140K) : metal4_mask has 0 polygons
2026-09-08 19:10:37 +0200: Memory Usage (450140K) : metal4_nofill has 0 polygons
2026-09-08 19:10:37 +0200: Memory Usage (450268K) : metal4_text has 0 polygons
2026-09-08 19:10:37 +0200: Memory Usage (450268K) : metal4_OPC has 0 polygons
2026-09-08 19:10:37 +0200: Memory Usage (450396K) : metal4_noqrc has 0 polygons
2026-09-08 19:10:37 +0200: Memory Usage (450396K) : metal4_res has 0 polygons
2026-09-08 19:10:37 +0200: Memory Usage (450524K) : metal4_iprobe has 0 polygons
2026-09-08 19:10:37 +0200: Memory Usage (450652K) : metal4_diffprb has 0 polygons
2026-09-08 19:10:37 +0200: Memory Usage (450652K) : heattrans_drw has 0 polygons
2026-09-08 19:10:37 +0200: Memory Usage (450780K) : heatres_drw has 0 polygons
2026-09-08 19:10:37 +0200: Memory Usage (450780K) : fbe_drw has 0 polygons
2026-09-08 19:10:37 +0200: Memory Usage (450908K) : empoly_drw has 0 polygons
2026-09-08 19:10:37 +0200: Memory Usage (450908K) : digisub_drw has 0 polygons
2026-09-08 19:10:37 +0200: Memory Usage (451036K) : text_drw has 3 polygons
2026-09-08 19:10:37 +0200: Memory Usage (451036K) : via4_drw has 0 polygons
2026-09-08 19:10:37 +0200: Memory Usage (451164K) : metal5_drw has 0 polygons
2026-09-08 19:10:37 +0200: Memory Usage (451164K) : metal5_filler has 0 polygons
2026-09-08 19:10:37 +0200: Memory Usage (451292K) : metal5_slit has 0 polygons
2026-09-08 19:10:37 +0200: Memory Usage (451420K) : metal5 has 0 polygons
2026-09-08 19:10:37 +0200: Memory Usage (451420K) : metal5_pin has 0 polygons
2026-09-08 19:10:37 +0200: Memory Usage (451548K) : metal5_mask has 0 polygons
2026-09-08 19:10:37 +0200: Memory Usage (451676K) : metal5_nofill has 0 polygons
2026-09-08 19:10:37 +0200: Memory Usage (451676K) : metal5_text has 0 polygons
2026-09-08 19:10:37 +0200: Memory Usage (451804K) : metal5_OPC has 0 polygons
2026-09-08 19:10:37 +0200: Memory Usage (451804K) : metal5_noqrc has 0 polygons
2026-09-08 19:10:37 +0200: Memory Usage (451932K) : metal5_res has 0 polygons
2026-09-08 19:10:37 +0200: Memory Usage (451932K) : metal5_iprobe has 0 polygons
2026-09-08 19:10:37 +0200: Memory Usage (452060K) : metal5_diffprb has 0 polygons
2026-09-08 19:10:37 +0200: Memory Usage (452060K) : radhard_drw has 0 polygons
2026-09-08 19:10:37 +0200: Memory Usage (452188K) : memcap_drw has 0 polygons
2026-09-08 19:10:37 +0200: Memory Usage (452188K) : varicap_drw has 0 polygons
2026-09-08 19:10:37 +0200: Memory Usage (452316K) : intbondvia_drw has 0 polygons
2026-09-08 19:10:37 +0200: Memory Usage (452444K) : intbondmet_drw has 0 polygons
2026-09-08 19:10:37 +0200: Memory Usage (452444K) : devbondvia_drw has 0 polygons
2026-09-08 19:10:37 +0200: Memory Usage (452572K) : devbondmet_drw has 0 polygons
2026-09-08 19:10:37 +0200: Memory Usage (452572K) : devtrench_drw has 0 polygons
2026-09-08 19:10:37 +0200: Memory Usage (452700K) : redist_drw has 0 polygons
2026-09-08 19:10:37 +0200: Memory Usage (452700K) : graphbot_drw has 0 polygons
2026-09-08 19:10:37 +0200: Memory Usage (452828K) : graphtop_drw has 0 polygons
2026-09-08 19:10:37 +0200: Memory Usage (452828K) : antvia1_drw has 0 polygons
2026-09-08 19:10:37 +0200: Memory Usage (452956K) : antmetal2_drw has 0 polygons
2026-09-08 19:10:37 +0200: Memory Usage (452956K) : graphcont_drw has 0 polygons
2026-09-08 19:10:37 +0200: Memory Usage (453084K) : siwg_drw has 0 polygons
2026-09-08 19:10:37 +0200: Memory Usage (453212K) : siwg_filler has 0 polygons
2026-09-08 19:10:37 +0200: Memory Usage (453212K) : siwg_nofill has 0 polygons
2026-09-08 19:10:37 +0200: Memory Usage (453340K) : sigrating_drw has 0 polygons
2026-09-08 19:10:37 +0200: Memory Usage (453340K) : singrating_drw has 0 polygons
2026-09-08 19:10:37 +0200: Memory Usage (453468K) : graphpas_drw has 0 polygons
2026-09-08 19:10:37 +0200: Memory Usage (453468K) : emwind3_drw has 0 polygons
2026-09-08 19:10:37 +0200: Memory Usage (453596K) : emwihv3_drw has 0 polygons
2026-09-08 19:10:37 +0200: Memory Usage (453596K) : redbulay_drw has 0 polygons
2026-09-08 19:10:37 +0200: Memory Usage (453724K) : smos_drw has 0 polygons
2026-09-08 19:10:37 +0200: Memory Usage (453724K) : graphpad_drw has 0 polygons
2026-09-08 19:10:37 +0200: Memory Usage (453852K) : polimide_drw has 0 polygons
2026-09-08 19:10:37 +0200: Memory Usage (453852K) : polimide_pin has 0 polygons
2026-09-08 19:10:37 +0200: Memory Usage (453980K) : recog_drw has 0 polygons
2026-09-08 19:10:37 +0200: Memory Usage (454108K) : recog_pin has 0 polygons
2026-09-08 19:10:37 +0200: Memory Usage (454108K) : recog_esd has 0 polygons
2026-09-08 19:10:37 +0200: Memory Usage (454236K) : recog_diode has 2 polygons
2026-09-08 19:10:37 +0200: Memory Usage (454236K) : recog_tsv has 0 polygons
2026-09-08 19:10:37 +0200: Memory Usage (454364K) : recog_iprobe has 0 polygons
2026-09-08 19:10:37 +0200: Memory Usage (454364K) : recog_diffprb has 0 polygons
2026-09-08 19:10:37 +0200: Memory Usage (454492K) : recog_pillar has 0 polygons
2026-09-08 19:10:37 +0200: Memory Usage (454492K) : recog_sbump has 0 polygons
2026-09-08 19:10:37 +0200: Memory Usage (454620K) : recog_otp has 0 polygons
2026-09-08 19:10:37 +0200: Memory Usage (454620K) : recog_pdiode has 0 polygons
2026-09-08 19:10:37 +0200: Memory Usage (454748K) : recog_mom has 0 polygons
2026-09-08 19:10:37 +0200: Memory Usage (454876K) : recog_momf has 0 polygons
2026-09-08 19:10:37 +0200: Memory Usage (454876K) : recog_pcm has 0 polygons
2026-09-08 19:10:37 +0200: Memory Usage (455004K) : colopen_drw has 0 polygons
2026-09-08 19:10:37 +0200: Memory Usage (455004K) : graphmetal1_drw has 0 polygons
2026-09-08 19:10:37 +0200: Memory Usage (455132K) : graphmetal1_filler has 0 polygons
2026-09-08 19:10:37 +0200: Memory Usage (455132K) : graphmetal1_nofill has 0 polygons
2026-09-08 19:10:37 +0200: Memory Usage (455260K) : graphmetal1_slit has 0 polygons
2026-09-08 19:10:37 +0200: Memory Usage (455260K) : graphmetal1_OPC has 0 polygons
2026-09-08 19:10:37 +0200: Memory Usage (455388K) : graphmet1l_drw has 0 polygons
2026-09-08 19:10:37 +0200: Memory Usage (455388K) : graphmet1l_filler has 0 polygons
2026-09-08 19:10:37 +0200: Memory Usage (455516K) : graphmet1l_nofill has 0 polygons
2026-09-08 19:10:37 +0200: Memory Usage (455644K) : graphmet1l_slit has 0 polygons
2026-09-08 19:10:37 +0200: Memory Usage (455644K) : graphmet1l_OPC has 0 polygons
2026-09-08 19:10:37 +0200: Memory Usage (455772K) : extblock_drw has 0 polygons
2026-09-08 19:10:37 +0200: Memory Usage (455772K) : nldd_drw has 0 polygons
2026-09-08 19:10:37 +0200: Memory Usage (455900K) : pldd_drw has 0 polygons
2026-09-08 19:10:37 +0200: Memory Usage (455900K) : next_drw has 0 polygons
2026-09-08 19:10:37 +0200: Memory Usage (456028K) : pext_drw has 0 polygons
2026-09-08 19:10:37 +0200: Memory Usage (456156K) : nexthv_drw has 0 polygons
2026-09-08 19:10:37 +0200: Memory Usage (456156K) : pexthv_drw has 0 polygons
2026-09-08 19:10:37 +0200: Memory Usage (456284K) : graphgate_drw has 0 polygons
2026-09-08 19:10:37 +0200: Memory Usage (456412K) : sinwg_drw has 0 polygons
2026-09-08 19:10:37 +0200: Memory Usage (456412K) : sinwg_filler has 0 polygons
2026-09-08 19:10:37 +0200: Memory Usage (456540K) : sinwg_nofill has 0 polygons
2026-09-08 19:10:37 +0200: Memory Usage (456540K) : mempad_drw has 0 polygons
2026-09-08 19:10:37 +0200: Memory Usage (456668K) : topvia1_drw has 0 polygons
2026-09-08 19:10:37 +0200: Memory Usage (456668K) : topmetal1_drw has 0 polygons
2026-09-08 19:10:37 +0200: Memory Usage (456796K) : topmetal1_filler has 0 polygons
2026-09-08 19:10:37 +0200: Memory Usage (456796K) : topmetal1_slit has 0 polygons
2026-09-08 19:10:37 +0200: Memory Usage (456924K) : topmetal1 has 0 polygons
2026-09-08 19:10:37 +0200: Memory Usage (457052K) : topmetal1_pin has 0 polygons
2026-09-08 19:10:37 +0200: Memory Usage (457052K) : topmetal1_mask has 0 polygons
2026-09-08 19:10:37 +0200: Memory Usage (457180K) : topmetal1_nofill has 0 polygons
2026-09-08 19:10:37 +0200: Memory Usage (457308K) : topmetal1_text has 0 polygons
2026-09-08 19:10:37 +0200: Memory Usage (457308K) : topmetal1_noqrc has 0 polygons
2026-09-08 19:10:37 +0200: Memory Usage (457436K) : topmetal1_res has 0 polygons
2026-09-08 19:10:37 +0200: Memory Usage (457564K) : topmetal1_iprobe has 0 polygons
2026-09-08 19:10:37 +0200: Memory Usage (457564K) : topmetal1_diffprb has 0 polygons
2026-09-08 19:10:37 +0200: Memory Usage (457692K) : inldpwl_drw has 0 polygons
2026-09-08 19:10:37 +0200: Memory Usage (457692K) : polyres_drw has 0 polygons
2026-09-08 19:10:37 +0200: Memory Usage (457820K) : polyres_pin has 0 polygons
2026-09-08 19:10:37 +0200: Memory Usage (457820K) : vmim_drw has 0 polygons
2026-09-08 19:10:37 +0200: Memory Usage (457948K) : nbulaycut_drw has 0 polygons
2026-09-08 19:10:37 +0200: Memory Usage (457948K) : antmetal1_drw has 0 polygons
2026-09-08 19:10:37 +0200: Memory Usage (458076K) : topvia2_drw has 0 polygons
2026-09-08 19:10:37 +0200: Memory Usage (458204K) : topmetal2_drw has 0 polygons
2026-09-08 19:10:37 +0200: Memory Usage (458204K) : topmetal2_filler has 0 polygons
2026-09-08 19:10:37 +0200: Memory Usage (458332K) : topmetal2_slit has 0 polygons
2026-09-08 19:10:37 +0200: Memory Usage (458460K) : topmetal2 has 0 polygons
2026-09-08 19:10:37 +0200: Memory Usage (458460K) : topmetal2_pin has 0 polygons
2026-09-08 19:10:37 +0200: Memory Usage (458588K) : topmetal2_mask has 0 polygons
2026-09-08 19:10:37 +0200: Memory Usage (458588K) : topmetal2_nofill has 0 polygons
2026-09-08 19:10:37 +0200: Memory Usage (458716K) : topmetal2_text has 0 polygons
2026-09-08 19:10:37 +0200: Memory Usage (458844K) : topmetal2_noqrc has 0 polygons
2026-09-08 19:10:37 +0200: Memory Usage (458844K) : topmetal2_res has 0 polygons
2026-09-08 19:10:37 +0200: Memory Usage (458972K) : topmetal2_iprobe has 0 polygons
2026-09-08 19:10:37 +0200: Memory Usage (458972K) : topmetal2_diffprb has 0 polygons
2026-09-08 19:10:37 +0200: Memory Usage (459100K) : snsring_drw has 0 polygons
2026-09-08 19:10:37 +0200: Memory Usage (459228K) : sensor_drw has 0 polygons
2026-09-08 19:10:37 +0200: Memory Usage (459228K) : snsarms_drw has 0 polygons
2026-09-08 19:10:37 +0200: Memory Usage (459356K) : snscmosvia_drw has 0 polygons
2026-09-08 19:10:37 +0200: Memory Usage (459356K) : colwind_drw has 0 polygons
2026-09-08 19:10:37 +0200: Memory Usage (459484K) : flm_drw has 0 polygons
2026-09-08 19:10:37 +0200: Memory Usage (459484K) : hafniumox_drw has 0 polygons
2026-09-08 19:10:37 +0200: Memory Usage (459612K) : memvia_drw has 0 polygons
2026-09-08 19:10:37 +0200: Memory Usage (459612K) : thinfilmres_drw has 0 polygons
2026-09-08 19:10:37 +0200: Memory Usage (459740K) : rfmem_drw has 0 polygons
2026-09-08 19:10:37 +0200: Memory Usage (459868K) : norcx_drw has 0 polygons
2026-09-08 19:10:37 +0200: Memory Usage (459868K) : norcx_m2m3 has 0 polygons
2026-09-08 19:10:37 +0200: Memory Usage (459996K) : norcx_m2m4 has 0 polygons
2026-09-08 19:10:37 +0200: Memory Usage (459996K) : norcx_m2m5 has 0 polygons
2026-09-08 19:10:37 +0200: Memory Usage (459996K) : norcx_m2tm1 has 0 polygons
2026-09-08 19:10:37 +0200: Memory Usage (460124K) : norcx_m2tm2 has 0 polygons
2026-09-08 19:10:37 +0200: Memory Usage (460124K) : norcx_m3m4 has 0 polygons
2026-09-08 19:10:37 +0200: Memory Usage (460124K) : norcx_m3m5 has 0 polygons
2026-09-08 19:10:37 +0200: Memory Usage (460252K) : norcx_m3tm1 has 0 polygons
2026-09-08 19:10:37 +0200: Memory Usage (460252K) : norcx_m3tm2 has 0 polygons
2026-09-08 19:10:37 +0200: Memory Usage (460252K) : norcx_m4m5 has 0 polygons
2026-09-08 19:10:37 +0200: Memory Usage (460252K) : norcx_m4tm1 has 0 polygons
2026-09-08 19:10:37 +0200: Memory Usage (460380K) : norcx_m4tm2 has 0 polygons
2026-09-08 19:10:37 +0200: Memory Usage (460380K) : norcx_m5tm1 has 0 polygons
2026-09-08 19:10:37 +0200: Memory Usage (460380K) : norcx_m5tm2 has 0 polygons
2026-09-08 19:10:37 +0200: Memory Usage (460508K) : norcx_tm1tm2 has 0 polygons
2026-09-08 19:10:37 +0200: Memory Usage (460508K) : norcx_m1sub has 0 polygons
2026-09-08 19:10:37 +0200: Memory Usage (460508K) : norcx_m2sub has 0 polygons
2026-09-08 19:10:37 +0200: Memory Usage (460636K) : norcx_m3sub has 0 polygons
2026-09-08 19:10:37 +0200: Memory Usage (460636K) : norcx_m4sub has 0 polygons
2026-09-08 19:10:37 +0200: Memory Usage (460636K) : norcx_m5sub has 0 polygons
2026-09-08 19:10:37 +0200: Memory Usage (460636K) : norcx_tm1sub has 0 polygons
2026-09-08 19:10:37 +0200: Memory Usage (460764K) : norcx_tm2sub has 0 polygons
2026-09-08 19:10:37 +0200: Memory Usage (460764K) : snsbotvia_drw has 0 polygons
2026-09-08 19:10:37 +0200: Memory Usage (460764K) : snstopvia_drw has 0 polygons
2026-09-08 19:10:37 +0200: Memory Usage (460892K) : deepvia_drw has 0 polygons
2026-09-08 19:10:37 +0200: Memory Usage (460892K) : fgetch_drw has 0 polygons
2026-09-08 19:10:37 +0200: Memory Usage (460892K) : ctrgat_drw has 0 polygons
2026-09-08 19:10:37 +0200: Memory Usage (461020K) : fgimp_drw has 0 polygons
2026-09-08 19:10:37 +0200: Memory Usage (461020K) : emwihv_drw has 0 polygons
2026-09-08 19:10:37 +0200: Memory Usage (461020K) : lbe_drw has 0 polygons
2026-09-08 19:10:37 +0200: Memory Usage (461148K) : alcustop_drw has 0 polygons
2026-09-08 19:10:37 +0200: Memory Usage (461148K) : nometfiller_drw has 0 polygons
2026-09-08 19:10:37 +0200: Memory Usage (461276K) : prboundary_drw has 0 polygons
2026-09-08 19:10:37 +0200: Memory Usage (461276K) : exchange0_drw has 0 polygons
2026-09-08 19:10:37 +0200: Memory Usage (461404K) : exchange0_pin has 0 polygons
2026-09-08 19:10:37 +0200: Memory Usage (461404K) : exchange0_text has 0 polygons
2026-09-08 19:10:37 +0200: Memory Usage (461532K) : exchange1_drw has 0 polygons
2026-09-08 19:10:37 +0200: Memory Usage (461660K) : exchange1_pin has 0 polygons
2026-09-08 19:10:37 +0200: Memory Usage (461660K) : exchange1_text has 0 polygons
2026-09-08 19:10:37 +0200: Memory Usage (461660K) : exchange2_drw has 0 polygons
2026-09-08 19:10:37 +0200: Memory Usage (461660K) : exchange2_pin has 0 polygons
2026-09-08 19:10:37 +0200: Memory Usage (461660K) : exchange2_text has 0 polygons
2026-09-08 19:10:37 +0200: Memory Usage (461660K) : exchange3_drw has 0 polygons
2026-09-08 19:10:37 +0200: Memory Usage (461660K) : exchange3_pin has 0 polygons
2026-09-08 19:10:37 +0200: Memory Usage (461660K) : exchange3_text has 0 polygons
2026-09-08 19:10:37 +0200: Memory Usage (461660K) : exchange4_drw has 0 polygons
2026-09-08 19:10:37 +0200: Memory Usage (461660K) : exchange4_pin has 0 polygons
2026-09-08 19:10:37 +0200: Memory Usage (461660K) : exchange4_text has 0 polygons
2026-09-08 19:10:37 +0200: Memory Usage (461660K) : isonwell_drw has 0 polygons
2026-09-08 19:10:37 +0200: Memory Usage (461660K) : Total no. of polygons in the design is 1796
2026-09-08 19:10:37 +0200: Memory Usage (461660K) : Starting base layers derivations
2026-09-08 19:10:37 +0200: Memory Usage (461660K) : Starting general LVS derivations
2026-09-08 19:10:37 +0200: Memory Usage (465740K) : Starting MOSFET DERIVATIONS
2026-09-08 19:10:37 +0200: Memory Usage (466892K) : Starting NMOS DERIVATIONS
2026-09-08 19:10:37 +0200: Memory Usage (466892K) : Starting PMOS DERIVATIONS
2026-09-08 19:10:37 +0200: Memory Usage (466892K) : Starting RF-MOSFET DERIVATIONS
2026-09-08 19:10:37 +0200: Memory Usage (466892K) : Starting RF-NMOS DERIVATIONS
2026-09-08 19:10:37 +0200: Memory Usage (466892K) : Starting RF-PMOS DERIVATIONS
2026-09-08 19:10:37 +0200: Memory Usage (466892K) : Starting BJT DERIVATIONS
2026-09-08 19:10:37 +0200: Memory Usage (466892K) : Starting NPN-BJT DERIVATIONS
2026-09-08 19:10:37 +0200: Memory Usage (466892K) : Starting PNP-BJT DERIVATIONS
2026-09-08 19:10:37 +0200: Memory Usage (466892K) : Starting DIODE DERIVATIONS
2026-09-08 19:10:37 +0200: Memory Usage (468300K) : Starting RESISTOR DERIVATIONS
2026-09-08 19:10:37 +0200: Memory Usage (469324K) : Starting CAP DERIVATIONS
2026-09-08 19:10:37 +0200: Memory Usage (469324K) : Starting CAP_CMOM DERIVATIONS
2026-09-08 19:10:37 +0200: Memory Usage (469324K) : Starting CAP_CMOMF DERIVATIONS
2026-09-08 19:10:37 +0200: Memory Usage (469324K) : Starting ESD DERIVATIONS
2026-09-08 19:10:37 +0200: Memory Usage (469324K) : Starting Inductor DERIVATIONS
2026-09-08 19:10:37 +0200: Memory Usage (470860K) : Starting Taps DERIVATIONS
2026-09-08 19:10:37 +0200: Memory Usage (470860K) : Starting SG13G2 LVS connectivity setup
2026-09-08 19:10:37 +0200: Memory Usage (470860K) : Starting SG13G2 LVS connectivity setup (Inter-layer)
2026-09-08 19:10:37 +0200: Memory Usage (470988K) : Starting SG13G2 LVS connectivity setup (Global)
2026-09-08 19:10:37 +0200: Memory Usage (470988K) : Starting LVS MOSFET CONNECTIONS
2026-09-08 19:10:37 +0200: Memory Usage (470988K) : Starting LVS RF-MOSFET CONNECTIONS
2026-09-08 19:10:37 +0200: Memory Usage (470988K) : Starting LVS BJT CONNECTIONS
2026-09-08 19:10:37 +0200: Memory Usage (470988K) : Starting LVS DIODE CONNECTIONS
2026-09-08 19:10:37 +0200: Memory Usage (470988K) : Starting RESISTOR CONNECTIONS
2026-09-08 19:10:37 +0200: Memory Usage (470988K) : Starting LVS CAP CONNECTIONS
2026-09-08 19:10:37 +0200: Memory Usage (470988K) : Starting CAP_CMOM CONNECTIONS
2026-09-08 19:10:37 +0200: Memory Usage (470988K) : Starting CAP_CMOMF CONNECTIONS
2026-09-08 19:10:37 +0200: Memory Usage (470988K) : Starting ESD CONNECTIONS
2026-09-08 19:10:37 +0200: Memory Usage (470988K) : Starting Inductor CONNECTIONS
2026-09-08 19:10:37 +0200: Memory Usage (470988K) : Starting LVS Taps CONNECTIONS
2026-09-08 19:10:37 +0200: Memory Usage (470988K) : Starting SG13G2 LVS DEVICES EXTRACTION
2026-09-08 19:10:37 +0200: Memory Usage (470988K) : Starting MOSFET EXTRACTION
2026-09-08 19:10:37 +0200: Memory Usage (470988K) : Starting NMOS EXTRACTION
2026-09-08 19:10:37 +0200: Memory Usage (470988K) : Extraction of NMOS-LV transistor
2026-09-08 19:10:37 +0200: Memory Usage (470988K) : Extraction of NMOS-HV transistor
2026-09-08 19:10:37 +0200: Memory Usage (470988K) : Starting PMOS EXTRACTION
2026-09-08 19:10:37 +0200: Memory Usage (470988K) : Extraction of PMOS-LV transistor
2026-09-08 19:10:37 +0200: Memory Usage (470988K) : Extraction of PMOS-HV transistor
2026-09-08 19:10:37 +0200: Memory Usage (470988K) : Starting RF-MOSFET EXTRACTION
2026-09-08 19:10:37 +0200: Memory Usage (470988K) : Extraction of RF-NMOS-LV transistor
2026-09-08 19:10:37 +0200: Memory Usage (470988K) : Extraction of RF-NMOS-HV transistor
2026-09-08 19:10:37 +0200: Memory Usage (470988K) : Extraction of RF-PMOS-LV transistor
2026-09-08 19:10:37 +0200: Memory Usage (470988K) : Extraction of RF-PMOS-HV transistor
2026-09-08 19:10:37 +0200: Memory Usage (470988K) : Starting BJT EXTRACTION
2026-09-08 19:10:37 +0200: Memory Usage (470988K) : Starting NPN-BJT EXTRACTION
2026-09-08 19:10:37 +0200: Memory Usage (470988K) : Extraction of npn13G2 BJT transistor
2026-09-08 19:10:37 +0200: Memory Usage (470988K) : Extraction of npn13G2L BJT transistor
2026-09-08 19:10:37 +0200: Memory Usage (470988K) : Extraction of npn13G2V BJT transistor
2026-09-08 19:10:37 +0200: Memory Usage (470988K) : Starting PNP-BJT EXTRACTION
2026-09-08 19:10:37 +0200: Memory Usage (470988K) : Extracting pnpMPA BJT
2026-09-08 19:10:37 +0200: Memory Usage (470988K) : Starting DIODE EXTRACTION
2026-09-08 19:10:37 +0200: Memory Usage (470988K) : Extracting dantenna diode
2026-09-08 19:10:37 +0200: Memory Usage (471116K) : Extracting dpantenna diode
2026-09-08 19:10:37 +0200: Memory Usage (471116K) : Extracting schottky_nbl1 diode
2026-09-08 19:10:37 +0200: Memory Usage (471116K) : Extracting isolbox diode
2026-09-08 19:10:37 +0200: Memory Usage (471116K) : Starting RESISTOR EXTRACTION
2026-09-08 19:10:37 +0200: Memory Usage (471116K) : Extracting rsil resistor
2026-09-08 19:10:37 +0200: Memory Usage (471116K) : Extracting rppd resistor
2026-09-08 19:10:37 +0200: Memory Usage (471116K) : Extracting rhigh resistor
2026-09-08 19:10:37 +0200: Memory Usage (471116K) : Extracting res_metal1 resistor
2026-09-08 19:10:37 +0200: Memory Usage (471244K) : Extracting res_metal2 resistor
2026-09-08 19:10:37 +0200: Memory Usage (471244K) : Extracting res_metal3 resistor
2026-09-08 19:10:37 +0200: Memory Usage (471244K) : Extracting res_metal4 resistor
2026-09-08 19:10:37 +0200: Memory Usage (471244K) : Extracting res_metal5 resistor
2026-09-08 19:10:37 +0200: Memory Usage (471244K) : Extracting res_topmetal1 resistor
2026-09-08 19:10:37 +0200: Memory Usage (471244K) : Extracting res_topmetal2 resistor
2026-09-08 19:10:37 +0200: Memory Usage (471244K) : Starting CAP EXTRACTION
2026-09-08 19:10:37 +0200: Memory Usage (471244K) : Extracting cap_cmim device
2026-09-08 19:10:37 +0200: Memory Usage (471244K) : Extracting rfcmim device
2026-09-08 19:10:37 +0200: Memory Usage (471244K) : Extracting sg13_hv_svaricap varactor
2026-09-08 19:10:37 +0200: Memory Usage (471244K) : Extracting cap_cmomi device
2026-09-08 19:10:37 +0200: Memory Usage (471244K) : Extracting cap_cmomf device
2026-09-08 19:10:37 +0200: Memory Usage (471244K) : Extracting sg13_moscap_n capacitor
2026-09-08 19:10:37 +0200: Memory Usage (471244K) : Extracting sg13_moscap_p capacitor
2026-09-08 19:10:37 +0200: Memory Usage (471244K) : Starting ESD EXTRACTION
2026-09-08 19:10:37 +0200: Memory Usage (471244K) : Extracting diodevdd_2kv ESD device
2026-09-08 19:10:38 +0200: Memory Usage (471244K) : Extracting diodevdd_4kv ESD device
2026-09-08 19:10:38 +0200: Memory Usage (471244K) : Extracting diodevss_2kv ESD device
2026-09-08 19:10:38 +0200: Memory Usage (471244K) : Extracting diodevss_4kv ESD device
2026-09-08 19:10:38 +0200: Memory Usage (471244K) : Extracting idiodevdd_2kv ESD device
2026-09-08 19:10:38 +0200: Memory Usage (471244K) : Extracting idiodevdd_4kv ESD device
2026-09-08 19:10:38 +0200: Memory Usage (471244K) : Extracting idiodevss_2kv ESD device
2026-09-08 19:10:38 +0200: Memory Usage (471244K) : Extracting idiodevss_4kv ESD device
2026-09-08 19:10:38 +0200: Memory Usage (471244K) : Extracting nmoscl_2 ESD device
2026-09-08 19:10:38 +0200: Memory Usage (471244K) : Extracting nmoscl_4 ESD device
2026-09-08 19:10:38 +0200: Memory Usage (471244K) : Starting Inductor EXTRACTION
2026-09-08 19:10:38 +0200: Memory Usage (471244K) : Extracting Inductor2 device
2026-09-08 19:10:38 +0200: Memory Usage (471244K) : Extracting Inductor3 device
2026-09-08 19:10:38 +0200: Memory Usage (471244K) : Starting Taps EXTRACTION
2026-09-08 19:10:38 +0200: Memory Usage (471244K) : Extracting ntap1 device
2026-09-08 19:10:38 +0200: Memory Usage (471244K) : Extracting ptap1 device
2026-09-08 19:10:38 +0200: Memory Usage (471244K) : Starting SG13G2 LVS RF MOS Model Mapping
STAGE_SNAPSHOT layout_netlist_raw_before_rf_mapping inventory_preserved=true
2026-09-08 19:10:38 +0200: Memory Usage (471244K) : [layout_netlist] Apply RF MOS model mapping and rfmode parameter.
STAGE_SNAPSHOT layout_netlist_after_rf_mapping inventory_preserved=true
STAGE_SNAPSHOT layout_netlist_after_rf_purge_devices inventory_preserved=true
STAGE_SNAPSHOT layout_netlist_after_rf_purge inventory_preserved=true
2026-09-08 19:10:38 +0200: Memory Usage (471244K) : Starting SG13G2 LVS Options Preparations
2026-09-08 19:10:38 +0200: Memory Usage (471244K) : SG13G2 LVS flow: extraction -> alignment -> option preparation -> comparison.
2026-09-08 19:10:38 +0200: Memory Usage (471244K) : Starting SG13G2 LVS Alignment
STAGE_SNAPSHOT layout_before_align inventory_preserved=true
STAGE_SNAPSHOT schematic_before_align inventory_preserved=true
STAGE_SNAPSHOT layout_after_align inventory_preserved=true
STAGE_SNAPSHOT schematic_after_align inventory_preserved=true
2026-09-08 19:10:38 +0200: Memory Usage (471372K) : Starting SG13G2 LVS Simplification
2026-09-08 19:10:38 +0200: Memory Usage (471372K) : [layout_netlist] simplify: ENABLED
STAGE_SNAPSHOT layout_netlist_before_simplify inventory_preserved=true
STAGE_SNAPSHOT layout_netlist_after_simplify inventory_preserved=true
2026-09-08 19:10:38 +0200: Memory Usage (471372K) : [layout_netlist] make_top_level_pins: SKIPPED
STAGE_SNAPSHOT layout_netlist_before_make_top_level_pins inventory_preserved=true
STAGE_SNAPSHOT layout_netlist_after_make_top_level_pins inventory_preserved=true
2026-09-08 19:10:38 +0200: Memory Usage (471372K) : [layout_netlist] combine_devices: SKIPPED
STAGE_SNAPSHOT layout_netlist_before_combine_devices inventory_preserved=true
STAGE_SNAPSHOT layout_netlist_after_combine_devices inventory_preserved=true
2026-09-08 19:10:38 +0200: Memory Usage (471372K) : [layout_netlist] purge: SKIPPED
STAGE_SNAPSHOT layout_netlist_before_purge inventory_preserved=true
STAGE_SNAPSHOT layout_netlist_after_purge inventory_preserved=true
2026-09-08 19:10:38 +0200: Memory Usage (471500K) : [layout_netlist] purge_nets: SKIPPED
STAGE_SNAPSHOT layout_netlist_before_purge_nets inventory_preserved=true
STAGE_SNAPSHOT layout_netlist_after_purge_nets inventory_preserved=true
2026-09-08 19:10:38 +0200: Memory Usage (471500K) : [schematic_netlist] simplify: ENABLED
STAGE_SNAPSHOT schematic_netlist_before_simplify inventory_preserved=true
STAGE_SNAPSHOT schematic_netlist_after_simplify inventory_preserved=true
2026-09-08 19:10:38 +0200: Memory Usage (471500K) : [schematic_netlist] make_top_level_pins: SKIPPED
STAGE_SNAPSHOT schematic_netlist_before_make_top_level_pins inventory_preserved=true
STAGE_SNAPSHOT schematic_netlist_after_make_top_level_pins inventory_preserved=true
2026-09-08 19:10:38 +0200: Memory Usage (471500K) : [schematic_netlist] combine_devices: SKIPPED
STAGE_SNAPSHOT schematic_netlist_before_combine_devices inventory_preserved=true
STAGE_SNAPSHOT schematic_netlist_after_combine_devices inventory_preserved=true
2026-09-08 19:10:38 +0200: Memory Usage (471500K) : [schematic_netlist] purge: SKIPPED
STAGE_SNAPSHOT schematic_netlist_before_purge inventory_preserved=true
STAGE_SNAPSHOT schematic_netlist_after_purge inventory_preserved=true
2026-09-08 19:10:38 +0200: Memory Usage (471500K) : [schematic_netlist] purge_nets: SKIPPED
STAGE_SNAPSHOT schematic_netlist_before_purge_nets inventory_preserved=true
STAGE_SNAPSHOT schematic_netlist_after_purge_nets inventory_preserved=true
2026-09-08 19:10:38 +0200: Memory Usage (471500K) : Starting SG13G2 LVS Comparison in strict port mode.
2026-09-08 19:10:38 +0200: Memory Usage (471500K) : flag_missing_ports enabled: missing/mislabeled top-level ports are treated as errors.
STAGE_SNAPSHOT layout_after_compare inventory_preserved=true
STAGE_SNAPSHOT schematic_after_compare inventory_preserved=true
2026-09-08 19:10:38 +0200: Memory Usage (471628K) : xxxxxxxxxxxxxxxxxxxxxxxxxxxxxxxxxxxxxxxxxx
2026-09-08 19:10:38 +0200: Memory Usage (471628K) : ERROR : Netlists don't match
2026-09-08 19:10:38 +0200: Memory Usage (471628K) : xxxxxxxxxxxxxxxxxxxxxxxxxxxxxxxxxxxxxxxxxx
2026-09-08 19:10:38 +0200: Memory Usage (471628K) : LVS Total Run time 0.824959 seconds
08-Sep-2026 19:10:38 | INFO    | ==============================================================================
08-Sep-2026 19:10:38 | INFO    | Important Summary
08-Sep-2026 19:10:38 | INFO    | +------------------+--------------------------------------------------------------+
08-Sep-2026 19:10:38 | INFO    | | Status           | FAIL                                                         |
08-Sep-2026 19:10:38 | INFO    | | Mode             | COMPARE                                                      |
08-Sep-2026 19:10:38 | INFO    | | Outcome          | Comparison mode: FAIL (netlists do not match).               |
08-Sep-2026 19:10:38 | INFO    | | Layout           | sg13g2_DCNDiode.gds                                          |
08-Sep-2026 19:10:38 | INFO    | | Top Cell         | sg13g2_DCNDiode                                              |
08-Sep-2026 19:10:38 | INFO    | | Results Dir      | /output/result                                               |
08-Sep-2026 19:10:38 | INFO    | | Warnings         | 0                                                            |
08-Sep-2026 19:10:38 | INFO    | | Errors           | 1                                                            |
08-Sep-2026 19:10:38 | INFO    | | Run Time (s)     | 2.931                                                        |
08-Sep-2026 19:10:38 | INFO    | +------------------+--------------------------------------------------------------+
08-Sep-2026 19:10:38 | ERROR   | Key errors:
08-Sep-2026 19:10:38 | ERROR   |   - 2026-09-08 19:10:38 +0200: Memory Usage (471628K) : ERROR : Netlists don't match
08-Sep-2026 19:10:38 | INFO    | ==============================================================================
croc-lvs-dcn-stage-snapshots-20260909-001
