# Logfile created on 2026-09-10 14:02:14 +0200 by logger.rb/v1.5.3
2026-09-10 14:02:14 +0200: Memory Usage (439892K) : Starting running SG13G2 Klayout LVS runset on /output/inputs/sg13g2_DCNDiode.gds
2026-09-10 14:02:14 +0200: Memory Usage (439892K) : Ruby Version for klayout: 3.2.3
2026-09-10 14:02:14 +0200: Memory Usage (441196K) : Loading database to memory is complete.
2026-09-10 14:02:14 +0200: Memory Usage (441196K) : SG13G2 Klayout LVS runset output at: /output/result/sg13g2_DCNDiode.lvsdb
2026-09-10 14:02:14 +0200: Memory Usage (441196K) : Evaluate switches.
2026-09-10 14:02:14 +0200: Memory Usage (441196K) : Extracted netlist with net names: true
2026-09-10 14:02:14 +0200: Memory Usage (441196K) : Extracted netlist with comments in details: false
2026-09-10 14:02:14 +0200: Memory Usage (441196K) : Selected NET_ONLY option: false
2026-09-10 14:02:14 +0200: Memory Usage (441196K) : Selected LAYOUT_NETLIST option: (none)
2026-09-10 14:02:14 +0200: Memory Usage (441196K) : Selected IGNORE_TOP_PORTS_MISMATCH option: 
2026-09-10 14:02:14 +0200: Memory Usage (441196K) : Selected IMPLICIT_NETS option: (none)
2026-09-10 14:02:14 +0200: Memory Usage (441196K) : Selected TOP_LVL_PINS option: false
2026-09-10 14:02:14 +0200: Memory Usage (441196K) : Selected COMBINE DEVICES option: false
2026-09-10 14:02:14 +0200: Memory Usage (441196K) : Selected PURGE option: false
2026-09-10 14:02:14 +0200: Memory Usage (441196K) : Selected PURGE_NETS option: false
2026-09-10 14:02:14 +0200: Memory Usage (441196K) : Selected SIMPLIFY option: true
2026-09-10 14:02:14 +0200: Memory Usage (441196K) : Selected SERIES_RES option: true
2026-09-10 14:02:14 +0200: Memory Usage (441196K) : Selected PARALLEL_RES option: true
2026-09-10 14:02:14 +0200: Memory Usage (441196K) : Selected DISABLE_TAP_EXTRACTION option: false
2026-09-10 14:02:14 +0200: Memory Usage (441196K) : deep  mode is enabled.
2026-09-10 14:02:14 +0200: Memory Usage (441476K) : Netlist file: /output/inputs/sg13g2_DCNDiode.cdl
2026-09-10 14:02:14 +0200: Memory Usage (441604K) : LVS extracted netlist at: /output/result/sg13g2_DCNDiode_extracted.cir
2026-09-10 14:02:14 +0200: Memory Usage (441604K) : Applying SRAM integration support.
2026-09-10 14:02:14 +0200: Memory Usage (441604K) : Starting SG13G2 LVS runset
2026-09-10 14:02:14 +0200: Memory Usage (441604K) : Read in polygons from layers.
2026-09-10 14:02:14 +0200: Memory Usage (442620K) : activ_drw has 7 polygons
2026-09-10 14:02:14 +0200: Memory Usage (442620K) : activ_filler has 0 polygons
2026-09-10 14:02:14 +0200: Memory Usage (442780K) : activ has 7 polygons
2026-09-10 14:02:14 +0200: Memory Usage (442780K) : activ_pin has 0 polygons
2026-09-10 14:02:14 +0200: Memory Usage (442780K) : activ_mask has 0 polygons
2026-09-10 14:02:14 +0200: Memory Usage (442780K) : activ_nofill has 0 polygons
2026-09-10 14:02:14 +0200: Memory Usage (442780K) : activ_OPC has 0 polygons
2026-09-10 14:02:14 +0200: Memory Usage (442780K) : activ_iOPC has 0 polygons
2026-09-10 14:02:14 +0200: Memory Usage (442780K) : activ_noqrc has 0 polygons
2026-09-10 14:02:14 +0200: Memory Usage (442780K) : biwind_drw has 0 polygons
2026-09-10 14:02:14 +0200: Memory Usage (442780K) : biwind_OPC has 0 polygons
2026-09-10 14:02:14 +0200: Memory Usage (442780K) : gatpoly_drw has 0 polygons
2026-09-10 14:02:14 +0200: Memory Usage (442780K) : gatpoly_filler has 0 polygons
2026-09-10 14:02:14 +0200: Memory Usage (442780K) : gatpoly has 0 polygons
2026-09-10 14:02:14 +0200: Memory Usage (442780K) : gatpoly_pin has 0 polygons
2026-09-10 14:02:14 +0200: Memory Usage (442780K) : gatpoly_nofill has 0 polygons
2026-09-10 14:02:14 +0200: Memory Usage (442780K) : gatpoly_OPC has 0 polygons
2026-09-10 14:02:14 +0200: Memory Usage (442780K) : gatpoly_iOPC has 0 polygons
2026-09-10 14:02:14 +0200: Memory Usage (442908K) : gatpoly_noqrc has 0 polygons
2026-09-10 14:02:14 +0200: Memory Usage (443036K) : cont_drw has 1755 polygons
2026-09-10 14:02:14 +0200: Memory Usage (443036K) : cont_OPC has 0 polygons
2026-09-10 14:02:14 +0200: Memory Usage (443036K) : nsd_drw has 0 polygons
2026-09-10 14:02:14 +0200: Memory Usage (443036K) : nsd_block has 0 polygons
2026-09-10 14:02:14 +0200: Memory Usage (443036K) : metal1_drw has 9 polygons
2026-09-10 14:02:14 +0200: Memory Usage (443036K) : metal1_filler has 0 polygons
2026-09-10 14:02:14 +0200: Memory Usage (443036K) : metal1_slit has 0 polygons
2026-09-10 14:02:14 +0200: Memory Usage (443164K) : metal1 has 9 polygons
2026-09-10 14:02:14 +0200: Memory Usage (443292K) : metal1_pin has 7 polygons
2026-09-10 14:02:14 +0200: Memory Usage (443292K) : metal1_mask has 0 polygons
2026-09-10 14:02:14 +0200: Memory Usage (443420K) : metal1_nofill has 0 polygons
2026-09-10 14:02:14 +0200: Memory Usage (443980K) : metal1_text has 7 polygons
2026-09-10 14:02:14 +0200: Memory Usage (443980K) : metal1_OPC has 0 polygons
2026-09-10 14:02:14 +0200: Memory Usage (443980K) : metal1_noqrc has 0 polygons
2026-09-10 14:02:14 +0200: Memory Usage (443980K) : metal1_res has 0 polygons
2026-09-10 14:02:14 +0200: Memory Usage (443980K) : metal1_iprobe has 0 polygons
2026-09-10 14:02:14 +0200: Memory Usage (443980K) : metal1_diffprb has 0 polygons
2026-09-10 14:02:14 +0200: Memory Usage (443980K) : passiv_drw has 0 polygons
2026-09-10 14:02:14 +0200: Memory Usage (444108K) : passiv_pin has 0 polygons
2026-09-10 14:02:14 +0200: Memory Usage (444236K) : passiv_sbump has 0 polygons
2026-09-10 14:02:14 +0200: Memory Usage (444236K) : passiv_pillar has 0 polygons
2026-09-10 14:02:14 +0200: Memory Usage (444364K) : passiv_pdl has 0 polygons
2026-09-10 14:02:14 +0200: Memory Usage (444364K) : metal2_drw has 0 polygons
2026-09-10 14:02:14 +0200: Memory Usage (444492K) : metal2_filler has 0 polygons
2026-09-10 14:02:14 +0200: Memory Usage (444492K) : metal2_slit has 0 polygons
2026-09-10 14:02:14 +0200: Memory Usage (444620K) : metal2 has 0 polygons
2026-09-10 14:02:14 +0200: Memory Usage (444748K) : metal2_pin has 0 polygons
2026-09-10 14:02:14 +0200: Memory Usage (444748K) : metal2_mask has 0 polygons
2026-09-10 14:02:14 +0200: Memory Usage (444876K) : metal2_nofill has 0 polygons
2026-09-10 14:02:14 +0200: Memory Usage (444876K) : metal2_text has 0 polygons
2026-09-10 14:02:14 +0200: Memory Usage (445004K) : metal2_OPC has 0 polygons
2026-09-10 14:02:14 +0200: Memory Usage (445004K) : metal2_noqrc has 0 polygons
2026-09-10 14:02:14 +0200: Memory Usage (445132K) : metal2_res has 0 polygons
2026-09-10 14:02:14 +0200: Memory Usage (445260K) : metal2_iprobe has 0 polygons
2026-09-10 14:02:14 +0200: Memory Usage (445260K) : metal2_diffprb has 0 polygons
2026-09-10 14:02:14 +0200: Memory Usage (445260K) : baspoly_drw has 0 polygons
2026-09-10 14:02:14 +0200: Memory Usage (445260K) : baspoly_pin has 0 polygons
2026-09-10 14:02:14 +0200: Memory Usage (445260K) : psd_drw has 1 polygons
2026-09-10 14:02:14 +0200: Memory Usage (445260K) : nldb_drw has 0 polygons
2026-09-10 14:02:14 +0200: Memory Usage (445260K) : digibnd_drw has 0 polygons
2026-09-10 14:02:14 +0200: Memory Usage (445388K) : via1_drw has 0 polygons
2026-09-10 14:02:14 +0200: Memory Usage (445388K) : backmetal1_drw has 0 polygons
2026-09-10 14:02:14 +0200: Memory Usage (445516K) : backmetal1_pin has 0 polygons
2026-09-10 14:02:14 +0200: Memory Usage (445644K) : backmetal1_mask has 0 polygons
2026-09-10 14:02:14 +0200: Memory Usage (445644K) : backmetal1_filler has 0 polygons
2026-09-10 14:02:14 +0200: Memory Usage (445772K) : backmetal1_nofill has 0 polygons
2026-09-10 14:02:14 +0200: Memory Usage (445772K) : backmetal1_slit has 0 polygons
2026-09-10 14:02:14 +0200: Memory Usage (445900K) : backmetal1_text has 0 polygons
2026-09-10 14:02:14 +0200: Memory Usage (445900K) : backmetal1_OPC has 0 polygons
2026-09-10 14:02:14 +0200: Memory Usage (446028K) : backmetal1_noqrc has 0 polygons
2026-09-10 14:02:14 +0200: Memory Usage (446028K) : backmetal1_res has 0 polygons
2026-09-10 14:02:14 +0200: Memory Usage (446156K) : backmetal1_iprobe has 0 polygons
2026-09-10 14:02:14 +0200: Memory Usage (446156K) : backmetal1_diffprb has 0 polygons
2026-09-10 14:02:14 +0200: Memory Usage (446284K) : backpassiv_drw has 0 polygons
2026-09-10 14:02:14 +0200: Memory Usage (446412K) : res_drw has 0 polygons
2026-09-10 14:02:14 +0200: Memory Usage (446412K) : sram_drw has 0 polygons
2026-09-10 14:02:14 +0200: Memory Usage (446540K) : trans_drw has 0 polygons
2026-09-10 14:02:14 +0200: Memory Usage (446540K) : ind_drw has 0 polygons
2026-09-10 14:02:14 +0200: Memory Usage (446668K) : ind_pin has 0 polygons
2026-09-10 14:02:14 +0200: Memory Usage (446668K) : ind_text has 0 polygons
2026-09-10 14:02:14 +0200: Memory Usage (446796K) : salblock_drw has 0 polygons
2026-09-10 14:02:14 +0200: Memory Usage (446796K) : via2_drw has 0 polygons
2026-09-10 14:02:14 +0200: Memory Usage (446924K) : metal3_drw has 0 polygons
2026-09-10 14:02:14 +0200: Memory Usage (446924K) : metal3_filler has 0 polygons
2026-09-10 14:02:14 +0200: Memory Usage (447052K) : metal3_slit has 0 polygons
2026-09-10 14:02:14 +0200: Memory Usage (447180K) : metal3 has 0 polygons
2026-09-10 14:02:14 +0200: Memory Usage (447180K) : metal3_pin has 0 polygons
2026-09-10 14:02:14 +0200: Memory Usage (447308K) : metal3_mask has 0 polygons
2026-09-10 14:02:14 +0200: Memory Usage (447436K) : metal3_nofill has 0 polygons
2026-09-10 14:02:14 +0200: Memory Usage (447436K) : metal3_text has 0 polygons
2026-09-10 14:02:14 +0200: Memory Usage (447564K) : metal3_OPC has 0 polygons
2026-09-10 14:02:14 +0200: Memory Usage (447564K) : metal3_noqrc has 0 polygons
2026-09-10 14:02:14 +0200: Memory Usage (447692K) : metal3_res has 0 polygons
2026-09-10 14:02:14 +0200: Memory Usage (447692K) : metal3_iprobe has 0 polygons
2026-09-10 14:02:14 +0200: Memory Usage (447820K) : metal3_diffprb has 0 polygons
2026-09-10 14:02:14 +0200: Memory Usage (447820K) : nwell_drw has 4 polygons
2026-09-10 14:02:14 +0200: Memory Usage (447948K) : nwell_pin has 0 polygons
2026-09-10 14:02:14 +0200: Memory Usage (447948K) : nwell_text has 0 polygons
2026-09-10 14:02:14 +0200: Memory Usage (448076K) : nbulay_drw has 0 polygons
2026-09-10 14:02:14 +0200: Memory Usage (448076K) : nbulay_pin has 0 polygons
2026-09-10 14:02:14 +0200: Memory Usage (448204K) : nbulay_block has 0 polygons
2026-09-10 14:02:14 +0200: Memory Usage (448332K) : emwind_drw has 0 polygons
2026-09-10 14:02:14 +0200: Memory Usage (448332K) : emwind_OPC has 0 polygons
2026-09-10 14:02:14 +0200: Memory Usage (448460K) : deepco_drw has 0 polygons
2026-09-10 14:02:14 +0200: Memory Usage (448460K) : mim_drw has 0 polygons
2026-09-10 14:02:14 +0200: Memory Usage (448588K) : edgeseal_drw has 0 polygons
2026-09-10 14:02:14 +0200: Memory Usage (448588K) : substrate_drw has 1 polygons
2026-09-10 14:02:14 +0200: Memory Usage (448716K) : substrate_text has 0 polygons
2026-09-10 14:02:14 +0200: Memory Usage (448716K) : dfpad_drw has 0 polygons
2026-09-10 14:02:14 +0200: Memory Usage (448844K) : dfpad_pillar has 0 polygons
2026-09-10 14:02:14 +0200: Memory Usage (448844K) : dfpad_sbump has 0 polygons
2026-09-10 14:02:14 +0200: Memory Usage (448972K) : thickgateox_drw has 0 polygons
2026-09-10 14:02:14 +0200: Memory Usage (448972K) : pldb_drw has 0 polygons
2026-09-10 14:02:14 +0200: Memory Usage (449100K) : pwell_drw has 0 polygons
2026-09-10 14:02:14 +0200: Memory Usage (449228K) : pwell_pin has 0 polygons
2026-09-10 14:02:14 +0200: Memory Usage (449228K) : pwell_block has 0 polygons
2026-09-10 14:02:14 +0200: Memory Usage (449356K) : ic_drw has 0 polygons
2026-09-10 14:02:14 +0200: Memory Usage (449356K) : via3_drw has 0 polygons
2026-09-10 14:02:14 +0200: Memory Usage (449484K) : metal4_drw has 0 polygons
2026-09-10 14:02:14 +0200: Memory Usage (449484K) : metal4_filler has 0 polygons
2026-09-10 14:02:14 +0200: Memory Usage (449612K) : metal4_slit has 0 polygons
2026-09-10 14:02:14 +0200: Memory Usage (449740K) : metal4 has 0 polygons
2026-09-10 14:02:14 +0200: Memory Usage (449740K) : metal4_pin has 0 polygons
2026-09-10 14:02:14 +0200: Memory Usage (449868K) : metal4_mask has 0 polygons
2026-09-10 14:02:14 +0200: Memory Usage (449868K) : metal4_nofill has 0 polygons
2026-09-10 14:02:14 +0200: Memory Usage (449996K) : metal4_text has 0 polygons
2026-09-10 14:02:14 +0200: Memory Usage (450124K) : metal4_OPC has 0 polygons
2026-09-10 14:02:14 +0200: Memory Usage (450124K) : metal4_noqrc has 0 polygons
2026-09-10 14:02:14 +0200: Memory Usage (450252K) : metal4_res has 0 polygons
2026-09-10 14:02:14 +0200: Memory Usage (450252K) : metal4_iprobe has 0 polygons
2026-09-10 14:02:14 +0200: Memory Usage (450380K) : metal4_diffprb has 0 polygons
2026-09-10 14:02:14 +0200: Memory Usage (450380K) : heattrans_drw has 0 polygons
2026-09-10 14:02:14 +0200: Memory Usage (450508K) : heatres_drw has 0 polygons
2026-09-10 14:02:14 +0200: Memory Usage (450508K) : fbe_drw has 0 polygons
2026-09-10 14:02:14 +0200: Memory Usage (450636K) : empoly_drw has 0 polygons
2026-09-10 14:02:14 +0200: Memory Usage (450636K) : digisub_drw has 0 polygons
2026-09-10 14:02:14 +0200: Memory Usage (450764K) : text_drw has 3 polygons
2026-09-10 14:02:14 +0200: Memory Usage (450892K) : via4_drw has 0 polygons
2026-09-10 14:02:14 +0200: Memory Usage (450892K) : metal5_drw has 0 polygons
2026-09-10 14:02:14 +0200: Memory Usage (451020K) : metal5_filler has 0 polygons
2026-09-10 14:02:14 +0200: Memory Usage (451020K) : metal5_slit has 0 polygons
2026-09-10 14:02:14 +0200: Memory Usage (451148K) : metal5 has 0 polygons
2026-09-10 14:02:14 +0200: Memory Usage (451276K) : metal5_pin has 0 polygons
2026-09-10 14:02:14 +0200: Memory Usage (451276K) : metal5_mask has 0 polygons
2026-09-10 14:02:14 +0200: Memory Usage (451404K) : metal5_nofill has 0 polygons
2026-09-10 14:02:14 +0200: Memory Usage (451404K) : metal5_text has 0 polygons
2026-09-10 14:02:14 +0200: Memory Usage (451532K) : metal5_OPC has 0 polygons
2026-09-10 14:02:14 +0200: Memory Usage (451532K) : metal5_noqrc has 0 polygons
2026-09-10 14:02:14 +0200: Memory Usage (451660K) : metal5_res has 0 polygons
2026-09-10 14:02:14 +0200: Memory Usage (451660K) : metal5_iprobe has 0 polygons
2026-09-10 14:02:14 +0200: Memory Usage (451788K) : metal5_diffprb has 0 polygons
2026-09-10 14:02:14 +0200: Memory Usage (451916K) : radhard_drw has 0 polygons
2026-09-10 14:02:14 +0200: Memory Usage (451916K) : memcap_drw has 0 polygons
2026-09-10 14:02:14 +0200: Memory Usage (452044K) : varicap_drw has 0 polygons
2026-09-10 14:02:14 +0200: Memory Usage (452044K) : intbondvia_drw has 0 polygons
2026-09-10 14:02:14 +0200: Memory Usage (452172K) : intbondmet_drw has 0 polygons
2026-09-10 14:02:14 +0200: Memory Usage (452172K) : devbondvia_drw has 0 polygons
2026-09-10 14:02:14 +0200: Memory Usage (452300K) : devbondmet_drw has 0 polygons
2026-09-10 14:02:14 +0200: Memory Usage (452300K) : devtrench_drw has 0 polygons
2026-09-10 14:02:14 +0200: Memory Usage (452428K) : redist_drw has 0 polygons
2026-09-10 14:02:14 +0200: Memory Usage (452556K) : graphbot_drw has 0 polygons
2026-09-10 14:02:14 +0200: Memory Usage (452556K) : graphtop_drw has 0 polygons
2026-09-10 14:02:14 +0200: Memory Usage (452684K) : antvia1_drw has 0 polygons
2026-09-10 14:02:14 +0200: Memory Usage (452684K) : antmetal2_drw has 0 polygons
2026-09-10 14:02:14 +0200: Memory Usage (452812K) : graphcont_drw has 0 polygons
2026-09-10 14:02:14 +0200: Memory Usage (452812K) : siwg_drw has 0 polygons
2026-09-10 14:02:14 +0200: Memory Usage (452940K) : siwg_filler has 0 polygons
2026-09-10 14:02:14 +0200: Memory Usage (452940K) : siwg_nofill has 0 polygons
2026-09-10 14:02:14 +0200: Memory Usage (453068K) : sigrating_drw has 0 polygons
2026-09-10 14:02:14 +0200: Memory Usage (453068K) : singrating_drw has 0 polygons
2026-09-10 14:02:14 +0200: Memory Usage (453196K) : graphpas_drw has 0 polygons
2026-09-10 14:02:14 +0200: Memory Usage (453324K) : emwind3_drw has 0 polygons
2026-09-10 14:02:14 +0200: Memory Usage (453324K) : emwihv3_drw has 0 polygons
2026-09-10 14:02:14 +0200: Memory Usage (453452K) : redbulay_drw has 0 polygons
2026-09-10 14:02:14 +0200: Memory Usage (453452K) : smos_drw has 0 polygons
2026-09-10 14:02:14 +0200: Memory Usage (453580K) : graphpad_drw has 0 polygons
2026-09-10 14:02:14 +0200: Memory Usage (453580K) : polimide_drw has 0 polygons
2026-09-10 14:02:14 +0200: Memory Usage (453708K) : polimide_pin has 0 polygons
2026-09-10 14:02:14 +0200: Memory Usage (453708K) : recog_drw has 0 polygons
2026-09-10 14:02:14 +0200: Memory Usage (453836K) : recog_pin has 0 polygons
2026-09-10 14:02:14 +0200: Memory Usage (453836K) : recog_esd has 0 polygons
2026-09-10 14:02:14 +0200: Memory Usage (453964K) : recog_diode has 2 polygons
2026-09-10 14:02:14 +0200: Memory Usage (453964K) : recog_tsv has 0 polygons
2026-09-10 14:02:14 +0200: Memory Usage (454092K) : recog_iprobe has 0 polygons
2026-09-10 14:02:14 +0200: Memory Usage (454220K) : recog_diffprb has 0 polygons
2026-09-10 14:02:14 +0200: Memory Usage (454220K) : recog_pillar has 0 polygons
2026-09-10 14:02:14 +0200: Memory Usage (454348K) : recog_sbump has 0 polygons
2026-09-10 14:02:14 +0200: Memory Usage (454348K) : recog_otp has 0 polygons
2026-09-10 14:02:14 +0200: Memory Usage (454476K) : recog_pdiode has 0 polygons
2026-09-10 14:02:14 +0200: Memory Usage (454476K) : recog_mom has 0 polygons
2026-09-10 14:02:14 +0200: Memory Usage (454604K) : recog_momf has 0 polygons
2026-09-10 14:02:14 +0200: Memory Usage (454604K) : recog_pcm has 0 polygons
2026-09-10 14:02:14 +0200: Memory Usage (454732K) : colopen_drw has 0 polygons
2026-09-10 14:02:14 +0200: Memory Usage (454732K) : graphmetal1_drw has 0 polygons
2026-09-10 14:02:14 +0200: Memory Usage (454860K) : graphmetal1_filler has 0 polygons
2026-09-10 14:02:14 +0200: Memory Usage (454988K) : graphmetal1_nofill has 0 polygons
2026-09-10 14:02:14 +0200: Memory Usage (454988K) : graphmetal1_slit has 0 polygons
2026-09-10 14:02:14 +0200: Memory Usage (455116K) : graphmetal1_OPC has 0 polygons
2026-09-10 14:02:14 +0200: Memory Usage (455116K) : graphmet1l_drw has 0 polygons
2026-09-10 14:02:14 +0200: Memory Usage (455244K) : graphmet1l_filler has 0 polygons
2026-09-10 14:02:14 +0200: Memory Usage (455244K) : graphmet1l_nofill has 0 polygons
2026-09-10 14:02:14 +0200: Memory Usage (455372K) : graphmet1l_slit has 0 polygons
2026-09-10 14:02:14 +0200: Memory Usage (455372K) : graphmet1l_OPC has 0 polygons
2026-09-10 14:02:14 +0200: Memory Usage (455500K) : extblock_drw has 0 polygons
2026-09-10 14:02:14 +0200: Memory Usage (455628K) : nldd_drw has 0 polygons
2026-09-10 14:02:14 +0200: Memory Usage (455628K) : pldd_drw has 0 polygons
2026-09-10 14:02:14 +0200: Memory Usage (455756K) : next_drw has 0 polygons
2026-09-10 14:02:14 +0200: Memory Usage (455756K) : pext_drw has 0 polygons
2026-09-10 14:02:14 +0200: Memory Usage (455884K) : nexthv_drw has 0 polygons
2026-09-10 14:02:14 +0200: Memory Usage (456012K) : pexthv_drw has 0 polygons
2026-09-10 14:02:14 +0200: Memory Usage (456012K) : graphgate_drw has 0 polygons
2026-09-10 14:02:14 +0200: Memory Usage (456140K) : sinwg_drw has 0 polygons
2026-09-10 14:02:14 +0200: Memory Usage (456140K) : sinwg_filler has 0 polygons
2026-09-10 14:02:14 +0200: Memory Usage (456268K) : sinwg_nofill has 0 polygons
2026-09-10 14:02:14 +0200: Memory Usage (456268K) : mempad_drw has 0 polygons
2026-09-10 14:02:14 +0200: Memory Usage (456396K) : topvia1_drw has 0 polygons
2026-09-10 14:02:14 +0200: Memory Usage (456524K) : topmetal1_drw has 0 polygons
2026-09-10 14:02:14 +0200: Memory Usage (456524K) : topmetal1_filler has 0 polygons
2026-09-10 14:02:14 +0200: Memory Usage (456652K) : topmetal1_slit has 0 polygons
2026-09-10 14:02:14 +0200: Memory Usage (456780K) : topmetal1 has 0 polygons
2026-09-10 14:02:14 +0200: Memory Usage (456780K) : topmetal1_pin has 0 polygons
2026-09-10 14:02:14 +0200: Memory Usage (456908K) : topmetal1_mask has 0 polygons
2026-09-10 14:02:14 +0200: Memory Usage (456908K) : topmetal1_nofill has 0 polygons
2026-09-10 14:02:14 +0200: Memory Usage (457036K) : topmetal1_text has 0 polygons
2026-09-10 14:02:14 +0200: Memory Usage (457036K) : topmetal1_noqrc has 0 polygons
2026-09-10 14:02:14 +0200: Memory Usage (457164K) : topmetal1_res has 0 polygons
2026-09-10 14:02:14 +0200: Memory Usage (457292K) : topmetal1_iprobe has 0 polygons
2026-09-10 14:02:14 +0200: Memory Usage (457292K) : topmetal1_diffprb has 0 polygons
2026-09-10 14:02:14 +0200: Memory Usage (457420K) : inldpwl_drw has 0 polygons
2026-09-10 14:02:14 +0200: Memory Usage (457548K) : polyres_drw has 0 polygons
2026-09-10 14:02:14 +0200: Memory Usage (457548K) : polyres_pin has 0 polygons
2026-09-10 14:02:14 +0200: Memory Usage (457676K) : vmim_drw has 0 polygons
2026-09-10 14:02:14 +0200: Memory Usage (457676K) : nbulaycut_drw has 0 polygons
2026-09-10 14:02:14 +0200: Memory Usage (457804K) : antmetal1_drw has 0 polygons
2026-09-10 14:02:14 +0200: Memory Usage (457804K) : topvia2_drw has 0 polygons
2026-09-10 14:02:14 +0200: Memory Usage (457932K) : topmetal2_drw has 0 polygons
2026-09-10 14:02:14 +0200: Memory Usage (457932K) : topmetal2_filler has 0 polygons
2026-09-10 14:02:14 +0200: Memory Usage (458060K) : topmetal2_slit has 0 polygons
2026-09-10 14:02:14 +0200: Memory Usage (458188K) : topmetal2 has 0 polygons
2026-09-10 14:02:14 +0200: Memory Usage (458188K) : topmetal2_pin has 0 polygons
2026-09-10 14:02:14 +0200: Memory Usage (458316K) : topmetal2_mask has 0 polygons
2026-09-10 14:02:14 +0200: Memory Usage (458444K) : topmetal2_nofill has 0 polygons
2026-09-10 14:02:14 +0200: Memory Usage (458444K) : topmetal2_text has 0 polygons
2026-09-10 14:02:14 +0200: Memory Usage (458572K) : topmetal2_noqrc has 0 polygons
2026-09-10 14:02:14 +0200: Memory Usage (458700K) : topmetal2_res has 0 polygons
2026-09-10 14:02:14 +0200: Memory Usage (458700K) : topmetal2_iprobe has 0 polygons
2026-09-10 14:02:14 +0200: Memory Usage (458828K) : topmetal2_diffprb has 0 polygons
2026-09-10 14:02:14 +0200: Memory Usage (458828K) : snsring_drw has 0 polygons
2026-09-10 14:02:14 +0200: Memory Usage (458956K) : sensor_drw has 0 polygons
2026-09-10 14:02:14 +0200: Memory Usage (458956K) : snsarms_drw has 0 polygons
2026-09-10 14:02:14 +0200: Memory Usage (459084K) : snscmosvia_drw has 0 polygons
2026-09-10 14:02:14 +0200: Memory Usage (459212K) : colwind_drw has 0 polygons
2026-09-10 14:02:14 +0200: Memory Usage (459212K) : flm_drw has 0 polygons
2026-09-10 14:02:14 +0200: Memory Usage (459340K) : hafniumox_drw has 0 polygons
2026-09-10 14:02:14 +0200: Memory Usage (459340K) : memvia_drw has 0 polygons
2026-09-10 14:02:14 +0200: Memory Usage (459468K) : thinfilmres_drw has 0 polygons
2026-09-10 14:02:14 +0200: Memory Usage (459468K) : rfmem_drw has 0 polygons
2026-09-10 14:02:14 +0200: Memory Usage (459596K) : norcx_drw has 0 polygons
2026-09-10 14:02:14 +0200: Memory Usage (459596K) : norcx_m2m3 has 0 polygons
2026-09-10 14:02:14 +0200: Memory Usage (459724K) : norcx_m2m4 has 0 polygons
2026-09-10 14:02:14 +0200: Memory Usage (459724K) : norcx_m2m5 has 0 polygons
2026-09-10 14:02:14 +0200: Memory Usage (459852K) : norcx_m2tm1 has 0 polygons
2026-09-10 14:02:14 +0200: Memory Usage (459852K) : norcx_m2tm2 has 0 polygons
2026-09-10 14:02:14 +0200: Memory Usage (459852K) : norcx_m3m4 has 0 polygons
2026-09-10 14:02:14 +0200: Memory Usage (459980K) : norcx_m3m5 has 0 polygons
2026-09-10 14:02:14 +0200: Memory Usage (459980K) : norcx_m3tm1 has 0 polygons
2026-09-10 14:02:14 +0200: Memory Usage (459980K) : norcx_m3tm2 has 0 polygons
2026-09-10 14:02:14 +0200: Memory Usage (459980K) : norcx_m4m5 has 0 polygons
2026-09-10 14:02:14 +0200: Memory Usage (460108K) : norcx_m4tm1 has 0 polygons
2026-09-10 14:02:14 +0200: Memory Usage (460108K) : norcx_m4tm2 has 0 polygons
2026-09-10 14:02:14 +0200: Memory Usage (460108K) : norcx_m5tm1 has 0 polygons
2026-09-10 14:02:14 +0200: Memory Usage (460236K) : norcx_m5tm2 has 0 polygons
2026-09-10 14:02:14 +0200: Memory Usage (460236K) : norcx_tm1tm2 has 0 polygons
2026-09-10 14:02:14 +0200: Memory Usage (460236K) : norcx_m1sub has 0 polygons
2026-09-10 14:02:14 +0200: Memory Usage (460364K) : norcx_m2sub has 0 polygons
2026-09-10 14:02:14 +0200: Memory Usage (460364K) : norcx_m3sub has 0 polygons
2026-09-10 14:02:14 +0200: Memory Usage (460364K) : norcx_m4sub has 0 polygons
2026-09-10 14:02:14 +0200: Memory Usage (460364K) : norcx_m5sub has 0 polygons
2026-09-10 14:02:14 +0200: Memory Usage (460492K) : norcx_tm1sub has 0 polygons
2026-09-10 14:02:14 +0200: Memory Usage (460492K) : norcx_tm2sub has 0 polygons
2026-09-10 14:02:14 +0200: Memory Usage (460492K) : snsbotvia_drw has 0 polygons
2026-09-10 14:02:14 +0200: Memory Usage (460620K) : snstopvia_drw has 0 polygons
2026-09-10 14:02:14 +0200: Memory Usage (460620K) : deepvia_drw has 0 polygons
2026-09-10 14:02:14 +0200: Memory Usage (460620K) : fgetch_drw has 0 polygons
2026-09-10 14:02:14 +0200: Memory Usage (460620K) : ctrgat_drw has 0 polygons
2026-09-10 14:02:14 +0200: Memory Usage (460748K) : fgimp_drw has 0 polygons
2026-09-10 14:02:14 +0200: Memory Usage (460748K) : emwihv_drw has 0 polygons
2026-09-10 14:02:14 +0200: Memory Usage (460748K) : lbe_drw has 0 polygons
2026-09-10 14:02:14 +0200: Memory Usage (460876K) : alcustop_drw has 0 polygons
2026-09-10 14:02:14 +0200: Memory Usage (461004K) : nometfiller_drw has 0 polygons
2026-09-10 14:02:14 +0200: Memory Usage (461004K) : prboundary_drw has 0 polygons
2026-09-10 14:02:14 +0200: Memory Usage (461132K) : exchange0_drw has 0 polygons
2026-09-10 14:02:14 +0200: Memory Usage (461132K) : exchange0_pin has 0 polygons
2026-09-10 14:02:14 +0200: Memory Usage (461260K) : exchange0_text has 0 polygons
2026-09-10 14:02:14 +0200: Memory Usage (461260K) : exchange1_drw has 0 polygons
2026-09-10 14:02:14 +0200: Memory Usage (461388K) : exchange1_pin has 0 polygons
2026-09-10 14:02:14 +0200: Memory Usage (461388K) : exchange1_text has 0 polygons
2026-09-10 14:02:14 +0200: Memory Usage (461388K) : exchange2_drw has 0 polygons
2026-09-10 14:02:14 +0200: Memory Usage (461388K) : exchange2_pin has 0 polygons
2026-09-10 14:02:14 +0200: Memory Usage (461388K) : exchange2_text has 0 polygons
2026-09-10 14:02:14 +0200: Memory Usage (461388K) : exchange3_drw has 0 polygons
2026-09-10 14:02:14 +0200: Memory Usage (461388K) : exchange3_pin has 0 polygons
2026-09-10 14:02:14 +0200: Memory Usage (461388K) : exchange3_text has 0 polygons
2026-09-10 14:02:14 +0200: Memory Usage (461388K) : exchange4_drw has 0 polygons
2026-09-10 14:02:14 +0200: Memory Usage (461388K) : exchange4_pin has 0 polygons
2026-09-10 14:02:14 +0200: Memory Usage (461388K) : exchange4_text has 0 polygons
2026-09-10 14:02:14 +0200: Memory Usage (461388K) : isonwell_drw has 0 polygons
2026-09-10 14:02:14 +0200: Memory Usage (461388K) : Total no. of polygons in the design is 1796
2026-09-10 14:02:14 +0200: Memory Usage (461388K) : Starting base layers derivations
2026-09-10 14:02:14 +0200: Memory Usage (461388K) : Starting general LVS derivations
2026-09-10 14:02:14 +0200: Memory Usage (465556K) : Starting MOSFET DERIVATIONS
2026-09-10 14:02:14 +0200: Memory Usage (466580K) : Starting NMOS DERIVATIONS
2026-09-10 14:02:14 +0200: Memory Usage (466580K) : Starting PMOS DERIVATIONS
2026-09-10 14:02:14 +0200: Memory Usage (466580K) : Starting RF-MOSFET DERIVATIONS
2026-09-10 14:02:14 +0200: Memory Usage (466580K) : Starting RF-NMOS DERIVATIONS
2026-09-10 14:02:14 +0200: Memory Usage (466580K) : Starting RF-PMOS DERIVATIONS
2026-09-10 14:02:14 +0200: Memory Usage (466580K) : Starting BJT DERIVATIONS
2026-09-10 14:02:14 +0200: Memory Usage (466580K) : Starting NPN-BJT DERIVATIONS
2026-09-10 14:02:14 +0200: Memory Usage (466580K) : Starting PNP-BJT DERIVATIONS
2026-09-10 14:02:14 +0200: Memory Usage (466580K) : Starting DIODE DERIVATIONS
2026-09-10 14:02:14 +0200: Memory Usage (467860K) : Starting RESISTOR DERIVATIONS
2026-09-10 14:02:14 +0200: Memory Usage (469396K) : Starting CAP DERIVATIONS
2026-09-10 14:02:14 +0200: Memory Usage (469396K) : Starting CAP_CMOM DERIVATIONS
2026-09-10 14:02:14 +0200: Memory Usage (469396K) : Starting CAP_CMOMF DERIVATIONS
2026-09-10 14:02:14 +0200: Memory Usage (469396K) : Starting ESD DERIVATIONS
2026-09-10 14:02:14 +0200: Memory Usage (469396K) : Starting Inductor DERIVATIONS
2026-09-10 14:02:14 +0200: Memory Usage (469396K) : Starting Taps DERIVATIONS
2026-09-10 14:02:14 +0200: Memory Usage (470292K) : Starting SG13G2 LVS connectivity setup
2026-09-10 14:02:14 +0200: Memory Usage (470292K) : Starting SG13G2 LVS connectivity setup (Inter-layer)
2026-09-10 14:02:14 +0200: Memory Usage (470292K) : Starting SG13G2 LVS connectivity setup (Global)
2026-09-10 14:02:14 +0200: Memory Usage (470292K) : Starting LVS MOSFET CONNECTIONS
2026-09-10 14:02:14 +0200: Memory Usage (470292K) : Starting LVS RF-MOSFET CONNECTIONS
2026-09-10 14:02:14 +0200: Memory Usage (470292K) : Starting LVS BJT CONNECTIONS
2026-09-10 14:02:14 +0200: Memory Usage (470292K) : Starting LVS DIODE CONNECTIONS
2026-09-10 14:02:14 +0200: Memory Usage (470292K) : Starting RESISTOR CONNECTIONS
2026-09-10 14:02:14 +0200: Memory Usage (470292K) : Starting LVS CAP CONNECTIONS
2026-09-10 14:02:14 +0200: Memory Usage (470292K) : Starting CAP_CMOM CONNECTIONS
2026-09-10 14:02:14 +0200: Memory Usage (470292K) : Starting CAP_CMOMF CONNECTIONS
2026-09-10 14:02:14 +0200: Memory Usage (470292K) : Starting ESD CONNECTIONS
2026-09-10 14:02:14 +0200: Memory Usage (470292K) : Starting Inductor CONNECTIONS
2026-09-10 14:02:14 +0200: Memory Usage (470292K) : Starting LVS Taps CONNECTIONS
2026-09-10 14:02:14 +0200: Memory Usage (470292K) : Starting SG13G2 LVS DEVICES EXTRACTION
2026-09-10 14:02:14 +0200: Memory Usage (470292K) : Starting MOSFET EXTRACTION
2026-09-10 14:02:14 +0200: Memory Usage (470292K) : Starting NMOS EXTRACTION
2026-09-10 14:02:14 +0200: Memory Usage (470292K) : Extraction of NMOS-LV transistor
2026-09-10 14:02:14 +0200: Memory Usage (470596K) : Extraction of NMOS-HV transistor
2026-09-10 14:02:14 +0200: Memory Usage (470596K) : Starting PMOS EXTRACTION
2026-09-10 14:02:14 +0200: Memory Usage (470596K) : Extraction of PMOS-LV transistor
2026-09-10 14:02:14 +0200: Memory Usage (470596K) : Extraction of PMOS-HV transistor
2026-09-10 14:02:14 +0200: Memory Usage (470596K) : Starting RF-MOSFET EXTRACTION
2026-09-10 14:02:14 +0200: Memory Usage (470596K) : Extraction of RF-NMOS-LV transistor
2026-09-10 14:02:14 +0200: Memory Usage (470596K) : Extraction of RF-NMOS-HV transistor
2026-09-10 14:02:14 +0200: Memory Usage (470596K) : Extraction of RF-PMOS-LV transistor
2026-09-10 14:02:14 +0200: Memory Usage (470596K) : Extraction of RF-PMOS-HV transistor
2026-09-10 14:02:14 +0200: Memory Usage (470596K) : Starting BJT EXTRACTION
2026-09-10 14:02:14 +0200: Memory Usage (470596K) : Starting NPN-BJT EXTRACTION
2026-09-10 14:02:14 +0200: Memory Usage (470596K) : Extraction of npn13G2 BJT transistor
2026-09-10 14:02:14 +0200: Memory Usage (470596K) : Extraction of npn13G2L BJT transistor
2026-09-10 14:02:14 +0200: Memory Usage (470596K) : Extraction of npn13G2V BJT transistor
2026-09-10 14:02:14 +0200: Memory Usage (470596K) : Starting PNP-BJT EXTRACTION
2026-09-10 14:02:14 +0200: Memory Usage (470596K) : Extracting pnpMPA BJT
2026-09-10 14:02:14 +0200: Memory Usage (470596K) : Starting DIODE EXTRACTION
2026-09-10 14:02:14 +0200: Memory Usage (470596K) : Extracting dantenna diode
2026-09-10 14:02:14 +0200: Memory Usage (470596K) : Extracting dpantenna diode
2026-09-10 14:02:14 +0200: Memory Usage (470596K) : Extracting schottky_nbl1 diode
2026-09-10 14:02:14 +0200: Memory Usage (470596K) : Extracting isolbox diode
2026-09-10 14:02:14 +0200: Memory Usage (470596K) : Starting RESISTOR EXTRACTION
2026-09-10 14:02:14 +0200: Memory Usage (470596K) : Extracting rsil resistor
2026-09-10 14:02:14 +0200: Memory Usage (470596K) : Extracting rppd resistor
2026-09-10 14:02:14 +0200: Memory Usage (470596K) : Extracting rhigh resistor
2026-09-10 14:02:14 +0200: Memory Usage (470596K) : Extracting res_metal1 resistor
2026-09-10 14:02:14 +0200: Memory Usage (470772K) : Extracting res_metal2 resistor
2026-09-10 14:02:14 +0200: Memory Usage (470772K) : Extracting res_metal3 resistor
2026-09-10 14:02:14 +0200: Memory Usage (470772K) : Extracting res_metal4 resistor
2026-09-10 14:02:14 +0200: Memory Usage (470772K) : Extracting res_metal5 resistor
2026-09-10 14:02:14 +0200: Memory Usage (470772K) : Extracting res_topmetal1 resistor
2026-09-10 14:02:14 +0200: Memory Usage (470772K) : Extracting res_topmetal2 resistor
2026-09-10 14:02:14 +0200: Memory Usage (470772K) : Starting CAP EXTRACTION
2026-09-10 14:02:14 +0200: Memory Usage (470772K) : Extracting cap_cmim device
2026-09-10 14:02:14 +0200: Memory Usage (470772K) : Extracting rfcmim device
2026-09-10 14:02:14 +0200: Memory Usage (470772K) : Extracting sg13_hv_svaricap varactor
2026-09-10 14:02:14 +0200: Memory Usage (470772K) : Extracting cap_cmomi device
2026-09-10 14:02:14 +0200: Memory Usage (470772K) : Extracting cap_cmomf device
2026-09-10 14:02:14 +0200: Memory Usage (470772K) : Extracting sg13_moscap_n capacitor
2026-09-10 14:02:14 +0200: Memory Usage (470772K) : Extracting sg13_moscap_p capacitor
2026-09-10 14:02:14 +0200: Memory Usage (470772K) : Starting ESD EXTRACTION
2026-09-10 14:02:14 +0200: Memory Usage (470772K) : Extracting diodevdd_2kv ESD device
2026-09-10 14:02:14 +0200: Memory Usage (470772K) : Extracting diodevdd_4kv ESD device
2026-09-10 14:02:14 +0200: Memory Usage (470772K) : Extracting diodevss_2kv ESD device
2026-09-10 14:02:14 +0200: Memory Usage (470772K) : Extracting diodevss_4kv ESD device
2026-09-10 14:02:14 +0200: Memory Usage (470772K) : Extracting idiodevdd_2kv ESD device
2026-09-10 14:02:14 +0200: Memory Usage (470772K) : Extracting idiodevdd_4kv ESD device
2026-09-10 14:02:14 +0200: Memory Usage (470772K) : Extracting idiodevss_2kv ESD device
2026-09-10 14:02:14 +0200: Memory Usage (470772K) : Extracting idiodevss_4kv ESD device
2026-09-10 14:02:14 +0200: Memory Usage (470772K) : Extracting nmoscl_2 ESD device
2026-09-10 14:02:14 +0200: Memory Usage (470772K) : Extracting nmoscl_4 ESD device
2026-09-10 14:02:14 +0200: Memory Usage (470772K) : Starting Inductor EXTRACTION
2026-09-10 14:02:14 +0200: Memory Usage (470772K) : Extracting Inductor2 device
2026-09-10 14:02:14 +0200: Memory Usage (470772K) : Extracting Inductor3 device
2026-09-10 14:02:14 +0200: Memory Usage (470772K) : Starting Taps EXTRACTION
2026-09-10 14:02:14 +0200: Memory Usage (470772K) : Extracting ntap1 device
2026-09-10 14:02:14 +0200: Memory Usage (470772K) : Extracting ptap1 device
2026-09-10 14:02:14 +0200: Memory Usage (470772K) : Starting SG13G2 LVS RF MOS Model Mapping
2026-09-10 14:02:14 +0200: Memory Usage (470772K) : [layout_netlist] Apply RF MOS model mapping and rfmode parameter.
2026-09-10 14:02:14 +0200: Memory Usage (470772K) : Starting SG13G2 LVS Options Preparations
2026-09-10 14:02:14 +0200: Memory Usage (470772K) : SG13G2 LVS flow: extraction -> alignment -> option preparation -> comparison.
2026-09-10 14:02:14 +0200: Memory Usage (470772K) : Starting SG13G2 LVS Alignment
2026-09-10 14:02:14 +0200: Memory Usage (470948K) : Starting SG13G2 LVS Simplification
2026-09-10 14:02:14 +0200: Memory Usage (470948K) : [layout_netlist] simplify: ENABLED
2026-09-10 14:02:14 +0200: Memory Usage (470948K) : [layout_netlist] make_top_level_pins: SKIPPED
2026-09-10 14:02:14 +0200: Memory Usage (470948K) : [layout_netlist] combine_devices: SKIPPED
2026-09-10 14:02:14 +0200: Memory Usage (470948K) : [layout_netlist] purge: SKIPPED
2026-09-10 14:02:14 +0200: Memory Usage (470948K) : [layout_netlist] purge_nets: SKIPPED
2026-09-10 14:02:14 +0200: Memory Usage (470948K) : [schematic_netlist] simplify: ENABLED
2026-09-10 14:02:14 +0200: Memory Usage (470948K) : [schematic_netlist] make_top_level_pins: SKIPPED
2026-09-10 14:02:14 +0200: Memory Usage (471076K) : [schematic_netlist] combine_devices: SKIPPED
2026-09-10 14:02:14 +0200: Memory Usage (471076K) : [schematic_netlist] purge: SKIPPED
2026-09-10 14:02:14 +0200: Memory Usage (471076K) : [schematic_netlist] purge_nets: SKIPPED
2026-09-10 14:02:14 +0200: Memory Usage (471076K) : Starting SG13G2 LVS Comparison in strict port mode.
2026-09-10 14:02:14 +0200: Memory Usage (471076K) : flag_missing_ports enabled: missing/mislabeled top-level ports are treated as errors.
2026-09-10 14:02:14 +0200: Memory Usage (471204K) : xxxxxxxxxxxxxxxxxxxxxxxxxxxxxxxxxxxxxxxxxx
2026-09-10 14:02:14 +0200: Memory Usage (471204K) : ERROR : Netlists don't match
2026-09-10 14:02:14 +0200: Memory Usage (471204K) : xxxxxxxxxxxxxxxxxxxxxxxxxxxxxxxxxxxxxxxxxx
2026-09-10 14:02:14 +0200: Memory Usage (471204K) : LVS Total Run time 0.813265 seconds
