# Logfile created on 2026-09-10 14:30:09 +0200 by logger.rb/v1.5.3
2026-09-10 14:30:09 +0200: Memory Usage (439248K) : Starting running IHP-SG13G2 KLayout DRC runset on /work/runs/ihp-io-physical-20260910-001/geometry/sg13g2_IOPadOut16mA.gds
2026-09-10 14:30:09 +0200: Memory Usage (439248K) : Ruby Version for klayout: 3.2.3
2026-09-10 14:30:09 +0200: Memory Usage (440808K) : Loading database to memory is complete.
2026-09-10 14:30:09 +0200: Memory Usage (440808K) : IHP-SG13G2 KLayout DRC runset output at: /output/sg13g2_IOPadOut16mA_sg13g2_IOPadOut16mA_main.lyrdb
2026-09-10 14:30:09 +0200: Memory Usage (440952K) : Evaluate switches.
2026-09-10 14:30:09 +0200: Memory Usage (440952K) : tables selected: main
2026-09-10 14:30:09 +0200: Memory Usage (440952K) : KLayout will use 1 thread(s) in tiling mode.
2026-09-10 14:30:09 +0200: Memory Usage (440952K) : deep mode is enabled.
2026-09-10 14:30:09 +0200: Memory Usage (440952K) : FEOL enabled: true
2026-09-10 14:30:09 +0200: Memory Usage (440952K) : BEOL enabled: true
2026-09-10 14:30:09 +0200: Memory Usage (440952K) : OFFGRID enabled: true
2026-09-10 14:30:09 +0200: Memory Usage (440952K) : ANGLE enabled: true
2026-09-10 14:30:09 +0200: Memory Usage (440952K) : PIN enabled: true
2026-09-10 14:30:09 +0200: Memory Usage (440952K) : FORBIDDEN enabled: true
2026-09-10 14:30:09 +0200: Memory Usage (440952K) : RECOMMENDED enabled: true
2026-09-10 14:30:09 +0200: Memory Usage (440952K) : PreCheck DRC enabled: false
2026-09-10 14:30:09 +0200: Memory Usage (440952K) : CONNECTIVITY_RULES enabled: true.
2026-09-10 14:30:09 +0200: Memory Usage (440952K) : Read in polygons from layers.
2026-09-10 14:30:09 +0200: Memory Usage (442440K) : activ_drw has 75 polygons
2026-09-10 14:30:09 +0200: Memory Usage (442440K) : activ_pin has 0 polygons
2026-09-10 14:30:09 +0200: Memory Usage (442440K) : activ_mask has 0 polygons
2026-09-10 14:30:09 +0200: Memory Usage (442440K) : activ_filler has 0 polygons
2026-09-10 14:30:09 +0200: Memory Usage (442440K) : activ_nofill has 0 polygons
2026-09-10 14:30:09 +0200: Memory Usage (442440K) : activ_opc has 0 polygons
2026-09-10 14:30:09 +0200: Memory Usage (442440K) : activ_iopc has 0 polygons
2026-09-10 14:30:09 +0200: Memory Usage (442440K) : activ_noqrc has 0 polygons
2026-09-10 14:30:09 +0200: Memory Usage (442440K) : biwind_drw has 0 polygons
2026-09-10 14:30:09 +0200: Memory Usage (442440K) : biwind_opc has 0 polygons
2026-09-10 14:30:09 +0200: Memory Usage (442696K) : pemwind_drw has 0 polygons
2026-09-10 14:30:09 +0200: Memory Usage (442696K) : gatpoly_drw has 40 polygons
2026-09-10 14:30:09 +0200: Memory Usage (442696K) : gatpoly_pin has 0 polygons
2026-09-10 14:30:09 +0200: Memory Usage (442696K) : gatpoly_filler has 0 polygons
2026-09-10 14:30:09 +0200: Memory Usage (442696K) : gatpoly_nofill has 0 polygons
2026-09-10 14:30:09 +0200: Memory Usage (442696K) : gatpoly_opc has 0 polygons
2026-09-10 14:30:09 +0200: Memory Usage (442824K) : gatpoly_iopc has 0 polygons
2026-09-10 14:30:09 +0200: Memory Usage (442952K) : gatpoly_noqrc has 0 polygons
2026-09-10 14:30:09 +0200: Memory Usage (444360K) : cont_drw has 45918 polygons
2026-09-10 14:30:09 +0200: Memory Usage (444360K) : cont_opc has 0 polygons
2026-09-10 14:30:09 +0200: Memory Usage (444360K) : nsd_drw has 0 polygons
2026-09-10 14:30:09 +0200: Memory Usage (444360K) : nsd_block has 0 polygons
2026-09-10 14:30:09 +0200: Memory Usage (444360K) : metal1_drw has 241 polygons
2026-09-10 14:30:09 +0200: Memory Usage (444360K) : metal1_pin has 26 polygons
2026-09-10 14:30:09 +0200: Memory Usage (444360K) : metal1_mask has 0 polygons
2026-09-10 14:30:09 +0200: Memory Usage (444488K) : metal1_filler has 0 polygons
2026-09-10 14:30:09 +0200: Memory Usage (444488K) : metal1_nofill has 0 polygons
2026-09-10 14:30:09 +0200: Memory Usage (444488K) : metal1_slit has 0 polygons
2026-09-10 14:30:09 +0200: Memory Usage (444808K) : metal1_text has 26 polygons
2026-09-10 14:30:09 +0200: Memory Usage (444808K) : metal1_opc has 0 polygons
2026-09-10 14:30:09 +0200: Memory Usage (445064K) : metal1_noqrc has 0 polygons
2026-09-10 14:30:09 +0200: Memory Usage (445064K) : metal1_res has 0 polygons
2026-09-10 14:30:09 +0200: Memory Usage (445064K) : metal1_iprobe has 0 polygons
2026-09-10 14:30:09 +0200: Memory Usage (445064K) : metal1_diffprb has 0 polygons
2026-09-10 14:30:09 +0200: Memory Usage (445064K) : passiv_drw has 0 polygons
2026-09-10 14:30:09 +0200: Memory Usage (445064K) : passiv_pin has 0 polygons
2026-09-10 14:30:09 +0200: Memory Usage (445192K) : passiv_sbump has 0 polygons
2026-09-10 14:30:09 +0200: Memory Usage (445192K) : passiv_pillar has 0 polygons
2026-09-10 14:30:09 +0200: Memory Usage (445320K) : passiv_pdl has 0 polygons
2026-09-10 14:30:09 +0200: Memory Usage (445320K) : metal2_drw has 70 polygons
2026-09-10 14:30:09 +0200: Memory Usage (445320K) : metal2_pin has 19 polygons
2026-09-10 14:30:09 +0200: Memory Usage (445448K) : metal2_mask has 0 polygons
2026-09-10 14:30:09 +0200: Memory Usage (445448K) : metal2_filler has 0 polygons
2026-09-10 14:30:09 +0200: Memory Usage (445576K) : metal2_nofill has 0 polygons
2026-09-10 14:30:09 +0200: Memory Usage (445576K) : metal2_slit has 0 polygons
2026-09-10 14:30:09 +0200: Memory Usage (445704K) : metal2_text has 19 polygons
2026-09-10 14:30:09 +0200: Memory Usage (445704K) : metal2_opc has 0 polygons
2026-09-10 14:30:09 +0200: Memory Usage (445832K) : metal2_noqrc has 0 polygons
2026-09-10 14:30:09 +0200: Memory Usage (445832K) : metal2_res has 0 polygons
2026-09-10 14:30:09 +0200: Memory Usage (445832K) : metal2_iprobe has 0 polygons
2026-09-10 14:30:09 +0200: Memory Usage (445960K) : metal2_diffprb has 0 polygons
2026-09-10 14:30:09 +0200: Memory Usage (446088K) : baspoly_drw has 0 polygons
2026-09-10 14:30:09 +0200: Memory Usage (446088K) : baspoly_pin has 0 polygons
2026-09-10 14:30:09 +0200: Memory Usage (446216K) : psd_drw has 30 polygons
2026-09-10 14:30:09 +0200: Memory Usage (446216K) : nldb_drw has 0 polygons
2026-09-10 14:30:09 +0200: Memory Usage (446344K) : digibnd_drw has 0 polygons
2026-09-10 14:30:09 +0200: Memory Usage (446344K) : via1_drw has 1668 polygons
2026-09-10 14:30:09 +0200: Memory Usage (446472K) : backmetal1_drw has 0 polygons
2026-09-10 14:30:09 +0200: Memory Usage (446472K) : backmetal1_pin has 0 polygons
2026-09-10 14:30:09 +0200: Memory Usage (446600K) : backmetal1_mask has 0 polygons
2026-09-10 14:30:09 +0200: Memory Usage (446600K) : backmetal1_filler has 0 polygons
2026-09-10 14:30:09 +0200: Memory Usage (446728K) : backmetal1_nofill has 0 polygons
2026-09-10 14:30:09 +0200: Memory Usage (446728K) : backmetal1_slit has 0 polygons
2026-09-10 14:30:09 +0200: Memory Usage (446728K) : backmetal1_text has 0 polygons
2026-09-10 14:30:09 +0200: Memory Usage (446856K) : backmetal1_opc has 0 polygons
2026-09-10 14:30:09 +0200: Memory Usage (446856K) : backmetal1_noqrc has 0 polygons
2026-09-10 14:30:09 +0200: Memory Usage (446984K) : backmetal1_res has 0 polygons
2026-09-10 14:30:09 +0200: Memory Usage (446984K) : backmetal1_iprobe has 0 polygons
2026-09-10 14:30:09 +0200: Memory Usage (447112K) : backmetal1_diffprb has 0 polygons
2026-09-10 14:30:09 +0200: Memory Usage (447112K) : backpassiv_drw has 0 polygons
2026-09-10 14:30:09 +0200: Memory Usage (447240K) : res_drw has 0 polygons
2026-09-10 14:30:09 +0200: Memory Usage (447240K) : sram_drw has 0 polygons
2026-09-10 14:30:09 +0200: Memory Usage (447368K) : trans_drw has 0 polygons
2026-09-10 14:30:09 +0200: Memory Usage (447368K) : ind_drw has 0 polygons
2026-09-10 14:30:09 +0200: Memory Usage (447496K) : ind_pin has 0 polygons
2026-09-10 14:30:09 +0200: Memory Usage (447496K) : ind_text has 0 polygons
2026-09-10 14:30:09 +0200: Memory Usage (447624K) : salblock_drw has 0 polygons
2026-09-10 14:30:09 +0200: Memory Usage (447752K) : via2_drw has 1448 polygons
2026-09-10 14:30:09 +0200: Memory Usage (447752K) : metal3_drw has 19 polygons
2026-09-10 14:30:09 +0200: Memory Usage (447880K) : metal3_pin has 9 polygons
2026-09-10 14:30:09 +0200: Memory Usage (447880K) : metal3_mask has 0 polygons
2026-09-10 14:30:09 +0200: Memory Usage (448008K) : metal3_filler has 0 polygons
2026-09-10 14:30:09 +0200: Memory Usage (448008K) : metal3_nofill has 0 polygons
2026-09-10 14:30:09 +0200: Memory Usage (448136K) : metal3_slit has 0 polygons
2026-09-10 14:30:09 +0200: Memory Usage (448136K) : metal3_text has 9 polygons
2026-09-10 14:30:09 +0200: Memory Usage (448264K) : metal3_opc has 0 polygons
2026-09-10 14:30:09 +0200: Memory Usage (448264K) : metal3_noqrc has 0 polygons
2026-09-10 14:30:09 +0200: Memory Usage (448264K) : metal3_res has 0 polygons
2026-09-10 14:30:09 +0200: Memory Usage (448392K) : metal3_iprobe has 0 polygons
2026-09-10 14:30:09 +0200: Memory Usage (448392K) : metal3_diffprb has 0 polygons
2026-09-10 14:30:09 +0200: Memory Usage (448520K) : nwell_drw has 21 polygons
2026-09-10 14:30:09 +0200: Memory Usage (448648K) : nwell_pin has 0 polygons
2026-09-10 14:30:09 +0200: Memory Usage (448648K) : nbulay_drw has 0 polygons
2026-09-10 14:30:09 +0200: Memory Usage (448776K) : nbulay_pin has 0 polygons
2026-09-10 14:30:09 +0200: Memory Usage (448776K) : nbulay_block has 0 polygons
2026-09-10 14:30:09 +0200: Memory Usage (448904K) : emwind_drw has 0 polygons
2026-09-10 14:30:09 +0200: Memory Usage (448904K) : emwind_opc has 0 polygons
2026-09-10 14:30:09 +0200: Memory Usage (448904K) : deepco_drw has 0 polygons
2026-09-10 14:30:09 +0200: Memory Usage (449032K) : deepco_drw has 0 polygons
2026-09-10 14:30:09 +0200: Memory Usage (449032K) : mim_drw has 0 polygons
2026-09-10 14:30:09 +0200: Memory Usage (449160K) : edgeseal_drw has 0 polygons
2026-09-10 14:30:09 +0200: Memory Usage (449160K) : edgeseal_bound has 0 polygons
2026-09-10 14:30:09 +0200: Memory Usage (449288K) : substrate_drw has 19 polygons
2026-09-10 14:30:09 +0200: Memory Usage (449416K) : substrate_text has 0 polygons
2026-09-10 14:30:09 +0200: Memory Usage (449416K) : dfpad_drw has 0 polygons
2026-09-10 14:30:09 +0200: Memory Usage (449416K) : dfpad_pillar has 0 polygons
2026-09-10 14:30:09 +0200: Memory Usage (449544K) : dfpad_sbump has 0 polygons
2026-09-10 14:30:09 +0200: Memory Usage (449672K) : thickgateox_drw has 4 polygons
2026-09-10 14:30:09 +0200: Memory Usage (449672K) : pldb_drw has 0 polygons
2026-09-10 14:30:09 +0200: Memory Usage (449800K) : pwell_drw has 0 polygons
2026-09-10 14:30:09 +0200: Memory Usage (449800K) : pwell_pin has 0 polygons
2026-09-10 14:30:09 +0200: Memory Usage (449928K) : pwell_block has 0 polygons
2026-09-10 14:30:09 +0200: Memory Usage (449928K) : ic_drw has 0 polygons
2026-09-10 14:30:09 +0200: Memory Usage (449928K) : via3_drw has 2087 polygons
2026-09-10 14:30:09 +0200: Memory Usage (450056K) : metal4_drw has 8 polygons
2026-09-10 14:30:09 +0200: Memory Usage (450184K) : metal4_pin has 8 polygons
2026-09-10 14:30:09 +0200: Memory Usage (450184K) : metal4_mask has 0 polygons
2026-09-10 14:30:09 +0200: Memory Usage (450184K) : metal4_filler has 0 polygons
2026-09-10 14:30:09 +0200: Memory Usage (450312K) : metal4_nofill has 0 polygons
2026-09-10 14:30:09 +0200: Memory Usage (450312K) : metal4_slit has 0 polygons
2026-09-10 14:30:09 +0200: Memory Usage (450440K) : metal4_text has 8 polygons
2026-09-10 14:30:09 +0200: Memory Usage (450440K) : metal4_opc has 0 polygons
2026-09-10 14:30:09 +0200: Memory Usage (450440K) : metal4_noqrc has 0 polygons
2026-09-10 14:30:09 +0200: Memory Usage (450568K) : metal4_res has 0 polygons
2026-09-10 14:30:09 +0200: Memory Usage (450568K) : metal4_iprobe has 0 polygons
2026-09-10 14:30:09 +0200: Memory Usage (450696K) : metal4_diffprb has 0 polygons
2026-09-10 14:30:09 +0200: Memory Usage (450696K) : heattrans_drw has 0 polygons
2026-09-10 14:30:09 +0200: Memory Usage (450696K) : heatres_drw has 0 polygons
2026-09-10 14:30:09 +0200: Memory Usage (450824K) : pempoly_drw has 0 polygons
2026-09-10 14:30:09 +0200: Memory Usage (450824K) : fbe_drw has 0 polygons
2026-09-10 14:30:09 +0200: Memory Usage (450952K) : empoly_drw has 0 polygons
2026-09-10 14:30:09 +0200: Memory Usage (450952K) : ldmos_drw has 0 polygons
2026-09-10 14:30:09 +0200: Memory Usage (451080K) : pbiwind_drw has 0 polygons
2026-09-10 14:30:09 +0200: Memory Usage (451080K) : digisub_drw has 0 polygons
2026-09-10 14:30:09 +0200: Memory Usage (451080K) : nodrc_drw has 0 polygons
2026-09-10 14:30:09 +0200: Memory Usage (451208K) : text_drw has 13 polygons
2026-09-10 14:30:09 +0200: Memory Usage (451208K) : via4_drw has 2371 polygons
2026-09-10 14:30:09 +0200: Memory Usage (451336K) : metal5_drw has 8 polygons
2026-09-10 14:30:09 +0200: Memory Usage (451464K) : metal5_pin has 8 polygons
2026-09-10 14:30:09 +0200: Memory Usage (451464K) : metal5_mask has 0 polygons
2026-09-10 14:30:09 +0200: Memory Usage (451464K) : metal5_filler has 0 polygons
2026-09-10 14:30:09 +0200: Memory Usage (451592K) : metal5_nofill has 0 polygons
2026-09-10 14:30:09 +0200: Memory Usage (451592K) : metal5_slit has 0 polygons
2026-09-10 14:30:09 +0200: Memory Usage (451720K) : metal5_text has 8 polygons
2026-09-10 14:30:09 +0200: Memory Usage (451720K) : metal5_opc has 0 polygons
2026-09-10 14:30:09 +0200: Memory Usage (451848K) : metal5_noqrc has 0 polygons
2026-09-10 14:30:09 +0200: Memory Usage (451848K) : metal5_res has 0 polygons
2026-09-10 14:30:09 +0200: Memory Usage (451848K) : metal5_iprobe has 0 polygons
2026-09-10 14:30:09 +0200: Memory Usage (451848K) : metal5_diffprb has 0 polygons
2026-09-10 14:30:09 +0200: Memory Usage (451976K) : radhard_drw has 0 polygons
2026-09-10 14:30:09 +0200: Memory Usage (451976K) : memcap_drw has 0 polygons
2026-09-10 14:30:09 +0200: Memory Usage (452104K) : varicap_drw has 0 polygons
2026-09-10 14:30:09 +0200: Memory Usage (452104K) : flash_drw has 0 polygons
2026-09-10 14:30:09 +0200: Memory Usage (452232K) : intbondvia_drw has 0 polygons
2026-09-10 14:30:09 +0200: Memory Usage (452232K) : intbondmet_drw has 0 polygons
2026-09-10 14:30:09 +0200: Memory Usage (452232K) : devbondvia_drw has 0 polygons
2026-09-10 14:30:09 +0200: Memory Usage (452360K) : devbondmet_drw has 0 polygons
2026-09-10 14:30:09 +0200: Memory Usage (452360K) : devtrench_drw has 0 polygons
2026-09-10 14:30:09 +0200: Memory Usage (452488K) : redist_drw has 0 polygons
2026-09-10 14:30:09 +0200: Memory Usage (452488K) : graphbot_drw has 0 polygons
2026-09-10 14:30:09 +0200: Memory Usage (452616K) : graphtop_drw has 0 polygons
2026-09-10 14:30:09 +0200: Memory Usage (452616K) : antvia1_drw has 0 polygons
2026-09-10 14:30:09 +0200: Memory Usage (452616K) : antmetal2_drw has 0 polygons
2026-09-10 14:30:09 +0200: Memory Usage (452744K) : graphcont_drw has 0 polygons
2026-09-10 14:30:09 +0200: Memory Usage (452744K) : siwg_drw has 0 polygons
2026-09-10 14:30:09 +0200: Memory Usage (452872K) : siwg_filler has 0 polygons
2026-09-10 14:30:09 +0200: Memory Usage (452872K) : siwg_nofill has 0 polygons
2026-09-10 14:30:09 +0200: Memory Usage (453000K) : sigrating_drw has 0 polygons
2026-09-10 14:30:09 +0200: Memory Usage (453000K) : singrating_drw has 0 polygons
2026-09-10 14:30:09 +0200: Memory Usage (453000K) : graphpas_drw has 0 polygons
2026-09-10 14:30:09 +0200: Memory Usage (453128K) : emwind3_drw has 0 polygons
2026-09-10 14:30:09 +0200: Memory Usage (453128K) : emwihv3_drw has 0 polygons
2026-09-10 14:30:09 +0200: Memory Usage (453256K) : redbulay_drw has 0 polygons
2026-09-10 14:30:09 +0200: Memory Usage (453256K) : smos_drw has 0 polygons
2026-09-10 14:30:09 +0200: Memory Usage (453256K) : graphpad_drw has 0 polygons
2026-09-10 14:30:09 +0200: Memory Usage (453384K) : polimide_drw has 0 polygons
2026-09-10 14:30:09 +0200: Memory Usage (453384K) : polimide_pin has 0 polygons
2026-09-10 14:30:09 +0200: Memory Usage (453512K) : recog_drw has 0 polygons
2026-09-10 14:30:09 +0200: Memory Usage (453512K) : recog_pin has 0 polygons
2026-09-10 14:30:09 +0200: Memory Usage (453640K) : recog_esd has 0 polygons
2026-09-10 14:30:09 +0200: Memory Usage (453640K) : recog_diode has 6 polygons
2026-09-10 14:30:09 +0200: Memory Usage (453640K) : recog_tsv has 0 polygons
2026-09-10 14:30:09 +0200: Memory Usage (453768K) : recog_iprobe has 0 polygons
2026-09-10 14:30:09 +0200: Memory Usage (453768K) : recog_diffprb has 0 polygons
2026-09-10 14:30:09 +0200: Memory Usage (453896K) : recog_pillar has 0 polygons
2026-09-10 14:30:09 +0200: Memory Usage (453896K) : recog_sbump has 0 polygons
2026-09-10 14:30:09 +0200: Memory Usage (454024K) : recog_otp has 0 polygons
2026-09-10 14:30:09 +0200: Memory Usage (454024K) : recog_pdiode has 0 polygons
2026-09-10 14:30:09 +0200: Memory Usage (454024K) : recog_mom has 0 polygons
2026-09-10 14:30:09 +0200: Memory Usage (454152K) : recog_momf has 0 polygons
2026-09-10 14:30:09 +0200: Memory Usage (454152K) : recog_pcm has 0 polygons
2026-09-10 14:30:09 +0200: Memory Usage (454280K) : colopen_drw has 0 polygons
2026-09-10 14:30:09 +0200: Memory Usage (454280K) : graphmetal1_drw has 0 polygons
2026-09-10 14:30:09 +0200: Memory Usage (454280K) : graphmetal1_filler has 0 polygons
2026-09-10 14:30:09 +0200: Memory Usage (454280K) : graphmetal1_nofill has 0 polygons
2026-09-10 14:30:09 +0200: Memory Usage (454280K) : graphmetal1_slit has 0 polygons
2026-09-10 14:30:09 +0200: Memory Usage (454408K) : graphmetal1_opc has 0 polygons
2026-09-10 14:30:09 +0200: Memory Usage (454408K) : graphmet1l_drw has 0 polygons
2026-09-10 14:30:09 +0200: Memory Usage (454536K) : graphmet1l_filler has 0 polygons
2026-09-10 14:30:09 +0200: Memory Usage (454536K) : graphmet1l_nofill has 0 polygons
2026-09-10 14:30:09 +0200: Memory Usage (454536K) : graphmet1l_slit has 0 polygons
2026-09-10 14:30:09 +0200: Memory Usage (454664K) : graphmet1l_opc has 0 polygons
2026-09-10 14:30:09 +0200: Memory Usage (454664K) : extblock_drw has 0 polygons
2026-09-10 14:30:09 +0200: Memory Usage (454792K) : nldd_drw has 0 polygons
2026-09-10 14:30:09 +0200: Memory Usage (454792K) : pldd_drw has 0 polygons
2026-09-10 14:30:09 +0200: Memory Usage (454920K) : next_drw has 0 polygons
2026-09-10 14:30:09 +0200: Memory Usage (454920K) : pext_drw has 0 polygons
2026-09-10 14:30:09 +0200: Memory Usage (454920K) : nexthv_drw has 0 polygons
2026-09-10 14:30:09 +0200: Memory Usage (455048K) : pexthv_drw has 0 polygons
2026-09-10 14:30:09 +0200: Memory Usage (455048K) : graphgate_drw has 0 polygons
2026-09-10 14:30:09 +0200: Memory Usage (455176K) : sinwg_drw has 0 polygons
2026-09-10 14:30:09 +0200: Memory Usage (455176K) : sinwg_filler has 0 polygons
2026-09-10 14:30:09 +0200: Memory Usage (455304K) : sinwg_nofill has 0 polygons
2026-09-10 14:30:09 +0200: Memory Usage (455304K) : mempad_drw has 0 polygons
2026-09-10 14:30:09 +0200: Memory Usage (455304K) : topvia1_drw has 2315 polygons
2026-09-10 14:30:09 +0200: Memory Usage (455560K) : topmetal1_drw has 8 polygons
2026-09-10 14:30:09 +0200: Memory Usage (455560K) : topmetal1_pin has 8 polygons
2026-09-10 14:30:09 +0200: Memory Usage (455560K) : topmetal1_mask has 0 polygons
2026-09-10 14:30:09 +0200: Memory Usage (455688K) : topmetal1_filler has 0 polygons
2026-09-10 14:30:09 +0200: Memory Usage (455688K) : topmetal1_nofill has 0 polygons
2026-09-10 14:30:09 +0200: Memory Usage (455688K) : topmetal1_slit has 0 polygons
2026-09-10 14:30:09 +0200: Memory Usage (455816K) : topmetal1_text has 8 polygons
2026-09-10 14:30:09 +0200: Memory Usage (455816K) : topmetal1_noqrc has 0 polygons
2026-09-10 14:30:09 +0200: Memory Usage (455944K) : topmetal1_res has 0 polygons
2026-09-10 14:30:09 +0200: Memory Usage (455944K) : topmetal1_iprobe has 0 polygons
2026-09-10 14:30:09 +0200: Memory Usage (456072K) : topmetal1_diffprb has 0 polygons
2026-09-10 14:30:09 +0200: Memory Usage (456072K) : inldpwl_drw has 0 polygons
2026-09-10 14:30:09 +0200: Memory Usage (456072K) : polyres_drw has 0 polygons
2026-09-10 14:30:09 +0200: Memory Usage (456200K) : polyres_pin has 0 polygons
2026-09-10 14:30:09 +0200: Memory Usage (456200K) : vmim_drw has 0 polygons
2026-09-10 14:30:09 +0200: Memory Usage (456328K) : nbulaycut_drw has 0 polygons
2026-09-10 14:30:09 +0200: Memory Usage (456328K) : antmetal1_drw has 0 polygons
2026-09-10 14:30:09 +0200: Memory Usage (456328K) : topvia2_drw has 1593 polygons
2026-09-10 14:30:09 +0200: Memory Usage (456328K) : topmetal2_drw has 6 polygons
2026-09-10 14:30:09 +0200: Memory Usage (456328K) : topmetal2_pin has 6 polygons
2026-09-10 14:30:09 +0200: Memory Usage (456328K) : topmetal2_mask has 0 polygons
2026-09-10 14:30:09 +0200: Memory Usage (456456K) : topmetal2_filler has 0 polygons
2026-09-10 14:30:09 +0200: Memory Usage (456456K) : topmetal2_nofill has 0 polygons
2026-09-10 14:30:09 +0200: Memory Usage (456456K) : topmetal2_slit has 0 polygons
2026-09-10 14:30:09 +0200: Memory Usage (456456K) : topmetal2_text has 6 polygons
2026-09-10 14:30:09 +0200: Memory Usage (456584K) : topmetal2_noqrc has 0 polygons
2026-09-10 14:30:09 +0200: Memory Usage (456584K) : topmetal2_res has 0 polygons
2026-09-10 14:30:09 +0200: Memory Usage (456712K) : topmetal2_iprobe has 0 polygons
2026-09-10 14:30:09 +0200: Memory Usage (456712K) : topmetal2_diffprb has 0 polygons
2026-09-10 14:30:09 +0200: Memory Usage (456840K) : snsring_drw has 0 polygons
2026-09-10 14:30:09 +0200: Memory Usage (456840K) : sensor_drw has 0 polygons
2026-09-10 14:30:09 +0200: Memory Usage (456840K) : snsarms_drw has 0 polygons
2026-09-10 14:30:09 +0200: Memory Usage (456968K) : snscmosvia_drw has 0 polygons
2026-09-10 14:30:09 +0200: Memory Usage (456968K) : colwind_drw has 0 polygons
2026-09-10 14:30:09 +0200: Memory Usage (457096K) : flm_drw has 0 polygons
2026-09-10 14:30:09 +0200: Memory Usage (457096K) : hafniumox_drw has 0 polygons
2026-09-10 14:30:09 +0200: Memory Usage (457224K) : memvia_drw has 0 polygons
2026-09-10 14:30:09 +0200: Memory Usage (457224K) : thinfilmres_drw has 0 polygons
2026-09-10 14:30:09 +0200: Memory Usage (457224K) : rfmem_drw has 0 polygons
2026-09-10 14:30:09 +0200: Memory Usage (457352K) : norcx_drw has 0 polygons
2026-09-10 14:30:09 +0200: Memory Usage (457352K) : norcx_m2m3 has 0 polygons
2026-09-10 14:30:09 +0200: Memory Usage (457480K) : norcx_m2m4 has 0 polygons
2026-09-10 14:30:09 +0200: Memory Usage (457480K) : norcx_m2m5 has 0 polygons
2026-09-10 14:30:09 +0200: Memory Usage (457608K) : norcx_m2tm1 has 0 polygons
2026-09-10 14:30:09 +0200: Memory Usage (457608K) : norcx_m2tm2 has 0 polygons
2026-09-10 14:30:09 +0200: Memory Usage (457608K) : norcx_m3m4 has 0 polygons
2026-09-10 14:30:09 +0200: Memory Usage (457736K) : norcx_m3m5 has 0 polygons
2026-09-10 14:30:09 +0200: Memory Usage (457736K) : norcx_m3tm1 has 0 polygons
2026-09-10 14:30:09 +0200: Memory Usage (457864K) : norcx_m3tm2 has 0 polygons
2026-09-10 14:30:09 +0200: Memory Usage (457864K) : norcx_m4m5 has 0 polygons
2026-09-10 14:30:09 +0200: Memory Usage (457864K) : norcx_m4tm1 has 0 polygons
2026-09-10 14:30:09 +0200: Memory Usage (457992K) : norcx_m4tm2 has 0 polygons
2026-09-10 14:30:09 +0200: Memory Usage (457992K) : norcx_m5tm1 has 0 polygons
2026-09-10 14:30:09 +0200: Memory Usage (458120K) : norcx_m5tm2 has 0 polygons
2026-09-10 14:30:09 +0200: Memory Usage (458120K) : norcx_tm1tm2 has 0 polygons
2026-09-10 14:30:09 +0200: Memory Usage (458248K) : norcx_m1sub has 0 polygons
2026-09-10 14:30:09 +0200: Memory Usage (458248K) : norcx_m2sub has 0 polygons
2026-09-10 14:30:09 +0200: Memory Usage (458248K) : norcx_m3sub has 0 polygons
2026-09-10 14:30:09 +0200: Memory Usage (458376K) : norcx_m4sub has 0 polygons
2026-09-10 14:30:09 +0200: Memory Usage (458376K) : norcx_m5sub has 0 polygons
2026-09-10 14:30:09 +0200: Memory Usage (458504K) : norcx_tm1sub has 0 polygons
2026-09-10 14:30:09 +0200: Memory Usage (458504K) : norcx_tm2sub has 0 polygons
2026-09-10 14:30:09 +0200: Memory Usage (458632K) : snsbotvia_drw has 0 polygons
2026-09-10 14:30:09 +0200: Memory Usage (458632K) : snstopvia_drw has 0 polygons
2026-09-10 14:30:09 +0200: Memory Usage (458632K) : deepvia_drw has 0 polygons
2026-09-10 14:30:09 +0200: Memory Usage (458760K) : fgetch_drw has 0 polygons
2026-09-10 14:30:09 +0200: Memory Usage (458760K) : ctrgat_drw has 0 polygons
2026-09-10 14:30:09 +0200: Memory Usage (458888K) : fgimp_drw has 0 polygons
2026-09-10 14:30:09 +0200: Memory Usage (458888K) : emwihv_drw has 0 polygons
2026-09-10 14:30:09 +0200: Memory Usage (458888K) : lbe_drw has 0 polygons
2026-09-10 14:30:09 +0200: Memory Usage (459016K) : alcustop_drw has 0 polygons
2026-09-10 14:30:09 +0200: Memory Usage (459016K) : nometfiller_drw has 0 polygons
2026-09-10 14:30:09 +0200: Memory Usage (459144K) : prboundary_drw has 0 polygons
2026-09-10 14:30:09 +0200: Memory Usage (459144K) : exchange0_drw has 0 polygons
2026-09-10 14:30:09 +0200: Memory Usage (459272K) : exchange0_pin has 0 polygons
2026-09-10 14:30:09 +0200: Memory Usage (459272K) : exchange0_text has 0 polygons
2026-09-10 14:30:09 +0200: Memory Usage (459272K) : exchange1_drw has 0 polygons
2026-09-10 14:30:09 +0200: Memory Usage (459400K) : exchange1_pin has 0 polygons
2026-09-10 14:30:09 +0200: Memory Usage (459400K) : exchange1_text has 0 polygons
2026-09-10 14:30:09 +0200: Memory Usage (459528K) : exchange2_drw has 0 polygons
2026-09-10 14:30:09 +0200: Memory Usage (459528K) : exchange2_pin has 0 polygons
2026-09-10 14:30:09 +0200: Memory Usage (459528K) : exchange2_text has 0 polygons
2026-09-10 14:30:09 +0200: Memory Usage (459656K) : exchange3_drw has 0 polygons
2026-09-10 14:30:09 +0200: Memory Usage (459656K) : exchange3_pin has 0 polygons
2026-09-10 14:30:09 +0200: Memory Usage (459784K) : exchange3_text has 0 polygons
2026-09-10 14:30:09 +0200: Memory Usage (459784K) : exchange4_drw has 0 polygons
2026-09-10 14:30:09 +0200: Memory Usage (459784K) : exchange4_pin has 0 polygons
2026-09-10 14:30:09 +0200: Memory Usage (459912K) : exchange4_text has 0 polygons
2026-09-10 14:30:09 +0200: Memory Usage (459912K) : isonwell_drw has 0 polygons
2026-09-10 14:30:09 +0200: Memory Usage (459912K) : Total no. of polygons in the design is 58136
2026-09-10 14:30:09 +0200: Memory Usage (459912K) : Loaded TECH DRC rules values from /work/upstream/ihp-open-pdk/ihp-sg13g2/libs.tech/klayout/python/sg13g2_pycell_lib/sg13g2_tech_mod.json
2026-09-10 14:30:09 +0200: Memory Usage (459912K) : Loaded default DRC rules values from /work/upstream/ihp-open-pdk/ihp-sg13g2/libs.tech/klayout/tech/drc/rule_decks/sg13g2_tech_default.json
2026-09-10 14:30:09 +0200: Memory Usage (459912K) : The following rules values were missing in tech json and default values were used:
2026-09-10 14:30:09 +0200: Memory Usage (459912K) :   - NW_f1_digibnd
2026-09-10 14:30:09 +0200: Memory Usage (459912K) :   - Cnt_c_digibnd
2026-09-10 14:30:09 +0200: Memory Usage (459912K) :   - Cnt_c_sram
2026-09-10 14:30:09 +0200: Memory Usage (459912K) :   - Sdiod_b
2026-09-10 14:30:09 +0200: Memory Usage (459912K) :   - Sdiod_c
2026-09-10 14:30:09 +0200: Memory Usage (461128K) : Total area of the design is 14623.199999999999 um^2.
2026-09-10 14:30:09 +0200: Memory Usage (461128K) : The design dimensions are 81.24000000000001 µm * 180.0 µm.
2026-09-10 14:30:09 +0200: Memory Usage (461128K) : Starting general IHP-SG13G2 derivations.
2026-09-10 14:30:09 +0200: Memory Usage (461128K) : Starting Pwell derivations
2026-09-10 14:30:09 +0200: Memory Usage (463544K) : Starting n-Activ derivations
2026-09-10 14:30:09 +0200: Memory Usage (463672K) : Starting p-Activ derivations
2026-09-10 14:30:09 +0200: Memory Usage (463672K) : Starting ptap derivations
2026-09-10 14:30:09 +0200: Memory Usage (463672K) : Starting ntap derivations
2026-09-10 14:30:09 +0200: Memory Usage (463672K) : Starting pact FET derivations
2026-09-10 14:30:09 +0200: Memory Usage (463672K) : Starting nact FET derivations
2026-09-10 14:30:09 +0200: Memory Usage (463672K) : Starting Gate derivations
2026-09-10 14:30:09 +0200: Memory Usage (463672K) : Starting cont/contbar general derivations
2026-09-10 14:30:09 +0200: Memory Usage (482904K) : Starting pad general derivations
2026-09-10 14:30:09 +0200: Memory Usage (482904K) : Starting schottky_nbl general derivations
2026-09-10 14:30:09 +0200: Memory Usage (482904K) : Starting SVaricap general derivations
2026-09-10 14:30:09 +0200: Memory Usage (482904K) : Starting HBT general derivations
2026-09-10 14:30:09 +0200: Memory Usage (482904K) : Starting IHP-SG13G2 DRC connectivity related derivations.
2026-09-10 14:30:09 +0200: Memory Usage (482904K) : Starting IHP-SG13G2 DRC connectivity setup
2026-09-10 14:30:09 +0200: Memory Usage (483160K) : Starting IHP-SG13G2 DRC rules.
2026-09-10 14:30:09 +0200: Memory Usage (483160K) : Running all FEOL rules
2026-09-10 14:30:09 +0200: Memory Usage (483160K) : Running all BEOL rules
2026-09-10 14:30:09 +0200: Memory Usage (483160K) : Running all PIN rules
2026-09-10 14:30:09 +0200: Memory Usage (483160K) : Running all FORBIDDEN rules
2026-09-10 14:30:09 +0200: Memory Usage (483160K) : Starting 5.1 NWell table
2026-09-10 14:30:09 +0200: Memory Usage (483160K) : Executing rule NW.b
2026-09-10 14:30:09 +0200: Memory Usage (483832K) : Executing rule NW.b1
2026-09-10 14:30:09 +0200: Memory Usage (483992K) : Executing rule NW.f1
2026-09-10 14:30:09 +0200: Memory Usage (483992K) : Executing rule NW.f1.digibnd
2026-09-10 14:30:09 +0200: Memory Usage (483992K) : Starting 5.2 PWell:block
2026-09-10 14:30:09 +0200: Memory Usage (483992K) : Executing rule PWB.e
2026-09-10 14:30:09 +0200: Memory Usage (483992K) : Executing rule PWB.e1
2026-09-10 14:30:09 +0200: Memory Usage (483992K) : Executing rule PWB.f
2026-09-10 14:30:09 +0200: Memory Usage (483992K) : Executing rule PWB.f1
2026-09-10 14:30:09 +0200: Memory Usage (483992K) : Starting 5.3 nBuLay table
2026-09-10 14:30:09 +0200: Memory Usage (483992K) : Executing rule NBL.b
2026-09-10 14:30:09 +0200: Memory Usage (483992K) : Executing rule NBL.c
2026-09-10 14:30:09 +0200: Memory Usage (483992K) : Executing rule NBL.d
2026-09-10 14:30:09 +0200: Memory Usage (483992K) : Executing rule NBL.e
2026-09-10 14:30:09 +0200: Memory Usage (483992K) : Executing rule NBL.f
2026-09-10 14:30:09 +0200: Memory Usage (483992K) : Starting 5.5. Activ table
2026-09-10 14:30:09 +0200: Memory Usage (483992K) : Executing rule Act.a
2026-09-10 14:30:09 +0200: Memory Usage (483992K) : Executing rule Act.b
2026-09-10 14:30:09 +0200: Memory Usage (484120K) : Starting 5.6 Activ:filler table
2026-09-10 14:30:09 +0200: Memory Usage (484120K) : Executing rule AFil.c1
2026-09-10 14:30:09 +0200: Memory Usage (484120K) : Executing rule AFil.c
2026-09-10 14:30:09 +0200: Memory Usage (484120K) : Executing rule AFil.d
2026-09-10 14:30:09 +0200: Memory Usage (484120K) : Executing rule AFil.e
2026-09-10 14:30:09 +0200: Memory Usage (484120K) : Executing rule AFil.j
2026-09-10 14:30:09 +0200: Memory Usage (484120K) : Starting 5.7. ThickGateOx table
2026-09-10 14:30:09 +0200: Memory Usage (484120K) : Executing rule TGO.f
2026-09-10 14:30:09 +0200: Memory Usage (484120K) : Starting 5.8. GatPoly table
2026-09-10 14:30:09 +0200: Memory Usage (484120K) : Executing rule Gat.a
2026-09-10 14:30:09 +0200: Memory Usage (484120K) : Executing rule Gat.b
2026-09-10 14:30:09 +0200: Memory Usage (484120K) : Executing rule Gat.d
2026-09-10 14:30:09 +0200: Memory Usage (484120K) : Executing rule Gat.a1
2026-09-10 14:30:09 +0200: Memory Usage (484392K) : Executing rule Gat.a2
2026-09-10 14:30:09 +0200: Memory Usage (484392K) : Executing rule Gat.g
2026-09-10 14:30:09 +0200: Memory Usage (484392K) : Starting 5.9 GatPoly:filler
2026-09-10 14:30:09 +0200: Memory Usage (484392K) : Executing rule GFil.d
2026-09-10 14:30:09 +0200: Memory Usage (484392K) : Executing rule GFil.e
2026-09-10 14:30:09 +0200: Memory Usage (484392K) : Executing rule GFil.i
2026-09-10 14:30:09 +0200: Memory Usage (484392K) : Starting 5.10 pSD table
2026-09-10 14:30:09 +0200: Memory Usage (484392K) : Executing rule pSD.c1
2026-09-10 14:30:09 +0200: Memory Usage (484392K) : Starting 5.14. Cont table
2026-09-10 14:30:09 +0200: Memory Usage (484392K) : Executing rule Cnt.a
2026-09-10 14:30:09 +0200: Memory Usage (492968K) : Executing rule Cnt.b
2026-09-10 14:30:10 +0200: Memory Usage (502184K) : Executing rule Cnt.c
2026-09-10 14:30:10 +0200: Memory Usage (504104K) : Executing rule Cnt.c.digibnd
2026-09-10 14:30:10 +0200: Memory Usage (504104K) : Executing rule Cnt.c.SRAM
2026-09-10 14:30:10 +0200: Memory Usage (504104K) : Executing rule Cnt.d
2026-09-10 14:30:10 +0200: Memory Usage (504104K) : Executing rule Cnt.e
2026-09-10 14:30:10 +0200: Memory Usage (504104K) : Executing rule Cnt.g1
2026-09-10 14:30:10 +0200: Memory Usage (504104K) : Executing rule Cnt.g2
2026-09-10 14:30:10 +0200: Memory Usage (509096K) : Starting 5.15. ContBar table
2026-09-10 14:30:10 +0200: Memory Usage (509096K) : Executing rule CntB.a
2026-09-10 14:30:10 +0200: Memory Usage (509096K) : Executing rule CntB.a1
2026-09-10 14:30:10 +0200: Memory Usage (509096K) : Executing rule CntB.b1
2026-09-10 14:30:10 +0200: Memory Usage (509096K) : Executing rule CntB.h1
2026-09-10 14:30:10 +0200: Memory Usage (509096K) : Starting 6.1.3 NPN Substrate-Tie table
2026-09-10 14:30:10 +0200: Memory Usage (509096K) : Executing rule npn13G2.bR 
2026-09-10 14:30:11 +0200: Memory Usage (509096K) : Executing rule npn13G2L.cR 
2026-09-10 14:30:11 +0200: Memory Usage (509096K) : Executing rule npn13G2V.cR 
2026-09-10 14:30:11 +0200: Memory Usage (509096K) : Starting 6.7 Schottky diode table
2026-09-10 14:30:11 +0200: Memory Usage (509096K) : Executing rule Sdiod.b
2026-09-10 14:30:11 +0200: Memory Usage (509096K) : Executing rule Sdiod.c
2026-09-10 14:30:11 +0200: Memory Usage (509096K) : Executing rule Sdiod.d
2026-09-10 14:30:11 +0200: Memory Usage (509096K) : Executing rule Sdiod.e
2026-09-10 14:30:11 +0200: Memory Usage (509096K) : Starting 7.2 Latch-up table
2026-09-10 14:30:11 +0200: Memory Usage (509096K) : Executing rule LU.b
2026-09-10 14:30:11 +0200: Memory Usage (509096K) : Starting 5.16. Metal1 table
2026-09-10 14:30:11 +0200: Memory Usage (509096K) : Executing rule M1.a
2026-09-10 14:30:11 +0200: Memory Usage (509096K) : Executing rule M1.b
2026-09-10 14:30:11 +0200: Memory Usage (509096K) : Executing rule M1.e
2026-09-10 14:30:11 +0200: Memory Usage (509096K) : Executing rule M1.f
2026-09-10 14:30:11 +0200: Memory Usage (509096K) : Executing rule M1.g
2026-09-10 14:30:11 +0200: Memory Usage (509096K) : Executing rule M1.i
2026-09-10 14:30:11 +0200: Memory Usage (509096K) : Starting 5.17 Metaln table
2026-09-10 14:30:11 +0200: Memory Usage (509096K) : Executing rule M2.a
2026-09-10 14:30:11 +0200: Memory Usage (509096K) : Executing rule M2.b
2026-09-10 14:30:11 +0200: Memory Usage (509096K) : Executing rule M2.e
2026-09-10 14:30:11 +0200: Memory Usage (509096K) : Executing rule M2.f
2026-09-10 14:30:11 +0200: Memory Usage (509096K) : Executing rule M2.g
2026-09-10 14:30:11 +0200: Memory Usage (509096K) : Executing rule M2.i
2026-09-10 14:30:11 +0200: Memory Usage (509096K) : Executing rule M3.a
2026-09-10 14:30:11 +0200: Memory Usage (509096K) : Executing rule M3.b
2026-09-10 14:30:11 +0200: Memory Usage (509096K) : Executing rule M3.e
2026-09-10 14:30:11 +0200: Memory Usage (509096K) : Executing rule M3.f
2026-09-10 14:30:11 +0200: Memory Usage (509096K) : Executing rule M3.g
2026-09-10 14:30:11 +0200: Memory Usage (509096K) : Executing rule M3.i
2026-09-10 14:30:11 +0200: Memory Usage (509096K) : Executing rule M4.a
2026-09-10 14:30:11 +0200: Memory Usage (509096K) : Executing rule M4.b
2026-09-10 14:30:11 +0200: Memory Usage (509096K) : Executing rule M4.e
2026-09-10 14:30:11 +0200: Memory Usage (509096K) : Executing rule M4.f
2026-09-10 14:30:11 +0200: Memory Usage (509096K) : Executing rule M4.g
2026-09-10 14:30:11 +0200: Memory Usage (509096K) : Executing rule M4.i
2026-09-10 14:30:11 +0200: Memory Usage (509096K) : Executing rule M5.a
2026-09-10 14:30:11 +0200: Memory Usage (509096K) : Executing rule M5.b
2026-09-10 14:30:11 +0200: Memory Usage (509096K) : Executing rule M5.e
2026-09-10 14:30:11 +0200: Memory Usage (509096K) : Executing rule M5.f
2026-09-10 14:30:11 +0200: Memory Usage (509096K) : Executing rule M5.g
2026-09-10 14:30:11 +0200: Memory Usage (509096K) : Executing rule M5.i
2026-09-10 14:30:11 +0200: Memory Usage (509096K) : Starting 5.18 Metaln:filler table
2026-09-10 14:30:11 +0200: Memory Usage (509096K) : Executing rule M1Fil.c
2026-09-10 14:30:11 +0200: Memory Usage (509096K) : Executing rule M1Fil.a2
2026-09-10 14:30:11 +0200: Memory Usage (509096K) : Executing rule M2Fil.c
2026-09-10 14:30:11 +0200: Memory Usage (509096K) : Executing rule M2Fil.a2
2026-09-10 14:30:11 +0200: Memory Usage (509096K) : Executing rule M3Fil.c
2026-09-10 14:30:11 +0200: Memory Usage (509096K) : Executing rule M3Fil.a2
2026-09-10 14:30:11 +0200: Memory Usage (509096K) : Executing rule M4Fil.c
2026-09-10 14:30:11 +0200: Memory Usage (509096K) : Executing rule M4Fil.a2
2026-09-10 14:30:11 +0200: Memory Usage (509096K) : Executing rule M5Fil.c
2026-09-10 14:30:11 +0200: Memory Usage (509096K) : Executing rule M5Fil.a2
2026-09-10 14:30:11 +0200: Memory Usage (509096K) : Starting 5.19. Via1 table
2026-09-10 14:30:11 +0200: Memory Usage (509096K) : Starting 5.19. Via1 table derivations
2026-09-10 14:30:11 +0200: Memory Usage (509096K) : Executing rule V1.a
2026-09-10 14:30:11 +0200: Memory Usage (509096K) : Executing rule V1.b
2026-09-10 14:30:11 +0200: Memory Usage (509096K) : Executing rule V1.c
2026-09-10 14:30:11 +0200: Memory Usage (509096K) : Starting 5.20. Vian table
2026-09-10 14:30:11 +0200: Memory Usage (509096K) : Executing rule V2.a
2026-09-10 14:30:11 +0200: Memory Usage (509096K) : Executing rule V2.b
2026-09-10 14:30:11 +0200: Memory Usage (509096K) : Executing rule V2.c
2026-09-10 14:30:11 +0200: Memory Usage (509096K) : Executing rule V3.a
2026-09-10 14:30:11 +0200: Memory Usage (509096K) : Executing rule V3.b
2026-09-10 14:30:11 +0200: Memory Usage (509096K) : Executing rule V3.c
2026-09-10 14:30:11 +0200: Memory Usage (509096K) : Executing rule V4.a
2026-09-10 14:30:11 +0200: Memory Usage (509096K) : Executing rule V4.b
2026-09-10 14:30:11 +0200: Memory Usage (509096K) : Executing rule V4.c
2026-09-10 14:30:11 +0200: Memory Usage (509096K) : Starting 5.21. TopVia1 table
2026-09-10 14:30:11 +0200: Memory Usage (509096K) : Executing rule TV1.a
2026-09-10 14:30:11 +0200: Memory Usage (509096K) : Executing rule TV1.b
2026-09-10 14:30:11 +0200: Memory Usage (509096K) : Executing rule TV1.c
2026-09-10 14:30:11 +0200: Memory Usage (509096K) : Executing rule TV1.d
2026-09-10 14:30:11 +0200: Memory Usage (509096K) : Starting 5.22. TopMetal1 table
2026-09-10 14:30:11 +0200: Memory Usage (509096K) : Executing rule TM1.a
2026-09-10 14:30:11 +0200: Memory Usage (509096K) : Executing rule TM1.b
2026-09-10 14:30:11 +0200: Memory Usage (509096K) : Starting 5.23 TopMetal1:filler table
2026-09-10 14:30:11 +0200: Memory Usage (509096K) : Executing rule TM1Fil.c
2026-09-10 14:30:11 +0200: Memory Usage (509096K) : Executing rule TM1Fil.a1
2026-09-10 14:30:11 +0200: Memory Usage (509096K) : Starting 5.24. TopVia2 table
2026-09-10 14:30:11 +0200: Memory Usage (509096K) : Executing rule TV2.a
2026-09-10 14:30:11 +0200: Memory Usage (509096K) : Executing rule TV2.b
2026-09-10 14:30:11 +0200: Memory Usage (509096K) : Executing rule TV2.c
2026-09-10 14:30:11 +0200: Memory Usage (509096K) : Executing rule TV2.d
2026-09-10 14:30:11 +0200: Memory Usage (509096K) : Starting 5.25. TopMetal2 table
2026-09-10 14:30:11 +0200: Memory Usage (509096K) : Executing rule TM2.a
2026-09-10 14:30:11 +0200: Memory Usage (509096K) : Executing rule TM2.b
2026-09-10 14:30:11 +0200: Memory Usage (509096K) : Executing rule TM2.bR
2026-09-10 14:30:11 +0200: Memory Usage (509096K) : Starting 5.26 TopMetal2:filler table
2026-09-10 14:30:11 +0200: Memory Usage (509096K) : Executing rule TM2Fil.c
2026-09-10 14:30:11 +0200: Memory Usage (509096K) : Executing rule TM2Fil.a1
2026-09-10 14:30:11 +0200: Memory Usage (509096K) : Starting 5.27. Passiv table
2026-09-10 14:30:11 +0200: Memory Usage (509096K) : Executing rule Pas.a
2026-09-10 14:30:11 +0200: Memory Usage (509096K) : Executing rule Pas.b
2026-09-10 14:30:11 +0200: Memory Usage (509096K) : Executing rule Pas.c
2026-09-10 14:30:11 +0200: Memory Usage (509096K) : Starting 6.9.2 Copper Pillar table
2026-09-10 14:30:11 +0200: Memory Usage (509096K) : Executing rule Padc.a
2026-09-10 14:30:11 +0200: Memory Usage (509096K) : Executing rule Padc.b
2026-09-10 14:30:11 +0200: Memory Usage (509096K) : Executing rule Padc.c
2026-09-10 14:30:11 +0200: Memory Usage (509096K) : Executing rule Padb.f
2026-09-10 14:30:11 +0200: Memory Usage (509096K) : Starting 6.9 Pad table
2026-09-10 14:30:11 +0200: Memory Usage (509096K) : Executing rule Pad.m
2026-09-10 14:30:11 +0200: Memory Usage (509096K) : Executing rule Pad.fR_M1
2026-09-10 14:30:11 +0200: Memory Usage (509096K) : Executing rule Pad.fR_M2
2026-09-10 14:30:11 +0200: Memory Usage (509096K) : Executing rule Pad.fR_M3
2026-09-10 14:30:11 +0200: Memory Usage (509096K) : Executing rule Pad.fR_M4
2026-09-10 14:30:11 +0200: Memory Usage (509096K) : Executing rule Pad.fR_M5
2026-09-10 14:30:11 +0200: Memory Usage (509096K) : Executing rule Pad.fR_TM1
2026-09-10 14:30:11 +0200: Memory Usage (509096K) : Executing rule Pad.fR_TM2
2026-09-10 14:30:11 +0200: Memory Usage (509096K) : Executing rule Pad.i
2026-09-10 14:30:11 +0200: Memory Usage (509096K) : Starting 6.9.1 Solder Bump
2026-09-10 14:30:11 +0200: Memory Usage (509096K) : Executing rule Padb.a
2026-09-10 14:30:11 +0200: Memory Usage (509096K) : Executing rule Padb.b
2026-09-10 14:30:11 +0200: Memory Usage (509096K) : Executing rule Padb.c
2026-09-10 14:30:11 +0200: Memory Usage (509096K) : Executing rule Padb.f
2026-09-10 14:30:11 +0200: Memory Usage (509096K) : Executing rule Padb.d
2026-09-10 14:30:11 +0200: Memory Usage (509096K) : Starting 6.10 Sealring table
2026-09-10 14:30:11 +0200: Memory Usage (509096K) : Executing rule Seal.l
2026-09-10 14:30:11 +0200: Memory Usage (509096K) : Executing rule Seal.n
2026-09-10 14:30:11 +0200: Memory Usage (509096K) : Executing rule seal.b_metal1
2026-09-10 14:30:11 +0200: Memory Usage (509096K) : Executing rule seal.b_metal2
2026-09-10 14:30:11 +0200: Memory Usage (509096K) : Executing rule seal.b_metal3
2026-09-10 14:30:11 +0200: Memory Usage (509096K) : Executing rule seal.b_metal4
2026-09-10 14:30:11 +0200: Memory Usage (509096K) : Executing rule seal.b_metal5
2026-09-10 14:30:11 +0200: Memory Usage (509096K) : Executing rule seal.b_topmetal1
2026-09-10 14:30:11 +0200: Memory Usage (509096K) : Executing rule seal.b_topmetal2
2026-09-10 14:30:11 +0200: Memory Usage (509096K) : Executing rule seal.b_activ
2026-09-10 14:30:11 +0200: Memory Usage (509096K) : Executing rule seal.b_psd
2026-09-10 14:30:11 +0200: Memory Usage (509096K) : Executing rule Seal.k
2026-09-10 14:30:11 +0200: Memory Usage (509096K) : Executing rule Seal.m
2026-09-10 14:30:11 +0200: Memory Usage (509096K) : Starting 6.11 MIM table
2026-09-10 14:30:11 +0200: Memory Usage (509096K) : Executing rule MIM.c
2026-09-10 14:30:11 +0200: Memory Usage (509096K) : Executing rule MIM.d
2026-09-10 14:30:11 +0200: Memory Usage (509096K) : Executing rule MIM.gR
2026-09-10 14:30:11 +0200: Memory Usage (509096K) : Starting 7.3 Metal Slits table
2026-09-10 14:30:11 +0200: Memory Usage (509096K) : Executing rule Slt.e1_M1
2026-09-10 14:30:11 +0200: Memory Usage (509096K) : Executing rule Slt.e1_M2
2026-09-10 14:30:11 +0200: Memory Usage (509096K) : Executing rule Slt.e1_M3
2026-09-10 14:30:11 +0200: Memory Usage (509096K) : Executing rule Slt.e1_M4
2026-09-10 14:30:11 +0200: Memory Usage (509096K) : Executing rule Slt.e1_M5
2026-09-10 14:30:11 +0200: Memory Usage (509224K) : Executing rule Slt.e1_TM1
2026-09-10 14:30:11 +0200: Memory Usage (509224K) : Executing rule Slt.e1_TM2
2026-09-10 14:30:11 +0200: Memory Usage (509224K) : Starting 9.1. LBE table
2026-09-10 14:30:11 +0200: Memory Usage (509224K) : Executing rule LBE.a
2026-09-10 14:30:11 +0200: Memory Usage (509224K) : Executing rule LBE.b
2026-09-10 14:30:11 +0200: Memory Usage (509224K) : Executing rule LBE.b1
2026-09-10 14:30:11 +0200: Memory Usage (509224K) : Executing rule LBE.c
2026-09-10 14:30:11 +0200: Memory Usage (509224K) : Executing rule LBE.d
2026-09-10 14:30:11 +0200: Memory Usage (509224K) : Executing rule LBE.h
2026-09-10 14:30:11 +0200: Memory Usage (509224K) : Starting 7.4. PIN table
2026-09-10 14:30:11 +0200: Memory Usage (509224K) : Executing rule Pin.a
2026-09-10 14:30:11 +0200: Memory Usage (509224K) : Executing rule Pin.b
2026-09-10 14:30:11 +0200: Memory Usage (509224K) : Executing rule Pin.e
2026-09-10 14:30:11 +0200: Memory Usage (509224K) : Executing rule Pin.f_M2
2026-09-10 14:30:11 +0200: Memory Usage (509224K) : Executing rule Pin.f_M3
2026-09-10 14:30:11 +0200: Memory Usage (509224K) : Executing rule Pin.f_M4
2026-09-10 14:30:11 +0200: Memory Usage (509224K) : Executing rule Pin.f_M5
2026-09-10 14:30:11 +0200: Memory Usage (509224K) : Executing rule Pin.g
2026-09-10 14:30:11 +0200: Memory Usage (509224K) : Executing rule Pin.h
2026-09-10 14:30:11 +0200: Memory Usage (509224K) : Starting 3.1. offgrid table
2026-09-10 14:30:11 +0200: Memory Usage (509224K) : Executing rule activ_drw_Offgrid
2026-09-10 14:30:11 +0200: Memory Usage (509224K) : Executing rule activ_mask_Offgrid
2026-09-10 14:30:11 +0200: Memory Usage (509224K) : Executing rule activ_filler_Offgrid
2026-09-10 14:30:11 +0200: Memory Usage (509224K) : Executing rule activ_opc_Offgrid
2026-09-10 14:30:11 +0200: Memory Usage (509224K) : Executing rule activ_iopc_Offgrid
2026-09-10 14:30:11 +0200: Memory Usage (509224K) : Executing rule biwind_drw_Offgrid
2026-09-10 14:30:11 +0200: Memory Usage (509224K) : Executing rule biwind_opc_Offgrid
2026-09-10 14:30:11 +0200: Memory Usage (509224K) : Executing rule pemwind_drw_Offgrid
2026-09-10 14:30:11 +0200: Memory Usage (509224K) : Executing rule gatpoly_drw_Offgrid
2026-09-10 14:30:11 +0200: Memory Usage (509224K) : Executing rule gatpoly_filler_Offgrid
2026-09-10 14:30:11 +0200: Memory Usage (509224K) : Executing rule gatpoly_opc_Offgrid
2026-09-10 14:30:11 +0200: Memory Usage (509224K) : Executing rule gatpoly_iopc_Offgrid
2026-09-10 14:30:11 +0200: Memory Usage (509224K) : Executing rule gatpoly_noqrc_Offgrid
2026-09-10 14:30:11 +0200: Memory Usage (509224K) : Executing rule cont_drw_Offgrid
2026-09-10 14:30:11 +0200: Memory Usage (531624K) : Executing rule cont_opc_Offgrid
2026-09-10 14:30:11 +0200: Memory Usage (531752K) : Executing rule nsd_drw_Offgrid
2026-09-10 14:30:11 +0200: Memory Usage (531752K) : Executing rule nsd_block_Offgrid
2026-09-10 14:30:11 +0200: Memory Usage (531752K) : Executing rule metal1_drw_Offgrid
2026-09-10 14:30:11 +0200: Memory Usage (531752K) : Executing rule metal1_mask_Offgrid
2026-09-10 14:30:11 +0200: Memory Usage (531752K) : Executing rule metal1_filler_Offgrid
2026-09-10 14:30:11 +0200: Memory Usage (531880K) : Executing rule metal1_slit_Offgrid
2026-09-10 14:30:11 +0200: Memory Usage (531880K) : Executing rule metal1_opc_Offgrid
2026-09-10 14:30:11 +0200: Memory Usage (531880K) : Executing rule metal1_noqrc_Offgrid
2026-09-10 14:30:11 +0200: Memory Usage (531880K) : Executing rule metal1_res_Offgrid
2026-09-10 14:30:11 +0200: Memory Usage (531880K) : Executing rule metal1_iprobe_Offgrid
2026-09-10 14:30:11 +0200: Memory Usage (532008K) : Executing rule metal1_diffprb_Offgrid
2026-09-10 14:30:11 +0200: Memory Usage (532008K) : Executing rule passiv_drw_Offgrid
2026-09-10 14:30:11 +0200: Memory Usage (532008K) : Executing rule passiv_pillar_Offgrid
2026-09-10 14:30:11 +0200: Memory Usage (532008K) : Executing rule passiv_sbump_Offgrid
2026-09-10 14:30:11 +0200: Memory Usage (532136K) : Executing rule passiv_pdl_Offgrid
2026-09-10 14:30:11 +0200: Memory Usage (532136K) : Executing rule metal2_drw_Offgrid
2026-09-10 14:30:11 +0200: Memory Usage (532136K) : Executing rule metal2_mask_Offgrid
2026-09-10 14:30:11 +0200: Memory Usage (532136K) : Executing rule metal2_filler_Offgrid
2026-09-10 14:30:11 +0200: Memory Usage (532136K) : Executing rule metal2_slit_Offgrid
2026-09-10 14:30:11 +0200: Memory Usage (532136K) : Executing rule metal2_opc_Offgrid
2026-09-10 14:30:11 +0200: Memory Usage (532136K) : Executing rule metal2_noqrc_Offgrid
2026-09-10 14:30:12 +0200: Memory Usage (532136K) : Executing rule metal2_res_Offgrid
2026-09-10 14:30:12 +0200: Memory Usage (532136K) : Executing rule metal2_iprobe_Offgrid
2026-09-10 14:30:12 +0200: Memory Usage (532136K) : Executing rule metal2_diffprb_Offgrid
2026-09-10 14:30:12 +0200: Memory Usage (532136K) : Executing rule baspoly_drw_Offgrid
2026-09-10 14:30:12 +0200: Memory Usage (532136K) : Executing rule psd_drw_Offgrid
2026-09-10 14:30:12 +0200: Memory Usage (532136K) : Executing rule nldb_drw_Offgrid
2026-09-10 14:30:12 +0200: Memory Usage (532136K) : Executing rule via1_drw_Offgrid
2026-09-10 14:30:12 +0200: Memory Usage (532136K) : Executing rule backmetal1_drw_Offgrid
2026-09-10 14:30:12 +0200: Memory Usage (532136K) : Executing rule backmetal1_mask_Offgrid
2026-09-10 14:30:12 +0200: Memory Usage (532136K) : Executing rule backmetal1_filler_Offgrid
2026-09-10 14:30:12 +0200: Memory Usage (532136K) : Executing rule backmetal1_slit_Offgrid
2026-09-10 14:30:12 +0200: Memory Usage (532136K) : Executing rule backmetal1_opc_Offgrid
2026-09-10 14:30:12 +0200: Memory Usage (532136K) : Executing rule backmetal1_noqrc_Offgrid
2026-09-10 14:30:12 +0200: Memory Usage (532136K) : Executing rule backmetal1_res_Offgrid
2026-09-10 14:30:12 +0200: Memory Usage (532136K) : Executing rule backmetal1_iprobe_Offgrid
2026-09-10 14:30:12 +0200: Memory Usage (532136K) : Executing rule backmetal1_diffprb_Offgrid
2026-09-10 14:30:12 +0200: Memory Usage (532136K) : Executing rule backpassiv_drw_Offgrid
2026-09-10 14:30:12 +0200: Memory Usage (532136K) : Executing rule salblock_drw_Offgrid
2026-09-10 14:30:12 +0200: Memory Usage (532136K) : Executing rule via2_drw_Offgrid
2026-09-10 14:30:12 +0200: Memory Usage (532136K) : Executing rule metal3_drw_Offgrid
2026-09-10 14:30:12 +0200: Memory Usage (532136K) : Executing rule metal3_mask_Offgrid
2026-09-10 14:30:12 +0200: Memory Usage (532136K) : Executing rule metal3_filler_Offgrid
2026-09-10 14:30:12 +0200: Memory Usage (532136K) : Executing rule metal3_slit_Offgrid
2026-09-10 14:30:12 +0200: Memory Usage (532136K) : Executing rule metal3_opc_Offgrid
2026-09-10 14:30:12 +0200: Memory Usage (532136K) : Executing rule metal3_noqrc_Offgrid
2026-09-10 14:30:12 +0200: Memory Usage (532136K) : Executing rule metal3_res_Offgrid
2026-09-10 14:30:12 +0200: Memory Usage (532136K) : Executing rule metal3_iprobe_Offgrid
2026-09-10 14:30:12 +0200: Memory Usage (532136K) : Executing rule metal3_diffprb_Offgrid
2026-09-10 14:30:12 +0200: Memory Usage (532136K) : Executing rule nwell_drw_Offgrid
2026-09-10 14:30:12 +0200: Memory Usage (532136K) : Executing rule nbulay_drw_Offgrid
2026-09-10 14:30:12 +0200: Memory Usage (532136K) : Executing rule nbulay_block_Offgrid
2026-09-10 14:30:12 +0200: Memory Usage (532136K) : Executing rule pwell_drw_Offgrid
2026-09-10 14:30:12 +0200: Memory Usage (532136K) : Executing rule pwell_block_Offgrid
2026-09-10 14:30:12 +0200: Memory Usage (532136K) : Executing rule emwind_drw_Offgrid
2026-09-10 14:30:12 +0200: Memory Usage (532136K) : Executing rule emwind_opc_Offgrid
2026-09-10 14:30:12 +0200: Memory Usage (532136K) : Executing rule deepco_drw_Offgrid
2026-09-10 14:30:12 +0200: Memory Usage (532136K) : Executing rule mim_drw_Offgrid
2026-09-10 14:30:12 +0200: Memory Usage (532136K) : Executing rule substrate_drw_Offgrid
2026-09-10 14:30:12 +0200: Memory Usage (532136K) : Executing rule ic_drw_Offgrid
2026-09-10 14:30:12 +0200: Memory Usage (532136K) : Executing rule via3_drw_Offgrid
2026-09-10 14:30:12 +0200: Memory Usage (532136K) : Executing rule pldb_drw_Offgrid
2026-09-10 14:30:12 +0200: Memory Usage (532136K) : Executing rule metal4_drw_Offgrid
2026-09-10 14:30:12 +0200: Memory Usage (532136K) : Executing rule metal4_mask_Offgrid
2026-09-10 14:30:12 +0200: Memory Usage (532136K) : Executing rule metal4_filler_Offgrid
2026-09-10 14:30:12 +0200: Memory Usage (532136K) : Executing rule metal4_slit_Offgrid
2026-09-10 14:30:12 +0200: Memory Usage (532136K) : Executing rule metal4_opc_Offgrid
2026-09-10 14:30:12 +0200: Memory Usage (532136K) : Executing rule metal4_noqrc_Offgrid
2026-09-10 14:30:12 +0200: Memory Usage (532136K) : Executing rule metal4_res_Offgrid
2026-09-10 14:30:12 +0200: Memory Usage (532136K) : Executing rule metal4_iprobe_Offgrid
2026-09-10 14:30:12 +0200: Memory Usage (532136K) : Executing rule metal4_diffprb_Offgrid
2026-09-10 14:30:12 +0200: Memory Usage (532136K) : Executing rule via4_drw_Offgrid
2026-09-10 14:30:12 +0200: Memory Usage (532136K) : Executing rule metal5_drw_Offgrid
2026-09-10 14:30:12 +0200: Memory Usage (532136K) : Executing rule metal5_mask_Offgrid
2026-09-10 14:30:12 +0200: Memory Usage (532136K) : Executing rule metal5_filler_Offgrid
2026-09-10 14:30:12 +0200: Memory Usage (532136K) : Executing rule metal5_slit_Offgrid
2026-09-10 14:30:12 +0200: Memory Usage (532136K) : Executing rule metal5_opc_Offgrid
2026-09-10 14:30:12 +0200: Memory Usage (532136K) : Executing rule metal5_noqrc_Offgrid
2026-09-10 14:30:12 +0200: Memory Usage (532136K) : Executing rule metal5_res_Offgrid
2026-09-10 14:30:12 +0200: Memory Usage (532136K) : Executing rule metal5_iprobe_Offgrid
2026-09-10 14:30:12 +0200: Memory Usage (532136K) : Executing rule metal5_diffprb_Offgrid
2026-09-10 14:30:12 +0200: Memory Usage (532136K) : Executing rule prboundary_drw_Offgrid
2026-09-10 14:30:12 +0200: Memory Usage (532136K) : Executing rule exchange0_drw_Offgrid
2026-09-10 14:30:12 +0200: Memory Usage (532136K) : Executing rule exchange1_drw_Offgrid
2026-09-10 14:30:12 +0200: Memory Usage (532136K) : Executing rule exchange2_drw_Offgrid
2026-09-10 14:30:12 +0200: Memory Usage (532136K) : Executing rule exchange3_drw_Offgrid
2026-09-10 14:30:12 +0200: Memory Usage (532136K) : Executing rule exchange4_drw_Offgrid
2026-09-10 14:30:12 +0200: Memory Usage (532136K) : Executing rule isonwell_drw_Offgrid
2026-09-10 14:30:12 +0200: Memory Usage (532136K) : Executing rule thickgateox_drw_Offgrid
2026-09-10 14:30:12 +0200: Memory Usage (532136K) : Executing rule pempoly_drw_Offgrid
2026-09-10 14:30:12 +0200: Memory Usage (532136K) : Executing rule fbe_drw_Offgrid
2026-09-10 14:30:12 +0200: Memory Usage (532136K) : Executing rule empoly_drw_Offgrid
2026-09-10 14:30:12 +0200: Memory Usage (532136K) : Executing rule ldmos_drw_Offgrid
2026-09-10 14:30:12 +0200: Memory Usage (532136K) : Executing rule pbiwind_drw_Offgrid
2026-09-10 14:30:12 +0200: Memory Usage (532136K) : Executing rule colopen_drw_Offgrid
2026-09-10 14:30:12 +0200: Memory Usage (532136K) : Executing rule extblock_drw_Offgrid
2026-09-10 14:30:12 +0200: Memory Usage (532136K) : Executing rule nldd_drw_Offgrid
2026-09-10 14:30:12 +0200: Memory Usage (532136K) : Executing rule pldd_drw_Offgrid
2026-09-10 14:30:12 +0200: Memory Usage (532136K) : Executing rule next_drw_Offgrid
2026-09-10 14:30:12 +0200: Memory Usage (532136K) : Executing rule pext_drw_Offgrid
2026-09-10 14:30:12 +0200: Memory Usage (532136K) : Executing rule nexthv_drw_Offgrid
2026-09-10 14:30:12 +0200: Memory Usage (532136K) : Executing rule pexthv_drw_Offgrid
2026-09-10 14:30:12 +0200: Memory Usage (532136K) : Executing rule graphgate_drw_Offgrid
2026-09-10 14:30:12 +0200: Memory Usage (532136K) : Executing rule mempad_drw_Offgrid
2026-09-10 14:30:12 +0200: Memory Usage (532136K) : Executing rule topvia1_drw_Offgrid
2026-09-10 14:30:12 +0200: Memory Usage (532136K) : Executing rule topmetal1_drw_Offgrid
2026-09-10 14:30:12 +0200: Memory Usage (532136K) : Executing rule topmetal1_mask_Offgrid
2026-09-10 14:30:12 +0200: Memory Usage (532136K) : Executing rule topmetal1_filler_Offgrid
2026-09-10 14:30:12 +0200: Memory Usage (532136K) : Executing rule topmetal1_slit_Offgrid
2026-09-10 14:30:12 +0200: Memory Usage (532136K) : Executing rule topmetal1_noqrc_Offgrid
2026-09-10 14:30:12 +0200: Memory Usage (532136K) : Executing rule topmetal1_res_Offgrid
2026-09-10 14:30:12 +0200: Memory Usage (532136K) : Executing rule topmetal1_iprobe_Offgrid
2026-09-10 14:30:12 +0200: Memory Usage (532136K) : Executing rule topmetal1_diffprb_Offgrid
2026-09-10 14:30:12 +0200: Memory Usage (532136K) : Executing rule inldpwl_drw_Offgrid
2026-09-10 14:30:12 +0200: Memory Usage (532264K) : Executing rule polyres_drw_Offgrid
2026-09-10 14:30:12 +0200: Memory Usage (532264K) : Executing rule vmim_drw_Offgrid
2026-09-10 14:30:12 +0200: Memory Usage (532264K) : Executing rule nbulaycut_drw_Offgrid
2026-09-10 14:30:12 +0200: Memory Usage (532264K) : Executing rule antmetal1_drw_Offgrid
2026-09-10 14:30:12 +0200: Memory Usage (532264K) : Executing rule topvia2_drw_Offgrid
2026-09-10 14:30:12 +0200: Memory Usage (532264K) : Executing rule topmetal2_drw_Offgrid
2026-09-10 14:30:12 +0200: Memory Usage (532392K) : Executing rule topmetal2_mask_Offgrid
2026-09-10 14:30:12 +0200: Memory Usage (532392K) : Executing rule topmetal2_filler_Offgrid
2026-09-10 14:30:12 +0200: Memory Usage (532392K) : Executing rule topmetal2_slit_Offgrid
2026-09-10 14:30:12 +0200: Memory Usage (532392K) : Executing rule topmetal2_noqrc_Offgrid
2026-09-10 14:30:12 +0200: Memory Usage (532520K) : Executing rule topmetal2_res_Offgrid
2026-09-10 14:30:12 +0200: Memory Usage (532520K) : Executing rule topmetal2_iprobe_Offgrid
2026-09-10 14:30:12 +0200: Memory Usage (532520K) : Executing rule topmetal2_diffprb_Offgrid
2026-09-10 14:30:12 +0200: Memory Usage (532520K) : Executing rule snsring_drw_Offgrid
2026-09-10 14:30:12 +0200: Memory Usage (532520K) : Executing rule sensor_drw_Offgrid
2026-09-10 14:30:12 +0200: Memory Usage (532520K) : Executing rule snsarms_drw_Offgrid
2026-09-10 14:30:12 +0200: Memory Usage (532520K) : Executing rule snscmosvia_drw_Offgrid
2026-09-10 14:30:12 +0200: Memory Usage (532520K) : Executing rule colwind_drw_Offgrid
2026-09-10 14:30:12 +0200: Memory Usage (532520K) : Executing rule flm_drw_Offgrid
2026-09-10 14:30:12 +0200: Memory Usage (532520K) : Executing rule hafniumox_drw_Offgrid
2026-09-10 14:30:12 +0200: Memory Usage (532520K) : Executing rule memvia_drw_Offgrid
2026-09-10 14:30:12 +0200: Memory Usage (532520K) : Executing rule thinfilmres_drw_Offgrid
2026-09-10 14:30:12 +0200: Memory Usage (532520K) : Executing rule rfmem_drw_Offgrid
2026-09-10 14:30:12 +0200: Memory Usage (532520K) : Executing rule snsbotvia_drw_Offgrid
2026-09-10 14:30:12 +0200: Memory Usage (532520K) : Executing rule snstopvia_drw_Offgrid
2026-09-10 14:30:12 +0200: Memory Usage (532520K) : Executing rule deepvia_drw_Offgrid
2026-09-10 14:30:12 +0200: Memory Usage (532520K) : Executing rule fgetch_drw_Offgrid
2026-09-10 14:30:12 +0200: Memory Usage (532520K) : Executing rule ctrgat_drw_Offgrid
2026-09-10 14:30:12 +0200: Memory Usage (532520K) : Executing rule fgimp_drw_Offgrid
2026-09-10 14:30:12 +0200: Memory Usage (532520K) : Executing rule emwihv_drw_Offgrid
2026-09-10 14:30:12 +0200: Memory Usage (532520K) : Executing rule lbe_drw_Offgrid
2026-09-10 14:30:12 +0200: Memory Usage (532520K) : Executing rule alcustop_drw_Offgrid
2026-09-10 14:30:12 +0200: Memory Usage (532520K) : Starting 3.2. angle table
2026-09-10 14:30:12 +0200: Memory Usage (532520K) : Executing rule activ_drw_Acute
2026-09-10 14:30:12 +0200: Memory Usage (532520K) : Executing rule activ_pin_Acute
2026-09-10 14:30:12 +0200: Memory Usage (532520K) : Executing rule activ_mask_Acute
2026-09-10 14:30:12 +0200: Memory Usage (532520K) : Executing rule activ_filler_Acute
2026-09-10 14:30:12 +0200: Memory Usage (532520K) : Executing rule activ_nofill_Acute
2026-09-10 14:30:12 +0200: Memory Usage (532520K) : Executing rule activ_opc_Acute
2026-09-10 14:30:12 +0200: Memory Usage (532520K) : Executing rule activ_iopc_Acute
2026-09-10 14:30:12 +0200: Memory Usage (532520K) : Executing rule activ_noqrc_Acute
2026-09-10 14:30:12 +0200: Memory Usage (532520K) : Executing rule biwind_drw_Acute
2026-09-10 14:30:12 +0200: Memory Usage (532520K) : Executing rule biwind_opc_Acute
2026-09-10 14:30:12 +0200: Memory Usage (532520K) : Executing rule pemwind_drw_Acute
2026-09-10 14:30:12 +0200: Memory Usage (532520K) : Executing rule gatpoly_drw_Acute
2026-09-10 14:30:12 +0200: Memory Usage (532520K) : Executing rule gatpoly_pin_Acute
2026-09-10 14:30:12 +0200: Memory Usage (532520K) : Executing rule gatpoly_filler_Acute
2026-09-10 14:30:12 +0200: Memory Usage (532520K) : Executing rule gatpoly_nofill_Acute
2026-09-10 14:30:12 +0200: Memory Usage (532520K) : Executing rule gatpoly_opc_Acute
2026-09-10 14:30:12 +0200: Memory Usage (532520K) : Executing rule gatpoly_iopc_Acute
2026-09-10 14:30:12 +0200: Memory Usage (532520K) : Executing rule gatpoly_noqrc_Acute
2026-09-10 14:30:12 +0200: Memory Usage (532520K) : Executing rule cont_drw_Acute
2026-09-10 14:30:12 +0200: Memory Usage (545960K) : Executing rule cont_opc_Acute
2026-09-10 14:30:12 +0200: Memory Usage (545960K) : Executing rule nsd_drw_Acute
2026-09-10 14:30:12 +0200: Memory Usage (546088K) : Executing rule nsd_block_Acute
2026-09-10 14:30:12 +0200: Memory Usage (546088K) : Executing rule metal1_drw_Acute
2026-09-10 14:30:12 +0200: Memory Usage (546088K) : Executing rule metal1_pin_Acute
2026-09-10 14:30:12 +0200: Memory Usage (546216K) : Executing rule metal1_mask_Acute
2026-09-10 14:30:12 +0200: Memory Usage (546216K) : Executing rule metal1_filler_Acute
2026-09-10 14:30:12 +0200: Memory Usage (546216K) : Executing rule metal1_nofill_Acute
2026-09-10 14:30:12 +0200: Memory Usage (546216K) : Executing rule metal1_slit_Acute
2026-09-10 14:30:12 +0200: Memory Usage (546344K) : Executing rule metal1_opc_Acute
2026-09-10 14:30:12 +0200: Memory Usage (546344K) : Executing rule metal1_noqrc_Acute
2026-09-10 14:30:12 +0200: Memory Usage (546344K) : Executing rule metal1_res_Acute
2026-09-10 14:30:12 +0200: Memory Usage (546344K) : Executing rule metal1_iprobe_Acute
2026-09-10 14:30:12 +0200: Memory Usage (546472K) : Executing rule metal1_diffprb_Acute
2026-09-10 14:30:12 +0200: Memory Usage (546472K) : Executing rule passiv_drw_Acute
2026-09-10 14:30:12 +0200: Memory Usage (546472K) : Executing rule passiv_pin_Acute
2026-09-10 14:30:12 +0200: Memory Usage (546472K) : Executing rule passiv_pillar_Acute
2026-09-10 14:30:12 +0200: Memory Usage (546600K) : Executing rule passiv_sbump_Acute
2026-09-10 14:30:12 +0200: Memory Usage (546600K) : Executing rule passiv_pdl_Acute
2026-09-10 14:30:12 +0200: Memory Usage (546600K) : Executing rule metal2_drw_Acute
2026-09-10 14:30:12 +0200: Memory Usage (546600K) : Executing rule metal2_pin_Acute
2026-09-10 14:30:12 +0200: Memory Usage (546600K) : Executing rule metal2_mask_Acute
2026-09-10 14:30:12 +0200: Memory Usage (546600K) : Executing rule metal2_filler_Acute
2026-09-10 14:30:12 +0200: Memory Usage (546600K) : Executing rule metal2_nofill_Acute
2026-09-10 14:30:12 +0200: Memory Usage (546600K) : Executing rule metal2_slit_Acute
2026-09-10 14:30:12 +0200: Memory Usage (546600K) : Executing rule metal2_opc_Acute
2026-09-10 14:30:13 +0200: Memory Usage (546600K) : Executing rule metal2_noqrc_Acute
2026-09-10 14:30:13 +0200: Memory Usage (546600K) : Executing rule metal2_res_Acute
2026-09-10 14:30:13 +0200: Memory Usage (546600K) : Executing rule metal2_iprobe_Acute
2026-09-10 14:30:13 +0200: Memory Usage (546600K) : Executing rule metal2_diffprb_Acute
2026-09-10 14:30:13 +0200: Memory Usage (546600K) : Executing rule baspoly_drw_Acute
2026-09-10 14:30:13 +0200: Memory Usage (546600K) : Executing rule baspoly_pin_Acute
2026-09-10 14:30:13 +0200: Memory Usage (546600K) : Executing rule psd_drw_Acute
2026-09-10 14:30:13 +0200: Memory Usage (546600K) : Executing rule nldb_drw_Acute
2026-09-10 14:30:13 +0200: Memory Usage (546600K) : Executing rule via1_drw_Acute
2026-09-10 14:30:13 +0200: Memory Usage (546600K) : Executing rule backmetal1_drw_Acute
2026-09-10 14:30:13 +0200: Memory Usage (546600K) : Executing rule backmetal1_pin_Acute
2026-09-10 14:30:13 +0200: Memory Usage (546600K) : Executing rule backmetal1_mask_Acute
2026-09-10 14:30:13 +0200: Memory Usage (546600K) : Executing rule backmetal1_filler_Acute
2026-09-10 14:30:13 +0200: Memory Usage (546600K) : Executing rule backmetal1_nofill_Acute
2026-09-10 14:30:13 +0200: Memory Usage (546600K) : Executing rule backmetal1_slit_Acute
2026-09-10 14:30:13 +0200: Memory Usage (546600K) : Executing rule backmetal1_opc_Acute
2026-09-10 14:30:13 +0200: Memory Usage (546600K) : Executing rule backmetal1_noqrc_Acute
2026-09-10 14:30:13 +0200: Memory Usage (546600K) : Executing rule backmetal1_res_Acute
2026-09-10 14:30:13 +0200: Memory Usage (546600K) : Executing rule backmetal1_iprobe_Acute
2026-09-10 14:30:13 +0200: Memory Usage (546600K) : Executing rule backmetal1_diffprb_Acute
2026-09-10 14:30:13 +0200: Memory Usage (546600K) : Executing rule backpassiv_drw_Acute
2026-09-10 14:30:13 +0200: Memory Usage (546600K) : Executing rule salblock_drw_Acute
2026-09-10 14:30:13 +0200: Memory Usage (546600K) : Executing rule via2_drw_Acute
2026-09-10 14:30:13 +0200: Memory Usage (546600K) : Executing rule metal3_drw_Acute
2026-09-10 14:30:13 +0200: Memory Usage (546600K) : Executing rule metal3_pin_Acute
2026-09-10 14:30:13 +0200: Memory Usage (546600K) : Executing rule metal3_mask_Acute
2026-09-10 14:30:13 +0200: Memory Usage (546600K) : Executing rule metal3_filler_Acute
2026-09-10 14:30:13 +0200: Memory Usage (546600K) : Executing rule metal3_nofill_Acute
2026-09-10 14:30:13 +0200: Memory Usage (546600K) : Executing rule metal3_slit_Acute
2026-09-10 14:30:13 +0200: Memory Usage (546600K) : Executing rule metal3_opc_Acute
2026-09-10 14:30:13 +0200: Memory Usage (546600K) : Executing rule metal3_noqrc_Acute
2026-09-10 14:30:13 +0200: Memory Usage (546600K) : Executing rule metal3_res_Acute
2026-09-10 14:30:13 +0200: Memory Usage (546600K) : Executing rule metal3_iprobe_Acute
2026-09-10 14:30:13 +0200: Memory Usage (546600K) : Executing rule metal3_diffprb_Acute
2026-09-10 14:30:13 +0200: Memory Usage (546600K) : Executing rule nwell_drw_Acute
2026-09-10 14:30:13 +0200: Memory Usage (546600K) : Executing rule nwell_pin_Acute
2026-09-10 14:30:13 +0200: Memory Usage (546600K) : Executing rule nbulay_drw_Acute
2026-09-10 14:30:13 +0200: Memory Usage (546600K) : Executing rule nbulay_pin_Acute
2026-09-10 14:30:13 +0200: Memory Usage (546600K) : Executing rule nbulay_block_Acute
2026-09-10 14:30:13 +0200: Memory Usage (546600K) : Executing rule pwell_drw_Acute
2026-09-10 14:30:13 +0200: Memory Usage (546600K) : Executing rule pwell_pin_Acute
2026-09-10 14:30:13 +0200: Memory Usage (546600K) : Executing rule pwell_block_Acute
2026-09-10 14:30:13 +0200: Memory Usage (546600K) : Executing rule emwind_drw_Acute
2026-09-10 14:30:13 +0200: Memory Usage (546600K) : Executing rule emwind_opc_Acute
2026-09-10 14:30:13 +0200: Memory Usage (546600K) : Executing rule deepco_drw_Acute
2026-09-10 14:30:13 +0200: Memory Usage (546600K) : Executing rule mim_drw_Acute
2026-09-10 14:30:13 +0200: Memory Usage (546600K) : Executing rule substrate_drw_Acute
2026-09-10 14:30:13 +0200: Memory Usage (546600K) : Executing rule ic_drw_Acute
2026-09-10 14:30:13 +0200: Memory Usage (546600K) : Executing rule via3_drw_Acute
2026-09-10 14:30:13 +0200: Memory Usage (546600K) : Executing rule pldb_drw_Acute
2026-09-10 14:30:13 +0200: Memory Usage (546600K) : Executing rule metal4_drw_Acute
2026-09-10 14:30:13 +0200: Memory Usage (546600K) : Executing rule metal4_pin_Acute
2026-09-10 14:30:13 +0200: Memory Usage (546600K) : Executing rule metal4_mask_Acute
2026-09-10 14:30:13 +0200: Memory Usage (546600K) : Executing rule metal4_filler_Acute
2026-09-10 14:30:13 +0200: Memory Usage (546600K) : Executing rule metal4_nofill_Acute
2026-09-10 14:30:13 +0200: Memory Usage (546600K) : Executing rule metal4_slit_Acute
2026-09-10 14:30:13 +0200: Memory Usage (546600K) : Executing rule metal4_opc_Acute
2026-09-10 14:30:13 +0200: Memory Usage (546600K) : Executing rule metal4_noqrc_Acute
2026-09-10 14:30:13 +0200: Memory Usage (546600K) : Executing rule metal4_res_Acute
2026-09-10 14:30:13 +0200: Memory Usage (546600K) : Executing rule metal4_iprobe_Acute
2026-09-10 14:30:13 +0200: Memory Usage (546600K) : Executing rule metal4_diffprb_Acute
2026-09-10 14:30:13 +0200: Memory Usage (546600K) : Executing rule via4_drw_Acute
2026-09-10 14:30:13 +0200: Memory Usage (546600K) : Executing rule metal5_drw_Acute
2026-09-10 14:30:13 +0200: Memory Usage (546600K) : Executing rule metal5_pin_Acute
2026-09-10 14:30:13 +0200: Memory Usage (546600K) : Executing rule metal5_mask_Acute
2026-09-10 14:30:13 +0200: Memory Usage (546600K) : Executing rule metal5_filler_Acute
2026-09-10 14:30:13 +0200: Memory Usage (546600K) : Executing rule metal5_nofill_Acute
2026-09-10 14:30:13 +0200: Memory Usage (546600K) : Executing rule metal5_slit_Acute
2026-09-10 14:30:13 +0200: Memory Usage (546600K) : Executing rule metal5_opc_Acute
2026-09-10 14:30:13 +0200: Memory Usage (546600K) : Executing rule metal5_noqrc_Acute
2026-09-10 14:30:13 +0200: Memory Usage (546600K) : Executing rule metal5_res_Acute
2026-09-10 14:30:13 +0200: Memory Usage (546600K) : Executing rule metal5_iprobe_Acute
2026-09-10 14:30:13 +0200: Memory Usage (546600K) : Executing rule metal5_diffprb_Acute
2026-09-10 14:30:13 +0200: Memory Usage (546600K) : Executing rule prboundary_drw_Acute
2026-09-10 14:30:13 +0200: Memory Usage (546600K) : Executing rule exchange0_drw_Acute
2026-09-10 14:30:13 +0200: Memory Usage (546600K) : Executing rule exchange0_pin_Acute
2026-09-10 14:30:13 +0200: Memory Usage (546600K) : Executing rule exchange1_drw_Acute
2026-09-10 14:30:13 +0200: Memory Usage (546600K) : Executing rule exchange1_pin_Acute
2026-09-10 14:30:13 +0200: Memory Usage (546600K) : Executing rule exchange2_drw_Acute
2026-09-10 14:30:13 +0200: Memory Usage (546600K) : Executing rule exchange2_pin_Acute
2026-09-10 14:30:13 +0200: Memory Usage (546600K) : Executing rule exchange3_drw_Acute
2026-09-10 14:30:13 +0200: Memory Usage (546600K) : Executing rule exchange3_pin_Acute
2026-09-10 14:30:13 +0200: Memory Usage (546600K) : Executing rule exchange4_drw_Acute
2026-09-10 14:30:13 +0200: Memory Usage (546600K) : Executing rule exchange4_pin_Acute
2026-09-10 14:30:13 +0200: Memory Usage (546600K) : Executing rule isonwell_drw_Acute
2026-09-10 14:30:13 +0200: Memory Usage (546600K) : Executing rule thickgateox_drw_Acute
2026-09-10 14:30:13 +0200: Memory Usage (546600K) : Executing rule pempoly_drw_Acute
2026-09-10 14:30:13 +0200: Memory Usage (546600K) : Executing rule fbe_drw_Acute
2026-09-10 14:30:13 +0200: Memory Usage (546600K) : Executing rule empoly_drw_Acute
2026-09-10 14:30:13 +0200: Memory Usage (546600K) : Executing rule ldmos_drw_Acute
2026-09-10 14:30:13 +0200: Memory Usage (546600K) : Executing rule pbiwind_drw_Acute
2026-09-10 14:30:13 +0200: Memory Usage (546600K) : Executing rule colopen_drw_Acute
2026-09-10 14:30:13 +0200: Memory Usage (546600K) : Executing rule extblock_drw_Acute
2026-09-10 14:30:13 +0200: Memory Usage (546600K) : Executing rule nldd_drw_Acute
2026-09-10 14:30:13 +0200: Memory Usage (546600K) : Executing rule pldd_drw_Acute
2026-09-10 14:30:13 +0200: Memory Usage (546600K) : Executing rule next_drw_Acute
2026-09-10 14:30:13 +0200: Memory Usage (546600K) : Executing rule pext_drw_Acute
2026-09-10 14:30:13 +0200: Memory Usage (546600K) : Executing rule nexthv_drw_Acute
2026-09-10 14:30:13 +0200: Memory Usage (546600K) : Executing rule pexthv_drw_Acute
2026-09-10 14:30:13 +0200: Memory Usage (546600K) : Executing rule graphgate_drw_Acute
2026-09-10 14:30:13 +0200: Memory Usage (546600K) : Executing rule mempad_drw_Acute
2026-09-10 14:30:13 +0200: Memory Usage (546600K) : Executing rule topvia1_drw_Acute
2026-09-10 14:30:13 +0200: Memory Usage (546600K) : Executing rule topmetal1_drw_Acute
2026-09-10 14:30:13 +0200: Memory Usage (546600K) : Executing rule topmetal1_pin_Acute
2026-09-10 14:30:13 +0200: Memory Usage (546600K) : Executing rule topmetal1_mask_Acute
2026-09-10 14:30:13 +0200: Memory Usage (546600K) : Executing rule topmetal1_filler_Acute
2026-09-10 14:30:13 +0200: Memory Usage (546600K) : Executing rule topmetal1_nofill_Acute
2026-09-10 14:30:13 +0200: Memory Usage (546600K) : Executing rule topmetal1_slit_Acute
2026-09-10 14:30:13 +0200: Memory Usage (546600K) : Executing rule topmetal1_noqrc_Acute
2026-09-10 14:30:13 +0200: Memory Usage (546600K) : Executing rule topmetal1_res_Acute
2026-09-10 14:30:13 +0200: Memory Usage (546600K) : Executing rule topmetal1_iprobe_Acute
2026-09-10 14:30:13 +0200: Memory Usage (546600K) : Executing rule topmetal1_diffprb_Acute
2026-09-10 14:30:13 +0200: Memory Usage (546600K) : Executing rule inldpwl_drw_Acute
2026-09-10 14:30:13 +0200: Memory Usage (546600K) : Executing rule polyres_drw_Acute
2026-09-10 14:30:13 +0200: Memory Usage (546600K) : Executing rule polyres_pin_Acute
2026-09-10 14:30:13 +0200: Memory Usage (546600K) : Executing rule vmim_drw_Acute
2026-09-10 14:30:13 +0200: Memory Usage (546600K) : Executing rule nbulaycut_drw_Acute
2026-09-10 14:30:13 +0200: Memory Usage (546600K) : Executing rule antmetal1_drw_Acute
2026-09-10 14:30:13 +0200: Memory Usage (546600K) : Executing rule topvia2_drw_Acute
2026-09-10 14:30:13 +0200: Memory Usage (546444K) : Executing rule topmetal2_drw_Acute
2026-09-10 14:30:13 +0200: Memory Usage (546444K) : Executing rule topmetal2_pin_Acute
2026-09-10 14:30:13 +0200: Memory Usage (546444K) : Executing rule topmetal2_mask_Acute
2026-09-10 14:30:13 +0200: Memory Usage (546444K) : Executing rule topmetal2_filler_Acute
2026-09-10 14:30:13 +0200: Memory Usage (546444K) : Executing rule topmetal2_nofill_Acute
2026-09-10 14:30:13 +0200: Memory Usage (546444K) : Executing rule topmetal2_slit_Acute
2026-09-10 14:30:13 +0200: Memory Usage (546444K) : Executing rule topmetal2_noqrc_Acute
2026-09-10 14:30:13 +0200: Memory Usage (546444K) : Executing rule topmetal2_res_Acute
2026-09-10 14:30:13 +0200: Memory Usage (546444K) : Executing rule topmetal2_iprobe_Acute
2026-09-10 14:30:13 +0200: Memory Usage (546444K) : Executing rule topmetal2_diffprb_Acute
2026-09-10 14:30:13 +0200: Memory Usage (546444K) : Executing rule snsring_drw_Acute
2026-09-10 14:30:13 +0200: Memory Usage (546444K) : Executing rule sensor_drw_Acute
2026-09-10 14:30:13 +0200: Memory Usage (546444K) : Executing rule snsarms_drw_Acute
2026-09-10 14:30:13 +0200: Memory Usage (546444K) : Executing rule snscmosvia_drw_Acute
2026-09-10 14:30:13 +0200: Memory Usage (546444K) : Executing rule colwind_drw_Acute
2026-09-10 14:30:13 +0200: Memory Usage (546444K) : Executing rule flm_drw_Acute
2026-09-10 14:30:13 +0200: Memory Usage (546444K) : Executing rule hafniumox_drw_Acute
2026-09-10 14:30:13 +0200: Memory Usage (546444K) : Executing rule memvia_drw_Acute
2026-09-10 14:30:13 +0200: Memory Usage (546444K) : Executing rule thinfilmres_drw_Acute
2026-09-10 14:30:13 +0200: Memory Usage (546444K) : Executing rule rfmem_drw_Acute
2026-09-10 14:30:13 +0200: Memory Usage (546444K) : Executing rule snsbotvia_drw_Acute
2026-09-10 14:30:13 +0200: Memory Usage (546444K) : Executing rule snstopvia_drw_Acute
2026-09-10 14:30:13 +0200: Memory Usage (546444K) : Executing rule deepvia_drw_Acute
2026-09-10 14:30:13 +0200: Memory Usage (546444K) : Executing rule fgetch_drw_Acute
2026-09-10 14:30:13 +0200: Memory Usage (546444K) : Executing rule ctrgat_drw_Acute
2026-09-10 14:30:13 +0200: Memory Usage (546444K) : Executing rule fgimp_drw_Acute
2026-09-10 14:30:13 +0200: Memory Usage (546444K) : Executing rule emwihv_drw_Acute
2026-09-10 14:30:13 +0200: Memory Usage (546444K) : Executing rule lbe_drw_Acute
2026-09-10 14:30:13 +0200: Memory Usage (546444K) : Executing rule alcustop_drw_Acute
2026-09-10 14:30:13 +0200: Memory Usage (546444K) : Executing rule cont_drw_Angle90
2026-09-10 14:30:14 +0200: Memory Usage (569412K) : Executing rule via1_drw_Angle90
2026-09-10 14:30:14 +0200: Memory Usage (569412K) : Executing rule via2_drw_Angle90
2026-09-10 14:30:14 +0200: Memory Usage (569412K) : Executing rule via3_drw_Angle90
2026-09-10 14:30:14 +0200: Memory Usage (569412K) : Executing rule via4_drw_Angle90
2026-09-10 14:30:14 +0200: Memory Usage (569412K) : Executing rule vmim_drw_Angle90
2026-09-10 14:30:14 +0200: Memory Usage (569412K) : Executing rule topvia1_drw_Angle90
2026-09-10 14:30:14 +0200: Memory Usage (569412K) : Executing rule topvia2_drw_Angle90
2026-09-10 14:30:14 +0200: Memory Usage (569412K) : Executing rule gatpoly_drw_Angle45
2026-09-10 14:30:14 +0200: Memory Usage (569412K) : Executing rule activ_drw_Angle45
2026-09-10 14:30:14 +0200: Memory Usage (569560K) : Executing rule metal1_drw_Angle45
2026-09-10 14:30:14 +0200: Memory Usage (569560K) : Executing rule metal2_drw_Angle45
2026-09-10 14:30:14 +0200: Memory Usage (569560K) : Executing rule metal3_drw_Angle45
2026-09-10 14:30:14 +0200: Memory Usage (569560K) : Executing rule metal4_drw_Angle45
2026-09-10 14:30:14 +0200: Memory Usage (569560K) : Executing rule metal5_drw_Angle45
2026-09-10 14:30:14 +0200: Memory Usage (569560K) : Executing rule topmetal1_drw_Angle45
2026-09-10 14:30:14 +0200: Memory Usage (569560K) : Executing rule topmetal2_drw_Angle45
2026-09-10 14:30:14 +0200: Memory Usage (569560K) : Starting 3.2. FORBIDDEN table
2026-09-10 14:30:14 +0200: Memory Usage (569560K) : Executing rule forbidden.biwind
2026-09-10 14:30:14 +0200: Memory Usage (569560K) : Executing rule forbidden.pemwind
2026-09-10 14:30:14 +0200: Memory Usage (569560K) : Executing rule forbidden.baspoly
2026-09-10 14:30:14 +0200: Memory Usage (569560K) : Executing rule forbidden.deepco
2026-09-10 14:30:14 +0200: Memory Usage (569560K) : Executing rule forbidden.pempoly
2026-09-10 14:30:14 +0200: Memory Usage (569560K) : Executing rule forbidden.empoly
2026-09-10 14:30:14 +0200: Memory Usage (569560K) : Executing rule forbidden.ldmos
2026-09-10 14:30:14 +0200: Memory Usage (569560K) : Executing rule forbidden.pbiwind
2026-09-10 14:30:14 +0200: Memory Usage (569560K) : Executing rule forbidden.nodrc
2026-09-10 14:30:14 +0200: Memory Usage (569560K) : Executing rule forbidden.flash
2026-09-10 14:30:14 +0200: Memory Usage (569560K) : Executing rule forbidden.colwind
2026-09-10 14:30:14 +0200: Memory Usage (569560K) : KLayout DRC run for tables 'main' completed in 5.48 seconds
