# Logfile created on 2026-09-10 14:30:19 +0200 by logger.rb/v1.5.3
2026-09-10 14:30:19 +0200: Memory Usage (437592K) : Starting running IHP-SG13G2 Klayout DRC Density runset on /work/runs/ihp-io-physical-20260910-001/geometry/sg13g2_IOPadOut16mA.gds
2026-09-10 14:30:19 +0200: Memory Usage (437592K) : Ruby Version for klayout: 3.2.3
2026-09-10 14:30:19 +0200: Memory Usage (440336K) : Loading database to memory is complete.
2026-09-10 14:30:19 +0200: Memory Usage (440336K) : IHP-SG13G2 Klayout DRC Density runset output at: /output/sg13g2_IOPadOut16mA_sg13g2_IOPadOut16mA_density.lyrdb
2026-09-10 14:30:19 +0200: Memory Usage (440480K) : Evaluate switches.
2026-09-10 14:30:19 +0200: Memory Usage (440480K) : Configured KLayout worker thread(s): 1.
2026-09-10 14:30:19 +0200: Memory Usage (440480K) : Deep mode enabled: reading layers and preparing general derivations.
2026-09-10 14:30:19 +0200: Memory Usage (440480K) : PreCheck DRC enabled: false
2026-09-10 14:30:19 +0200: Memory Usage (440480K) : Density sanity checks enabled: false
2026-09-10 14:30:19 +0200: Memory Usage (440480K) : Read in polygons from layers.
2026-09-10 14:30:19 +0200: Memory Usage (441584K) : activ_drw has 75 polygons
2026-09-10 14:30:19 +0200: Memory Usage (441584K) : activ_mask has 0 polygons
2026-09-10 14:30:19 +0200: Memory Usage (441712K) : activ_filler has 0 polygons
2026-09-10 14:30:19 +0200: Memory Usage (441712K) : gatpoly_drw has 40 polygons
2026-09-10 14:30:19 +0200: Memory Usage (441712K) : gatpoly_filler has 0 polygons
2026-09-10 14:30:19 +0200: Memory Usage (441840K) : metal1_drw has 241 polygons
2026-09-10 14:30:19 +0200: Memory Usage (441840K) : metal1_filler has 0 polygons
2026-09-10 14:30:19 +0200: Memory Usage (441840K) : metal1_slit has 0 polygons
2026-09-10 14:30:19 +0200: Memory Usage (441968K) : metal2_drw has 70 polygons
2026-09-10 14:30:19 +0200: Memory Usage (441968K) : metal2_filler has 0 polygons
2026-09-10 14:30:19 +0200: Memory Usage (441968K) : metal2_slit has 0 polygons
2026-09-10 14:30:19 +0200: Memory Usage (442096K) : metal3_drw has 19 polygons
2026-09-10 14:30:19 +0200: Memory Usage (442096K) : metal3_filler has 0 polygons
2026-09-10 14:30:19 +0200: Memory Usage (442096K) : metal3_slit has 0 polygons
2026-09-10 14:30:19 +0200: Memory Usage (442224K) : metal4_drw has 8 polygons
2026-09-10 14:30:19 +0200: Memory Usage (442224K) : metal4_filler has 0 polygons
2026-09-10 14:30:19 +0200: Memory Usage (442224K) : metal4_slit has 0 polygons
2026-09-10 14:30:19 +0200: Memory Usage (442352K) : metal5_drw has 8 polygons
2026-09-10 14:30:19 +0200: Memory Usage (442352K) : metal5_filler has 0 polygons
2026-09-10 14:30:19 +0200: Memory Usage (442352K) : metal5_slit has 0 polygons
2026-09-10 14:30:19 +0200: Memory Usage (442480K) : topmetal1_drw has 8 polygons
2026-09-10 14:30:19 +0200: Memory Usage (442480K) : topmetal1_filler has 0 polygons
2026-09-10 14:30:19 +0200: Memory Usage (442480K) : topmetal1_slit has 0 polygons
2026-09-10 14:30:19 +0200: Memory Usage (442608K) : topmetal2_drw has 6 polygons
2026-09-10 14:30:19 +0200: Memory Usage (442608K) : topmetal2_filler has 0 polygons
2026-09-10 14:30:19 +0200: Memory Usage (442608K) : topmetal2_slit has 0 polygons
2026-09-10 14:30:19 +0200: Memory Usage (442736K) : lbe_drw has 0 polygons
2026-09-10 14:30:19 +0200: Memory Usage (442736K) : prboundary_drw has 0 polygons
2026-09-10 14:30:19 +0200: Memory Usage (442736K) : edgeseal_bound has 0 polygons
2026-09-10 14:30:19 +0200: Memory Usage (442864K) : Loaded TECH DRC rules values from /work/upstream/ihp-open-pdk/ihp-sg13g2/libs.tech/klayout/python/sg13g2_pycell_lib/sg13g2_tech_mod.json
2026-09-10 14:30:19 +0200: Memory Usage (442864K) : Loaded default DRC rules values from /work/upstream/ihp-open-pdk/ihp-sg13g2/libs.tech/klayout/tech/drc/rule_decks/sg13g2_tech_default.json
2026-09-10 14:30:19 +0200: Memory Usage (442864K) : The following rules values were missing in tech json and default values were used:
2026-09-10 14:30:19 +0200: Memory Usage (442864K) :   - NW_f1_digibnd
2026-09-10 14:30:19 +0200: Memory Usage (442864K) :   - Cnt_c_digibnd
2026-09-10 14:30:19 +0200: Memory Usage (442864K) :   - Cnt_c_sram
2026-09-10 14:30:19 +0200: Memory Usage (442864K) :   - Sdiod_b
2026-09-10 14:30:19 +0200: Memory Usage (442864K) :   - Sdiod_c
2026-09-10 14:30:19 +0200: Memory Usage (444128K) : Density sanity markers are disabled (set -rd density_sanity=true to enable).
2026-09-10 14:30:19 +0200: Memory Usage (444256K) : No prBoundary found. Using layout extent for chip area: 14623.199999999999 um^2.
2026-09-10 14:30:19 +0200: Memory Usage (444256K) : Using bbox (-0.62,0;80.62,180) for density window origin.
2026-09-10 14:30:19 +0200: Memory Usage (444256K) : Total area of the design is 14623.199999999999 um^2.
2026-09-10 14:30:19 +0200: Memory Usage (444256K) : Starting density IHP-SG13G2 derivations.
2026-09-10 14:30:19 +0200: Memory Usage (445024K) : Starting IHP-SG13G2 DENSITY DRC rules.
2026-09-10 14:30:19 +0200: Memory Usage (445024K) : Computing activ area and density...
2026-09-10 14:30:19 +0200: Memory Usage (445208K) : Executing rule AFil.g
2026-09-10 14:30:19 +0200: Memory Usage (445208K) : Executing rule AFil.g1
2026-09-10 14:30:19 +0200: Memory Usage (445208K) : Executing rule AFil.g2
2026-09-10 14:30:19 +0200: Memory Usage (446488K) : Executing rule AFil.g3
2026-09-10 14:30:19 +0200: Memory Usage (446616K) : Computing poly area and density...
2026-09-10 14:30:19 +0200: Memory Usage (446744K) : Executing rule GFil.g
2026-09-10 14:30:19 +0200: Memory Usage (446744K) : Computing metal1 area and density...
2026-09-10 14:30:19 +0200: Memory Usage (446744K) : Executing rule M1.j
2026-09-10 14:30:19 +0200: Memory Usage (446744K) : Executing rule M1.k
2026-09-10 14:30:19 +0200: Memory Usage (446744K) : Computing metal2 area and density...
2026-09-10 14:30:19 +0200: Memory Usage (446872K) : Computing metal3 area and density...
2026-09-10 14:30:19 +0200: Memory Usage (446872K) : Computing metal4 area and density...
2026-09-10 14:30:19 +0200: Memory Usage (446872K) : Computing metal5 area and density...
2026-09-10 14:30:19 +0200: Memory Usage (446872K) : Executing rule M2.j
2026-09-10 14:30:19 +0200: Memory Usage (446872K) : Executing rule M2.k
2026-09-10 14:30:19 +0200: Memory Usage (446872K) : Executing rule M3.j
2026-09-10 14:30:19 +0200: Memory Usage (446872K) : Executing rule M3.k
2026-09-10 14:30:19 +0200: Memory Usage (446872K) : Executing rule M4.j
2026-09-10 14:30:19 +0200: Memory Usage (446872K) : Executing rule M4.k
2026-09-10 14:30:19 +0200: Memory Usage (446872K) : Executing rule M5.j
2026-09-10 14:30:19 +0200: Memory Usage (446872K) : Executing rule M5.k
2026-09-10 14:30:19 +0200: Memory Usage (446872K) : Executing rule M1Fil.h
2026-09-10 14:30:19 +0200: Memory Usage (447128K) : Executing rule M1Fil.k
2026-09-10 14:30:19 +0200: Memory Usage (447256K) : Executing rule M2Fil.h
2026-09-10 14:30:19 +0200: Memory Usage (447384K) : Executing rule M2Fil.k
2026-09-10 14:30:19 +0200: Memory Usage (447512K) : Executing rule M3Fil.h
2026-09-10 14:30:19 +0200: Memory Usage (447512K) : Executing rule M3Fil.k
2026-09-10 14:30:19 +0200: Memory Usage (447768K) : Executing rule M4Fil.h
2026-09-10 14:30:19 +0200: Memory Usage (447896K) : Executing rule M4Fil.k
2026-09-10 14:30:19 +0200: Memory Usage (448024K) : Executing rule M5Fil.h
2026-09-10 14:30:19 +0200: Memory Usage (448152K) : Executing rule M5Fil.k
2026-09-10 14:30:19 +0200: Memory Usage (448280K) : Computing TopMetal1 area and density...
2026-09-10 14:30:19 +0200: Memory Usage (448280K) : Executing rule TM1.c
2026-09-10 14:30:19 +0200: Memory Usage (448280K) : Executing rule TM1.d
2026-09-10 14:30:19 +0200: Memory Usage (448280K) : Computing TopMetal2 area and density...
2026-09-10 14:30:19 +0200: Memory Usage (448280K) : Executing rule TM2.c
2026-09-10 14:30:19 +0200: Memory Usage (448280K) : Executing rule TM2.d
2026-09-10 14:30:19 +0200: Memory Usage (448280K) : Computing LBE area and density...
2026-09-10 14:30:19 +0200: Memory Usage (448408K) : Executing rule LBE.i
2026-09-10 14:30:19 +0200: Memory Usage (448408K) : Executing rule Slt.i_M1
2026-09-10 14:30:19 +0200: Memory Usage (448920K) : Executing rule Slt.i_M2
2026-09-10 14:30:19 +0200: Memory Usage (449304K) : Executing rule Slt.i_M3
2026-09-10 14:30:19 +0200: Memory Usage (449560K) : Executing rule Slt.i_M4
2026-09-10 14:30:19 +0200: Memory Usage (449816K) : Executing rule Slt.i_M5
2026-09-10 14:30:19 +0200: Memory Usage (450072K) : Executing rule Slt.i_TM1
2026-09-10 14:30:19 +0200: Memory Usage (450328K) : Executing rule Slt.i_TM2
2026-09-10 14:30:19 +0200: Memory Usage (450584K) : ##################################################
2026-09-10 14:30:19 +0200: Memory Usage (450584K) :                  Density Report                 #
2026-09-10 14:30:19 +0200: Memory Usage (450584K) : ##################################################
2026-09-10 14:30:19 +0200: Memory Usage (450584K) : 
2026-09-10 14:30:19 +0200: Memory Usage (450584K) : Layer areas and percentages (units: um^2)
2026-09-10 14:30:19 +0200: Memory Usage (450584K) : --------------------------------------------------
2026-09-10 14:30:19 +0200: Memory Usage (450584K) : 
2026-09-10 14:30:19 +0200: Memory Usage (450584K) : Total Area     = 14623.20 um^2
2026-09-10 14:30:19 +0200: Memory Usage (450584K) : 
2026-09-10 14:30:19 +0200: Memory Usage (450584K) : Activ      Area      = 6275.59 µm²
2026-09-10 14:30:19 +0200: Memory Usage (450584K) : Activ      Density % = 42.92%  [Min = 35.00%,  Max = 55.00%]
2026-09-10 14:30:19 +0200: Memory Usage (450584K) : 
2026-09-10 14:30:19 +0200: Memory Usage (450584K) : GatPoly    Area      = 109.95 µm²
2026-09-10 14:30:19 +0200: Memory Usage (450712K) : GatPoly    Density % =  0.75%  [Min = 15.00%]
2026-09-10 14:30:19 +0200: Memory Usage (450712K) : 
2026-09-10 14:30:19 +0200: Memory Usage (450712K) : Metal1     Area      = 6106.03 µm²
2026-09-10 14:30:19 +0200: Memory Usage (450712K) : Metal1     Density % = 41.76%  [Min = 35.00%,  Max = 60.00%]
2026-09-10 14:30:19 +0200: Memory Usage (450712K) : 
2026-09-10 14:30:19 +0200: Memory Usage (450712K) : Metal2     Area      = 1233.89 µm²
2026-09-10 14:30:19 +0200: Memory Usage (450712K) : Metal2     Density % =  8.44%  [Min = 35.00%,  Max = 60.00%]
2026-09-10 14:30:19 +0200: Memory Usage (450712K) : 
2026-09-10 14:30:19 +0200: Memory Usage (450712K) : Metal3     Area      = 11892.93 µm²
2026-09-10 14:30:19 +0200: Memory Usage (450712K) : Metal3     Density % = 81.33%  [Min = 35.00%,  Max = 60.00%]
2026-09-10 14:30:19 +0200: Memory Usage (450712K) : 
2026-09-10 14:30:19 +0200: Memory Usage (450712K) : Metal4     Area      = 11872.40 µm²
2026-09-10 14:30:19 +0200: Memory Usage (450712K) : Metal4     Density % = 81.19%  [Min = 35.00%,  Max = 60.00%]
2026-09-10 14:30:19 +0200: Memory Usage (450712K) : 
2026-09-10 14:30:19 +0200: Memory Usage (450712K) : Metal5     Area      = 11890.00 µm²
2026-09-10 14:30:19 +0200: Memory Usage (450712K) : Metal5     Density % = 81.31%  [Min = 35.00%,  Max = 60.00%]
2026-09-10 14:30:19 +0200: Memory Usage (450712K) : 
2026-09-10 14:30:19 +0200: Memory Usage (450712K) : TopMetal1  Area      = 11890.00 µm²
2026-09-10 14:30:19 +0200: Memory Usage (450712K) : TopMetal1  Density % = 81.31%  [Min = 25.00%,  Max = 70.00%]
2026-09-10 14:30:19 +0200: Memory Usage (450712K) : 
2026-09-10 14:30:19 +0200: Memory Usage (450712K) : TopMetal2  Area      = 7810.00 µm²
2026-09-10 14:30:19 +0200: Memory Usage (450712K) : TopMetal2  Density % = 53.41%  [Min = 25.00%,  Max = 70.00%]
2026-09-10 14:30:19 +0200: Memory Usage (450712K) : 
2026-09-10 14:30:19 +0200: Memory Usage (450712K) : LBE        Area      =  0.00 µm²
2026-09-10 14:30:19 +0200: Memory Usage (450712K) : LBE        Density % =  0.00%  [Max = 20.00%]
2026-09-10 14:30:19 +0200: Memory Usage (450712K) : 
2026-09-10 14:30:19 +0200: Memory Usage (450712K) : KLayout DRC run for density table completed in 0.12 seconds
