# Logfile created on 2026-09-10 14:30:15 +0200 by logger.rb/v1.5.3
2026-09-10 14:30:15 +0200: Memory Usage (436764K) : Starting running IHP-SG13G2 Klayout DRC antenna runset on /work/runs/ihp-io-physical-20260910-001/geometry/sg13g2_IOPadOut16mA.gds
2026-09-10 14:30:15 +0200: Memory Usage (436764K) : Ruby Version for klayout: 3.2.3
2026-09-10 14:30:15 +0200: Memory Usage (439708K) : Loading database to memory is complete.
2026-09-10 14:30:15 +0200: Memory Usage (439708K) : IHP-SG13G2 Klayout DRC antenna runset output at: /output/sg13g2_IOPadOut16mA_sg13g2_IOPadOut16mA_antenna.lyrdb
2026-09-10 14:30:15 +0200: Memory Usage (439708K) : Evaluate switches.
2026-09-10 14:30:15 +0200: Memory Usage (439708K) : KLayout will use 1 thread(s) in tiling mode.
2026-09-10 14:30:15 +0200: Memory Usage (439708K) : deep mode is enabled for antenna table.
2026-09-10 14:30:15 +0200: Memory Usage (439708K) : Read in polygons from layers.
2026-09-10 14:30:15 +0200: Memory Usage (441028K) : activ_drw has 75 polygons
2026-09-10 14:30:15 +0200: Memory Usage (441028K) : gatpoly_drw has 40 polygons
2026-09-10 14:30:15 +0200: Memory Usage (442692K) : cont_drw has 45918 polygons
2026-09-10 14:30:15 +0200: Memory Usage (442692K) : nsd_block has 0 polygons
2026-09-10 14:30:15 +0200: Memory Usage (442692K) : metal1_drw has 241 polygons
2026-09-10 14:30:15 +0200: Memory Usage (442692K) : metal2_drw has 70 polygons
2026-09-10 14:30:15 +0200: Memory Usage (442692K) : psd_drw has 30 polygons
2026-09-10 14:30:15 +0200: Memory Usage (442692K) : digisub_drw has 0 polygons
2026-09-10 14:30:15 +0200: Memory Usage (442692K) : via1_drw has 1668 polygons
2026-09-10 14:30:15 +0200: Memory Usage (442692K) : via2_drw has 1448 polygons
2026-09-10 14:30:15 +0200: Memory Usage (442692K) : metal3_drw has 19 polygons
2026-09-10 14:30:15 +0200: Memory Usage (442692K) : nwell_drw has 21 polygons
2026-09-10 14:30:15 +0200: Memory Usage (442692K) : nbulay_drw has 0 polygons
2026-09-10 14:30:15 +0200: Memory Usage (442692K) : pwell_block has 0 polygons
2026-09-10 14:30:15 +0200: Memory Usage (442692K) : via3_drw has 2087 polygons
2026-09-10 14:30:15 +0200: Memory Usage (442692K) : metal4_drw has 8 polygons
2026-09-10 14:30:15 +0200: Memory Usage (442692K) : via4_drw has 2371 polygons
2026-09-10 14:30:15 +0200: Memory Usage (442820K) : metal5_drw has 8 polygons
2026-09-10 14:30:15 +0200: Memory Usage (442820K) : recog_diode has 6 polygons
2026-09-10 14:30:15 +0200: Memory Usage (442948K) : recog_esd has 0 polygons
2026-09-10 14:30:15 +0200: Memory Usage (442948K) : topvia1_drw has 2315 polygons
2026-09-10 14:30:15 +0200: Memory Usage (443076K) : topmetal1_drw has 8 polygons
2026-09-10 14:30:15 +0200: Memory Usage (443076K) : topvia2_drw has 1593 polygons
2026-09-10 14:30:15 +0200: Memory Usage (443204K) : topmetal2_drw has 6 polygons
2026-09-10 14:30:15 +0200: Memory Usage (443460K) : text_drw has 13 polygons
2026-09-10 14:30:15 +0200: Memory Usage (443460K) : Total no. of polygons in the design is 57945
2026-09-10 14:30:15 +0200: Memory Usage (443460K) : Loaded TECH DRC rules values from /work/upstream/ihp-open-pdk/ihp-sg13g2/libs.tech/klayout/python/sg13g2_pycell_lib/sg13g2_tech_mod.json
2026-09-10 14:30:15 +0200: Memory Usage (443460K) : Loaded default DRC rules values from /work/upstream/ihp-open-pdk/ihp-sg13g2/libs.tech/klayout/tech/drc/rule_decks/sg13g2_tech_default.json
2026-09-10 14:30:15 +0200: Memory Usage (443460K) : The following rules values were missing in tech json and default values were used:
2026-09-10 14:30:15 +0200: Memory Usage (443460K) :   - NW_f1_digibnd
2026-09-10 14:30:15 +0200: Memory Usage (443460K) :   - Cnt_c_digibnd
2026-09-10 14:30:15 +0200: Memory Usage (443460K) :   - Cnt_c_sram
2026-09-10 14:30:15 +0200: Memory Usage (443460K) :   - Sdiod_b
2026-09-10 14:30:15 +0200: Memory Usage (443460K) :   - Sdiod_c
2026-09-10 14:30:15 +0200: Memory Usage (444868K) : Total area of the design is 14623.199999999999 um^2.
2026-09-10 14:30:15 +0200: Memory Usage (444868K) : The design dimensions are 81.24000000000001 µm * 180.0 µm.
2026-09-10 14:30:15 +0200: Memory Usage (444868K) : Starting general IHP-SG13G2 derivations.
2026-09-10 14:30:15 +0200: Memory Usage (448332K) : Starting IHP-SG13G2 DRC rules.
2026-09-10 14:30:15 +0200: Memory Usage (448332K) : Starting 7.1 Antenna Rules table
2026-09-10 14:30:15 +0200: Memory Usage (448460K) : Executing rule Ant.a
2026-09-10 14:30:15 +0200: Memory Usage (455372K) : Executing rule Ant.c
2026-09-10 14:30:15 +0200: Memory Usage (455372K) : Starting cumulative antenna ratio calculations
2026-09-10 14:30:15 +0200: Memory Usage (455372K) : Evaluating metal1_drw ratio
2026-09-10 14:30:16 +0200: Memory Usage (456660K) : Evaluating via1_drw ratio
2026-09-10 14:30:16 +0200: Memory Usage (457300K) : Evaluating metal2_drw ratio
2026-09-10 14:30:16 +0200: Memory Usage (457428K) : Evaluating via2_drw ratio
2026-09-10 14:30:16 +0200: Memory Usage (457684K) : Evaluating metal3_drw ratio
2026-09-10 14:30:16 +0200: Memory Usage (457684K) : Evaluating via3_drw ratio
2026-09-10 14:30:16 +0200: Memory Usage (457684K) : Evaluating metal4_drw ratio
2026-09-10 14:30:16 +0200: Memory Usage (457684K) : Evaluating via4_drw ratio
2026-09-10 14:30:17 +0200: Memory Usage (457684K) : Evaluating metal5_drw ratio
2026-09-10 14:30:17 +0200: Memory Usage (457684K) : Evaluating topvia1_drw ratio
2026-09-10 14:30:17 +0200: Memory Usage (457684K) : Evaluating topmetal1_drw ratio
2026-09-10 14:30:17 +0200: Memory Usage (457684K) : Evaluating topvia2_drw ratio
2026-09-10 14:30:17 +0200: Memory Usage (457684K) : Evaluating topmetal2_drw ratio
2026-09-10 14:30:17 +0200: Memory Usage (457684K) : Evaluating diode presence
2026-09-10 14:30:17 +0200: Memory Usage (457684K) : Creating base layer with all individual ratios and diode flag
2026-09-10 14:30:17 +0200: Memory Usage (457812K) : Executing rules Ant.b and Ant.e
2026-09-10 14:30:17 +0200: Memory Usage (457812K) : Executing Ant.b_Metal1
2026-09-10 14:30:17 +0200: Memory Usage (457812K) : Executing Ant.e_Metal1
2026-09-10 14:30:17 +0200: Memory Usage (457812K) : Evaluating cumulative ratio after Metal2
2026-09-10 14:30:17 +0200: Memory Usage (457812K) : Executing Ant.b_Metal2
2026-09-10 14:30:17 +0200: Memory Usage (457812K) : Executing Ant.e_Metal2
2026-09-10 14:30:17 +0200: Memory Usage (457812K) : Evaluating cumulative ratio after Metal3
2026-09-10 14:30:17 +0200: Memory Usage (457812K) : Executing Ant.b_Metal3
2026-09-10 14:30:18 +0200: Memory Usage (457812K) : Executing Ant.e_Metal3
2026-09-10 14:30:18 +0200: Memory Usage (457812K) : Evaluating cumulative ratio after Metal4
2026-09-10 14:30:18 +0200: Memory Usage (457812K) : Executing Ant.b_Metal4
2026-09-10 14:30:18 +0200: Memory Usage (457812K) : Executing Ant.e_Metal4
2026-09-10 14:30:18 +0200: Memory Usage (457812K) : Evaluating cumulative ratio after Metal5
2026-09-10 14:30:18 +0200: Memory Usage (457812K) : Executing Ant.b_Metal5
2026-09-10 14:30:18 +0200: Memory Usage (457812K) : Executing Ant.e_Metal5
2026-09-10 14:30:18 +0200: Memory Usage (457812K) : Evaluating cumulative ratio after TopMetal1
2026-09-10 14:30:18 +0200: Memory Usage (457812K) : Executing Ant.b_TopMetal1
2026-09-10 14:30:18 +0200: Memory Usage (457812K) : Executing Ant.e_TopMetal1
2026-09-10 14:30:18 +0200: Memory Usage (457812K) : Evaluating cumulative ratio after TopMetal2
2026-09-10 14:30:18 +0200: Memory Usage (457812K) : Executing Ant.b_TopMetal2
2026-09-10 14:30:18 +0200: Memory Usage (457812K) : Executing Ant.e_TopMetal2
2026-09-10 14:30:18 +0200: Memory Usage (457812K) : Executing rules Ant.d and Ant.f
2026-09-10 14:30:18 +0200: Memory Usage (457812K) : Evaluating cumulative ratio after Via1
2026-09-10 14:30:18 +0200: Memory Usage (457812K) : Executing Ant.d_Via1
2026-09-10 14:30:18 +0200: Memory Usage (457812K) : Executing Ant.f_Via1
2026-09-10 14:30:18 +0200: Memory Usage (457812K) : Evaluating cumulative ratio after Via2
2026-09-10 14:30:18 +0200: Memory Usage (457812K) : Executing Ant.d_Via2
2026-09-10 14:30:18 +0200: Memory Usage (457812K) : Executing Ant.f_Via2
2026-09-10 14:30:18 +0200: Memory Usage (457812K) : Evaluating cumulative ratio after Via3
2026-09-10 14:30:18 +0200: Memory Usage (457812K) : Executing Ant.d_Via3
2026-09-10 14:30:18 +0200: Memory Usage (457812K) : Executing Ant.f_Via3
2026-09-10 14:30:18 +0200: Memory Usage (457812K) : Evaluating cumulative ratio after Via4
2026-09-10 14:30:18 +0200: Memory Usage (457812K) : Executing Ant.d_Via4
2026-09-10 14:30:18 +0200: Memory Usage (457812K) : Executing Ant.f_Via4
2026-09-10 14:30:18 +0200: Memory Usage (457812K) : Evaluating cumulative ratio after TopVia1
2026-09-10 14:30:18 +0200: Memory Usage (457812K) : Executing Ant.d_TopVia1
2026-09-10 14:30:18 +0200: Memory Usage (457812K) : Executing Ant.f_TopVia1
2026-09-10 14:30:18 +0200: Memory Usage (457812K) : Evaluating cumulative ratio after TopVia2
2026-09-10 14:30:18 +0200: Memory Usage (457812K) : Executing Ant.d_TopVia2
2026-09-10 14:30:18 +0200: Memory Usage (457812K) : Executing Ant.f_TopVia2
2026-09-10 14:30:18 +0200: Memory Usage (457812K) : Executing rule Ant.g
2026-09-10 14:30:18 +0200: Memory Usage (457812K) : Executing rule Ant.h
2026-09-10 14:30:18 +0200: Memory Usage (457812K) : Executing rule Ant.i
