[INFO] Final PATH variable: /foss/tools/bin:/foss/tools/sak:/usr/local/sbin:/usr/local/sbin:/usr/local/bin:/usr/sbin:/usr/bin:/sbin:/bin:/foss/tools/kactus2:/foss/tools/klayout:/foss/tools/osic-multitool
[INFO] Final PYTHONPATH variable: /usr/lib/python312.zip:/usr/lib/python3.12:/usr/lib/python3.12/lib-dynload:/usr/local/lib/python3.12/dist-packages:/usr/lib/python3/dist-packages:/foss/tools/ngspyce/local/lib/python3.12/dist-packages:/foss/tools/openems/local/lib/python3.12/dist-packages:/foss/tools/yosys/share/yosys/python3:/foss/tools/klayout/pymod
[INFO][ENV] Croc root: /work/upstream/croc
[INFO][ENV] Skipping technology setup
[INFO][ENV] PDK root: /work/upstream/croc/technology
[INFO][ENV] Croc PDK: sg13g2
[INFO][ENV] Active technology view: public mirror
[INFO][ENV] KLayout path: /work/upstream/croc/ihp13/sg13g2/ihp-sg13g2/libs.tech/klayout
[INFO][ENV] Bender PDK args: <none>
[INFO][ENV] Tech LEF: sg13g2_tech.lef
[INFO][ENV] IO LEF/GDS: sg13g2_io.lef/sg13g2_io.gds
[INFO][ENV] IO Liberty tt/ff: sg13g2_io_typ_1p2V_3p3V_25C.lib/sg13g2_io_fast_1p32V_3p6V_m40C.lib
[INFO][ENV] Bondpad cell: bondpad_70x70 (bondpad_70x70.lef/bondpad_70x70.gds)
OpenROAD v2.0-27244-gfecb04286 
Features included (+) or not (-): +GPU +GUI +Python
This program is licensed under the BSD-3 license. See the LICENSE file for details.
Components of this program may be licensed under more restrictive licenses which must be honored.
Setting up project croc
 - Netlist: /output/inputs/croc_yosys.v
 - Project: croc
 - Top design: croc_chip
 - Report directory: reports
 - Save directory: save
 - Output directory: out
Init standard cells
Init IO cells
Init SRAM macros
Init tech-lef
[INFO ODB-0227] LEF file: /work/upstream/croc/technology/lef/sg13g2_tech.lef, created 19 layers, 70 vias
Init cell-lef
[INFO ODB-0227] LEF file: /work/upstream/croc/technology/lef/sg13g2_stdcell.lef, created 84 library cells
[INFO ODB-0227] LEF file: /work/upstream/croc/technology/lef/sg13g2_io.lef, created 22 library cells
[INFO ODB-0227] LEF file: /work/upstream/croc/technology/lef/bondpad_70x70.lef, created 1 library cells
[INFO ODB-0227] LEF file: /work/upstream/croc/technology/lef/RM_IHPSG13_1P_256x64_c2_bm_bist.lef, created 1 library cells
[INFO ODB-0227] LEF file: /work/upstream/croc/technology/lef/RM_IHPSG13_1P_256x48_c2_bm_bist.lef, created 1 library cells
[INFO ODB-0227] LEF file: /work/upstream/croc/technology/lef/RM_IHPSG13_1P_1024x64_c2_bm_bist.lef, created 1 library cells
[INFO ODB-0227] LEF file: /work/upstream/croc/technology/lef/RM_IHPSG13_1P_512x64_c2_bm_bist.lef, created 1 library cells
[INFO ODB-0227] LEF file: /work/upstream/croc/technology/lef/RM_IHPSG13_1P_2048x64_c2_bm_bist.lef, created 1 library cells
[INFO ODB-0227] LEF file: /work/upstream/croc/technology/lef/RM_IHPSG13_1P_512x32_c2_bm_bist.lef, created 1 library cells
[INFO ODB-0227] LEF file: /work/upstream/croc/technology/lef/RM_IHPSG13_1P_64x64_c2_bm_bist.lef, created 1 library cells
[INFO ORD-0030] Using 2 thread(s).
[INFO ODB-0227] LEF file: /reference/bondpad70_m2_ring.lef, created 1 library cells
###############################################################################
# Stage 01: FLOORPLAN
###############################################################################
###############################################################################
# 01-01: Initialization
###############################################################################
Read netlist: /output/inputs/croc_yosys.v
Read constraints
Clocks...
CDC/Sync...
Input/Outputs...
JTAG...
GPIO...
UART...
Check constraints
Connect global nets (power)
###############################################################################
# 01-02: Core and Die Area
###############################################################################
Initialize Chip
[WARNING IFP-0028] Core area lower left (352.000, 352.000) snapped to (352.320, 355.320).
[INFO IFP-0001] Added 335 rows of 2645 site CoreSite.
###############################################################################
# 01-03: Padring
###############################################################################
###############################################################################
# 01-04: Macro Placement
###############################################################################
Macro Names
Place Macros
placing i_croc_soc/i_croc/gen_sram_bank\[0\].i_sram/gen_512x32xBx1.i_cut at {372.32 1410.28} R0
placing i_croc_soc/i_croc/gen_sram_bank\[1\].i_sram/gen_512x32xBx1.i_cut at {1185.2800000000002 1410.28} R0
SRAM macro box: width 416.64 height 191.34
SRAM bank0 bbox: (372.32, 1410.28) - (788.96, 1601.62) R0
SRAM bank1 bbox: (1185.2800000000002, 1410.28) - (1601.92, 1601.62) R0
SRAM horizontal gaps to core boundary: left 20.0 between 396.32000000000016 right 20.0
SRAM vertical gap to core boundary: top 20.0
SRAM row-cut halo: x 10.0 y 10.0
[INFO ODB-0303] The initial 335 rows (886075 sites) were cut with 2 shapes for a total of 449 rows (782221 sites).
saving image to reports/01-04_croc.pre_pdn.png
[WARNING GUI-0076] could not connect to display 
[INFO GUI-0075] Could not load the Qt platform plugin "xcb" in "" even though it was found.
[ERROR GUI-0077] This application failed to start because no Qt platform plugin could be initialized. Reinstalling the application may fix this problem.

Available platform plugins are: eglfs, linuxfb, minimal, minimalegl, offscreen, vnc, wayland-egl, wayland, wayland-xcomposite-egl, wayland-xcomposite-glx, xcb.

terminate called after throwing an instance of 'std::runtime_error'
  what():  GUI-0077
Signal 6 received
Stack trace:
 0# 0x00005E2FD8DAF6D3 in openroad
 1# 0x000077E71E464330 in /lib/x86_64-linux-gnu/libc.so.6
 2# pthread_kill in /lib/x86_64-linux-gnu/libc.so.6
 3# gsignal in /lib/x86_64-linux-gnu/libc.so.6
 4# abort in /lib/x86_64-linux-gnu/libc.so.6
 5# 0x000077E71E7EDFF5 in /lib/x86_64-linux-gnu/libstdc++.so.6
 6# 0x000077E71E8030DA in /lib/x86_64-linux-gnu/libstdc++.so.6
 7# __cxa_call_terminate in /lib/x86_64-linux-gnu/libstdc++.so.6
 8# __gxx_personality_v0 in /lib/x86_64-linux-gnu/libstdc++.so.6
 9# 0x000077E71E653B06 in /lib/x86_64-linux-gnu/libgcc_s.so.1
10# _Unwind_Resume in /lib/x86_64-linux-gnu/libgcc_s.so.1
11# 0x000077E71F35F7D5 in /lib/x86_64-linux-gnu/libQt5Core.so.5
12# QMessageLogger::fatal(char const*, ...) const in /lib/x86_64-linux-gnu/libQt5Core.so.5
13# QGuiApplicationPrivate::createPlatformIntegration() in /lib/x86_64-linux-gnu/libQt5Gui.so.5
14# QGuiApplicationPrivate::createEventDispatcher() in /lib/x86_64-linux-gnu/libQt5Gui.so.5
15# QCoreApplicationPrivate::init() in /lib/x86_64-linux-gnu/libQt5Core.so.5
16# QGuiApplicationPrivate::init() in /lib/x86_64-linux-gnu/libQt5Gui.so.5
17# QApplicationPrivate::init() in /lib/x86_64-linux-gnu/libQt5Widgets.so.5
18# gui::startGui(int&, char**, Tcl_Interp*, std::__cxx11::basic_string<char, std::char_traits<char>, std::allocator<char> > const&, bool, bool, bool) in openroad
19# gui::Gui::showGui(std::__cxx11::basic_string<char, std::char_traits<char>, std::allocator<char> > const&, bool, bool) in openroad
20# gui::Gui::saveImage(std::__cxx11::basic_string<char, std::char_traits<char>, std::allocator<char> > const&, odb::Rect const&, int, double, std::map<std::__cxx11::basic_string<char, std::char_traits<char>, std::allocator<char> >, bool, std::less<std::__cxx11::basic_string<char, std::char_traits<char>, std::allocator<char> > >, std::allocator<std::pair<std::__cxx11::basic_string<char, std::char_traits<char>, std::allocator<char> > const, bool> > > const&) in openroad
21# save_image(char const*, double, double, double, double, int, double, std::map<std::__cxx11::basic_string<char, std::char_traits<char>, std::allocator<char> >, bool, std::less<std::__cxx11::basic_string<char, std::char_traits<char>, std::allocator<char> > >, std::allocator<std::pair<std::__cxx11::basic_string<char, std::char_traits<char>, std::allocator<char> > const, bool> > > const&) in openroad
22# 0x00005E2FD9687189 in openroad
23# TclNRRunCallbacks in /lib/x86_64-linux-gnu/libtcl8.6.so
24# 0x000077E7232B46BC in /lib/x86_64-linux-gnu/libtcl8.6.so
25# Tcl_EvalEx in /lib/x86_64-linux-gnu/libtcl8.6.so
26# Tcl_Eval in /lib/x86_64-linux-gnu/libtcl8.6.so
27# sta::sourceTclFile(char const*, bool, bool, Tcl_Interp*) in openroad
28# 0x00005E2FD8DAEFA1 in openroad
29# Tcl_MainEx in /lib/x86_64-linux-gnu/libtcl8.6.so
30# main in openroad
31# 0x000077E71E4491CA in /lib/x86_64-linux-gnu/libc.so.6
32# __libc_start_main in /lib/x86_64-linux-gnu/libc.so.6
33# _start in openroad
timeout: the monitored command dumped core
