Startpoint: bi_tx_core (input port clocked by clk_sys)
Endpoint: bi_tx_pad (output port clocked by clk_sys)
Path Group: clk_sys
Path Type: min
Corner: ff

Fanout           Cap          Slew         Delay          Time   Description
-----------------------------------------------------------------------------------------------------
                        0.19999999    0.00000000    0.00000000   clock clk_sys (rise edge)
                                      0.00000000    0.00000000   clock network delay (ideal)
                                      1.00000000    1.00000000 v input external delay
     1    0.02463970    0.19999999    0.00000000    1.00000000 v bi_tx_core (in)
     1   15.32914925    1.54922080    1.75617266    2.75617266 v bi_tx/pad (sg13g2_IOPadInOut30mA)
                        1.54922080    0.00000000    2.75617266 v bi_tx_pad (out)
                                                    2.75617266   data arrival time

                        0.19999999    0.00000000    0.00000000   clock clk_sys (rise edge)
                                      0.00000000    0.00000000   clock network delay (ideal)
                                      0.09999999    0.09999999   clock uncertainty
                                      0.00000000    0.09999999   clock reconvergence pessimism
                                     -1.00000000   -0.89999998   output external delay
                                                   -0.89999998   data required time
-----------------------------------------------------------------------------------------------------
                                                   -0.89999998   data required time
                                                   -2.75617266   data arrival time
-----------------------------------------------------------------------------------------------------
                                                    3.65617275   slack (MET)


Startpoint: bi_tx_core (input port clocked by clk_sys)
Endpoint: bi_tx_pad (output port clocked by clk_sys)
Path Group: clk_sys
Path Type: max
Corner: ff

Fanout           Cap          Slew         Delay          Time   Description
-----------------------------------------------------------------------------------------------------
                        0.19999999    0.00000000    0.00000000   clock clk_sys (rise edge)
                                      0.00000000    0.00000000   clock network delay (ideal)
                                      3.00000000    3.00000000 ^ input external delay
     1    0.03411480    0.19999999    0.00000000    3.00000000 ^ bi_tx_core (in)
     1   15.40059757    1.61120057    2.13001847    5.13001823 ^ bi_tx/pad (sg13g2_IOPadInOut30mA)
                        1.61120057    0.00000000    5.13001823 ^ bi_tx_pad (out)
                                                    5.13001823   data arrival time

                        0.19999999   10.00000000   10.00000000   clock clk_sys (rise edge)
                                      0.00000000   10.00000000   clock network delay (ideal)
                                     -0.09999999    9.90000057   clock uncertainty
                                      0.00000000    9.90000057   clock reconvergence pessimism
                                     -3.00000000    6.90000010   output external delay
                                                    6.90000010   data required time
-----------------------------------------------------------------------------------------------------
                                                    6.90000010   data required time
                                                   -5.13001823   data arrival time
-----------------------------------------------------------------------------------------------------
                                                    1.76998198   slack (MET)


